2024-09-22 03:47:47.348 [info] Validating found git in: git
2024-09-22 03:47:47.349 [info] Using git 2.34.1 from git
2024-09-22 03:47:47.349 [info] > git rev-parse --show-toplevel [277ms]
2024-09-22 03:47:47.349 [info] > git rev-parse --git-dir --git-common-dir [13ms]
2024-09-22 03:47:47.349 [info] Log level: Info
2024-09-22 03:47:47.349 [info] Open repository: /root
2024-09-22 03:47:47.349 [info] > git remote --verbose [63ms]
2024-09-22 03:47:47.349 [info] > git for-each-ref --sort -committerdate --format %(refname) %(objectname) %(*objectname) [80ms]
2024-09-22 03:47:47.349 [info] > git config --get commit.template [12ms]
2024-09-22 03:47:47.350 [info] > git rev-parse --show-toplevel [40ms]
2024-09-22 03:47:47.350 [info] > git rev-parse --show-toplevel [26ms]
2024-09-22 03:47:47.350 [info] > git status -z -uall [118ms]
2024-09-22 03:47:47.350 [info] > git for-each-ref --format=%(refname)%00%(upstream:short)%00%(objectname)%00%(upstream:track)%00%(upstream:remotename)%00%(upstream:remoteref) refs/heads/master refs/remotes/master [23ms]
2024-09-22 03:47:47.350 [info] > git remote --verbose [79ms]
2024-09-22 03:47:47.350 [info] > git for-each-ref --sort -committerdate --format %(refname) %(objectname) %(*objectname) [91ms]
2024-09-22 03:47:47.350 [info] > git rev-parse --show-toplevel [127ms]
2024-09-22 03:47:47.350 [info] > git status -z -uall [180ms]
2024-09-22 03:47:47.350 [info] > git rev-parse --show-toplevel [94ms]
2024-09-22 03:47:47.350 [info] > git config --get commit.template [120ms]
2024-09-22 03:47:47.350 [info] > git for-each-ref --format=%(refname)%00%(upstream:short)%00%(objectname)%00%(upstream:track)%00%(upstream:remotename)%00%(upstream:remoteref) refs/heads/master refs/remotes/master [31ms]
2024-09-22 03:47:47.350 [info] > git show --textconv :.ssh/id_rsa.pub [24ms]
2024-09-22 03:47:47.350 [info] > git ls-files --stage -- /root/.ssh/id_rsa.pub [15ms]
2024-09-22 03:47:47.539 [info] > git check-ignore -v -z --stdin [15ms]
2024-09-22 03:48:36.397 [info] > git remote --verbose [103ms]
2024-09-22 03:48:36.398 [info] > git for-each-ref --sort -committerdate --format %(refname) %(objectname) %(*objectname) [128ms]
2024-09-22 03:48:36.403 [info] > git config --get commit.template [23ms]
2024-09-22 03:48:36.445 [info] > git for-each-ref --format=%(refname)%00%(upstream:short)%00%(objectname)%00%(upstream:track)%00%(upstream:remotename)%00%(upstream:remoteref) refs/heads/master refs/remotes/master [21ms]
2024-09-22 03:48:36.462 [info] > git status -z -uall [120ms]
2024-09-22 03:48:41.579 [info] > git remote --verbose [53ms]
2024-09-22 03:48:41.581 [info] > git for-each-ref --sort -committerdate --format %(refname) %(objectname) %(*objectname) [72ms]
2024-09-22 03:48:41.607 [info] > git config --get commit.template [32ms]
2024-09-22 03:48:41.622 [info] > git for-each-ref --format=%(refname)%00%(upstream:short)%00%(objectname)%00%(upstream:track)%00%(upstream:remotename)%00%(upstream:remoteref) refs/heads/master refs/remotes/master [20ms]
2024-09-22 03:48:41.661 [info] > git status -z -uall [115ms]
2024-09-22 03:48:46.737 [info] > git remote --verbose [28ms]
2024-09-22 03:48:46.738 [info] > git for-each-ref --sort -committerdate --format %(refname) %(objectname) %(*objectname) [44ms]
2024-09-22 03:48:46.758 [info] > git config --get commit.template [23ms]
2024-09-22 03:48:46.772 [info] > git for-each-ref --format=%(refname)%00%(upstream:short)%00%(objectname)%00%(upstream:track)%00%(upstream:remotename)%00%(upstream:remoteref) refs/heads/master refs/remotes/master [17ms]
2024-09-22 03:48:46.798 [info] > git status -z -uall [75ms]
2024-09-22 03:48:51.878 [info] > git remote --verbose [36ms]
2024-09-22 03:48:51.883 [info] > git for-each-ref --sort -committerdate --format %(refname) %(objectname) %(*objectname) [53ms]
2024-09-22 03:48:51.909 [info] > git config --get commit.template [36ms]
2024-09-22 03:48:51.922 [info] > git for-each-ref --format=%(refname)%00%(upstream:short)%00%(objectname)%00%(upstream:track)%00%(upstream:remotename)%00%(upstream:remoteref) refs/heads/master refs/remotes/master [17ms]
2024-09-22 03:48:51.967 [info] > git status -z -uall [112ms]
2024-09-22 03:48:57.064 [info] > git remote --verbose [39ms]
2024-09-22 03:48:57.066 [info] > git for-each-ref --sort -committerdate --format %(refname) %(objectname) %(*objectname) [58ms]
2024-09-22 03:48:57.098 [info] > git config --get commit.template [36ms]
2024-09-22 03:48:57.115 [info] > git for-each-ref --format=%(refname)%00%(upstream:short)%00%(objectname)%00%(upstream:track)%00%(upstream:remotename)%00%(upstream:remoteref) refs/heads/master refs/remotes/master [21ms]
2024-09-22 03:48:57.160 [info] > git status -z -uall [115ms]
2024-09-22 03:49:02.249 [info] > git remote --verbose [37ms]
2024-09-22 03:49:02.250 [info] > git for-each-ref --sort -committerdate --format %(refname) %(objectname) %(*objectname) [55ms]
2024-09-22 03:49:02.288 [info] > git config --get commit.template [44ms]
2024-09-22 03:49:02.317 [info] > git for-each-ref --format=%(refname)%00%(upstream:short)%00%(objectname)%00%(upstream:track)%00%(upstream:remotename)%00%(upstream:remoteref) refs/heads/master refs/remotes/master [36ms]
2024-09-22 03:49:02.351 [info] > git status -z -uall [125ms]
2024-09-22 03:49:07.444 [info] > git remote --verbose [47ms]
2024-09-22 03:49:07.445 [info] > git for-each-ref --sort -committerdate --format %(refname) %(objectname) %(*objectname) [67ms]
2024-09-22 03:49:07.450 [info] > git config --get commit.template [11ms]
2024-09-22 03:49:07.478 [info] > git for-each-ref --format=%(refname)%00%(upstream:short)%00%(objectname)%00%(upstream:track)%00%(upstream:remotename)%00%(upstream:remoteref) refs/heads/master refs/remotes/master [14ms]
2024-09-22 03:49:07.489 [info] > git status -z -uall [72ms]
2024-09-22 03:49:12.636 [info] > git remote --verbose [84ms]
2024-09-22 03:49:12.637 [info] > git for-each-ref --sort -committerdate --format %(refname) %(objectname) %(*objectname) [107ms]
2024-09-22 03:49:12.642 [info] > git config --get commit.template [14ms]
2024-09-22 03:49:12.666 [info] > git status -z -uall [95ms]
2024-09-22 03:49:12.674 [info] > git for-each-ref --format=%(refname)%00%(upstream:short)%00%(objectname)%00%(upstream:track)%00%(upstream:remotename)%00%(upstream:remoteref) refs/heads/master refs/remotes/master [13ms]
2024-09-22 03:49:17.739 [info] > git remote --verbose [20ms]
2024-09-22 03:49:17.740 [info] > git for-each-ref --sort -committerdate --format %(refname) %(objectname) %(*objectname) [38ms]
2024-09-22 03:49:17.782 [info] > git config --get commit.template [24ms]
2024-09-22 03:49:17.790 [info] > git for-each-ref --format=%(refname)%00%(upstream:short)%00%(objectname)%00%(upstream:track)%00%(upstream:remotename)%00%(upstream:remoteref) refs/heads/master refs/remotes/master [12ms]
2024-09-22 03:49:17.815 [info] > git status -z -uall [83ms]
2024-09-22 03:49:21.130 [info] > git check-ignore -v -z --stdin [23ms]
2024-09-22 03:49:22.880 [info] > git remote --verbose [22ms]
2024-09-22 03:49:22.880 [info] > git for-each-ref --sort -committerdate --format %(refname) %(objectname) %(*objectname) [40ms]
2024-09-22 03:49:22.909 [info] > git config --get commit.template [16ms]
2024-09-22 03:49:22.921 [info] > git for-each-ref --format=%(refname)%00%(upstream:short)%00%(objectname)%00%(upstream:track)%00%(upstream:remotename)%00%(upstream:remoteref) refs/heads/master refs/remotes/master [14ms]
2024-09-22 03:49:22.948 [info] > git status -z -uall [75ms]
2024-09-22 03:49:28.063 [info] > git remote --verbose [44ms]
2024-09-22 03:49:28.064 [info] > git for-each-ref --sort -committerdate --format %(refname) %(objectname) %(*objectname) [83ms]
2024-09-22 03:49:28.096 [info] > git config --get commit.template [35ms]
2024-09-22 03:49:28.115 [info] > git for-each-ref --format=%(refname)%00%(upstream:short)%00%(objectname)%00%(upstream:track)%00%(upstream:remotename)%00%(upstream:remoteref) refs/heads/master refs/remotes/master [21ms]
2024-09-22 03:49:28.176 [info] > git status -z -uall [141ms]
2024-09-22 03:49:33.258 [info] > git remote --verbose [29ms]
2024-09-22 03:49:33.260 [info] > git for-each-ref --sort -committerdate --format %(refname) %(objectname) %(*objectname) [49ms]
2024-09-22 03:49:33.303 [info] > git config --get commit.template [25ms]
2024-09-22 03:49:33.318 [info] > git for-each-ref --format=%(refname)%00%(upstream:short)%00%(objectname)%00%(upstream:track)%00%(upstream:remotename)%00%(upstream:remoteref) refs/heads/master refs/remotes/master [18ms]
2024-09-22 03:49:33.358 [info] > git status -z -uall [111ms]
2024-09-22 03:49:38.463 [info] > git remote --verbose [45ms]
2024-09-22 03:49:38.464 [info] > git for-each-ref --sort -committerdate --format %(refname) %(objectname) %(*objectname) [71ms]
2024-09-22 03:49:38.489 [info] > git config --get commit.template [29ms]
2024-09-22 03:49:38.505 [info] > git for-each-ref --format=%(refname)%00%(upstream:short)%00%(objectname)%00%(upstream:track)%00%(upstream:remotename)%00%(upstream:remoteref) refs/heads/master refs/remotes/master [20ms]
2024-09-22 03:49:38.546 [info] > git status -z -uall [109ms]
2024-09-22 03:49:43.644 [info] > git remote --verbose [42ms]
2024-09-22 03:49:43.645 [info] > git for-each-ref --sort -committerdate --format %(refname) %(objectname) %(*objectname) [65ms]
2024-09-22 03:49:43.674 [info] > git config --get commit.template [33ms]
2024-09-22 03:49:43.686 [info] > git for-each-ref --format=%(refname)%00%(upstream:short)%00%(objectname)%00%(upstream:track)%00%(upstream:remotename)%00%(upstream:remoteref) refs/heads/master refs/remotes/master [17ms]
2024-09-22 03:49:43.726 [info] > git status -z -uall [106ms]
2024-09-22 03:49:48.815 [info] > git remote --verbose [30ms]
2024-09-22 03:49:48.815 [info] > git for-each-ref --sort -committerdate --format %(refname) %(objectname) %(*objectname) [56ms]
2024-09-22 03:49:48.864 [info] > git config --get commit.template [26ms]
2024-09-22 03:49:48.876 [info] > git for-each-ref --format=%(refname)%00%(upstream:short)%00%(objectname)%00%(upstream:track)%00%(upstream:remotename)%00%(upstream:remoteref) refs/heads/master refs/remotes/master [18ms]
2024-09-22 03:49:48.950 [info] > git status -z -uall [144ms]
2024-09-22 03:49:54.065 [info] > git remote --verbose [42ms]
2024-09-22 03:49:54.066 [info] > git for-each-ref --sort -committerdate --format %(refname) %(objectname) %(*objectname) [66ms]
2024-09-22 03:49:54.099 [info] > git config --get commit.template [37ms]
2024-09-22 03:49:54.119 [info] > git for-each-ref --format=%(refname)%00%(upstream:short)%00%(objectname)%00%(upstream:track)%00%(upstream:remotename)%00%(upstream:remoteref) refs/heads/master refs/remotes/master [25ms]
2024-09-22 03:49:54.154 [info] > git status -z -uall [114ms]
2024-09-22 03:49:54.945 [info] > git check-ignore -v -z --stdin [13ms]
2024-09-22 03:49:56.994 [info] > git show --textconv :thsunest01/hellotest.html [18ms]
2024-09-22 03:49:57.006 [info] > git ls-files --stage -- /root/thsunest01/hellotest.html [14ms]
2024-09-22 03:49:59.230 [info] > git remote --verbose [35ms]
2024-09-22 03:49:59.231 [info] > git for-each-ref --sort -committerdate --format %(refname) %(objectname) %(*objectname) [52ms]
2024-09-22 03:49:59.256 [info] > git config --get commit.template [29ms]
2024-09-22 03:49:59.266 [info] > git for-each-ref --format=%(refname)%00%(upstream:short)%00%(objectname)%00%(upstream:track)%00%(upstream:remotename)%00%(upstream:remoteref) refs/heads/master refs/remotes/master [15ms]
2024-09-22 03:49:59.282 [info] > git status -z -uall [73ms]
2024-09-22 03:50:04.386 [info] > git remote --verbose [41ms]
2024-09-22 03:50:04.387 [info] > git for-each-ref --sort -committerdate --format %(refname) %(objectname) %(*objectname) [70ms]
2024-09-22 03:50:04.416 [info] > git config --get commit.template [38ms]
2024-09-22 03:50:04.434 [info] > git for-each-ref --format=%(refname)%00%(upstream:short)%00%(objectname)%00%(upstream:track)%00%(upstream:remotename)%00%(upstream:remoteref) refs/heads/master refs/remotes/master [21ms]
2024-09-22 03:50:04.500 [info] > git status -z -uall [144ms]
2024-09-22 03:50:09.594 [info] > git remote --verbose [27ms]
2024-09-22 03:50:09.595 [info] > git for-each-ref --sort -committerdate --format %(refname) %(objectname) %(*objectname) [50ms]
2024-09-22 03:50:09.643 [info] > git config --get commit.template [30ms]
2024-09-22 03:50:09.654 [info] > git for-each-ref --format=%(refname)%00%(upstream:short)%00%(objectname)%00%(upstream:track)%00%(upstream:remotename)%00%(upstream:remoteref) refs/heads/master refs/remotes/master [15ms]
2024-09-22 03:50:09.683 [info] > git status -z -uall [100ms]
2024-09-22 03:50:14.779 [info] > git remote --verbose [31ms]
2024-09-22 03:50:14.780 [info] > git for-each-ref --sort -committerdate --format %(refname) %(objectname) %(*objectname) [54ms]
2024-09-22 03:50:14.820 [info] > git config --get commit.template [23ms]
2024-09-22 03:50:14.852 [info] > git for-each-ref --format=%(refname)%00%(upstream:short)%00%(objectname)%00%(upstream:track)%00%(upstream:remotename)%00%(upstream:remoteref) refs/heads/master refs/remotes/master [36ms]
2024-09-22 03:50:14.893 [info] > git status -z -uall [126ms]
2024-09-22 03:50:19.987 [info] > git remote --verbose [26ms]
2024-09-22 03:50:19.988 [info] > git for-each-ref --sort -committerdate --format %(refname) %(objectname) %(*objectname) [50ms]
2024-09-22 03:50:20.032 [info] > git config --get commit.template [25ms]
2024-09-22 03:50:20.052 [info] > git for-each-ref --format=%(refname)%00%(upstream:short)%00%(objectname)%00%(upstream:track)%00%(upstream:remotename)%00%(upstream:remoteref) refs/heads/master refs/remotes/master [23ms]
2024-09-22 03:50:20.085 [info] > git status -z -uall [105ms]
2024-09-22 03:50:25.186 [info] > git remote --verbose [40ms]
2024-09-22 03:50:25.187 [info] > git for-each-ref --sort -committerdate --format %(refname) %(objectname) %(*objectname) [62ms]
2024-09-22 03:50:25.221 [info] > git config --get commit.template [38ms]
2024-09-22 03:50:25.243 [info] > git for-each-ref --format=%(refname)%00%(upstream:short)%00%(objectname)%00%(upstream:track)%00%(upstream:remotename)%00%(upstream:remoteref) refs/heads/master refs/remotes/master [29ms]
2024-09-22 03:50:25.286 [info] > git status -z -uall [123ms]
2024-09-22 03:50:30.396 [info] > git remote --verbose [39ms]
2024-09-22 03:50:30.397 [info] > git for-each-ref --sort -committerdate --format %(refname) %(objectname) %(*objectname) [61ms]
2024-09-22 03:50:30.428 [info] > git config --get commit.template [35ms]
2024-09-22 03:50:30.445 [info] > git for-each-ref --format=%(refname)%00%(upstream:short)%00%(objectname)%00%(upstream:track)%00%(upstream:remotename)%00%(upstream:remoteref) refs/heads/master refs/remotes/master [24ms]
2024-09-22 03:50:30.489 [info] > git status -z -uall [116ms]
2024-09-22 03:50:35.595 [info] > git remote --verbose [47ms]
2024-09-22 03:50:35.596 [info] > git for-each-ref --sort -committerdate --format %(refname) %(objectname) %(*objectname) [69ms]
2024-09-22 03:50:35.627 [info] > git config --get commit.template [39ms]
2024-09-22 03:50:35.647 [info] > git for-each-ref --format=%(refname)%00%(upstream:short)%00%(objectname)%00%(upstream:track)%00%(upstream:remotename)%00%(upstream:remoteref) refs/heads/master refs/remotes/master [23ms]
2024-09-22 03:50:35.679 [info] > git status -z -uall [116ms]
2024-09-22 03:50:40.778 [info] > git remote --verbose [40ms]
2024-09-22 03:50:40.779 [info] > git for-each-ref --sort -committerdate --format %(refname) %(objectname) %(*objectname) [60ms]
2024-09-22 03:50:40.806 [info] > git config --get commit.template [31ms]
2024-09-22 03:50:40.832 [info] > git for-each-ref --format=%(refname)%00%(upstream:short)%00%(objectname)%00%(upstream:track)%00%(upstream:remotename)%00%(upstream:remoteref) refs/heads/master refs/remotes/master [29ms]
2024-09-22 03:50:40.858 [info] > git status -z -uall [103ms]
2024-09-22 03:50:45.956 [info] > git remote --verbose [41ms]
2024-09-22 03:50:45.957 [info] > git for-each-ref --sort -committerdate --format %(refname) %(objectname) %(*objectname) [61ms]
2024-09-22 03:50:45.986 [info] > git config --get commit.template [33ms]
2024-09-22 03:50:45.997 [info] > git for-each-ref --format=%(refname)%00%(upstream:short)%00%(objectname)%00%(upstream:track)%00%(upstream:remotename)%00%(upstream:remoteref) refs/heads/master refs/remotes/master [20ms]
2024-09-22 03:50:46.069 [info] > git status -z -uall [137ms]
2024-09-22 03:50:51.143 [info] > git remote --verbose [36ms]
2024-09-22 03:50:51.143 [info] > git for-each-ref --sort -committerdate --format %(refname) %(objectname) %(*objectname) [50ms]
2024-09-22 03:50:51.169 [info] > git config --get commit.template [28ms]
2024-09-22 03:50:51.181 [info] > git for-each-ref --format=%(refname)%00%(upstream:short)%00%(objectname)%00%(upstream:track)%00%(upstream:remotename)%00%(upstream:remoteref) refs/heads/master refs/remotes/master [15ms]
2024-09-22 03:50:51.213 [info] > git status -z -uall [91ms]
2024-09-22 03:50:56.287 [info] > git remote --verbose [35ms]
2024-09-22 03:50:56.288 [info] > git for-each-ref --sort -committerdate --format %(refname) %(objectname) %(*objectname) [52ms]
2024-09-22 03:50:56.296 [info] > git config --get commit.template [14ms]
2024-09-22 03:50:56.327 [info] > git for-each-ref --format=%(refname)%00%(upstream:short)%00%(objectname)%00%(upstream:track)%00%(upstream:remotename)%00%(upstream:remoteref) refs/heads/master refs/remotes/master [16ms]
2024-09-22 03:50:56.350 [info] > git status -z -uall [84ms]
2024-09-22 03:51:01.429 [info] > git remote --verbose [25ms]
2024-09-22 03:51:01.429 [info] > git for-each-ref --sort -committerdate --format %(refname) %(objectname) %(*objectname) [45ms]
2024-09-22 03:51:01.477 [info] > git config --get commit.template [29ms]
2024-09-22 03:51:01.502 [info] > git for-each-ref --format=%(refname)%00%(upstream:short)%00%(objectname)%00%(upstream:track)%00%(upstream:remotename)%00%(upstream:remoteref) refs/heads/master refs/remotes/master [29ms]
2024-09-22 03:51:01.537 [info] > git status -z -uall [115ms]
2024-09-22 03:51:06.662 [info] > git remote --verbose [65ms]
2024-09-22 03:51:06.663 [info] > git for-each-ref --sort -committerdate --format %(refname) %(objectname) %(*objectname) [88ms]
2024-09-22 03:51:06.688 [info] > git config --get commit.template [51ms]
2024-09-22 03:51:06.702 [info] > git for-each-ref --format=%(refname)%00%(upstream:short)%00%(objectname)%00%(upstream:track)%00%(upstream:remotename)%00%(upstream:remoteref) refs/heads/master refs/remotes/master [16ms]
2024-09-22 03:51:06.715 [info] > git status -z -uall [102ms]
2024-09-22 03:51:11.819 [info] > git remote --verbose [51ms]
2024-09-22 03:51:11.820 [info] > git for-each-ref --sort -committerdate --format %(refname) %(objectname) %(*objectname) [74ms]
2024-09-22 03:51:11.854 [info] > git config --get commit.template [38ms]
2024-09-22 03:51:11.874 [info] > git for-each-ref --format=%(refname)%00%(upstream:short)%00%(objectname)%00%(upstream:track)%00%(upstream:remotename)%00%(upstream:remoteref) refs/heads/master refs/remotes/master [21ms]
2024-09-22 03:51:11.912 [info] > git status -z -uall [126ms]
2024-09-22 03:51:17.017 [info] > git remote --verbose [38ms]
2024-09-22 03:51:17.018 [info] > git for-each-ref --sort -committerdate --format %(refname) %(objectname) %(*objectname) [62ms]
2024-09-22 03:51:17.040 [info] > git config --get commit.template [26ms]
2024-09-22 03:51:17.051 [info] > git for-each-ref --format=%(refname)%00%(upstream:short)%00%(objectname)%00%(upstream:track)%00%(upstream:remotename)%00%(upstream:remoteref) refs/heads/master refs/remotes/master [14ms]
2024-09-22 03:51:17.083 [info] > git status -z -uall [88ms]
2024-09-22 03:51:22.177 [info] > git remote --verbose [41ms]
2024-09-22 03:51:22.178 [info] > git for-each-ref --sort -committerdate --format %(refname) %(objectname) %(*objectname) [61ms]
2024-09-22 03:51:22.207 [info] > git config --get commit.template [36ms]
2024-09-22 03:51:22.223 [info] > git for-each-ref --format=%(refname)%00%(upstream:short)%00%(objectname)%00%(upstream:track)%00%(upstream:remotename)%00%(upstream:remoteref) refs/heads/master refs/remotes/master [17ms]
2024-09-22 03:51:22.266 [info] > git status -z -uall [114ms]
2024-09-22 03:51:27.373 [info] > git remote --verbose [49ms]
2024-09-22 03:51:27.374 [info] > git for-each-ref --sort -committerdate --format %(refname) %(objectname) %(*objectname) [76ms]
2024-09-22 03:51:27.411 [info] > git config --get commit.template [38ms]
2024-09-22 03:51:27.423 [info] > git for-each-ref --format=%(refname)%00%(upstream:short)%00%(objectname)%00%(upstream:track)%00%(upstream:remotename)%00%(upstream:remoteref) refs/heads/master refs/remotes/master [18ms]
2024-09-22 03:51:27.447 [info] > git status -z -uall [106ms]
2024-09-22 03:51:32.546 [info] > git remote --verbose [35ms]
2024-09-22 03:51:32.547 [info] > git for-each-ref --sort -committerdate --format %(refname) %(objectname) %(*objectname) [62ms]
2024-09-22 03:51:32.596 [info] > git config --get commit.template [27ms]
2024-09-22 03:51:32.615 [info] > git for-each-ref --format=%(refname)%00%(upstream:short)%00%(objectname)%00%(upstream:track)%00%(upstream:remotename)%00%(upstream:remoteref) refs/heads/master refs/remotes/master [23ms]
2024-09-22 03:51:32.676 [info] > git status -z -uall [139ms]
2024-09-22 03:51:37.805 [info] > git for-each-ref --sort -committerdate --format %(refname) %(objectname) %(*objectname) [84ms]
2024-09-22 03:51:37.809 [info] > git remote --verbose [68ms]
2024-09-22 03:51:37.812 [info] > git config --get commit.template [16ms]
2024-09-22 03:51:37.856 [info] > git for-each-ref --format=%(refname)%00%(upstream:short)%00%(objectname)%00%(upstream:track)%00%(upstream:remotename)%00%(upstream:remoteref) refs/heads/master refs/remotes/master [21ms]
2024-09-22 03:51:37.894 [info] > git status -z -uall [137ms]
2024-09-22 03:51:43.020 [info] > git remote --verbose [61ms]
2024-09-22 03:51:43.022 [info] > git for-each-ref --sort -committerdate --format %(refname) %(objectname) %(*objectname) [90ms]
2024-09-22 03:51:43.051 [info] > git config --get commit.template [33ms]
2024-09-22 03:51:43.073 [info] > git for-each-ref --format=%(refname)%00%(upstream:short)%00%(objectname)%00%(upstream:track)%00%(upstream:remotename)%00%(upstream:remoteref) refs/heads/master refs/remotes/master [25ms]
2024-09-22 03:51:43.104 [info] > git status -z -uall [122ms]
2024-09-22 03:51:48.216 [info] > git remote --verbose [50ms]
2024-09-22 03:51:48.216 [info] > git for-each-ref --sort -committerdate --format %(refname) %(objectname) %(*objectname) [74ms]
2024-09-22 03:51:48.243 [info] > git config --get commit.template [30ms]
2024-09-22 03:51:48.257 [info] > git for-each-ref --format=%(refname)%00%(upstream:short)%00%(objectname)%00%(upstream:track)%00%(upstream:remotename)%00%(upstream:remoteref) refs/heads/master refs/remotes/master [18ms]
2024-09-22 03:51:48.316 [info] > git status -z -uall [129ms]
2024-09-22 03:51:53.391 [info] > git remote --verbose [22ms]
2024-09-22 03:51:53.392 [info] > git for-each-ref --sort -committerdate --format %(refname) %(objectname) %(*objectname) [41ms]
2024-09-22 03:51:53.450 [info] > git config --get commit.template [32ms]
2024-09-22 03:51:53.468 [info] > git for-each-ref --format=%(refname)%00%(upstream:short)%00%(objectname)%00%(upstream:track)%00%(upstream:remotename)%00%(upstream:remoteref) refs/heads/master refs/remotes/master [23ms]
2024-09-22 03:51:53.507 [info] > git status -z -uall [123ms]
2024-09-22 03:51:58.585 [info] > git remote --verbose [26ms]
2024-09-22 03:51:58.585 [info] > git for-each-ref --sort -committerdate --format %(refname) %(objectname) %(*objectname) [46ms]
2024-09-22 03:51:58.635 [info] > git config --get commit.template [27ms]
2024-09-22 03:51:58.651 [info] > git for-each-ref --format=%(refname)%00%(upstream:short)%00%(objectname)%00%(upstream:track)%00%(upstream:remotename)%00%(upstream:remoteref) refs/heads/master refs/remotes/master [20ms]
2024-09-22 03:51:58.706 [info] > git status -z -uall [130ms]
2024-09-22 03:52:03.819 [info] > git remote --verbose [46ms]
2024-09-22 03:52:03.820 [info] > git for-each-ref --sort -committerdate --format %(refname) %(objectname) %(*objectname) [74ms]
2024-09-22 03:52:03.847 [info] > git config --get commit.template [32ms]
2024-09-22 03:52:03.858 [info] > git for-each-ref --format=%(refname)%00%(upstream:short)%00%(objectname)%00%(upstream:track)%00%(upstream:remotename)%00%(upstream:remoteref) refs/heads/master refs/remotes/master [15ms]
2024-09-22 03:52:03.905 [info] > git status -z -uall [112ms]
2024-09-22 03:52:08.991 [info] > git for-each-ref --sort -committerdate --format %(refname) %(objectname) %(*objectname) [52ms]
2024-09-22 03:52:09.036 [info] > git remote --verbose [74ms]
2024-09-22 03:52:09.097 [info] > git config --get commit.template [74ms]
2024-09-22 03:52:09.105 [info] > git for-each-ref --format=%(refname)%00%(upstream:short)%00%(objectname)%00%(upstream:track)%00%(upstream:remotename)%00%(upstream:remoteref) refs/heads/master refs/remotes/master [33ms]
2024-09-22 03:52:09.150 [info] > git status -z -uall [167ms]
2024-09-22 03:52:11.439 [info] > git check-ignore -v -z --stdin [18ms]
2024-09-22 03:52:14.282 [info] > git remote --verbose [58ms]
2024-09-22 03:52:14.283 [info] > git for-each-ref --sort -committerdate --format %(refname) %(objectname) %(*objectname) [93ms]
2024-09-22 03:52:14.413 [info] > git config --get commit.template [92ms]
2024-09-22 03:52:14.429 [info] > git for-each-ref --format=%(refname)%00%(upstream:short)%00%(objectname)%00%(upstream:track)%00%(upstream:remotename)%00%(upstream:remoteref) refs/heads/master refs/remotes/master [48ms]
2024-09-22 03:52:14.468 [info] > git status -z -uall [218ms]
2024-09-22 03:52:17.091 [info] > git check-ignore -v -z --stdin [11ms]
2024-09-22 03:52:19.524 [info] > git check-ignore -v -z --stdin [11ms]
2024-09-22 03:52:20.636 [info] > git check-ignore -v -z --stdin [15ms]
2024-09-22 03:52:22.604 [info] > git check-ignore -v -z --stdin [14ms]
2024-09-22 03:52:23.568 [info] > git remote --verbose [35ms]
2024-09-22 03:52:23.568 [info] > git for-each-ref --sort -committerdate --format %(refname) %(objectname) %(*objectname) [52ms]
2024-09-22 03:52:23.590 [info] > git config --get commit.template [28ms]
2024-09-22 03:52:23.598 [info] > git for-each-ref --format=%(refname)%00%(upstream:short)%00%(objectname)%00%(upstream:track)%00%(upstream:remotename)%00%(upstream:remoteref) refs/heads/master refs/remotes/master [11ms]
2024-09-22 03:52:23.617 [info] > git status -z -uall [72ms]
2024-09-22 03:52:25.386 [info] > git check-ignore -v -z --stdin [9ms]
2024-09-22 03:52:26.181 [info] > git check-ignore -v -z --stdin [9ms]
2024-09-22 03:52:27.028 [info] > git check-ignore -v -z --stdin [16ms]
2024-09-22 03:52:28.677 [info] > git remote --verbose [30ms]
2024-09-22 03:52:28.679 [info] > git for-each-ref --sort -committerdate --format %(refname) %(objectname) %(*objectname) [44ms]
2024-09-22 03:52:28.702 [info] > git config --get commit.template [27ms]
2024-09-22 03:52:28.713 [info] > git for-each-ref --format=%(refname)%00%(upstream:short)%00%(objectname)%00%(upstream:track)%00%(upstream:remotename)%00%(upstream:remoteref) refs/heads/master refs/remotes/master [12ms]
2024-09-22 03:52:28.732 [info] > git status -z -uall [72ms]
2024-09-22 03:52:29.049 [info] > git show --textconv :thsunest01/c/双链表.cpp [14ms]
2024-09-22 03:52:29.060 [info] > git ls-files --stage -- /root/thsunest01/c/双链表.cpp [13ms]
2024-09-22 03:52:33.808 [info] > git remote --verbose [41ms]
2024-09-22 03:52:33.809 [info] > git for-each-ref --sort -committerdate --format %(refname) %(objectname) %(*objectname) [56ms]
2024-09-22 03:52:33.814 [info] > git config --get commit.template [15ms]
2024-09-22 03:52:33.846 [info] > git for-each-ref --format=%(refname)%00%(upstream:short)%00%(objectname)%00%(upstream:track)%00%(upstream:remotename)%00%(upstream:remoteref) refs/heads/master refs/remotes/master [12ms]
2024-09-22 03:52:33.856 [info] > git status -z -uall [75ms]
2024-09-22 03:52:38.983 [info] > git remote --verbose [56ms]
2024-09-22 03:52:38.983 [info] > git for-each-ref --sort -committerdate --format %(refname) %(objectname) %(*objectname) [84ms]
2024-09-22 03:52:39.007 [info] > git config --get commit.template [28ms]
2024-09-22 03:52:39.020 [info] > git for-each-ref --format=%(refname)%00%(upstream:short)%00%(objectname)%00%(upstream:track)%00%(upstream:remotename)%00%(upstream:remoteref) refs/heads/master refs/remotes/master [16ms]
2024-09-22 03:52:39.048 [info] > git status -z -uall [97ms]
2024-09-22 03:52:44.146 [info] > git remote --verbose [38ms]
2024-09-22 03:52:44.147 [info] > git for-each-ref --sort -committerdate --format %(refname) %(objectname) %(*objectname) [59ms]
2024-09-22 03:52:44.175 [info] > git config --get commit.template [32ms]
2024-09-22 03:52:44.196 [info] > git for-each-ref --format=%(refname)%00%(upstream:short)%00%(objectname)%00%(upstream:track)%00%(upstream:remotename)%00%(upstream:remoteref) refs/heads/master refs/remotes/master [25ms]
2024-09-22 03:52:44.230 [info] > git status -z -uall [106ms]
2024-09-22 03:52:49.288 [info] > git remote --verbose [21ms]
2024-09-22 03:52:49.289 [info] > git for-each-ref --sort -committerdate --format %(refname) %(objectname) %(*objectname) [35ms]
2024-09-22 03:52:49.324 [info] > git config --get commit.template [22ms]
2024-09-22 03:52:49.339 [info] > git for-each-ref --format=%(refname)%00%(upstream:short)%00%(objectname)%00%(upstream:track)%00%(upstream:remotename)%00%(upstream:remoteref) refs/heads/master refs/remotes/master [18ms]
2024-09-22 03:52:49.356 [info] > git status -z -uall [75ms]
2024-09-22 03:52:54.406 [info] > git remote --verbose [14ms]
2024-09-22 03:52:54.406 [info] > git for-each-ref --sort -committerdate --format %(refname) %(objectname) %(*objectname) [27ms]
2024-09-22 03:52:54.443 [info] > git config --get commit.template [20ms]
2024-09-22 03:52:54.456 [info] > git for-each-ref --format=%(refname)%00%(upstream:short)%00%(objectname)%00%(upstream:track)%00%(upstream:remotename)%00%(upstream:remoteref) refs/heads/master refs/remotes/master [17ms]
2024-09-22 03:52:54.478 [info] > git status -z -uall [76ms]
2024-09-22 03:52:59.582 [info] > git for-each-ref --sort -committerdate --format %(refname) %(objectname) %(*objectname) [64ms]
2024-09-22 03:52:59.587 [info] > git remote --verbose [45ms]
2024-09-22 03:52:59.612 [info] > git config --get commit.template [33ms]
2024-09-22 03:52:59.629 [info] > git for-each-ref --format=%(refname)%00%(upstream:short)%00%(objectname)%00%(upstream:track)%00%(upstream:remotename)%00%(upstream:remoteref) refs/heads/master refs/remotes/master [20ms]
2024-09-22 03:52:59.671 [info] > git status -z -uall [113ms]
2024-09-22 03:53:04.728 [info] > git remote --verbose [17ms]
2024-09-22 03:53:04.728 [info] > git for-each-ref --sort -committerdate --format %(refname) %(objectname) %(*objectname) [32ms]
2024-09-22 03:53:04.757 [info] > git config --get commit.template [15ms]
2024-09-22 03:53:04.768 [info] > git for-each-ref --format=%(refname)%00%(upstream:short)%00%(objectname)%00%(upstream:track)%00%(upstream:remotename)%00%(upstream:remoteref) refs/heads/master refs/remotes/master [14ms]
2024-09-22 03:53:04.784 [info] > git status -z -uall [61ms]
2024-09-22 03:53:09.838 [info] > git remote --verbose [26ms]
2024-09-22 03:53:09.838 [info] > git for-each-ref --sort -committerdate --format %(refname) %(objectname) %(*objectname) [38ms]
2024-09-22 03:53:09.861 [info] > git config --get commit.template [27ms]
2024-09-22 03:53:09.871 [info] > git for-each-ref --format=%(refname)%00%(upstream:short)%00%(objectname)%00%(upstream:track)%00%(upstream:remotename)%00%(upstream:remoteref) refs/heads/master refs/remotes/master [15ms]
2024-09-22 03:53:09.888 [info] > git status -z -uall [66ms]
2024-09-22 03:53:14.982 [info] > git remote --verbose [29ms]
2024-09-22 03:53:14.983 [info] > git for-each-ref --sort -committerdate --format %(refname) %(objectname) %(*objectname) [51ms]
2024-09-22 03:53:15.038 [info] > git config --get commit.template [33ms]
2024-09-22 03:53:15.057 [info] > git for-each-ref --format=%(refname)%00%(upstream:short)%00%(objectname)%00%(upstream:track)%00%(upstream:remotename)%00%(upstream:remoteref) refs/heads/master refs/remotes/master [23ms]
2024-09-22 03:53:15.080 [info] > git status -z -uall [103ms]
2024-09-22 03:53:15.351 [info] > git show --textconv :thsunest01/c/双链表.cpp [12ms]
2024-09-22 03:53:15.359 [info] > git ls-files --stage -- /root/thsunest01/c/双链表.cpp [9ms]
2024-09-22 03:53:20.182 [info] > git remote --verbose [48ms]
2024-09-22 03:53:20.182 [info] > git for-each-ref --sort -committerdate --format %(refname) %(objectname) %(*objectname) [70ms]
2024-09-22 03:53:20.191 [info] > git config --get commit.template [13ms]
2024-09-22 03:53:20.230 [info] > git for-each-ref --format=%(refname)%00%(upstream:short)%00%(objectname)%00%(upstream:track)%00%(upstream:remotename)%00%(upstream:remoteref) refs/heads/master refs/remotes/master [17ms]
2024-09-22 03:53:20.252 [info] > git status -z -uall [99ms]
2024-09-22 03:53:25.366 [info] > git remote --verbose [45ms]
2024-09-22 03:53:25.367 [info] > git for-each-ref --sort -committerdate --format %(refname) %(objectname) %(*objectname) [69ms]
2024-09-22 03:53:25.397 [info] > git config --get commit.template [33ms]
2024-09-22 03:53:25.418 [info] > git for-each-ref --format=%(refname)%00%(upstream:short)%00%(objectname)%00%(upstream:track)%00%(upstream:remotename)%00%(upstream:remoteref) refs/heads/master refs/remotes/master [24ms]
2024-09-22 03:53:25.443 [info] > git status -z -uall [103ms]
2024-09-22 03:53:30.551 [info] > git remote --verbose [41ms]
2024-09-22 03:53:30.551 [info] > git for-each-ref --sort -committerdate --format %(refname) %(objectname) %(*objectname) [64ms]
2024-09-22 03:53:30.587 [info] > git config --get commit.template [40ms]
2024-09-22 03:53:30.599 [info] > git for-each-ref --format=%(refname)%00%(upstream:short)%00%(objectname)%00%(upstream:track)%00%(upstream:remotename)%00%(upstream:remoteref) refs/heads/master refs/remotes/master [14ms]
2024-09-22 03:53:30.628 [info] > git status -z -uall [103ms]
2024-09-22 03:53:35.737 [info] > git remote --verbose [43ms]
2024-09-22 03:53:35.737 [info] > git for-each-ref --sort -committerdate --format %(refname) %(objectname) %(*objectname) [68ms]
2024-09-22 03:53:35.771 [info] > git config --get commit.template [38ms]
2024-09-22 03:53:35.783 [info] > git for-each-ref --format=%(refname)%00%(upstream:short)%00%(objectname)%00%(upstream:track)%00%(upstream:remotename)%00%(upstream:remoteref) refs/heads/master refs/remotes/master [15ms]
2024-09-22 03:53:35.808 [info] > git status -z -uall [96ms]
2024-09-22 03:53:36.696 [info] > git show --textconv :thsunest01/5231100hydH.pub [35ms]
2024-09-22 03:53:36.710 [info] > git ls-files --stage -- /root/thsunest01/5231100hydH.pub [15ms]
2024-09-22 03:53:37.284 [info] > git show --textconv :thsunest01/5231100hydH [17ms]
2024-09-22 03:53:37.307 [info] > git ls-files --stage -- /root/thsunest01/5231100hydH [25ms]
2024-09-22 03:53:38.282 [info] > git show --textconv :thsunest01/5231100hydH.pub [21ms]
2024-09-22 03:53:38.294 [info] > git ls-files --stage -- /root/thsunest01/5231100hydH.pub [13ms]
2024-09-22 03:53:38.873 [info] > git show --textconv :thsunest01/5231100hydH [21ms]
2024-09-22 03:53:38.884 [info] > git ls-files --stage -- /root/thsunest01/5231100hydH [12ms]
2024-09-22 03:53:40.893 [info] > git remote --verbose [43ms]
2024-09-22 03:53:40.894 [info] > git for-each-ref --sort -committerdate --format %(refname) %(objectname) %(*objectname) [60ms]
2024-09-22 03:53:40.917 [info] > git config --get commit.template [27ms]
2024-09-22 03:53:40.928 [info] > git for-each-ref --format=%(refname)%00%(upstream:short)%00%(objectname)%00%(upstream:track)%00%(upstream:remotename)%00%(upstream:remoteref) refs/heads/master refs/remotes/master [13ms]
2024-09-22 03:53:40.939 [info] > git status -z -uall [70ms]
2024-09-22 03:53:45.387 [info] > git show --textconv :thsunest01/c/双链表.cpp [19ms]
2024-09-22 03:53:45.396 [info] > git ls-files --stage -- /root/thsunest01/c/双链表.cpp [9ms]
2024-09-22 03:53:46.021 [info] > git remote --verbose [34ms]
2024-09-22 03:53:46.021 [info] > git for-each-ref --sort -committerdate --format %(refname) %(objectname) %(*objectname) [49ms]
2024-09-22 03:53:46.044 [info] > git config --get commit.template [28ms]
2024-09-22 03:53:46.058 [info] > git for-each-ref --format=%(refname)%00%(upstream:short)%00%(objectname)%00%(upstream:track)%00%(upstream:remotename)%00%(upstream:remoteref) refs/heads/master refs/remotes/master [17ms]
2024-09-22 03:53:46.097 [info] > git status -z -uall [99ms]
2024-09-22 03:53:51.207 [info] > git remote --verbose [52ms]
2024-09-22 03:53:51.208 [info] > git for-each-ref --sort -committerdate --format %(refname) %(objectname) %(*objectname) [74ms]
2024-09-22 03:53:51.217 [info] > git config --get commit.template [21ms]
2024-09-22 03:53:51.260 [info] > git for-each-ref --format=%(refname)%00%(upstream:short)%00%(objectname)%00%(upstream:track)%00%(upstream:remotename)%00%(upstream:remoteref) refs/heads/master refs/remotes/master [20ms]
2024-09-22 03:53:51.308 [info] > git status -z -uall [134ms]
2024-09-22 06:04:18.325 [info] > git remote --verbose [327ms]
2024-09-22 06:04:18.373 [info] > git for-each-ref --sort -committerdate --format %(refname) %(objectname) %(*objectname) [414ms]
2024-09-22 06:04:18.427 [info] > git config --get commit.template [203ms]
2024-09-22 06:04:18.559 [info] > git for-each-ref --format=%(refname)%00%(upstream:short)%00%(objectname)%00%(upstream:track)%00%(upstream:remotename)%00%(upstream:remoteref) refs/heads/master refs/remotes/master [84ms]
2024-09-22 06:04:18.580 [info] > git status -z -uall [515ms]
2024-09-22 06:04:23.716 [info] > git remote --verbose [29ms]
2024-09-22 06:04:23.716 [info] > git for-each-ref --sort -committerdate --format %(refname) %(objectname) %(*objectname) [59ms]
2024-09-22 06:04:23.794 [info] > git config --get commit.template [57ms]
2024-09-22 06:04:23.816 [info] > git for-each-ref --format=%(refname)%00%(upstream:short)%00%(objectname)%00%(upstream:track)%00%(upstream:remotename)%00%(upstream:remoteref) refs/heads/master refs/remotes/master [34ms]
2024-09-22 06:04:23.903 [info] > git status -z -uall [199ms]
2024-09-22 06:04:25.978 [info] > git show --textconv :.ssh/id_rsa [15ms]
2024-09-22 06:04:25.996 [info] > git ls-files --stage -- /root/.ssh/id_rsa [18ms]
2024-09-22 06:04:28.996 [info] > git remote --verbose [52ms]
2024-09-22 06:04:28.996 [info] > git for-each-ref --sort -committerdate --format %(refname) %(objectname) %(*objectname) [72ms]
2024-09-22 06:04:28.999 [info] > git config --get commit.template [11ms]
2024-09-22 06:04:29.031 [info] > git for-each-ref --format=%(refname)%00%(upstream:short)%00%(objectname)%00%(upstream:track)%00%(upstream:remotename)%00%(upstream:remoteref) refs/heads/master refs/remotes/master [12ms]
2024-09-22 06:04:29.040 [info] > git status -z -uall [82ms]
2024-09-22 06:04:34.104 [info] > git remote --verbose [30ms]
2024-09-22 06:04:34.104 [info] > git for-each-ref --sort -committerdate --format %(refname) %(objectname) %(*objectname) [43ms]
2024-09-22 06:04:34.124 [info] > git config --get commit.template [23ms]
2024-09-22 06:04:34.139 [info] > git for-each-ref --format=%(refname)%00%(upstream:short)%00%(objectname)%00%(upstream:track)%00%(upstream:remotename)%00%(upstream:remoteref) refs/heads/master refs/remotes/master [16ms]
2024-09-22 06:04:34.157 [info] > git status -z -uall [68ms]
2024-09-22 06:04:39.302 [info] > git remote --verbose [44ms]
2024-09-22 06:04:39.303 [info] > git for-each-ref --sort -committerdate --format %(refname) %(objectname) %(*objectname) [72ms]
2024-09-22 06:04:39.309 [info] > git config --get commit.template [17ms]
2024-09-22 06:04:39.347 [info] > git for-each-ref --format=%(refname)%00%(upstream:short)%00%(objectname)%00%(upstream:track)%00%(upstream:remotename)%00%(upstream:remoteref) refs/heads/master refs/remotes/master [20ms]
2024-09-22 06:04:39.369 [info] > git status -z -uall [93ms]
2024-09-22 06:04:44.468 [info] > git remote --verbose [43ms]
2024-09-22 06:04:44.469 [info] > git for-each-ref --sort -committerdate --format %(refname) %(objectname) %(*objectname) [64ms]
2024-09-22 06:04:44.498 [info] > git config --get commit.template [36ms]
2024-09-22 06:04:44.519 [info] > git for-each-ref --format=%(refname)%00%(upstream:short)%00%(objectname)%00%(upstream:track)%00%(upstream:remotename)%00%(upstream:remoteref) refs/heads/master refs/remotes/master [25ms]
2024-09-22 06:04:44.543 [info] > git status -z -uall [102ms]
2024-09-22 06:04:49.653 [info] > git remote --verbose [61ms]
2024-09-22 06:04:49.654 [info] > git for-each-ref --sort -committerdate --format %(refname) %(objectname) %(*objectname) [81ms]
2024-09-22 06:04:49.659 [info] > git config --get commit.template [23ms]
2024-09-22 06:04:49.703 [info] > git for-each-ref --format=%(refname)%00%(upstream:short)%00%(objectname)%00%(upstream:track)%00%(upstream:remotename)%00%(upstream:remoteref) refs/heads/master refs/remotes/master [16ms]
2024-09-22 06:04:49.728 [info] > git status -z -uall [118ms]
2024-09-22 06:04:54.859 [info] > git remote --verbose [58ms]
2024-09-22 06:04:54.860 [info] > git for-each-ref --sort -committerdate --format %(refname) %(objectname) %(*objectname) [87ms]
2024-09-22 06:04:54.888 [info] > git config --get commit.template [33ms]
2024-09-22 06:04:54.906 [info] > git for-each-ref --format=%(refname)%00%(upstream:short)%00%(objectname)%00%(upstream:track)%00%(upstream:remotename)%00%(upstream:remoteref) refs/heads/master refs/remotes/master [21ms]
2024-09-22 06:04:54.948 [info] > git status -z -uall [124ms]
2024-09-22 06:04:59.467 [info] > git check-ignore -v -z --stdin [20ms]
2024-09-22 06:05:00.024 [info] > git remote --verbose [31ms]
2024-09-22 06:05:00.025 [info] > git for-each-ref --sort -committerdate --format %(refname) %(objectname) %(*objectname) [49ms]
2024-09-22 06:05:00.058 [info] > git config --get commit.template [13ms]
2024-09-22 06:05:00.094 [info] > git for-each-ref --format=%(refname)%00%(upstream:short)%00%(objectname)%00%(upstream:track)%00%(upstream:remotename)%00%(upstream:remoteref) refs/heads/master refs/remotes/master [18ms]
2024-09-22 06:05:00.102 [info] > git status -z -uall [91ms]
2024-09-22 06:05:01.034 [info] > git check-ignore -v -z --stdin [20ms]
