2024-09-21 14:08:11.303 [info] Extension host with pid 21592 started
2024-09-21 14:08:11.348 [info] Lock '/root/.local/share/code-server/User/workspaceStorage/-262dff09/vscode.lock': Lock acquired.
2024-09-21 14:08:11.610 [info] ExtensionService#_doActivateExtension vscode.git-base, startup: true, activationEvent: '*', root cause: vscode.git
2024-09-21 14:08:12.284 [error] Error: spawn /opt/code-server-4.9.1-linux-arm64/lib/vscode/node_modules.asar.unpacked/@vscode/ripgrep/bin/rg ENOENT
    at P (http://127.0.0.1:10000/stable-6261075646f055b99068d3688932416f2346dd3b/static/out/vs/workbench/workbench.web.main.js:2167:6689)
    at http://127.0.0.1:10000/stable-6261075646f055b99068d3688932416f2346dd3b/static/out/vs/workbench/workbench.web.main.js:2177:4428
    at async http://127.0.0.1:10000/stable-6261075646f055b99068d3688932416f2346dd3b/static/out/vs/workbench/workbench.web.main.js:2177:2528
2024-09-21 14:08:14.206 [info] ExtensionService#_doActivateExtension vscode.git, startup: true, activationEvent: '*'
2024-09-21 14:08:14.207 [info] ExtensionService#_doActivateExtension vscode.github, startup: true, activationEvent: '*'
2024-09-21 14:08:16.109 [info] ExtensionService#_doActivateExtension vscode.debug-auto-launch, startup: false, activationEvent: 'onStartupFinished'
2024-09-21 14:08:16.110 [info] ExtensionService#_doActivateExtension vscode.emmet, startup: false, activationEvent: 'onStartupFinished'
2024-09-21 14:08:16.111 [info] ExtensionService#_doActivateExtension vscode.merge-conflict, startup: false, activationEvent: 'onStartupFinished'
2024-09-21 14:08:16.111 [info] ExtensionService#_doActivateExtension formulahendry.code-runner, startup: false, activationEvent: 'onStartupFinished'
2024-09-21 14:08:16.112 [info] Eager extensions activated
2024-09-21 14:08:17.212 [warning] [Decorations] CAPPING events from decorations provider vscode.git 5539
2024-09-21 14:08:18.130 [warning] [Decorations] CAPPING events from decorations provider vscode.git 5539
2024-09-21 14:08:21.781 [warning] [Decorations] CAPPING events from decorations provider vscode.git 5539
2024-09-21 14:08:28.399 [warning] [Decorations] CAPPING events from decorations provider vscode.git 5539
2024-09-21 14:08:34.450 [warning] [Decorations] CAPPING events from decorations provider vscode.git 5539
2024-09-21 14:08:40.499 [warning] [Decorations] CAPPING events from decorations provider vscode.git 5539
2024-09-21 14:08:46.494 [warning] [Decorations] CAPPING events from decorations provider vscode.git 5539
2024-09-21 14:08:53.209 [warning] [Decorations] CAPPING events from decorations provider vscode.git 5539
2024-09-21 14:08:59.971 [warning] [Decorations] CAPPING events from decorations provider vscode.git 5539
2024-09-21 14:09:06.808 [warning] [Decorations] CAPPING events from decorations provider vscode.git 5539
2024-09-21 14:09:13.537 [warning] [Decorations] CAPPING events from decorations provider vscode.git 5539
2024-09-21 14:09:20.138 [warning] [Decorations] CAPPING events from decorations provider vscode.git 5539
2024-09-21 14:09:26.941 [warning] [Decorations] CAPPING events from decorations provider vscode.git 5539
2024-09-21 14:09:33.783 [warning] [Decorations] CAPPING events from decorations provider vscode.git 5539
2024-09-21 14:09:39.678 [warning] [Decorations] CAPPING events from decorations provider vscode.git 5539
2024-09-21 14:09:45.846 [warning] [Decorations] CAPPING events from decorations provider vscode.git 5539
2024-09-21 14:09:51.836 [warning] [Decorations] CAPPING events from decorations provider vscode.git 5539
2024-09-21 14:09:58.037 [warning] [Decorations] CAPPING events from decorations provider vscode.git 5539
2024-09-21 14:10:04.229 [warning] [Decorations] CAPPING events from decorations provider vscode.git 5539
2024-09-21 14:10:10.112 [warning] [Decorations] CAPPING events from decorations provider vscode.git 5539
