2024-10-03 04:08:21.470 [info] 正在验证在以下位置中找到的 git: git
2024-10-03 04:08:21.470 [info] 将使用位于 git 的 Git 2.34.1
2024-10-03 04:08:21.471 [info] > git rev-parse --show-toplevel [231ms]
2024-10-03 04:08:21.471 [info] > git rev-parse --git-dir --git-common-dir [111ms]
2024-10-03 04:08:21.471 [info] Log level: Info
2024-10-03 04:08:21.471 [info] Open repository: /root/thsunest01
2024-10-03 04:08:21.471 [info] > git rev-parse --show-toplevel [46ms]
2024-10-03 04:08:21.471 [info] > git remote --verbose [655ms]
2024-10-03 04:08:21.471 [info] > git for-each-ref --sort -committerdate --format %(refname) %(objectname) %(*objectname) [685ms]
2024-10-03 04:08:21.471 [info] > git config --get commit.template [66ms]
2024-10-03 04:08:21.471 [info] > git rev-parse --show-toplevel [103ms]
2024-10-03 04:08:21.471 [info] > git for-each-ref --format=%(refname)%00%(upstream:short)%00%(objectname)%00%(upstream:track)%00%(upstream:remotename)%00%(upstream:remoteref) refs/heads/th refs/remotes/th [101ms]
2024-10-03 04:08:21.471 [info] > git rev-parse --show-toplevel [20ms]
2024-10-03 04:08:21.471 [info] > git rev-parse --show-toplevel [21ms]
2024-10-03 04:08:21.706 [info] > git show --textconv :.vscode/c_cpp_properties.json [66ms]
2024-10-03 04:08:21.713 [info] > git ls-files --stage -- /root/thsunest01/.vscode/c_cpp_properties.json [17ms]
2024-10-03 04:08:21.787 [info] > git cat-file -s 068214512c0f8526db2eb5da2dd68bc59c6de662 [40ms]
2024-10-03 04:08:21.961 [info] > git check-ignore -v -z --stdin [26ms]
2024-10-03 04:08:22.695 [info] > git status -z -uall [1797ms]
2024-10-03 04:08:24.811 [info] > git remote --verbose [1896ms]
2024-10-03 04:08:24.812 [info] > git for-each-ref --sort -committerdate --format %(refname) %(objectname) %(*objectname) [1930ms]
2024-10-03 04:08:24.820 [info] > git config --get commit.template [22ms]
2024-10-03 04:08:24.866 [info] > git for-each-ref --format=%(refname)%00%(upstream:short)%00%(objectname)%00%(upstream:track)%00%(upstream:remotename)%00%(upstream:remoteref) refs/heads/th refs/remotes/th [18ms]
2024-10-03 04:08:25.131 [info] > git status -z -uall [2187ms]
2024-10-03 04:08:30.225 [info] > git show --textconv :.vscode/c_cpp_properties.json [36ms]
2024-10-03 04:08:30.230 [info] > git ls-files --stage -- /root/thsunest01/.vscode/c_cpp_properties.json [9ms]
2024-10-03 04:08:30.308 [info] > git cat-file -s 068214512c0f8526db2eb5da2dd68bc59c6de662 [46ms]
2024-10-03 04:08:30.894 [info] > git show --textconv :c/LinkListw/intersection.cpp [34ms]
2024-10-03 04:08:30.914 [info] > git ls-files --stage -- /root/thsunest01/c/LinkListw/intersection.cpp [23ms]
2024-10-03 04:08:33.789 [info] > git show --textconv :.vscode/c_cpp_properties.json [40ms]
2024-10-03 04:08:33.801 [info] > git ls-files --stage -- /root/thsunest01/.vscode/c_cpp_properties.json [13ms]
2024-10-03 04:08:33.846 [info] > git cat-file -s 068214512c0f8526db2eb5da2dd68bc59c6de662 [14ms]
2024-10-03 04:08:43.179 [info] > git for-each-ref --format %(refname:short)%00%(upstream:short) refs/heads [34ms]
2024-10-03 04:08:44.883 [info] > git checkout -q th [1659ms]
2024-10-03 04:08:45.377 [info] > git remote --verbose [413ms]
2024-10-03 04:08:45.379 [info] > git for-each-ref --sort -committerdate --format %(refname) %(objectname) %(*objectname) [453ms]
2024-10-03 04:08:45.390 [info] > git config --get commit.template [149ms]
2024-10-03 04:08:45.521 [info] > git for-each-ref --format=%(refname)%00%(upstream:short)%00%(objectname)%00%(upstream:track)%00%(upstream:remotename)%00%(upstream:remoteref) refs/heads/th refs/remotes/th [70ms]
2024-10-03 04:08:46.626 [info] > git ls-files --stage -- /root/thsunest01/.vscode/c_cpp_properties.json [9ms]
2024-10-03 04:08:46.670 [info] > git cat-file -s 068214512c0f8526db2eb5da2dd68bc59c6de662 [10ms]
2024-10-03 04:08:46.729 [info] > git show --textconv :.vscode/c_cpp_properties.json [13ms]
2024-10-03 04:08:46.752 [info] > git status -z -uall [1749ms]
2024-10-03 04:08:49.176 [info] > git show --textconv :c/11.c [42ms]
2024-10-03 04:08:49.194 [info] > git ls-files --stage -- /root/thsunest01/c/11.c [27ms]
2024-10-03 04:08:49.229 [info] > git cat-file -s 38b9b26278894d4208a3c324ccc227917ad2fd6c [11ms]
2024-10-03 04:08:53.422 [info] > git check-ignore -v -z --stdin [20ms]
2024-10-03 04:08:54.975 [info] > git check-ignore -v -z --stdin [24ms]
2024-10-03 04:09:05.027 [info] > git show --textconv :c/BubbleSort.c++ [36ms]
2024-10-03 04:09:05.033 [info] > git ls-files --stage -- /root/thsunest01/c/BubbleSort.c++ [10ms]
2024-10-03 04:09:05.102 [info] > git cat-file -s d383b1ef597b362f85ca58d4490e553ce3070a27 [29ms]
2024-10-03 04:09:06.882 [info] > git show --textconv :c/test.cpp [27ms]
2024-10-03 04:09:06.894 [info] > git ls-files --stage -- /root/thsunest01/c/test.cpp [13ms]
2024-10-03 04:09:06.958 [info] > git cat-file -s d845fbb1a77dfd669e40a4ce5a908e1cc81b1123 [19ms]
2024-10-03 04:09:16.530 [info] > git show --textconv :.vscode/c_cpp_properties.json [37ms]
2024-10-03 04:09:16.545 [info] > git ls-files --stage -- /root/thsunest01/.vscode/c_cpp_properties.json [17ms]
2024-10-03 04:09:16.599 [info] > git cat-file -s 068214512c0f8526db2eb5da2dd68bc59c6de662 [16ms]
2024-10-03 04:09:17.784 [info] > git remote --verbose [396ms]
2024-10-03 04:09:17.785 [info] > git for-each-ref --sort -committerdate --format %(refname) %(objectname) %(*objectname) [425ms]
2024-10-03 04:09:17.789 [info] > git config --get commit.template [15ms]
2024-10-03 04:09:17.861 [info] > git for-each-ref --format=%(refname)%00%(upstream:short)%00%(objectname)%00%(upstream:track)%00%(upstream:remotename)%00%(upstream:remoteref) refs/heads/th refs/remotes/th [36ms]
2024-10-03 04:09:18.298 [info] > git show --textconv :c/cheaper1.cpp [123ms]
2024-10-03 04:09:18.301 [info] > git ls-files --stage -- /root/thsunest01/c/cheaper1.cpp [74ms]
2024-10-03 04:09:18.364 [info] > git cat-file -s a53eee92f20d314a56ca816deaf3d38811d9a82e [24ms]
2024-10-03 04:09:19.215 [info] > git status -z -uall [1798ms]
2024-10-03 04:09:30.393 [info] > git show --textconv :c/cheaper1.c++ [62ms]
2024-10-03 04:09:30.395 [info] > git ls-files --stage -- /root/thsunest01/c/cheaper1.c++ [34ms]
2024-10-03 04:09:30.400 [info] > git check-ignore -v -z --stdin [10ms]
2024-10-03 04:09:31.269 [info] > git remote --verbose [331ms]
2024-10-03 04:09:31.270 [info] > git for-each-ref --sort -committerdate --format %(refname) %(objectname) %(*objectname) [376ms]
2024-10-03 04:09:31.285 [info] > git config --get commit.template [30ms]
2024-10-03 04:09:31.360 [info] > git for-each-ref --format=%(refname)%00%(upstream:short)%00%(objectname)%00%(upstream:track)%00%(upstream:remotename)%00%(upstream:remoteref) refs/heads/th refs/remotes/th [19ms]
2024-10-03 04:09:31.503 [info] > git show --textconv :c/直接插入排序.c++ [35ms]
2024-10-03 04:09:31.507 [info] > git ls-files --stage -- /root/thsunest01/c/直接插入排序.c++ [11ms]
2024-10-03 04:09:31.547 [info] > git cat-file -s b50162ebd00c181839e6c3e7a18c52dcaf71ab5d [10ms]
2024-10-03 04:09:32.597 [info] > git status -z -uall [1629ms]
2024-10-03 04:09:37.353 [info] > git show --textconv :c/队列.c++ [35ms]
2024-10-03 04:09:37.365 [info] > git ls-files --stage -- /root/thsunest01/c/队列.c++ [16ms]
2024-10-03 04:09:37.412 [info] > git cat-file -s 0cd08ac190a63d01d00ae822d22b038927f5be42 [13ms]
2024-10-03 04:09:37.931 [info] > git show --textconv :c/串.c++ [33ms]
2024-10-03 04:09:37.942 [info] > git ls-files --stage -- /root/thsunest01/c/串.c++ [12ms]
2024-10-03 04:09:38.002 [info] > git cat-file -s c1027da0aed1e8960fec33c7e6638f2eac07352a [29ms]
2024-10-03 04:09:38.795 [info] > git show --textconv :c/双链表.cpp [46ms]
2024-10-03 04:09:38.798 [info] > git ls-files --stage -- /root/thsunest01/c/双链表.cpp [12ms]
2024-10-03 04:09:38.861 [info] > git cat-file -s 6b1cc44cff24b709bdcc5942dfee35f3fa4ae1d0 [30ms]
2024-10-03 04:09:48.932 [info] > git check-ignore -v -z --stdin [26ms]
2024-10-03 04:09:50.174 [info] > git check-ignore -v -z --stdin [20ms]
2024-10-03 04:09:54.502 [info] > git add -A -- . [679ms]
2024-10-03 04:09:54.595 [info] > git -c user.useConfigOnly=true commit --quiet [46ms]
2024-10-03 04:09:54.595 [info] Author identity unknown

*** Please tell me who you are.

Run

  git config --global user.email "you@example.com"
  git config --global user.name "Your Name"

to set your account's default identity.
Omit --global to set the identity only in this repository.

fatal: no email was given and auto-detection is disabled
2024-10-03 04:09:54.656 [info] > git config --get-all user.name [12ms]
2024-10-03 04:09:55.871 [info] > git ls-files --stage -- /root/thsunest01/c/双链表.cpp [18ms]
2024-10-03 04:09:55.934 [info] > git cat-file -s 6b1cc44cff24b709bdcc5942dfee35f3fa4ae1d0 [16ms]
2024-10-03 04:09:56.044 [info] > git show --textconv :c/双链表.cpp [35ms]
2024-10-03 04:11:14.711 [info] > git add -A -- . [37ms]
2024-10-03 04:11:15.981 [info] > git -c user.useConfigOnly=true commit --quiet [1245ms]
2024-10-03 04:11:15.981 [info] "/opt/code-server-4.9.1-linux-arm64/lib/vscode/extensions/git/dist/git-editor.sh": 1: /opt/code-server-4.9.1-linux-arm64/lib/vscode/extensions/git/dist/git-editor.sh: Permission denied
error: There was a problem with the editor '"/opt/code-server-4.9.1-linux-arm64/lib/vscode/extensions/git/dist/git-editor.sh"'.
Please supply the message using either -m or -F option.
2024-10-03 04:11:16.046 [info] > git config --get-all user.name [22ms]
2024-10-03 04:11:16.114 [info] > git config --get-all user.email [25ms]
2024-10-03 04:11:17.255 [info] > git ls-files --stage -- /root/thsunest01/c/双链表.cpp [18ms]
2024-10-03 04:11:17.315 [info] > git cat-file -s 6b1cc44cff24b709bdcc5942dfee35f3fa4ae1d0 [21ms]
2024-10-03 04:11:17.415 [info] > git show --textconv :c/双链表.cpp [36ms]
2024-10-03 05:15:40.337 [info] > git show --textconv :.vscode/c_cpp_properties.json [47ms]
2024-10-03 05:15:40.340 [info] > git ls-files --stage -- /root/thsunest01/.vscode/c_cpp_properties.json [21ms]
2024-10-03 05:15:40.385 [info] > git cat-file -s 74c0c359acd051e37194829f7024359df53de8df [16ms]
2024-10-03 05:17:39.804 [info] > git ls-files --stage -- /root/thsunest01/c/11.c [22ms]
2024-10-03 05:17:39.828 [info] > git show --textconv :c/11.c [70ms]
2024-10-03 05:17:39.861 [info] > git cat-file -s 38b9b26278894d4208a3c324ccc227917ad2fd6c [35ms]
2024-10-03 05:17:41.052 [info] > git show --textconv :c/LinkListw/统考_2015.cpp [25ms]
2024-10-03 05:17:41.060 [info] > git ls-files --stage -- /root/thsunest01/c/LinkListw/统考_2015.cpp [13ms]
2024-10-03 05:17:41.090 [info] > git cat-file -s ac222bafa341e87c31be6f726566b0d25d3f6be6 [14ms]
2024-10-03 05:18:01.380 [info] > git show --textconv :.vscode/c_cpp_properties.json [31ms]
2024-10-03 05:18:01.392 [info] > git ls-files --stage -- /root/thsunest01/.vscode/c_cpp_properties.json [23ms]
2024-10-03 05:18:01.432 [info] > git cat-file -s 74c0c359acd051e37194829f7024359df53de8df [18ms]
2024-10-03 05:19:13.373 [info] > git show --textconv :c/栈.c++ [78ms]
2024-10-03 05:19:13.402 [info] > git ls-files --stage -- /root/thsunest01/c/栈.c++ [37ms]
2024-10-03 05:19:13.543 [info] > git cat-file -s 6f45601dff0d59877f34a68a64f11549c17dc2c7 [69ms]
2024-10-03 05:19:13.706 [info] > git show --textconv :c/QuickSort.c++ [30ms]
2024-10-03 05:19:13.716 [info] > git ls-files --stage -- /root/thsunest01/c/QuickSort.c++ [14ms]
2024-10-03 05:19:13.775 [info] > git cat-file -s 53fe464c9999e814978e8ed7b5aef57678ecb5fb [25ms]
2024-10-03 05:19:14.335 [info] > git show --textconv :c/test.c++ [25ms]
2024-10-03 05:19:14.341 [info] > git ls-files --stage -- /root/thsunest01/c/test.c++ [7ms]
2024-10-03 05:19:14.372 [info] > git cat-file -s 8ad705b4b2c38d0f9146b08663b9affe72d3ae9d [9ms]
2024-10-03 05:19:14.643 [info] > git show --textconv :c/HeapSort.c++ [25ms]
2024-10-03 05:19:14.660 [info] > git ls-files --stage -- /root/thsunest01/c/HeapSort.c++ [17ms]
2024-10-03 05:19:14.709 [info] > git cat-file -s 987f1c9fc38ad9dbcc002c214029e286d96ded27 [19ms]
2024-10-03 05:19:15.170 [info] > git show --textconv :c/直接插入排序.c++ [23ms]
2024-10-03 05:19:15.182 [info] > git ls-files --stage -- /root/thsunest01/c/直接插入排序.c++ [12ms]
2024-10-03 05:19:15.215 [info] > git cat-file -s b50162ebd00c181839e6c3e7a18c52dcaf71ab5d [11ms]
2024-10-03 05:19:16.174 [info] > git show --textconv :c/串.c++ [26ms]
2024-10-03 05:19:16.183 [info] > git ls-files --stage -- /root/thsunest01/c/串.c++ [10ms]
2024-10-03 05:19:16.221 [info] > git cat-file -s e63a2b0851be64f087d9fa6404eff02756b3297f [9ms]
2024-10-03 05:19:17.097 [info] > git show --textconv :c/双链表.cpp [40ms]
2024-10-03 05:19:17.109 [info] > git ls-files --stage -- /root/thsunest01/c/双链表.cpp [19ms]
2024-10-03 05:19:17.164 [info] > git cat-file -s 6b1cc44cff24b709bdcc5942dfee35f3fa4ae1d0 [21ms]
2024-10-03 05:19:26.834 [info] > git check-ignore -v -z --stdin [19ms]
2024-10-03 05:19:26.908 [info] > git show --textconv :c/双链表.c++ [24ms]
2024-10-03 05:19:26.918 [info] > git ls-files --stage -- /root/thsunest01/c/双链表.c++ [12ms]
2024-10-03 05:19:27.433 [info] > git remote --verbose [72ms]
2024-10-03 05:19:27.435 [info] > git for-each-ref --sort -committerdate --format %(refname) %(objectname) %(*objectname) [105ms]
2024-10-03 05:19:27.476 [info] > git config --get commit.template [46ms]
2024-10-03 05:19:27.504 [info] > git for-each-ref --format=%(refname)%00%(upstream:short)%00%(objectname)%00%(upstream:track)%00%(upstream:remotename)%00%(upstream:remoteref) refs/heads/th refs/remotes/th [32ms]
2024-10-03 05:19:28.526 [info] > git show --textconv :c/队列.c++ [30ms]
2024-10-03 05:19:28.534 [info] > git ls-files --stage -- /root/thsunest01/c/队列.c++ [11ms]
2024-10-03 05:19:28.584 [info] > git cat-file -s 0cd08ac190a63d01d00ae822d22b038927f5be42 [15ms]
2024-10-03 05:19:28.948 [info] > git status -z -uall [1557ms]
2024-10-03 05:19:30.851 [info] > git ls-files --stage -- /root/thsunest01/c/串.c++ [7ms]
2024-10-03 05:19:30.882 [info] > git show --textconv :c/串.c++ [80ms]
2024-10-03 05:19:30.898 [info] > git cat-file -s e63a2b0851be64f087d9fa6404eff02756b3297f [20ms]
2024-10-03 05:19:31.212 [info] > git show --textconv :c/LinkListw/统考_2015.cpp [79ms]
2024-10-03 05:19:31.218 [info] > git ls-files --stage -- /root/thsunest01/c/LinkListw/统考_2015.cpp [47ms]
2024-10-03 05:19:31.267 [info] > git cat-file -s ac222bafa341e87c31be6f726566b0d25d3f6be6 [20ms]
2024-10-03 05:19:31.571 [info] > git show --textconv :c/LinkListw/LinkList.cpp [38ms]
2024-10-03 05:19:31.581 [info] > git ls-files --stage -- /root/thsunest01/c/LinkListw/LinkList.cpp [13ms]
2024-10-03 05:19:31.632 [info] > git cat-file -s ff0cc2971f60cd660099eac1aff500c46d313567 [21ms]
2024-10-03 05:19:32.991 [info] > git show --textconv :c/双链表.c++ [29ms]
2024-10-03 05:19:33.003 [info] > git ls-files --stage -- /root/thsunest01/c/双链表.c++ [13ms]
2024-10-03 05:19:33.397 [info] > git show --textconv :c/LinkListw/LinkList.h [45ms]
2024-10-03 05:19:33.410 [info] > git ls-files --stage -- /root/thsunest01/c/LinkListw/LinkList.h [20ms]
2024-10-03 05:19:33.469 [info] > git cat-file -s f9507ae521359411eb49f16fbdcf7ea2ffda9dc8 [25ms]
2024-10-03 05:19:33.926 [info] > git show --textconv :c/LinkListw/Reverse.cpp [37ms]
2024-10-03 05:19:33.940 [info] > git ls-files --stage -- /root/thsunest01/c/LinkListw/Reverse.cpp [17ms]
2024-10-03 05:19:34.000 [info] > git cat-file -s 6f88fdb98936ffb89efcb8ca3350ea960f98dba1 [29ms]
2024-10-03 05:19:34.468 [info] > git show --textconv :c/LinkListw/LinkList.h [37ms]
2024-10-03 05:19:34.489 [info] > git ls-files --stage -- /root/thsunest01/c/LinkListw/LinkList.h [22ms]
2024-10-03 05:19:34.530 [info] > git cat-file -s f9507ae521359411eb49f16fbdcf7ea2ffda9dc8 [12ms]
2024-10-03 05:19:35.184 [info] > git show --textconv :c/LinkListw/intersection.cpp [33ms]
2024-10-03 05:19:35.203 [info] > git ls-files --stage -- /root/thsunest01/c/LinkListw/intersection.cpp [20ms]
2024-10-03 05:19:35.240 [info] > git cat-file -s a28ac01367921e22904c3e3e0c5301a4b0b56b8f [11ms]
2024-10-03 05:19:35.585 [info] > git show --textconv :c/LinkListw/统考_2015.cpp [30ms]
2024-10-03 05:19:35.597 [info] > git ls-files --stage -- /root/thsunest01/c/LinkListw/统考_2015.cpp [13ms]
2024-10-03 05:19:35.636 [info] > git cat-file -s ac222bafa341e87c31be6f726566b0d25d3f6be6 [10ms]
2024-10-03 05:19:38.158 [info] > git check-ignore -v -z --stdin [15ms]
