2024-09-22 07:01:22.961 [info] Extension host with pid 21574 started
2024-09-22 07:01:22.971 [error] Error: EEXIST: file already exists, open '/root/.local/share/code-server/User/workspaceStorage/-31e48dea/vscode.lock'
2024-09-22 07:01:22.994 [info] Lock '/root/.local/share/code-server/User/workspaceStorage/-31e48dea/vscode.lock': Could not acquire lock, checking if the file is stale.
2024-09-22 07:01:23.002 [info] Lock '/root/.local/share/code-server/User/workspaceStorage/-31e48dea/vscode.lock': The pid 32107 appears to be gone.
2024-09-22 07:01:23.003 [info] Lock '/root/.local/share/code-server/User/workspaceStorage/-31e48dea/vscode.lock': Deleting a stale lock.
2024-09-22 07:01:23.018 [info] Lock '/root/.local/share/code-server/User/workspaceStorage/-31e48dea/vscode.lock': Lock acquired.
2024-09-22 07:01:23.451 [info] ExtensionService#_doActivateExtension ms-vscode.cpptools, startup: false, activationEvent: 'onLanguage:cpp'
2024-09-22 07:01:23.453 [info] ExtensionService#_doActivateExtension vscode.git-base, startup: true, activationEvent: '*', root cause: vscode.git
2024-09-22 07:01:25.609 [error] Activating extension ms-vscode.cpptools failed due to an error:
2024-09-22 07:01:25.609 [error] TypeError: this._appender.logEvent is not a function
	at E.logEvent (/opt/code-server-4.9.1-linux-arm64/lib/vscode/out/vs/workbench/api/node/extensionHostProcess.js:88:38992)
	at E.logUsage (/opt/code-server-4.9.1-linux-arm64/lib/vscode/out/vs/workbench/api/node/extensionHostProcess.js:88:39093)
	at TelemetryReporter.internalSendTelemetryEvent (/root/.local/share/code-server/extensions/ms-vscode.cpptools-1.22.4/dist/src/main.js:28581:34)
	at TelemetryReporter.sendTelemetryEvent (/root/.local/share/code-server/extensions/ms-vscode.cpptools-1.22.4/dist/src/main.js:28592:14)
	at ExperimentationTelemetry.sendTelemetryEvent (/root/.local/share/code-server/extensions/ms-vscode.cpptools-1.22.4/dist/src/main.js:91126:27)
	at ExperimentationTelemetry.postEvent (/root/.local/share/code-server/extensions/ms-vscode.cpptools-1.22.4/dist/src/main.js:91145:14)
	at ExperimentationService.PostEventToTelemetry (/root/.local/share/code-server/extensions/ms-vscode.cpptools-1.22.4/dist/src/main.js:68910:24)
	at ExperimentationService.getTreatmentVariable (/root/.local/share/code-server/extensions/ms-vscode.cpptools-1.22.4/dist/src/main.js:68877:14)
	at Object.isExperimentEnabled (/root/.local/share/code-server/extensions/ms-vscode.cpptools-1.22.4/dist/src/main.js:91177:47)
	at async Object.activate (/root/.local/share/code-server/extensions/ms-vscode.cpptools-1.22.4/dist/src/main.js:81062:38)
	at async activate (/root/.local/share/code-server/extensions/ms-vscode.cpptools-1.22.4/dist/src/main.js:114261:9)
	at async w._activate (/opt/code-server-4.9.1-linux-arm64/lib/vscode/out/vs/workbench/api/node/extensionHostProcess.js:90:8304)
	at async w._waitForDepsThenActivate (/opt/code-server-4.9.1-linux-arm64/lib/vscode/out/vs/workbench/api/node/extensionHostProcess.js:90:8246)
	at async w._initialize (/opt/code-server-4.9.1-linux-arm64/lib/vscode/out/vs/workbench/api/node/extensionHostProcess.js:90:7610)
2024-09-22 07:01:26.237 [info] ExtensionService#_doActivateExtension vscode.git, startup: true, activationEvent: '*'
2024-09-22 07:01:26.238 [info] ExtensionService#_doActivateExtension vscode.github, startup: true, activationEvent: '*'
2024-09-22 07:01:27.775 [info] ExtensionService#_doActivateExtension vscode.debug-auto-launch, startup: false, activationEvent: 'onStartupFinished'
2024-09-22 07:01:27.775 [info] ExtensionService#_doActivateExtension vscode.emmet, startup: false, activationEvent: 'onStartupFinished'
2024-09-22 07:01:27.776 [info] ExtensionService#_doActivateExtension vscode.merge-conflict, startup: false, activationEvent: 'onStartupFinished'
2024-09-22 07:01:27.777 [info] ExtensionService#_doActivateExtension formulahendry.code-runner, startup: false, activationEvent: 'onStartupFinished'
2024-09-22 07:01:27.777 [info] ExtensionService#_doActivateExtension vadimcn.vscode-lldb, startup: false, activationEvent: 'onStartupFinished'
2024-09-22 07:01:27.777 [info] Eager extensions activated
2024-09-22 07:01:29.523 [warning] [Decorations] CAPPING events from decorations provider vscode.git 1666
2024-09-22 07:01:30.982 [warning] [Decorations] CAPPING events from decorations provider vscode.git 1666
2024-09-22 07:01:31.578 [warning] [Decorations] CAPPING events from decorations provider vscode.git 5519
2024-09-22 07:01:33.884 [warning] [Decorations] CAPPING events from decorations provider vscode.git 1670
2024-09-22 07:01:34.915 [warning] [Decorations] CAPPING events from decorations provider vscode.git 5519
2024-09-22 07:01:39.231 [warning] [Decorations] CAPPING events from decorations provider vscode.git 1670
2024-09-22 07:01:44.559 [warning] [Decorations] CAPPING events from decorations provider vscode.git 1670
2024-09-22 07:01:49.916 [warning] [Decorations] CAPPING events from decorations provider vscode.git 1670
2024-09-22 07:01:55.208 [warning] [Decorations] CAPPING events from decorations provider vscode.git 1670
2024-09-22 07:01:58.980 [info] ExtensionService#_doActivateExtension vscode.configuration-editing, startup: false, activationEvent: 'onLanguage:jsonc'
2024-09-22 07:01:58.980 [info] ExtensionService#_doActivateExtension vscode.json-language-features, startup: false, activationEvent: 'onLanguage:jsonc'
2024-09-22 07:01:58.981 [info] ExtensionService#_doActivateExtension vscode.typescript-language-features, startup: false, activationEvent: 'onLanguage:jsonc'
2024-09-22 07:02:00.561 [warning] [Decorations] CAPPING events from decorations provider vscode.git 1671
2024-09-22 07:02:08.487 [warning] [Decorations] CAPPING events from decorations provider vscode.git 1672
2024-09-22 07:02:14.536 [warning] [Decorations] CAPPING events from decorations provider vscode.git 1672
2024-09-22 07:02:19.859 [warning] [Decorations] CAPPING events from decorations provider vscode.git 1672
2024-09-22 07:02:25.244 [warning] [Decorations] CAPPING events from decorations provider vscode.git 1672
2024-09-22 07:02:30.603 [warning] [Decorations] CAPPING events from decorations provider vscode.git 1672
2024-09-22 07:02:35.975 [warning] [Decorations] CAPPING events from decorations provider vscode.git 1672
2024-09-22 07:02:41.388 [warning] [Decorations] CAPPING events from decorations provider vscode.git 1672
2024-09-22 07:02:46.841 [warning] [Decorations] CAPPING events from decorations provider vscode.git 1673
2024-09-22 07:02:52.348 [warning] [Decorations] CAPPING events from decorations provider vscode.git 1673
2024-09-22 07:02:57.656 [warning] [Decorations] CAPPING events from decorations provider vscode.git 1673
2024-09-22 07:03:02.986 [warning] [Decorations] CAPPING events from decorations provider vscode.git 1673
2024-09-22 07:03:05.458 [info] ExtensionService#_doActivateExtension vscode.debug-server-ready, startup: false, activationEvent: 'onDebugResolve'
2024-09-22 07:03:07.766 [info] ExtensionService#_doActivateExtension vscode.grunt, startup: false, activationEvent: 'onTaskType:grunt'
2024-09-22 07:03:07.766 [info] ExtensionService#_doActivateExtension vscode.gulp, startup: false, activationEvent: 'onTaskType:gulp'
2024-09-22 07:03:07.767 [info] ExtensionService#_doActivateExtension vscode.jake, startup: false, activationEvent: 'onTaskType:jake'
2024-09-22 07:03:07.768 [info] ExtensionService#_doActivateExtension vscode.npm, startup: false, activationEvent: 'onTaskType:npm'
2024-09-22 07:03:08.407 [warning] [Decorations] CAPPING events from decorations provider vscode.git 1674
2024-09-22 07:03:09.587 [error] Activating extension vscode.npm failed due to an error:
2024-09-22 07:03:09.587 [error] Error: spawn /opt/code-server-4.9.1-linux-arm64/lib/vscode/node_modules.asar.unpacked/@vscode/ripgrep/bin/rg ENOENT
    at P (http://127.0.0.1:20000/stable-6261075646f055b99068d3688932416f2346dd3b/static/out/vs/workbench/workbench.web.main.js:2167:6689)
    at http://127.0.0.1:20000/stable-6261075646f055b99068d3688932416f2346dd3b/static/out/vs/workbench/workbench.web.main.js:2177:4428
    at async http://127.0.0.1:20000/stable-6261075646f055b99068d3688932416f2346dd3b/static/out/vs/workbench/workbench.web.main.js:2177:2528
2024-09-22 07:03:10.914 [error] Error: spawn /opt/code-server-4.9.1-linux-arm64/lib/vscode/node_modules.asar.unpacked/@vscode/ripgrep/bin/rg ENOENT
    at P (http://127.0.0.1:20000/stable-6261075646f055b99068d3688932416f2346dd3b/static/out/vs/workbench/workbench.web.main.js:2167:6689)
    at http://127.0.0.1:20000/stable-6261075646f055b99068d3688932416f2346dd3b/static/out/vs/workbench/workbench.web.main.js:2177:4428
    at async http://127.0.0.1:20000/stable-6261075646f055b99068d3688932416f2346dd3b/static/out/vs/workbench/workbench.web.main.js:2177:2528
2024-09-22 07:03:10.916 [error] Error: spawn /opt/code-server-4.9.1-linux-arm64/lib/vscode/node_modules.asar.unpacked/@vscode/ripgrep/bin/rg ENOENT
    at P (http://127.0.0.1:20000/stable-6261075646f055b99068d3688932416f2346dd3b/static/out/vs/workbench/workbench.web.main.js:2167:6689)
    at http://127.0.0.1:20000/stable-6261075646f055b99068d3688932416f2346dd3b/static/out/vs/workbench/workbench.web.main.js:2177:4428
    at async http://127.0.0.1:20000/stable-6261075646f055b99068d3688932416f2346dd3b/static/out/vs/workbench/workbench.web.main.js:2177:2528
2024-09-22 07:03:13.747 [warning] [Decorations] CAPPING events from decorations provider vscode.git 1674
2024-09-22 07:03:19.047 [warning] [Decorations] CAPPING events from decorations provider vscode.git 1674
2024-09-22 07:03:24.330 [warning] [Decorations] CAPPING events from decorations provider vscode.git 1674
2024-09-22 07:03:29.642 [warning] [Decorations] CAPPING events from decorations provider vscode.git 1674
2024-09-22 07:03:30.497 [warning] [Decorations] CAPPING events from decorations provider vscode.git 5519
2024-09-22 07:03:34.972 [warning] [Decorations] CAPPING events from decorations provider vscode.git 1674
2024-09-22 07:03:40.427 [warning] [Decorations] CAPPING events from decorations provider vscode.git 1674
2024-09-22 07:03:41.867 [error] Error: read ECONNRESET
	at TLSWrap.onStreamRead (node:internal/stream_base_commons:220:20)
2024-09-22 07:03:45.818 [warning] [Decorations] CAPPING events from decorations provider vscode.git 1674
2024-09-22 07:03:51.131 [warning] [Decorations] CAPPING events from decorations provider vscode.git 1674
2024-09-22 07:03:56.553 [warning] [Decorations] CAPPING events from decorations provider vscode.git 1674
2024-09-22 07:04:01.720 [error] Error: read ECONNRESET
	at TLSWrap.onStreamRead (node:internal/stream_base_commons:220:20)
2024-09-22 07:04:01.903 [warning] [Decorations] CAPPING events from decorations provider vscode.git 1674
2024-09-22 07:04:07.284 [warning] [Decorations] CAPPING events from decorations provider vscode.git 1674
2024-09-22 07:04:12.688 [warning] [Decorations] CAPPING events from decorations provider vscode.git 1674
2024-09-22 07:04:18.063 [warning] [Decorations] CAPPING events from decorations provider vscode.git 1674
2024-09-22 07:04:23.464 [warning] [Decorations] CAPPING events from decorations provider vscode.git 1674
2024-09-22 07:04:28.810 [warning] [Decorations] CAPPING events from decorations provider vscode.git 1674
2024-09-22 07:04:34.182 [warning] [Decorations] CAPPING events from decorations provider vscode.git 1674
2024-09-22 07:04:39.602 [warning] [Decorations] CAPPING events from decorations provider vscode.git 1674
2024-09-22 07:04:45.065 [warning] [Decorations] CAPPING events from decorations provider vscode.git 1674
2024-09-22 07:04:50.585 [warning] [Decorations] CAPPING events from decorations provider vscode.git 1674
2024-09-22 07:04:56.100 [warning] [Decorations] CAPPING events from decorations provider vscode.git 1675
2024-09-22 07:05:01.479 [warning] [Decorations] CAPPING events from decorations provider vscode.git 1675
2024-09-22 07:05:05.775 [warning] [Decorations] CAPPING events from decorations provider vscode.git 5519
2024-09-22 07:05:07.214 [warning] [Decorations] CAPPING events from decorations provider vscode.git 1675
2024-09-22 07:05:12.602 [warning] [Decorations] CAPPING events from decorations provider vscode.git 1675
2024-09-22 07:05:18.166 [warning] [Decorations] CAPPING events from decorations provider vscode.git 1675
2024-09-22 07:05:23.477 [warning] [Decorations] CAPPING events from decorations provider vscode.git 1677
2024-09-22 07:05:28.796 [warning] [Decorations] CAPPING events from decorations provider vscode.git 1677
2024-09-22 07:05:34.280 [warning] [Decorations] CAPPING events from decorations provider vscode.git 1677
2024-09-22 07:05:39.611 [warning] [Decorations] CAPPING events from decorations provider vscode.git 1677
2024-09-22 07:05:44.978 [warning] [Decorations] CAPPING events from decorations provider vscode.git 1677
2024-09-22 07:05:50.347 [warning] [Decorations] CAPPING events from decorations provider vscode.git 1677
2024-09-22 07:05:55.697 [warning] [Decorations] CAPPING events from decorations provider vscode.git 1677
2024-09-22 07:06:01.045 [warning] [Decorations] CAPPING events from decorations provider vscode.git 1677
2024-09-22 07:06:08.023 [warning] [Decorations] CAPPING events from decorations provider vscode.git 1677
2024-09-22 07:06:13.503 [warning] [Decorations] CAPPING events from decorations provider vscode.git 1677
2024-09-22 07:06:18.826 [warning] [Decorations] CAPPING events from decorations provider vscode.git 1677
2024-09-22 07:06:24.222 [warning] [Decorations] CAPPING events from decorations provider vscode.git 1677
2024-09-22 07:06:29.604 [warning] [Decorations] CAPPING events from decorations provider vscode.git 1677
2024-09-22 07:06:34.955 [warning] [Decorations] CAPPING events from decorations provider vscode.git 1677
2024-09-22 07:06:40.286 [warning] [Decorations] CAPPING events from decorations provider vscode.git 1677
2024-09-22 07:06:45.755 [warning] [Decorations] CAPPING events from decorations provider vscode.git 1677
2024-09-22 07:06:51.162 [warning] [Decorations] CAPPING events from decorations provider vscode.git 1677
2024-09-22 07:06:56.626 [warning] [Decorations] CAPPING events from decorations provider vscode.git 1677
2024-09-22 07:07:01.966 [warning] [Decorations] CAPPING events from decorations provider vscode.git 1677
2024-09-22 07:07:07.385 [warning] [Decorations] CAPPING events from decorations provider vscode.git 1677
2024-09-22 07:07:12.857 [warning] [Decorations] CAPPING events from decorations provider vscode.git 1677
2024-09-22 07:07:18.314 [warning] [Decorations] CAPPING events from decorations provider vscode.git 1677
2024-09-22 07:07:23.737 [warning] [Decorations] CAPPING events from decorations provider vscode.git 1677
2024-09-22 07:07:29.147 [warning] [Decorations] CAPPING events from decorations provider vscode.git 1677
2024-09-22 07:07:34.519 [warning] [Decorations] CAPPING events from decorations provider vscode.git 1677
2024-09-22 07:07:39.928 [warning] [Decorations] CAPPING events from decorations provider vscode.git 1677
2024-09-22 07:07:45.293 [warning] [Decorations] CAPPING events from decorations provider vscode.git 1677
2024-09-22 07:07:50.672 [warning] [Decorations] CAPPING events from decorations provider vscode.git 1677
2024-09-22 07:07:56.087 [warning] [Decorations] CAPPING events from decorations provider vscode.git 1677
2024-09-22 07:08:01.508 [warning] [Decorations] CAPPING events from decorations provider vscode.git 1677
2024-09-22 07:08:06.903 [warning] [Decorations] CAPPING events from decorations provider vscode.git 1677
2024-09-22 07:08:12.350 [warning] [Decorations] CAPPING events from decorations provider vscode.git 1677
2024-09-22 07:08:17.752 [warning] [Decorations] CAPPING events from decorations provider vscode.git 1677
2024-09-22 07:08:23.175 [warning] [Decorations] CAPPING events from decorations provider vscode.git 1677
2024-09-22 07:08:28.519 [warning] [Decorations] CAPPING events from decorations provider vscode.git 1677
2024-09-22 07:08:33.901 [warning] [Decorations] CAPPING events from decorations provider vscode.git 1677
2024-09-22 07:08:39.239 [warning] [Decorations] CAPPING events from decorations provider vscode.git 1677
2024-09-22 07:08:44.594 [warning] [Decorations] CAPPING events from decorations provider vscode.git 1677
2024-09-22 07:08:49.944 [warning] [Decorations] CAPPING events from decorations provider vscode.git 1677
2024-09-22 07:08:55.290 [warning] [Decorations] CAPPING events from decorations provider vscode.git 1677
2024-09-22 07:09:00.632 [warning] [Decorations] CAPPING events from decorations provider vscode.git 1677
2024-09-22 07:09:06.423 [warning] [Decorations] CAPPING events from decorations provider vscode.git 1679
2024-09-22 07:09:08.740 [warning] [Decorations] CAPPING events from decorations provider vscode.git 5520
2024-09-22 07:09:11.788 [warning] [Decorations] CAPPING events from decorations provider vscode.git 1679
2024-09-22 07:09:15.879 [warning] [Decorations] CAPPING events from decorations provider vscode.git 5520
2024-09-22 07:09:17.296 [warning] [Decorations] CAPPING events from decorations provider vscode.git 1679
2024-09-22 07:09:22.692 [warning] [Decorations] CAPPING events from decorations provider vscode.git 1679
2024-09-22 07:09:28.096 [warning] [Decorations] CAPPING events from decorations provider vscode.git 1679
2024-09-22 07:09:33.490 [warning] [Decorations] CAPPING events from decorations provider vscode.git 1679
2024-09-22 07:09:38.146 [warning] [Decorations] CAPPING events from decorations provider vscode.git 5520
2024-09-22 07:09:39.905 [warning] [Decorations] CAPPING events from decorations provider vscode.git 1680
2024-09-22 07:09:45.948 [warning] [Decorations] CAPPING events from decorations provider vscode.git 1679
2024-09-22 07:09:47.229 [warning] [Decorations] CAPPING events from decorations provider vscode.git 5520
2024-09-22 07:09:51.349 [warning] [Decorations] CAPPING events from decorations provider vscode.git 1679
2024-09-22 07:09:52.076 [info] Extension host terminating: received terminate message from renderer
2024-09-22 07:09:52.078 [info] Lock '/root/.local/share/code-server/User/workspaceStorage/-31e48dea/vscode.lock': Marking the lockfile as scheduled to be released in 6000 ms.
2024-09-22 07:09:52.150 [info] Extension host with pid 21574 exiting with code 0
