2024-09-21 14:08:16.510 [info] 正在验证在以下位置中找到的 git: git
2024-09-21 14:08:16.511 [info] 将使用位于 git 的 Git 2.34.1
2024-09-21 14:08:16.511 [info] > git rev-parse --show-toplevel [180ms]
2024-09-21 14:08:16.511 [info] > git rev-parse --git-dir --git-common-dir [13ms]
2024-09-21 14:08:16.511 [info] Log level: Info
2024-09-21 14:08:16.511 [info] Open repository: /root
2024-09-21 14:08:16.511 [info] > git remote --verbose [52ms]
2024-09-21 14:08:16.511 [info] > git for-each-ref --sort -committerdate --format %(refname) %(objectname) %(*objectname) [65ms]
2024-09-21 14:08:16.511 [info] > git rev-parse --show-toplevel [30ms]
2024-09-21 14:08:16.511 [info] > git config --get commit.template [32ms]
2024-09-21 14:08:16.511 [info] > git rev-parse --show-toplevel [40ms]
2024-09-21 14:08:16.511 [info] > git for-each-ref --format=%(refname)%00%(upstream:short)%00%(objectname)%00%(upstream:track)%00%(upstream:remotename)%00%(upstream:remoteref) refs/heads/master refs/remotes/master [53ms]
2024-09-21 14:08:16.511 [info] > git rev-parse --show-toplevel [22ms]
2024-09-21 14:08:16.527 [info] > git rev-parse --show-toplevel [18ms]
2024-09-21 14:08:16.561 [info] > git rev-parse --show-toplevel [19ms]
2024-09-21 14:08:16.597 [info] > git rev-parse --show-toplevel [15ms]
2024-09-21 14:08:17.027 [info] > git check-ignore -v -z --stdin [14ms]
2024-09-21 14:08:17.096 [info] > git status -z -uall [738ms]
2024-09-21 14:08:18.031 [info] > git status -z -uall [753ms]
2024-09-21 14:08:18.032 [info] > git remote --verbose [765ms]
2024-09-21 14:08:18.032 [info] > git for-each-ref --sort -committerdate --format %(refname) %(objectname) %(*objectname) [778ms]
2024-09-21 14:08:18.037 [info] > git config --get commit.template [15ms]
2024-09-21 14:08:18.083 [info] > git for-each-ref --format=%(refname)%00%(upstream:short)%00%(objectname)%00%(upstream:track)%00%(upstream:remotename)%00%(upstream:remoteref) refs/heads/master refs/remotes/master [17ms]
2024-09-21 14:08:21.283 [info] > git remote --verbose [48ms]
2024-09-21 14:08:21.284 [info] > git for-each-ref --sort -committerdate --format %(refname) %(objectname) %(*objectname) [67ms]
2024-09-21 14:08:21.312 [info] > git config --get commit.template [31ms]
2024-09-21 14:08:21.322 [info] > git for-each-ref --format=%(refname)%00%(upstream:short)%00%(objectname)%00%(upstream:track)%00%(upstream:remotename)%00%(upstream:remoteref) refs/heads/master refs/remotes/master [12ms]
2024-09-21 14:08:21.698 [info] > git status -z -uall [441ms]
2024-09-21 14:08:26.979 [info] > git remote --verbose [95ms]
2024-09-21 14:08:26.982 [info] > git for-each-ref --sort -committerdate --format %(refname) %(objectname) %(*objectname) [137ms]
2024-09-21 14:08:26.991 [info] > git config --get commit.template [25ms]
2024-09-21 14:08:27.045 [info] > git for-each-ref --format=%(refname)%00%(upstream:short)%00%(objectname)%00%(upstream:track)%00%(upstream:remotename)%00%(upstream:remoteref) refs/heads/master refs/remotes/master [25ms]
2024-09-21 14:08:28.272 [info] > git status -z -uall [1360ms]
2024-09-21 14:08:33.611 [info] > git remote --verbose [94ms]
2024-09-21 14:08:33.613 [info] > git for-each-ref --sort -committerdate --format %(refname) %(objectname) %(*objectname) [133ms]
2024-09-21 14:08:33.623 [info] > git config --get commit.template [23ms]
2024-09-21 14:08:33.686 [info] > git for-each-ref --format=%(refname)%00%(upstream:short)%00%(objectname)%00%(upstream:track)%00%(upstream:remotename)%00%(upstream:remoteref) refs/heads/master refs/remotes/master [24ms]
2024-09-21 14:08:34.379 [info] > git status -z -uall [830ms]
2024-09-21 14:08:39.651 [info] > git remote --verbose [80ms]
2024-09-21 14:08:39.653 [info] > git for-each-ref --sort -committerdate --format %(refname) %(objectname) %(*objectname) [125ms]
2024-09-21 14:08:39.697 [info] > git config --get commit.template [50ms]
2024-09-21 14:08:39.711 [info] > git for-each-ref --format=%(refname)%00%(upstream:short)%00%(objectname)%00%(upstream:track)%00%(upstream:remotename)%00%(upstream:remoteref) refs/heads/master refs/remotes/master [19ms]
2024-09-21 14:08:40.421 [info] > git status -z -uall [816ms]
2024-09-21 14:08:45.732 [info] > git remote --verbose [115ms]
2024-09-21 14:08:45.734 [info] > git for-each-ref --sort -committerdate --format %(refname) %(objectname) %(*objectname) [165ms]
2024-09-21 14:08:45.743 [info] > git config --get commit.template [22ms]
2024-09-21 14:08:45.804 [info] > git for-each-ref --format=%(refname)%00%(upstream:short)%00%(objectname)%00%(upstream:track)%00%(upstream:remotename)%00%(upstream:remoteref) refs/heads/master refs/remotes/master [16ms]
2024-09-21 14:08:46.383 [info] > git status -z -uall [717ms]
2024-09-21 14:08:51.736 [info] > git remote --verbose [94ms]
2024-09-21 14:08:51.739 [info] > git for-each-ref --sort -committerdate --format %(refname) %(objectname) %(*objectname) [146ms]
2024-09-21 14:08:51.752 [info] > git config --get commit.template [23ms]
2024-09-21 14:08:51.819 [info] > git for-each-ref --format=%(refname)%00%(upstream:short)%00%(objectname)%00%(upstream:track)%00%(upstream:remotename)%00%(upstream:remoteref) refs/heads/master refs/remotes/master [22ms]
2024-09-21 14:08:53.084 [info] > git status -z -uall [1401ms]
2024-09-21 14:08:58.409 [info] > git remote --verbose [81ms]
2024-09-21 14:08:58.411 [info] > git for-each-ref --sort -committerdate --format %(refname) %(objectname) %(*objectname) [122ms]
2024-09-21 14:08:58.454 [info] > git config --get commit.template [48ms]
2024-09-21 14:08:58.479 [info] > git for-each-ref --format=%(refname)%00%(upstream:short)%00%(objectname)%00%(upstream:track)%00%(upstream:remotename)%00%(upstream:remoteref) refs/heads/master refs/remotes/master [28ms]
2024-09-21 14:08:59.855 [info] > git status -z -uall [1492ms]
2024-09-21 14:09:05.238 [info] > git remote --verbose [106ms]
2024-09-21 14:09:05.239 [info] > git for-each-ref --sort -committerdate --format %(refname) %(objectname) %(*objectname) [161ms]
2024-09-21 14:09:05.296 [info] > git config --get commit.template [65ms]
2024-09-21 14:09:05.310 [info] > git for-each-ref --format=%(refname)%00%(upstream:short)%00%(objectname)%00%(upstream:track)%00%(upstream:remotename)%00%(upstream:remoteref) refs/heads/master refs/remotes/master [19ms]
2024-09-21 14:09:06.672 [info] > git status -z -uall [1491ms]
2024-09-21 14:09:12.047 [info] > git remote --verbose [94ms]
2024-09-21 14:09:12.049 [info] > git for-each-ref --sort -committerdate --format %(refname) %(objectname) %(*objectname) [138ms]
2024-09-21 14:09:12.107 [info] > git config --get commit.template [66ms]
2024-09-21 14:09:12.116 [info] > git for-each-ref --format=%(refname)%00%(upstream:short)%00%(objectname)%00%(upstream:track)%00%(upstream:remotename)%00%(upstream:remoteref) refs/heads/master refs/remotes/master [17ms]
2024-09-21 14:09:13.406 [info] > git status -z -uall [1417ms]
2024-09-21 14:09:18.840 [info] > git remote --verbose [128ms]
2024-09-21 14:09:18.843 [info] > git for-each-ref --sort -committerdate --format %(refname) %(objectname) %(*objectname) [197ms]
2024-09-21 14:09:18.854 [info] > git config --get commit.template [19ms]
2024-09-21 14:09:18.936 [info] > git for-each-ref --format=%(refname)%00%(upstream:short)%00%(objectname)%00%(upstream:track)%00%(upstream:remotename)%00%(upstream:remoteref) refs/heads/master refs/remotes/master [24ms]
2024-09-21 14:09:20.020 [info] > git status -z -uall [1254ms]
2024-09-21 14:09:25.427 [info] > git remote --verbose [125ms]
2024-09-21 14:09:25.428 [info] > git for-each-ref --sort -committerdate --format %(refname) %(objectname) %(*objectname) [186ms]
2024-09-21 14:09:25.480 [info] > git config --get commit.template [63ms]
2024-09-21 14:09:25.496 [info] > git for-each-ref --format=%(refname)%00%(upstream:short)%00%(objectname)%00%(upstream:track)%00%(upstream:remotename)%00%(upstream:remoteref) refs/heads/master refs/remotes/master [20ms]
2024-09-21 14:09:26.812 [info] > git status -z -uall [1451ms]
2024-09-21 14:09:32.235 [info] > git remote --verbose [131ms]
2024-09-21 14:09:32.238 [info] > git for-each-ref --sort -committerdate --format %(refname) %(objectname) %(*objectname) [196ms]
2024-09-21 14:09:32.246 [info] > git config --get commit.template [19ms]
2024-09-21 14:09:32.314 [info] > git for-each-ref --format=%(refname)%00%(upstream:short)%00%(objectname)%00%(upstream:track)%00%(upstream:remotename)%00%(upstream:remoteref) refs/heads/master refs/remotes/master [20ms]
2024-09-21 14:09:33.650 [info] > git status -z -uall [1494ms]
2024-09-21 14:09:39.055 [info] > git remote --verbose [117ms]
2024-09-21 14:09:39.056 [info] > git for-each-ref --sort -committerdate --format %(refname) %(objectname) %(*objectname) [177ms]
2024-09-21 14:09:39.102 [info] > git config --get commit.template [53ms]
2024-09-21 14:09:39.117 [info] > git for-each-ref --format=%(refname)%00%(upstream:short)%00%(objectname)%00%(upstream:track)%00%(upstream:remotename)%00%(upstream:remoteref) refs/heads/master refs/remotes/master [17ms]
2024-09-21 14:09:39.582 [info] > git status -z -uall [588ms]
2024-09-21 14:09:44.938 [info] > git remote --verbose [114ms]
2024-09-21 14:09:44.939 [info] > git for-each-ref --sort -committerdate --format %(refname) %(objectname) %(*objectname) [164ms]
2024-09-21 14:09:44.949 [info] > git config --get commit.template [23ms]
2024-09-21 14:09:45.006 [info] > git for-each-ref --format=%(refname)%00%(upstream:short)%00%(objectname)%00%(upstream:track)%00%(upstream:remotename)%00%(upstream:remoteref) refs/heads/master refs/remotes/master [9ms]
2024-09-21 14:09:45.730 [info] > git status -z -uall [861ms]
2024-09-21 14:09:51.012 [info] > git remote --verbose [80ms]
2024-09-21 14:09:51.012 [info] > git for-each-ref --sort -committerdate --format %(refname) %(objectname) %(*objectname) [112ms]
2024-09-21 14:09:51.014 [info] > git config --get commit.template [13ms]
2024-09-21 14:09:51.069 [info] > git for-each-ref --format=%(refname)%00%(upstream:short)%00%(objectname)%00%(upstream:track)%00%(upstream:remotename)%00%(upstream:remoteref) refs/heads/master refs/remotes/master [16ms]
2024-09-21 14:09:51.748 [info] > git status -z -uall [787ms]
2024-09-21 14:09:56.958 [info] > git remote --verbose [33ms]
2024-09-21 14:09:56.958 [info] > git for-each-ref --sort -committerdate --format %(refname) %(objectname) %(*objectname) [65ms]
2024-09-21 14:09:57.025 [info] > git config --get commit.template [36ms]
2024-09-21 14:09:57.039 [info] > git for-each-ref --format=%(refname)%00%(upstream:short)%00%(objectname)%00%(upstream:track)%00%(upstream:remotename)%00%(upstream:remoteref) refs/heads/master refs/remotes/master [18ms]
2024-09-21 14:09:57.913 [info] > git status -z -uall [959ms]
2024-09-21 14:10:03.262 [info] > git remote --verbose [80ms]
2024-09-21 14:10:03.263 [info] > git for-each-ref --sort -committerdate --format %(refname) %(objectname) %(*objectname) [145ms]
2024-09-21 14:10:03.266 [info] > git config --get commit.template [8ms]
2024-09-21 14:10:03.317 [info] > git for-each-ref --format=%(refname)%00%(upstream:short)%00%(objectname)%00%(upstream:track)%00%(upstream:remotename)%00%(upstream:remoteref) refs/heads/master refs/remotes/master [3ms]
2024-09-21 14:10:04.116 [info] > git status -z -uall [900ms]
2024-09-21 14:10:09.457 [info] > git remote --verbose [85ms]
2024-09-21 14:10:09.458 [info] > git for-each-ref --sort -committerdate --format %(refname) %(objectname) %(*objectname) [141ms]
2024-09-21 14:10:09.463 [info] > git config --get commit.template [17ms]
2024-09-21 14:10:09.512 [info] > git for-each-ref --format=%(refname)%00%(upstream:short)%00%(objectname)%00%(upstream:track)%00%(upstream:remotename)%00%(upstream:remoteref) refs/heads/master refs/remotes/master [17ms]
2024-09-21 14:10:10.029 [info] > git status -z -uall [624ms]
