2024-09-21 12:09:38.399 [info] Extension host with pid 21552 started
2024-09-21 12:09:38.420 [error] Error: EEXIST: file already exists, open '/root/.local/share/code-server/User/workspaceStorage/-262dff09/vscode.lock'
2024-09-21 12:09:38.479 [info] Lock '/root/.local/share/code-server/User/workspaceStorage/-262dff09/vscode.lock': Could not acquire lock, checking if the file is stale.
2024-09-21 12:09:38.490 [info] Lock '/root/.local/share/code-server/User/workspaceStorage/-262dff09/vscode.lock': The pid 19604 appears to be gone.
2024-09-21 12:09:38.491 [info] Lock '/root/.local/share/code-server/User/workspaceStorage/-262dff09/vscode.lock': Deleting a stale lock.
2024-09-21 12:09:38.513 [info] Lock '/root/.local/share/code-server/User/workspaceStorage/-262dff09/vscode.lock': Lock acquired.
2024-09-21 12:09:38.554 [info] ExtensionService#_doActivateExtension ms-vscode.cpptools, startup: false, activationEvent: 'onLanguage:cpp'
2024-09-21 12:09:38.555 [info] ExtensionService#_doActivateExtension vscode.git-base, startup: true, activationEvent: '*', root cause: vscode.git
2024-09-21 12:09:39.932 [error] Error: spawn /opt/code-server-4.9.1-linux-arm64/lib/vscode/node_modules.asar.unpacked/@vscode/ripgrep/bin/rg ENOENT
    at P (http://127.0.0.1:10000/stable-6261075646f055b99068d3688932416f2346dd3b/static/out/vs/workbench/workbench.web.main.js:2167:6689)
    at http://127.0.0.1:10000/stable-6261075646f055b99068d3688932416f2346dd3b/static/out/vs/workbench/workbench.web.main.js:2177:4428
    at async http://127.0.0.1:10000/stable-6261075646f055b99068d3688932416f2346dd3b/static/out/vs/workbench/workbench.web.main.js:2177:2528
2024-09-21 12:09:39.932 [error] No bundle location found for extension vscode.git-base
2024-09-21 12:09:39.963 [info] ExtensionService#_doActivateExtension vscode.git, startup: true, activationEvent: '*'
2024-09-21 12:09:39.963 [info] ExtensionService#_doActivateExtension vscode.github, startup: true, activationEvent: '*'
2024-09-21 12:09:40.682 [info] ExtensionService#_doActivateExtension vscode.configuration-editing, startup: false, activationEvent: 'onLanguage:json'
2024-09-21 12:09:40.683 [info] ExtensionService#_doActivateExtension vscode.extension-editing, startup: false, activationEvent: 'onLanguage:json'
2024-09-21 12:09:40.684 [info] ExtensionService#_doActivateExtension vscode.json-language-features, startup: false, activationEvent: 'onLanguage:json'
2024-09-21 12:09:40.686 [info] ExtensionService#_doActivateExtension vscode.npm, startup: false, activationEvent: 'onLanguage:json'
2024-09-21 12:09:40.823 [error] Activating extension ms-vscode.cpptools failed due to an error:
2024-09-21 12:09:40.823 [error] TypeError: this._appender.logEvent is not a function
	at E.logEvent (/opt/code-server-4.9.1-linux-arm64/lib/vscode/out/vs/workbench/api/node/extensionHostProcess.js:88:38992)
	at E.logUsage (/opt/code-server-4.9.1-linux-arm64/lib/vscode/out/vs/workbench/api/node/extensionHostProcess.js:88:39093)
	at TelemetryReporter.internalSendTelemetryEvent (/root/.local/share/code-server/extensions/ms-vscode.cpptools-1.22.4/dist/src/main.js:28581:34)
	at TelemetryReporter.sendTelemetryEvent (/root/.local/share/code-server/extensions/ms-vscode.cpptools-1.22.4/dist/src/main.js:28592:14)
	at ExperimentationTelemetry.sendTelemetryEvent (/root/.local/share/code-server/extensions/ms-vscode.cpptools-1.22.4/dist/src/main.js:91126:27)
	at ExperimentationTelemetry.postEvent (/root/.local/share/code-server/extensions/ms-vscode.cpptools-1.22.4/dist/src/main.js:91145:14)
	at ExperimentationService.PostEventToTelemetry (/root/.local/share/code-server/extensions/ms-vscode.cpptools-1.22.4/dist/src/main.js:68910:24)
	at ExperimentationService.getTreatmentVariable (/root/.local/share/code-server/extensions/ms-vscode.cpptools-1.22.4/dist/src/main.js:68877:14)
	at Object.isExperimentEnabled (/root/.local/share/code-server/extensions/ms-vscode.cpptools-1.22.4/dist/src/main.js:91177:47)
	at async Object.activate (/root/.local/share/code-server/extensions/ms-vscode.cpptools-1.22.4/dist/src/main.js:81062:38)
	at async activate (/root/.local/share/code-server/extensions/ms-vscode.cpptools-1.22.4/dist/src/main.js:114261:9)
	at async w._activate (/opt/code-server-4.9.1-linux-arm64/lib/vscode/out/vs/workbench/api/node/extensionHostProcess.js:90:8304)
	at async w._waitForDepsThenActivate (/opt/code-server-4.9.1-linux-arm64/lib/vscode/out/vs/workbench/api/node/extensionHostProcess.js:90:8246)
	at async w._initialize (/opt/code-server-4.9.1-linux-arm64/lib/vscode/out/vs/workbench/api/node/extensionHostProcess.js:90:7610)
2024-09-21 12:09:41.029 [info] ExtensionService#_doActivateExtension vscode.typescript-language-features, startup: false, activationEvent: 'onLanguage:jsonc'
2024-09-21 12:09:42.166 [error] No bundle location found for extension vscode.configuration-editing
2024-09-21 12:09:42.166 [error] No bundle location found for extension vscode.extension-editing
2024-09-21 12:09:42.167 [error] No bundle location found for extension vscode.json-language-features
2024-09-21 12:09:42.167 [error] No bundle location found for extension vscode.npm
2024-09-21 12:09:43.185 [error] Activating extension vscode.npm failed due to an error:
2024-09-21 12:09:43.185 [error] Error: spawn /opt/code-server-4.9.1-linux-arm64/lib/vscode/node_modules.asar.unpacked/@vscode/ripgrep/bin/rg ENOENT
    at P (http://127.0.0.1:10000/stable-6261075646f055b99068d3688932416f2346dd3b/static/out/vs/workbench/workbench.web.main.js:2167:6689)
    at http://127.0.0.1:10000/stable-6261075646f055b99068d3688932416f2346dd3b/static/out/vs/workbench/workbench.web.main.js:2177:4428
    at async http://127.0.0.1:10000/stable-6261075646f055b99068d3688932416f2346dd3b/static/out/vs/workbench/workbench.web.main.js:2177:2528
2024-09-21 12:09:47.571 [info] ExtensionService#_doActivateExtension vscode.debug-auto-launch, startup: false, activationEvent: 'onStartupFinished'
2024-09-21 12:09:47.572 [info] ExtensionService#_doActivateExtension vscode.emmet, startup: false, activationEvent: 'onStartupFinished'
2024-09-21 12:09:47.574 [info] ExtensionService#_doActivateExtension vscode.merge-conflict, startup: false, activationEvent: 'onStartupFinished'
2024-09-21 12:09:47.575 [info] ExtensionService#_doActivateExtension formulahendry.code-runner, startup: false, activationEvent: 'onStartupFinished'
2024-09-21 12:09:47.576 [info] ExtensionService#_doActivateExtension vadimcn.vscode-lldb, startup: false, activationEvent: 'onStartupFinished'
2024-09-21 12:09:47.576 [info] Eager extensions activated
2024-09-21 12:09:48.986 [error] No bundle location found for extension vscode.debug-auto-launch
2024-09-21 12:09:48.986 [error] No bundle location found for extension vscode.emmet
2024-09-21 12:09:48.986 [error] No bundle location found for extension vscode.merge-conflict
2024-09-21 12:11:07.267 [info] ExtensionService#_doActivateExtension jbenden.c-cpp-flylint, startup: false, activationEvent: 'onLanguage:cpp'
