2024-10-03 03:50:15.600 [info] Extension host with pid 30502 started
2024-10-03 03:50:15.615 [error] Error: EEXIST: file already exists, open '/root/.local/share/code-server/User/workspaceStorage/-7c26b8b8/vscode.lock'
2024-10-03 03:50:15.644 [info] Lock '/root/.local/share/code-server/User/workspaceStorage/-7c26b8b8/vscode.lock': Could not acquire lock, checking if the file is stale.
2024-10-03 03:50:15.650 [info] Lock '/root/.local/share/code-server/User/workspaceStorage/-7c26b8b8/vscode.lock': The pid 25590 appears to be gone.
2024-10-03 03:50:15.650 [info] Lock '/root/.local/share/code-server/User/workspaceStorage/-7c26b8b8/vscode.lock': Deleting a stale lock.
2024-10-03 03:50:15.661 [info] Lock '/root/.local/share/code-server/User/workspaceStorage/-7c26b8b8/vscode.lock': Lock acquired.
2024-10-03 03:50:16.120 [info] ExtensionService#_doActivateExtension ms-vscode.cpptools, startup: false, activationEvent: 'onLanguage:cpp'
2024-10-03 03:50:16.121 [info] ExtensionService#_doActivateExtension vscode.git-base, startup: true, activationEvent: '*', root cause: vscode.git
2024-10-03 03:50:17.496 [error] No bundle location found for extension vscode.git-base
2024-10-03 03:50:17.520 [info] ExtensionService#_doActivateExtension vscode.git, startup: true, activationEvent: '*'
2024-10-03 03:50:17.521 [info] ExtensionService#_doActivateExtension vscode.github, startup: true, activationEvent: '*'
2024-10-03 03:50:17.805 [info] ExtensionService#_doActivateExtension vscode.configuration-editing, startup: false, activationEvent: 'onLanguage:json'
2024-10-03 03:50:17.805 [info] ExtensionService#_doActivateExtension vscode.extension-editing, startup: false, activationEvent: 'onLanguage:json'
2024-10-03 03:50:17.806 [info] ExtensionService#_doActivateExtension vscode.json-language-features, startup: false, activationEvent: 'onLanguage:json'
2024-10-03 03:50:17.806 [info] ExtensionService#_doActivateExtension vscode.npm, startup: false, activationEvent: 'onLanguage:json'
2024-10-03 03:50:17.976 [error] Activating extension ms-vscode.cpptools failed due to an error:
2024-10-03 03:50:17.976 [error] TypeError: this._appender.logEvent is not a function
	at E.logEvent (/opt/code-server-4.9.1-linux-arm64/lib/vscode/out/vs/workbench/api/node/extensionHostProcess.js:88:38992)
	at E.logUsage (/opt/code-server-4.9.1-linux-arm64/lib/vscode/out/vs/workbench/api/node/extensionHostProcess.js:88:39093)
	at TelemetryReporter.internalSendTelemetryEvent (/root/.local/share/code-server/extensions/ms-vscode.cpptools-1.22.6/dist/src/main.js:28581:34)
	at TelemetryReporter.sendTelemetryEvent (/root/.local/share/code-server/extensions/ms-vscode.cpptools-1.22.6/dist/src/main.js:28592:14)
	at ExperimentationTelemetry.sendTelemetryEvent (/root/.local/share/code-server/extensions/ms-vscode.cpptools-1.22.6/dist/src/main.js:91124:27)
	at ExperimentationTelemetry.postEvent (/root/.local/share/code-server/extensions/ms-vscode.cpptools-1.22.6/dist/src/main.js:91143:14)
	at ExperimentationService.PostEventToTelemetry (/root/.local/share/code-server/extensions/ms-vscode.cpptools-1.22.6/dist/src/main.js:68910:24)
	at ExperimentationService.getTreatmentVariable (/root/.local/share/code-server/extensions/ms-vscode.cpptools-1.22.6/dist/src/main.js:68877:14)
	at Object.isExperimentEnabled (/root/.local/share/code-server/extensions/ms-vscode.cpptools-1.22.6/dist/src/main.js:91175:47)
	at async Object.activate (/root/.local/share/code-server/extensions/ms-vscode.cpptools-1.22.6/dist/src/main.js:81062:38)
	at async activate (/root/.local/share/code-server/extensions/ms-vscode.cpptools-1.22.6/dist/src/main.js:114259:9)
	at async w._activate (/opt/code-server-4.9.1-linux-arm64/lib/vscode/out/vs/workbench/api/node/extensionHostProcess.js:90:8304)
	at async w._waitForDepsThenActivate (/opt/code-server-4.9.1-linux-arm64/lib/vscode/out/vs/workbench/api/node/extensionHostProcess.js:90:8246)
	at async w._initialize (/opt/code-server-4.9.1-linux-arm64/lib/vscode/out/vs/workbench/api/node/extensionHostProcess.js:90:7610)
2024-10-03 03:50:18.168 [info] ExtensionService#_doActivateExtension vscode.typescript-language-features, startup: false, activationEvent: 'onLanguage:jsonc'
2024-10-03 03:50:21.430 [info] ExtensionService#_doActivateExtension vscode.debug-auto-launch, startup: false, activationEvent: 'onStartupFinished'
2024-10-03 03:50:21.431 [info] ExtensionService#_doActivateExtension vscode.emmet, startup: false, activationEvent: 'onStartupFinished'
2024-10-03 03:50:21.432 [info] ExtensionService#_doActivateExtension vscode.merge-conflict, startup: false, activationEvent: 'onStartupFinished'
2024-10-03 03:50:21.432 [info] ExtensionService#_doActivateExtension vadimcn.vscode-lldb, startup: false, activationEvent: 'onStartupFinished'
2024-10-03 03:50:21.432 [info] Eager extensions activated
2024-10-03 03:50:25.380 [warning] [Decorations] CAPPING events from decorations provider vscode.git 5532
2024-10-03 03:50:27.965 [warning] [Decorations] CAPPING events from decorations provider vscode.git 5532
2024-10-03 03:50:44.375 [info] ExtensionService#_doActivateExtension vscode.debug-server-ready, startup: false, activationEvent: 'onDebugResolve'
2024-10-03 03:50:46.743 [info] ExtensionService#_doActivateExtension vscode.grunt, startup: false, activationEvent: 'onTaskType:grunt'
2024-10-03 03:50:46.744 [info] ExtensionService#_doActivateExtension vscode.gulp, startup: false, activationEvent: 'onTaskType:gulp'
2024-10-03 03:50:46.744 [info] ExtensionService#_doActivateExtension vscode.jake, startup: false, activationEvent: 'onTaskType:jake'
2024-10-03 03:50:49.241 [error] Error: spawn /opt/code-server-4.9.1-linux-arm64/lib/vscode/node_modules.asar.unpacked/@vscode/ripgrep/bin/rg ENOENT
    at P (http://127.0.0.1:20000/stable-6261075646f055b99068d3688932416f2346dd3b/static/out/vs/workbench/workbench.web.main.js:2167:6689)
    at http://127.0.0.1:20000/stable-6261075646f055b99068d3688932416f2346dd3b/static/out/vs/workbench/workbench.web.main.js:2177:4428
    at async http://127.0.0.1:20000/stable-6261075646f055b99068d3688932416f2346dd3b/static/out/vs/workbench/workbench.web.main.js:2177:2528
2024-10-03 03:50:49.242 [error] Error: spawn /opt/code-server-4.9.1-linux-arm64/lib/vscode/node_modules.asar.unpacked/@vscode/ripgrep/bin/rg ENOENT
    at P (http://127.0.0.1:20000/stable-6261075646f055b99068d3688932416f2346dd3b/static/out/vs/workbench/workbench.web.main.js:2167:6689)
    at http://127.0.0.1:20000/stable-6261075646f055b99068d3688932416f2346dd3b/static/out/vs/workbench/workbench.web.main.js:2177:4428
    at async http://127.0.0.1:20000/stable-6261075646f055b99068d3688932416f2346dd3b/static/out/vs/workbench/workbench.web.main.js:2177:2528
2024-10-03 03:51:50.701 [warning] [Decorations] CAPPING events from decorations provider vscode.git 5532
2024-10-03 03:51:57.573 [warning] [Decorations] CAPPING events from decorations provider vscode.git 5532
2024-10-03 03:52:04.235 [warning] [Decorations] CAPPING events from decorations provider vscode.git 5532
2024-10-03 03:52:11.875 [warning] [Decorations] CAPPING events from decorations provider vscode.git 5532
2024-10-03 03:52:18.675 [warning] [Decorations] CAPPING events from decorations provider vscode.git 5532
2024-10-03 03:52:25.707 [warning] [Decorations] CAPPING events from decorations provider vscode.git 5532
2024-10-03 03:52:39.927 [warning] [Decorations] CAPPING events from decorations provider vscode.git 5532
2024-10-03 03:52:46.775 [warning] [Decorations] CAPPING events from decorations provider vscode.git 5532
2024-10-03 03:52:58.393 [warning] [Decorations] CAPPING events from decorations provider vscode.git 5533
2024-10-03 03:53:07.780 [error] Error: getaddrinfo EAI_AGAIN mobile.events.data.microsoft.com
	at GetAddrInfoReqWrap.onlookup [as oncomplete] (node:dns:71:26)
2024-10-03 03:53:27.954 [warning] [Decorations] CAPPING events from decorations provider vscode.git 5533
2024-10-03 03:53:34.638 [warning] [Decorations] CAPPING events from decorations provider vscode.git 5534
2024-10-03 03:53:41.414 [warning] [Decorations] CAPPING events from decorations provider vscode.git 5534
2024-10-03 03:53:48.443 [warning] [Decorations] CAPPING events from decorations provider vscode.git 5533
2024-10-03 03:53:54.915 [warning] [Decorations] CAPPING events from decorations provider vscode.git 5531
2024-10-03 03:54:01.931 [warning] [Decorations] CAPPING events from decorations provider vscode.git 5531
2024-10-03 03:54:08.795 [warning] [Decorations] CAPPING events from decorations provider vscode.git 5532
2024-10-03 03:54:15.772 [warning] [Decorations] CAPPING events from decorations provider vscode.git 5533
2024-10-03 03:54:25.806 [warning] [Decorations] CAPPING events from decorations provider vscode.git 5534
2024-10-03 03:54:32.002 [error] Error: getaddrinfo EAI_AGAIN mobile.events.data.microsoft.com
	at GetAddrInfoReqWrap.onlookup [as oncomplete] (node:dns:71:26)
2024-10-03 03:54:33.043 [warning] [Decorations] CAPPING events from decorations provider vscode.git 5535
2024-10-03 03:54:39.601 [warning] [Decorations] CAPPING events from decorations provider vscode.git 5536
2024-10-03 03:54:46.221 [warning] [Decorations] CAPPING events from decorations provider vscode.git 5538
2024-10-03 03:54:53.287 [warning] [Decorations] CAPPING events from decorations provider vscode.git 5539
2024-10-03 03:55:00.918 [warning] [Decorations] CAPPING events from decorations provider vscode.git 5540
2024-10-03 03:55:07.589 [warning] [Decorations] CAPPING events from decorations provider vscode.git 5540
2024-10-03 03:55:13.999 [warning] [Decorations] CAPPING events from decorations provider vscode.git 5540
2024-10-03 03:55:20.594 [warning] [Decorations] CAPPING events from decorations provider vscode.git 5540
2024-10-03 03:55:30.062 [warning] [Decorations] CAPPING events from decorations provider vscode.git 5541
2024-10-03 03:56:11.370 [warning] [Decorations] CAPPING events from decorations provider vscode.git 5541
2024-10-03 03:56:18.839 [warning] [Decorations] CAPPING events from decorations provider vscode.git 5541
2024-10-03 03:56:25.968 [warning] [Decorations] CAPPING events from decorations provider vscode.git 5541
