2024-10-03 09:10:33.843 [info] Extension host with pid 31069 started
2024-10-03 09:10:33.890 [error] Error: EEXIST: file already exists, open '/root/.local/share/code-server/User/workspaceStorage/-31e48dea/vscode.lock'
2024-10-03 09:10:33.954 [info] Lock '/root/.local/share/code-server/User/workspaceStorage/-31e48dea/vscode.lock': Could not acquire lock, checking if the file is stale.
2024-10-03 09:10:33.962 [info] Lock '/root/.local/share/code-server/User/workspaceStorage/-31e48dea/vscode.lock': The pid 5260 appears to be gone.
2024-10-03 09:10:33.962 [info] Lock '/root/.local/share/code-server/User/workspaceStorage/-31e48dea/vscode.lock': Deleting a stale lock.
2024-10-03 09:10:33.975 [info] Lock '/root/.local/share/code-server/User/workspaceStorage/-31e48dea/vscode.lock': Lock acquired.
2024-10-03 09:10:34.310 [info] ExtensionService#_doActivateExtension vscode.git-base, startup: true, activationEvent: '*', root cause: vscode.git
2024-10-03 09:10:34.336 [info] ExtensionService#_doActivateExtension ms-vscode.cpptools, startup: true, activationEvent: 'workspaceContains:/.vscode/c_cpp_properties.json'
2024-10-03 09:10:35.755 [error] No bundle location found for extension vscode.git-base
2024-10-03 09:10:35.777 [info] ExtensionService#_doActivateExtension vscode.git, startup: true, activationEvent: '*'
2024-10-03 09:10:35.777 [info] ExtensionService#_doActivateExtension vscode.github, startup: true, activationEvent: '*'
2024-10-03 09:10:36.926 [error] No bundle location found for extension vscode.git
2024-10-03 09:10:36.928 [error] No bundle location found for extension vscode.github
2024-10-03 09:10:37.256 [info] ExtensionService#_doActivateExtension vscode.configuration-editing, startup: false, activationEvent: 'onLanguage:json'
2024-10-03 09:10:37.258 [info] ExtensionService#_doActivateExtension vscode.extension-editing, startup: false, activationEvent: 'onLanguage:json'
2024-10-03 09:10:37.258 [info] ExtensionService#_doActivateExtension vscode.json-language-features, startup: false, activationEvent: 'onLanguage:json'
2024-10-03 09:10:37.259 [info] ExtensionService#_doActivateExtension vscode.npm, startup: false, activationEvent: 'onLanguage:json'
2024-10-03 09:10:37.478 [error] Activating extension ms-vscode.cpptools failed due to an error:
2024-10-03 09:10:37.478 [error] TypeError: this._appender.logEvent is not a function
	at E.logEvent (/opt/code-server-4.9.1-linux-arm64/lib/vscode/out/vs/workbench/api/node/extensionHostProcess.js:88:38992)
	at E.logUsage (/opt/code-server-4.9.1-linux-arm64/lib/vscode/out/vs/workbench/api/node/extensionHostProcess.js:88:39093)
	at TelemetryReporter.internalSendTelemetryEvent (/root/.local/share/code-server/extensions/ms-vscode.cpptools-1.22.6/dist/src/main.js:28581:34)
	at TelemetryReporter.sendTelemetryEvent (/root/.local/share/code-server/extensions/ms-vscode.cpptools-1.22.6/dist/src/main.js:28592:14)
	at ExperimentationTelemetry.sendTelemetryEvent (/root/.local/share/code-server/extensions/ms-vscode.cpptools-1.22.6/dist/src/main.js:91124:27)
	at ExperimentationTelemetry.postEvent (/root/.local/share/code-server/extensions/ms-vscode.cpptools-1.22.6/dist/src/main.js:91143:14)
	at ExperimentationService.PostEventToTelemetry (/root/.local/share/code-server/extensions/ms-vscode.cpptools-1.22.6/dist/src/main.js:68910:24)
	at ExperimentationService.getTreatmentVariable (/root/.local/share/code-server/extensions/ms-vscode.cpptools-1.22.6/dist/src/main.js:68877:14)
	at Object.isExperimentEnabled (/root/.local/share/code-server/extensions/ms-vscode.cpptools-1.22.6/dist/src/main.js:91175:47)
	at async Object.activate (/root/.local/share/code-server/extensions/ms-vscode.cpptools-1.22.6/dist/src/main.js:81062:38)
	at async activate (/root/.local/share/code-server/extensions/ms-vscode.cpptools-1.22.6/dist/src/main.js:114259:9)
	at async w._activate (/opt/code-server-4.9.1-linux-arm64/lib/vscode/out/vs/workbench/api/node/extensionHostProcess.js:90:8304)
	at async w._waitForDepsThenActivate (/opt/code-server-4.9.1-linux-arm64/lib/vscode/out/vs/workbench/api/node/extensionHostProcess.js:90:8246)
	at async w._initialize (/opt/code-server-4.9.1-linux-arm64/lib/vscode/out/vs/workbench/api/node/extensionHostProcess.js:90:7610)
2024-10-03 09:10:37.479 [info] ExtensionService#_doActivateExtension vscode.debug-auto-launch, startup: false, activationEvent: 'onStartupFinished'
2024-10-03 09:10:37.479 [info] ExtensionService#_doActivateExtension vscode.emmet, startup: false, activationEvent: 'onStartupFinished'
2024-10-03 09:10:37.480 [info] ExtensionService#_doActivateExtension vscode.merge-conflict, startup: false, activationEvent: 'onStartupFinished'
2024-10-03 09:10:37.481 [info] ExtensionService#_doActivateExtension vadimcn.vscode-lldb, startup: false, activationEvent: 'onStartupFinished'
2024-10-03 09:10:37.481 [info] Eager extensions activated
2024-10-03 09:10:38.522 [info] ExtensionService#_doActivateExtension vscode.typescript-language-features, startup: false, activationEvent: 'onLanguage:jsonc'
2024-10-03 09:10:38.939 [error] No bundle location found for extension vscode.configuration-editing
2024-10-03 09:10:38.939 [error] No bundle location found for extension vscode.json-language-features
2024-10-03 09:10:38.939 [error] No bundle location found for extension vscode.extension-editing
2024-10-03 09:10:38.939 [error] No bundle location found for extension vscode.npm
2024-10-03 09:10:38.939 [error] No bundle location found for extension vscode.debug-auto-launch
2024-10-03 09:10:38.939 [error] No bundle location found for extension vscode.emmet
2024-10-03 09:10:39.335 [error] No bundle location found for extension vscode.merge-conflict
2024-10-03 09:10:39.504 [error] {"message":"Git error","stdout":"","stderr":"fatal: Pathspec '/root/thsunest01/CMakeLists.txt' is in submodule 'thsunest01'\n","exitCode":128,"gitErrorCode":"IsInSubmodule"}
2024-10-03 09:10:39.504 [error] {"message":"Git error","stdout":"","stderr":"fatal: Pathspec '/root/thsunest01/CMakeLists.txt' is in submodule 'thsunest01'\n","exitCode":128,"gitErrorCode":"IsInSubmodule"}
2024-10-03 09:10:39.504 [error] {"message":"Git error","stdout":"","stderr":"fatal: Pathspec '/root/thsunest01/CMakeLists.txt' is in submodule 'thsunest01'\n","exitCode":128,"gitErrorCode":"IsInSubmodule"}
2024-10-03 09:10:39.504 [error] {"message":"Git error","stdout":"","stderr":"fatal: Pathspec '/root/thsunest01/CMakeLists.txt' is in submodule 'thsunest01'\n","exitCode":128,"gitErrorCode":"IsInSubmodule"}
2024-10-03 09:10:39.504 [error] {"message":"Git error","stdout":"","stderr":"fatal: Pathspec '/root/thsunest01/CMakeLists.txt' is in submodule 'thsunest01'\n","exitCode":128,"gitErrorCode":"IsInSubmodule"}
2024-10-03 09:10:39.504 [error] {"message":"Git error","stdout":"","stderr":"fatal: Pathspec '/root/thsunest01/CMakeLists.txt' is in submodule 'thsunest01'\n","exitCode":128,"gitErrorCode":"IsInSubmodule"}
2024-10-03 09:10:39.504 [error] {"message":"Git error","stdout":"","stderr":"fatal: Pathspec '/root/thsunest01/CMakeLists.txt' is in submodule 'thsunest01'\n","exitCode":128,"gitErrorCode":"IsInSubmodule"}
2024-10-03 09:10:39.504 [error] {"message":"Git error","stdout":"","stderr":"fatal: Pathspec '/root/thsunest01/CMakeLists.txt' is in submodule 'thsunest01'\n","exitCode":128,"gitErrorCode":"IsInSubmodule"}
2024-10-03 09:10:39.504 [error] {"message":"Git error","stdout":"","stderr":"fatal: Pathspec '/root/thsunest01/CMakeLists.txt' is in submodule 'thsunest01'\n","exitCode":128,"gitErrorCode":"IsInSubmodule"}
2024-10-03 09:10:39.504 [error] {"message":"Git error","stdout":"","stderr":"fatal: Pathspec '/root/thsunest01/CMakeLists.txt' is in submodule 'thsunest01'\n","exitCode":128,"gitErrorCode":"IsInSubmodule"}
2024-10-03 09:10:39.504 [error] {"message":"Git error","stdout":"","stderr":"fatal: Pathspec '/root/thsunest01/CMakeLists.txt' is in submodule 'thsunest01'\n","exitCode":128,"gitErrorCode":"IsInSubmodule"}
2024-10-03 09:10:39.504 [error] {"message":"Git error","stdout":"","stderr":"fatal: Pathspec '/root/thsunest01/CMakeLists.txt' is in submodule 'thsunest01'\n","exitCode":128,"gitErrorCode":"IsInSubmodule"}
2024-10-03 09:10:39.504 [error] {"message":"Git error","stdout":"","stderr":"fatal: Pathspec '/root/thsunest01/CMakeLists.txt' is in submodule 'thsunest01'\n","exitCode":128,"gitErrorCode":"IsInSubmodule"}
2024-10-03 09:10:39.504 [error] {"message":"Git error","stdout":"","stderr":"fatal: Pathspec '/root/thsunest01/CMakeLists.txt' is in submodule 'thsunest01'\n","exitCode":128,"gitErrorCode":"IsInSubmodule"}
2024-10-03 09:10:39.504 [error] {"message":"Git error","stdout":"","stderr":"fatal: Pathspec '/root/thsunest01/CMakeLists.txt' is in submodule 'thsunest01'\n","exitCode":128,"gitErrorCode":"IsInSubmodule"}
2024-10-03 09:10:39.504 [error] {"message":"Git error","stdout":"","stderr":"fatal: Pathspec '/root/thsunest01/CMakeLists.txt' is in submodule 'thsunest01'\n","exitCode":128,"gitErrorCode":"IsInSubmodule"}
2024-10-03 09:10:39.504 [error] {"message":"Git error","stdout":"","stderr":"fatal: Pathspec '/root/thsunest01/CMakeLists.txt' is in submodule 'thsunest01'\n","exitCode":128,"gitErrorCode":"IsInSubmodule"}
2024-10-03 09:10:39.504 [error] {"message":"Git error","stdout":"","stderr":"fatal: Pathspec '/root/thsunest01/CMakeLists.txt' is in submodule 'thsunest01'\n","exitCode":128,"gitErrorCode":"IsInSubmodule"}
2024-10-03 09:10:39.504 [error] {"message":"Git error","stdout":"","stderr":"fatal: Pathspec '/root/thsunest01/CMakeLists.txt' is in submodule 'thsunest01'\n","exitCode":128,"gitErrorCode":"IsInSubmodule"}
2024-10-03 09:10:39.504 [error] {"message":"Git error","stdout":"","stderr":"fatal: Pathspec '/root/thsunest01/CMakeLists.txt' is in submodule 'thsunest01'\n","exitCode":128,"gitErrorCode":"IsInSubmodule"}
2024-10-03 09:10:39.504 [error] {"message":"Git error","stdout":"","stderr":"fatal: Pathspec '/root/thsunest01/CMakeLists.txt' is in submodule 'thsunest01'\n","exitCode":128,"gitErrorCode":"IsInSubmodule"}
2024-10-03 09:10:39.504 [error] {"message":"Git error","stdout":"","stderr":"fatal: Pathspec '/root/thsunest01/CMakeLists.txt' is in submodule 'thsunest01'\n","exitCode":128,"gitErrorCode":"IsInSubmodule"}
2024-10-03 09:10:39.504 [error] {"message":"Git error","stdout":"","stderr":"fatal: Pathspec '/root/thsunest01/CMakeLists.txt' is in submodule 'thsunest01'\n","exitCode":128,"gitErrorCode":"IsInSubmodule"}
2024-10-03 09:10:39.504 [error] {"message":"Git error","stdout":"","stderr":"fatal: Pathspec '/root/thsunest01/CMakeLists.txt' is in submodule 'thsunest01'\n","exitCode":128,"gitErrorCode":"IsInSubmodule"}
2024-10-03 09:10:39.504 [error] {"message":"Git error","stdout":"","stderr":"fatal: Pathspec '/root/thsunest01/CMakeLists.txt' is in submodule 'thsunest01'\n","exitCode":128,"gitErrorCode":"IsInSubmodule"}
2024-10-03 09:10:39.504 [error] {"message":"Git error","stdout":"","stderr":"fatal: Pathspec '/root/thsunest01/CMakeLists.txt' is in submodule 'thsunest01'\n","exitCode":128,"gitErrorCode":"IsInSubmodule"}
2024-10-03 09:10:39.504 [error] {"message":"Git error","stdout":"","stderr":"fatal: Pathspec '/root/thsunest01/CMakeLists.txt' is in submodule 'thsunest01'\n","exitCode":128,"gitErrorCode":"IsInSubmodule"}
2024-10-03 09:10:39.504 [error] {"message":"Git error","stdout":"","stderr":"fatal: Pathspec '/root/thsunest01/CMakeLists.txt' is in submodule 'thsunest01'\n","exitCode":128,"gitErrorCode":"IsInSubmodule"}
2024-10-03 09:10:39.504 [error] {"message":"Git error","stdout":"","stderr":"fatal: Pathspec '/root/thsunest01/CMakeLists.txt' is in submodule 'thsunest01'\n","exitCode":128,"gitErrorCode":"IsInSubmodule"}
2024-10-03 09:10:39.504 [error] {"message":"Git error","stdout":"","stderr":"fatal: Pathspec '/root/thsunest01/CMakeLists.txt' is in submodule 'thsunest01'\n","exitCode":128,"gitErrorCode":"IsInSubmodule"}
2024-10-03 09:10:39.504 [error] {"message":"Git error","stdout":"","stderr":"fatal: Pathspec '/root/thsunest01/CMakeLists.txt' is in submodule 'thsunest01'\n","exitCode":128,"gitErrorCode":"IsInSubmodule"}
2024-10-03 09:10:39.504 [error] {"message":"Git error","stdout":"","stderr":"fatal: Pathspec '/root/thsunest01/CMakeLists.txt' is in submodule 'thsunest01'\n","exitCode":128,"gitErrorCode":"IsInSubmodule"}
2024-10-03 09:10:39.504 [error] {"message":"Git error","stdout":"","stderr":"fatal: Pathspec '/root/thsunest01/CMakeLists.txt' is in submodule 'thsunest01'\n","exitCode":128,"gitErrorCode":"IsInSubmodule"}
2024-10-03 09:10:39.504 [error] {"message":"Git error","stdout":"","stderr":"fatal: Pathspec '/root/thsunest01/CMakeLists.txt' is in submodule 'thsunest01'\n","exitCode":128,"gitErrorCode":"IsInSubmodule"}
2024-10-03 09:10:39.504 [error] {"message":"Git error","stdout":"","stderr":"fatal: Pathspec '/root/thsunest01/CMakeLists.txt' is in submodule 'thsunest01'\n","exitCode":128,"gitErrorCode":"IsInSubmodule"}
2024-10-03 09:10:39.504 [error] {"message":"Git error","stdout":"","stderr":"fatal: Pathspec '/root/thsunest01/CMakeLists.txt' is in submodule 'thsunest01'\n","exitCode":128,"gitErrorCode":"IsInSubmodule"}
2024-10-03 09:10:39.504 [error] {"message":"Git error","stdout":"","stderr":"fatal: Pathspec '/root/thsunest01/CMakeLists.txt' is in submodule 'thsunest01'\n","exitCode":128,"gitErrorCode":"IsInSubmodule"}
2024-10-03 09:10:39.504 [error] {"message":"Git error","stdout":"","stderr":"fatal: Pathspec '/root/thsunest01/CMakeLists.txt' is in submodule 'thsunest01'\n","exitCode":128,"gitErrorCode":"IsInSubmodule"}
2024-10-03 09:10:39.504 [error] {"message":"Git error","stdout":"","stderr":"fatal: Pathspec '/root/thsunest01/CMakeLists.txt' is in submodule 'thsunest01'\n","exitCode":128,"gitErrorCode":"IsInSubmodule"}
2024-10-03 09:10:39.504 [error] {"message":"Git error","stdout":"","stderr":"fatal: Pathspec '/root/thsunest01/CMakeLists.txt' is in submodule 'thsunest01'\n","exitCode":128,"gitErrorCode":"IsInSubmodule"}
2024-10-03 09:10:39.685 [error] Error: getaddrinfo EAI_AGAIN mobile.events.data.microsoft.com
	at GetAddrInfoReqWrap.onlookup [as oncomplete] (node:dns:71:26)
2024-10-03 09:10:40.034 [error] No bundle location found for extension vscode.typescript-language-features
2024-10-03 09:10:40.512 [error] {"message":"Git error","stdout":"","stderr":"fatal: Pathspec '/root/thsunest01/CMakeLists.txt' is in submodule 'thsunest01'\n","exitCode":128,"gitErrorCode":"IsInSubmodule"}
2024-10-03 09:10:40.512 [error] {"message":"Git error","stdout":"","stderr":"fatal: Pathspec '/root/thsunest01/CMakeLists.txt' is in submodule 'thsunest01'\n","exitCode":128,"gitErrorCode":"IsInSubmodule"}
2024-10-03 09:10:40.513 [error] {"message":"Git error","stdout":"","stderr":"fatal: Pathspec '/root/thsunest01/CMakeLists.txt' is in submodule 'thsunest01'\n","exitCode":128,"gitErrorCode":"IsInSubmodule"}
2024-10-03 09:10:40.513 [error] {"message":"Git error","stdout":"","stderr":"fatal: Pathspec '/root/thsunest01/CMakeLists.txt' is in submodule 'thsunest01'\n","exitCode":128,"gitErrorCode":"IsInSubmodule"}
2024-10-03 09:10:40.514 [error] {"message":"Git error","stdout":"","stderr":"fatal: Pathspec '/root/thsunest01/CMakeLists.txt' is in submodule 'thsunest01'\n","exitCode":128,"gitErrorCode":"IsInSubmodule"}
2024-10-03 09:10:40.514 [error] {"message":"Git error","stdout":"","stderr":"fatal: Pathspec '/root/thsunest01/CMakeLists.txt' is in submodule 'thsunest01'\n","exitCode":128,"gitErrorCode":"IsInSubmodule"}
2024-10-03 09:10:40.514 [error] {"message":"Git error","stdout":"","stderr":"fatal: Pathspec '/root/thsunest01/CMakeLists.txt' is in submodule 'thsunest01'\n","exitCode":128,"gitErrorCode":"IsInSubmodule"}
2024-10-03 09:10:40.515 [error] {"message":"Git error","stdout":"","stderr":"fatal: Pathspec '/root/thsunest01/CMakeLists.txt' is in submodule 'thsunest01'\n","exitCode":128,"gitErrorCode":"IsInSubmodule"}
2024-10-03 09:10:40.515 [error] {"message":"Git error","stdout":"","stderr":"fatal: Pathspec '/root/thsunest01/CMakeLists.txt' is in submodule 'thsunest01'\n","exitCode":128,"gitErrorCode":"IsInSubmodule"}
2024-10-03 09:10:40.516 [error] {"message":"Git error","stdout":"","stderr":"fatal: Pathspec '/root/thsunest01/CMakeLists.txt' is in submodule 'thsunest01'\n","exitCode":128,"gitErrorCode":"IsInSubmodule"}
2024-10-03 09:10:40.516 [error] {"message":"Git error","stdout":"","stderr":"fatal: Pathspec '/root/thsunest01/CMakeLists.txt' is in submodule 'thsunest01'\n","exitCode":128,"gitErrorCode":"IsInSubmodule"}
2024-10-03 09:10:40.517 [error] {"message":"Git error","stdout":"","stderr":"fatal: Pathspec '/root/thsunest01/CMakeLists.txt' is in submodule 'thsunest01'\n","exitCode":128,"gitErrorCode":"IsInSubmodule"}
2024-10-03 09:10:40.517 [error] {"message":"Git error","stdout":"","stderr":"fatal: Pathspec '/root/thsunest01/CMakeLists.txt' is in submodule 'thsunest01'\n","exitCode":128,"gitErrorCode":"IsInSubmodule"}
2024-10-03 09:10:40.517 [error] {"message":"Git error","stdout":"","stderr":"fatal: Pathspec '/root/thsunest01/CMakeLists.txt' is in submodule 'thsunest01'\n","exitCode":128,"gitErrorCode":"IsInSubmodule"}
2024-10-03 09:10:40.518 [error] {"message":"Git error","stdout":"","stderr":"fatal: Pathspec '/root/thsunest01/CMakeLists.txt' is in submodule 'thsunest01'\n","exitCode":128,"gitErrorCode":"IsInSubmodule"}
2024-10-03 09:10:40.518 [error] {"message":"Git error","stdout":"","stderr":"fatal: Pathspec '/root/thsunest01/CMakeLists.txt' is in submodule 'thsunest01'\n","exitCode":128,"gitErrorCode":"IsInSubmodule"}
2024-10-03 09:10:40.518 [error] {"message":"Git error","stdout":"","stderr":"fatal: Pathspec '/root/thsunest01/CMakeLists.txt' is in submodule 'thsunest01'\n","exitCode":128,"gitErrorCode":"IsInSubmodule"}
2024-10-03 09:10:40.518 [error] {"message":"Git error","stdout":"","stderr":"fatal: Pathspec '/root/thsunest01/CMakeLists.txt' is in submodule 'thsunest01'\n","exitCode":128,"gitErrorCode":"IsInSubmodule"}
2024-10-03 09:10:40.518 [error] {"message":"Git error","stdout":"","stderr":"fatal: Pathspec '/root/thsunest01/CMakeLists.txt' is in submodule 'thsunest01'\n","exitCode":128,"gitErrorCode":"IsInSubmodule"}
2024-10-03 09:10:40.518 [error] {"message":"Git error","stdout":"","stderr":"fatal: Pathspec '/root/thsunest01/CMakeLists.txt' is in submodule 'thsunest01'\n","exitCode":128,"gitErrorCode":"IsInSubmodule"}
2024-10-03 09:10:40.519 [error] {"message":"Git error","stdout":"","stderr":"fatal: Pathspec '/root/thsunest01/CMakeLists.txt' is in submodule 'thsunest01'\n","exitCode":128,"gitErrorCode":"IsInSubmodule"}
2024-10-03 09:10:40.519 [error] {"message":"Git error","stdout":"","stderr":"fatal: Pathspec '/root/thsunest01/CMakeLists.txt' is in submodule 'thsunest01'\n","exitCode":128,"gitErrorCode":"IsInSubmodule"}
2024-10-03 09:10:40.519 [error] {"message":"Git error","stdout":"","stderr":"fatal: Pathspec '/root/thsunest01/CMakeLists.txt' is in submodule 'thsunest01'\n","exitCode":128,"gitErrorCode":"IsInSubmodule"}
2024-10-03 09:10:40.519 [error] {"message":"Git error","stdout":"","stderr":"fatal: Pathspec '/root/thsunest01/CMakeLists.txt' is in submodule 'thsunest01'\n","exitCode":128,"gitErrorCode":"IsInSubmodule"}
2024-10-03 09:10:40.519 [error] {"message":"Git error","stdout":"","stderr":"fatal: Pathspec '/root/thsunest01/CMakeLists.txt' is in submodule 'thsunest01'\n","exitCode":128,"gitErrorCode":"IsInSubmodule"}
2024-10-03 09:10:41.694 [warning] [Decorations] CAPPING events from decorations provider vscode.git 5548
2024-10-03 09:10:43.350 [error] Error: getaddrinfo EAI_AGAIN mobile.events.data.microsoft.com
	at GetAddrInfoReqWrap.onlookup [as oncomplete] (node:dns:71:26)
2024-10-03 09:10:45.207 [warning] [Decorations] CAPPING events from decorations provider vscode.git 5548
2024-10-03 09:10:45.255 [warning] [Decorations] CAPPING events from decorations provider vscode.git 1902
2024-10-03 09:10:49.249 [warning] [Decorations] CAPPING events from decorations provider vscode.git 1902
2024-10-03 09:11:10.457 [info] ExtensionService#_doActivateExtension vscode.php-language-features, startup: false, activationEvent: 'onLanguage:php'
2024-10-03 09:11:10.590 [error] No bundle location found for extension vscode.php-language-features
2024-10-03 09:11:45.997 [info] Extension host terminating: received terminate message from renderer
2024-10-03 09:11:45.998 [info] Lock '/root/.local/share/code-server/User/workspaceStorage/-31e48dea/vscode.lock': Marking the lockfile as scheduled to be released in 6000 ms.
2024-10-03 09:11:46.044 [info] Extension host with pid 31069 exiting with code 0
