2024-10-03 03:35:46.961 [info] 正在验证在以下位置中找到的 git: git
2024-10-03 03:35:46.961 [info] 将使用位于 git 的 Git 2.34.1
2024-10-03 03:35:46.961 [info] > git rev-parse --show-toplevel [16ms]
2024-10-03 03:35:46.961 [info] > git rev-parse --git-dir --git-common-dir [33ms]
2024-10-03 03:35:46.961 [info] Log level: Info
2024-10-03 03:35:46.961 [info] Open repository: /root/thsunest01
2024-10-03 03:35:46.961 [info] > git remote --verbose [375ms]
2024-10-03 03:35:46.961 [info] > git for-each-ref --sort -committerdate --format %(refname) %(objectname) %(*objectname) [396ms]
2024-10-03 03:35:46.961 [info] > git config --get commit.template [42ms]
2024-10-03 03:35:46.961 [info] > git rev-parse --show-toplevel [337ms]
2024-10-03 03:35:46.961 [info] > git rev-parse --show-toplevel [51ms]
2024-10-03 03:35:46.962 [info] > git for-each-ref --format=%(refname)%00%(upstream:short)%00%(objectname)%00%(upstream:track)%00%(upstream:remotename)%00%(upstream:remoteref) refs/heads/th refs/remotes/th [50ms]
2024-10-03 03:35:46.962 [info] > git rev-parse --show-toplevel [14ms]
2024-10-03 03:35:46.962 [info] > git rev-parse --show-toplevel [17ms]
2024-10-03 03:35:46.962 [info] > git show --textconv :c/LinkListw/intersection.cpp [22ms]
2024-10-03 03:35:46.962 [info] > git ls-files --stage -- /root/thsunest01/c/LinkListw/intersection.cpp [12ms]
2024-10-03 03:35:46.962 [info] > git check-ignore -v -z --stdin [37ms]
2024-10-03 03:35:46.962 [info] > git status -z -uall [2792ms]
2024-10-03 03:35:46.962 [info] > git remote --verbose [1667ms]
2024-10-03 03:35:46.962 [info] > git for-each-ref --sort -committerdate --format %(refname) %(objectname) %(*objectname) [1697ms]
2024-10-03 03:35:46.962 [info] > git config --get commit.template [61ms]
2024-10-03 03:35:46.962 [info] > git for-each-ref --format=%(refname)%00%(upstream:short)%00%(objectname)%00%(upstream:track)%00%(upstream:remotename)%00%(upstream:remoteref) refs/heads/th refs/remotes/th [237ms]
2024-10-03 03:35:46.962 [info] > git status -z -uall [3729ms]
2024-10-03 03:35:46.966 [info] > git show --textconv :c/LinkListw/统考_2015.cpp [69ms]
2024-10-03 03:35:46.978 [info] > git ls-files --stage -- /root/thsunest01/c/LinkListw/统考_2015.cpp [17ms]
2024-10-03 03:36:06.286 [info] > git show --textconv :c/LinkListw/intersection.cpp [41ms]
2024-10-03 03:36:06.303 [info] > git ls-files --stage -- /root/thsunest01/c/LinkListw/intersection.cpp [26ms]
2024-10-03 03:36:07.789 [info] > git check-ignore -v -z --stdin [26ms]
2024-10-03 03:36:07.996 [info] > git show --textconv :.vscode/tasks.json [46ms]
2024-10-03 03:36:08.011 [info] > git ls-files --stage -- /root/thsunest01/.vscode/tasks.json [16ms]
2024-10-03 03:36:08.054 [info] > git cat-file -s 104aa15aa2c28609b183e40a75341274fce3d2ef [13ms]
2024-10-03 03:36:08.400 [info] > git show --textconv :.vscode/c_cpp_properties.json [41ms]
2024-10-03 03:36:08.411 [info] > git ls-files --stage -- /root/thsunest01/.vscode/c_cpp_properties.json [12ms]
2024-10-03 03:36:08.458 [info] > git cat-file -s 068214512c0f8526db2eb5da2dd68bc59c6de662 [13ms]
2024-10-03 03:36:09.127 [info] > git show --textconv :.vscode/tasks.json [39ms]
2024-10-03 03:36:09.143 [info] > git ls-files --stage -- /root/thsunest01/.vscode/tasks.json [16ms]
2024-10-03 03:36:09.179 [info] > git cat-file -s 104aa15aa2c28609b183e40a75341274fce3d2ef [7ms]
2024-10-03 03:36:10.047 [info] > git show --textconv :.vscode/c_cpp_properties.json [38ms]
2024-10-03 03:36:10.059 [info] > git ls-files --stage -- /root/thsunest01/.vscode/c_cpp_properties.json [17ms]
2024-10-03 03:36:10.109 [info] > git cat-file -s 068214512c0f8526db2eb5da2dd68bc59c6de662 [17ms]
2024-10-03 03:36:11.962 [info] > git show --textconv :.vscode/launch.json [41ms]
2024-10-03 03:36:11.983 [info] > git ls-files --stage -- /root/thsunest01/.vscode/launch.json [22ms]
2024-10-03 03:36:12.029 [info] > git cat-file -s b16e015cdde70d8201730a9771c618be62fbfed2 [12ms]
2024-10-03 03:36:17.543 [info] > git check-ignore -v -z --stdin [41ms]
2024-10-03 03:37:19.185 [info] > git show --textconv :.vscode/c_cpp_properties.json [44ms]
2024-10-03 03:37:19.197 [info] > git ls-files --stage -- /root/thsunest01/.vscode/c_cpp_properties.json [14ms]
2024-10-03 03:37:19.244 [info] > git cat-file -s 068214512c0f8526db2eb5da2dd68bc59c6de662 [15ms]
2024-10-03 03:39:07.517 [info] > git show --textconv :.vscode/tasks.json [49ms]
2024-10-03 03:39:07.519 [info] > git ls-files --stage -- /root/thsunest01/.vscode/tasks.json [17ms]
2024-10-03 03:39:07.567 [info] > git cat-file -s 104aa15aa2c28609b183e40a75341274fce3d2ef [20ms]
2024-10-03 03:40:31.209 [info] > git show --textconv :.vscode/launch.json [43ms]
2024-10-03 03:40:31.229 [info] > git ls-files --stage -- /root/thsunest01/.vscode/launch.json [26ms]
2024-10-03 03:40:31.291 [info] > git cat-file -s b16e015cdde70d8201730a9771c618be62fbfed2 [29ms]
2024-10-03 03:40:37.221 [info] > git remote --verbose [309ms]
2024-10-03 03:40:37.223 [info] > git for-each-ref --sort -committerdate --format %(refname) %(objectname) %(*objectname) [336ms]
2024-10-03 03:40:37.229 [info] > git config --get commit.template [52ms]
2024-10-03 03:40:37.280 [info] > git for-each-ref --format=%(refname)%00%(upstream:short)%00%(objectname)%00%(upstream:track)%00%(upstream:remotename)%00%(upstream:remoteref) refs/heads/th refs/remotes/th [21ms]
2024-10-03 03:40:38.374 [info] > git status -z -uall [1439ms]
2024-10-03 03:40:41.403 [info] > git check-ignore -v -z --stdin [25ms]
2024-10-03 03:40:55.680 [info] > git remote --verbose [42ms]
2024-10-03 03:40:55.688 [info] > git for-each-ref --sort -committerdate --format %(refname) %(objectname) %(*objectname) [79ms]
2024-10-03 03:40:55.995 [info] > git config --get commit.template [9ms]
2024-10-03 03:40:56.044 [info] > git for-each-ref --format=%(refname)%00%(upstream:short)%00%(objectname)%00%(upstream:track)%00%(upstream:remotename)%00%(upstream:remoteref) refs/heads/th refs/remotes/th [14ms]
2024-10-03 03:40:57.729 [info] > git status -z -uall [2054ms]
2024-10-03 03:41:02.943 [info] > git remote --verbose [31ms]
2024-10-03 03:41:02.944 [info] > git for-each-ref --sort -committerdate --format %(refname) %(objectname) %(*objectname) [63ms]
2024-10-03 03:41:03.232 [info] > git config --get commit.template [22ms]
2024-10-03 03:41:03.292 [info] > git for-each-ref --format=%(refname)%00%(upstream:short)%00%(objectname)%00%(upstream:track)%00%(upstream:remotename)%00%(upstream:remoteref) refs/heads/th refs/remotes/th [20ms]
2024-10-03 03:41:04.446 [info] > git status -z -uall [1507ms]
2024-10-03 03:41:09.907 [info] > git remote --verbose [309ms]
2024-10-03 03:41:09.908 [info] > git for-each-ref --sort -committerdate --format %(refname) %(objectname) %(*objectname) [348ms]
2024-10-03 03:41:09.945 [info] > git config --get commit.template [88ms]
2024-10-03 03:41:09.998 [info] > git for-each-ref --format=%(refname)%00%(upstream:short)%00%(objectname)%00%(upstream:track)%00%(upstream:remotename)%00%(upstream:remoteref) refs/heads/th refs/remotes/th [21ms]
2024-10-03 03:41:11.653 [info] > git status -z -uall [2021ms]
2024-10-03 03:41:17.257 [info] > git remote --verbose [404ms]
2024-10-03 03:41:17.258 [info] > git for-each-ref --sort -committerdate --format %(refname) %(objectname) %(*objectname) [466ms]
2024-10-03 03:41:17.265 [info] > git config --get commit.template [131ms]
2024-10-03 03:41:17.312 [info] > git for-each-ref --format=%(refname)%00%(upstream:short)%00%(objectname)%00%(upstream:track)%00%(upstream:remotename)%00%(upstream:remoteref) refs/heads/th refs/remotes/th [9ms]
2024-10-03 03:41:19.091 [info] > git status -z -uall [2188ms]
2024-10-03 03:41:38.045 [info] > git show --textconv :.vscode/tasks.json [44ms]
2024-10-03 03:41:38.058 [info] > git ls-files --stage -- /root/thsunest01/.vscode/tasks.json [14ms]
2024-10-03 03:41:38.111 [info] > git cat-file -s 104aa15aa2c28609b183e40a75341274fce3d2ef [11ms]
2024-10-03 03:41:44.382 [info] > git show --textconv :.vscode/launch.json [38ms]
2024-10-03 03:41:44.395 [info] > git ls-files --stage -- /root/thsunest01/.vscode/launch.json [13ms]
2024-10-03 03:41:44.448 [info] > git cat-file -s b16e015cdde70d8201730a9771c618be62fbfed2 [19ms]
2024-10-03 03:41:51.446 [info] > git remote --verbose [323ms]
2024-10-03 03:41:51.446 [info] > git for-each-ref --sort -committerdate --format %(refname) %(objectname) %(*objectname) [361ms]
2024-10-03 03:41:51.460 [info] > git config --get commit.template [44ms]
2024-10-03 03:41:51.512 [info] > git for-each-ref --format=%(refname)%00%(upstream:short)%00%(objectname)%00%(upstream:track)%00%(upstream:remotename)%00%(upstream:remoteref) refs/heads/th refs/remotes/th [11ms]
2024-10-03 03:41:53.119 [info] > git status -z -uall [1964ms]
2024-10-03 03:41:58.677 [info] > git remote --verbose [336ms]
2024-10-03 03:41:58.678 [info] > git for-each-ref --sort -committerdate --format %(refname) %(objectname) %(*objectname) [386ms]
2024-10-03 03:41:58.681 [info] > git config --get commit.template [180ms]
2024-10-03 03:41:58.737 [info] > git for-each-ref --format=%(refname)%00%(upstream:short)%00%(objectname)%00%(upstream:track)%00%(upstream:remotename)%00%(upstream:remoteref) refs/heads/th refs/remotes/th [12ms]
2024-10-03 03:42:00.391 [info] > git status -z -uall [2013ms]
2024-10-03 03:42:08.238 [info] > git remote --verbose [354ms]
2024-10-03 03:42:08.239 [info] > git for-each-ref --sort -committerdate --format %(refname) %(objectname) %(*objectname) [404ms]
2024-10-03 03:42:08.250 [info] > git config --get commit.template [44ms]
2024-10-03 03:42:08.320 [info] > git for-each-ref --format=%(refname)%00%(upstream:short)%00%(objectname)%00%(upstream:track)%00%(upstream:remotename)%00%(upstream:remoteref) refs/heads/th refs/remotes/th [21ms]
2024-10-03 03:42:09.723 [info] > git status -z -uall [1804ms]
2024-10-03 03:42:15.353 [info] > git remote --verbose [390ms]
2024-10-03 03:42:15.354 [info] > git for-each-ref --sort -committerdate --format %(refname) %(objectname) %(*objectname) [448ms]
2024-10-03 03:42:15.357 [info] > git config --get commit.template [7ms]
2024-10-03 03:42:15.432 [info] > git for-each-ref --format=%(refname)%00%(upstream:short)%00%(objectname)%00%(upstream:track)%00%(upstream:remotename)%00%(upstream:remoteref) refs/heads/th refs/remotes/th [22ms]
2024-10-03 03:42:16.696 [info] > git show --textconv :.vscode/tasks.json [38ms]
2024-10-03 03:42:16.708 [info] > git ls-files --stage -- /root/thsunest01/.vscode/tasks.json [12ms]
2024-10-03 03:42:16.756 [info] > git status -z -uall [1742ms]
2024-10-03 03:42:16.848 [info] > git cat-file -s 104aa15aa2c28609b183e40a75341274fce3d2ef [101ms]
2024-10-03 03:42:23.782 [info] > git show --textconv :.vscode/launch.json [46ms]
2024-10-03 03:42:23.794 [info] > git ls-files --stage -- /root/thsunest01/.vscode/launch.json [13ms]
2024-10-03 03:42:23.854 [info] > git cat-file -s b16e015cdde70d8201730a9771c618be62fbfed2 [12ms]
2024-10-03 03:42:35.908 [info] > git remote --verbose [48ms]
2024-10-03 03:42:35.908 [info] > git for-each-ref --sort -committerdate --format %(refname) %(objectname) %(*objectname) [94ms]
2024-10-03 03:42:36.161 [info] > git config --get commit.template [48ms]
2024-10-03 03:42:36.255 [info] > git for-each-ref --format=%(refname)%00%(upstream:short)%00%(objectname)%00%(upstream:track)%00%(upstream:remotename)%00%(upstream:remoteref) refs/heads/th refs/remotes/th [30ms]
2024-10-03 03:42:38.050 [info] > git status -z -uall [2146ms]
2024-10-03 03:42:40.462 [info] > git show --textconv :.vscode/tasks.json [45ms]
2024-10-03 03:42:40.473 [info] > git ls-files --stage -- /root/thsunest01/.vscode/tasks.json [12ms]
2024-10-03 03:42:40.528 [info] > git cat-file -s 104aa15aa2c28609b183e40a75341274fce3d2ef [11ms]
2024-10-03 03:42:43.560 [info] > git remote --verbose [304ms]
2024-10-03 03:42:43.565 [info] > git for-each-ref --sort -committerdate --format %(refname) %(objectname) %(*objectname) [350ms]
2024-10-03 03:42:43.572 [info] > git config --get commit.template [30ms]
2024-10-03 03:42:43.653 [info] > git for-each-ref --format=%(refname)%00%(upstream:short)%00%(objectname)%00%(upstream:track)%00%(upstream:remotename)%00%(upstream:remoteref) refs/heads/th refs/remotes/th [19ms]
2024-10-03 03:42:43.761 [info] > git show --textconv :.vscode/launch.json [45ms]
2024-10-03 03:42:43.771 [info] > git ls-files --stage -- /root/thsunest01/.vscode/launch.json [11ms]
2024-10-03 03:42:43.825 [info] > git cat-file -s b16e015cdde70d8201730a9771c618be62fbfed2 [8ms]
2024-10-03 03:42:44.676 [info] > git status -z -uall [1366ms]
2024-10-03 03:42:50.959 [info] > git remote --verbose [52ms]
2024-10-03 03:42:50.959 [info] > git for-each-ref --sort -committerdate --format %(refname) %(objectname) %(*objectname) [104ms]
2024-10-03 03:42:51.273 [info] > git config --get commit.template [133ms]
2024-10-03 03:42:51.354 [info] > git for-each-ref --format=%(refname)%00%(upstream:short)%00%(objectname)%00%(upstream:track)%00%(upstream:remotename)%00%(upstream:remoteref) refs/heads/th refs/remotes/th [14ms]
2024-10-03 03:42:52.640 [info] > git show --textconv :.vscode/tasks.json [50ms]
2024-10-03 03:42:52.662 [info] > git ls-files --stage -- /root/thsunest01/.vscode/tasks.json [23ms]
2024-10-03 03:42:52.728 [info] > git cat-file -s 104aa15aa2c28609b183e40a75341274fce3d2ef [12ms]
2024-10-03 03:42:52.846 [info] > git status -z -uall [1893ms]
2024-10-03 03:42:55.048 [info] > git show --textconv :.vscode/launch.json [72ms]
2024-10-03 03:42:55.067 [info] > git ls-files --stage -- /root/thsunest01/.vscode/launch.json [21ms]
2024-10-03 03:42:55.148 [info] > git cat-file -s b16e015cdde70d8201730a9771c618be62fbfed2 [10ms]
2024-10-03 03:43:16.733 [info] > git remote --verbose [297ms]
2024-10-03 03:43:16.734 [info] > git for-each-ref --sort -committerdate --format %(refname) %(objectname) %(*objectname) [351ms]
2024-10-03 03:43:16.752 [info] > git config --get commit.template [30ms]
2024-10-03 03:43:16.881 [info] > git for-each-ref --format=%(refname)%00%(upstream:short)%00%(objectname)%00%(upstream:track)%00%(upstream:remotename)%00%(upstream:remoteref) refs/heads/th refs/remotes/th [54ms]
2024-10-03 03:43:17.988 [info] > git status -z -uall [1506ms]
2024-10-03 03:43:25.048 [info] > git remote --verbose [373ms]
2024-10-03 03:43:25.048 [info] > git for-each-ref --sort -committerdate --format %(refname) %(objectname) %(*objectname) [429ms]
2024-10-03 03:43:25.097 [info] > git config --get commit.template [51ms]
2024-10-03 03:43:25.109 [info] > git for-each-ref --format=%(refname)%00%(upstream:short)%00%(objectname)%00%(upstream:track)%00%(upstream:remotename)%00%(upstream:remoteref) refs/heads/th refs/remotes/th [13ms]
2024-10-03 03:43:26.913 [info] > git status -z -uall [2197ms]
2024-10-03 03:43:37.183 [info] > git remote --verbose [324ms]
2024-10-03 03:43:37.184 [info] > git for-each-ref --sort -committerdate --format %(refname) %(objectname) %(*objectname) [367ms]
2024-10-03 03:43:37.195 [info] > git config --get commit.template [36ms]
2024-10-03 03:43:37.238 [info] > git for-each-ref --format=%(refname)%00%(upstream:short)%00%(objectname)%00%(upstream:track)%00%(upstream:remotename)%00%(upstream:remoteref) refs/heads/th refs/remotes/th [10ms]
2024-10-03 03:43:38.406 [info] > git status -z -uall [1510ms]
2024-10-03 03:43:43.946 [info] > git remote --verbose [339ms]
2024-10-03 03:43:43.947 [info] > git for-each-ref --sort -committerdate --format %(refname) %(objectname) %(*objectname) [390ms]
2024-10-03 03:43:43.962 [info] > git config --get commit.template [116ms]
2024-10-03 03:43:44.030 [info] > git for-each-ref --format=%(refname)%00%(upstream:short)%00%(objectname)%00%(upstream:track)%00%(upstream:remotename)%00%(upstream:remoteref) refs/heads/th refs/remotes/th [17ms]
2024-10-03 03:43:45.676 [info] > git status -z -uall [2021ms]
2024-10-03 03:43:51.593 [info] > git show --textconv :c/LinkListw/intersection.cpp [35ms]
2024-10-03 03:43:51.614 [info] > git ls-files --stage -- /root/thsunest01/c/LinkListw/intersection.cpp [22ms]
2024-10-03 03:44:06.442 [info] > git remote --verbose [342ms]
2024-10-03 03:44:06.443 [info] > git for-each-ref --sort -committerdate --format %(refname) %(objectname) %(*objectname) [379ms]
2024-10-03 03:44:06.445 [info] > git config --get commit.template [165ms]
2024-10-03 03:44:06.515 [info] > git for-each-ref --format=%(refname)%00%(upstream:short)%00%(objectname)%00%(upstream:track)%00%(upstream:remotename)%00%(upstream:remoteref) refs/heads/th refs/remotes/th [16ms]
2024-10-03 03:44:08.427 [info] > git status -z -uall [2291ms]
2024-10-03 03:44:17.627 [info] > git show --textconv :.vscode/launch.json [36ms]
2024-10-03 03:44:17.642 [info] > git ls-files --stage -- /root/thsunest01/.vscode/launch.json [16ms]
2024-10-03 03:44:17.693 [info] > git cat-file -s b16e015cdde70d8201730a9771c618be62fbfed2 [12ms]
2024-10-03 03:44:24.508 [info] > git show --textconv :c/LinkListw/统考_2015.cpp [39ms]
2024-10-03 03:44:24.522 [info] > git ls-files --stage -- /root/thsunest01/c/LinkListw/统考_2015.cpp [15ms]
2024-10-03 03:44:30.905 [info] > git show --textconv :c/LinkList.c++ [35ms]
2024-10-03 03:44:30.923 [info] > git ls-files --stage -- /root/thsunest01/c/LinkList.c++ [21ms]
2024-10-03 03:44:30.990 [info] > git cat-file -s bf3d8a5b9ea3a471f71e804ba3de308c72bc26c8 [33ms]
2024-10-03 03:44:31.211 [info] > git check-ignore -v -z --stdin [19ms]
2024-10-03 03:44:31.784 [info] > git show --textconv :c/LinkListw/LinkList.h [42ms]
2024-10-03 03:44:31.838 [info] > git ls-files --stage -- /root/thsunest01/c/LinkListw/LinkList.h [57ms]
2024-10-03 03:44:32.772 [info] > git show --textconv :.vscode/launch.json [48ms]
2024-10-03 03:44:32.804 [info] > git ls-files --stage -- /root/thsunest01/.vscode/launch.json [31ms]
2024-10-03 03:44:32.851 [info] > git cat-file -s b16e015cdde70d8201730a9771c618be62fbfed2 [16ms]
2024-10-03 03:44:54.576 [info] > git remote --verbose [39ms]
2024-10-03 03:44:54.577 [info] > git for-each-ref --sort -committerdate --format %(refname) %(objectname) %(*objectname) [108ms]
2024-10-03 03:44:54.825 [info] > git config --get commit.template [203ms]
2024-10-03 03:44:54.943 [info] > git for-each-ref --format=%(refname)%00%(upstream:short)%00%(objectname)%00%(upstream:track)%00%(upstream:remotename)%00%(upstream:remoteref) refs/heads/th refs/remotes/th [38ms]
2024-10-03 03:44:55.085 [info] > git show --textconv :c/LinkListw/intersection.cpp [37ms]
2024-10-03 03:44:55.091 [info] > git ls-files --stage -- /root/thsunest01/c/LinkListw/intersection.cpp [15ms]
2024-10-03 03:44:56.012 [info] > git status -z -uall [1441ms]
2024-10-03 03:45:01.642 [info] > git remote --verbose [366ms]
2024-10-03 03:45:01.643 [info] > git for-each-ref --sort -committerdate --format %(refname) %(objectname) %(*objectname) [399ms]
2024-10-03 03:45:01.646 [info] > git config --get commit.template [7ms]
2024-10-03 03:45:01.708 [info] > git for-each-ref --format=%(refname)%00%(upstream:short)%00%(objectname)%00%(upstream:track)%00%(upstream:remotename)%00%(upstream:remoteref) refs/heads/th refs/remotes/th [15ms]
2024-10-03 03:45:03.404 [info] > git status -z -uall [2102ms]
2024-10-03 03:45:14.595 [info] > git show --textconv :.vscode/tasks.json [32ms]
2024-10-03 03:45:14.606 [info] > git ls-files --stage -- /root/thsunest01/.vscode/tasks.json [12ms]
2024-10-03 03:45:14.648 [info] > git cat-file -s 104aa15aa2c28609b183e40a75341274fce3d2ef [11ms]
2024-10-03 03:45:48.154 [info] > git show --textconv :.vscode/c_cpp_properties.json [38ms]
2024-10-03 03:45:48.163 [info] > git ls-files --stage -- /root/thsunest01/.vscode/c_cpp_properties.json [15ms]
2024-10-03 03:45:48.233 [info] > git cat-file -s 068214512c0f8526db2eb5da2dd68bc59c6de662 [31ms]
2024-10-03 03:45:48.598 [info] > git show --textconv :.vscode/launch.json [30ms]
2024-10-03 03:45:48.608 [info] > git ls-files --stage -- /root/thsunest01/.vscode/launch.json [10ms]
2024-10-03 03:45:48.650 [info] > git cat-file -s b16e015cdde70d8201730a9771c618be62fbfed2 [13ms]
2024-10-03 03:45:55.906 [info] > git remote --verbose [303ms]
2024-10-03 03:45:55.907 [info] > git for-each-ref --sort -committerdate --format %(refname) %(objectname) %(*objectname) [343ms]
2024-10-03 03:45:56.041 [info] > git config --get commit.template [306ms]
2024-10-03 03:45:56.047 [info] > git for-each-ref --format=%(refname)%00%(upstream:short)%00%(objectname)%00%(upstream:track)%00%(upstream:remotename)%00%(upstream:remoteref) refs/heads/th refs/remotes/th [18ms]
2024-10-03 03:45:57.340 [info] > git status -z -uall [1706ms]
2024-10-03 03:46:02.879 [info] > git remote --verbose [335ms]
2024-10-03 03:46:02.881 [info] > git for-each-ref --sort -committerdate --format %(refname) %(objectname) %(*objectname) [377ms]
2024-10-03 03:46:02.906 [info] > git config --get commit.template [165ms]
2024-10-03 03:46:02.978 [info] > git for-each-ref --format=%(refname)%00%(upstream:short)%00%(objectname)%00%(upstream:track)%00%(upstream:remotename)%00%(upstream:remoteref) refs/heads/th refs/remotes/th [22ms]
2024-10-03 03:46:04.030 [info] > git status -z -uall [1448ms]
2024-10-03 03:46:09.687 [info] > git remote --verbose [349ms]
2024-10-03 03:46:09.688 [info] > git for-each-ref --sort -committerdate --format %(refname) %(objectname) %(*objectname) [394ms]
2024-10-03 03:46:09.690 [info] > git config --get commit.template [19ms]
2024-10-03 03:46:09.744 [info] > git for-each-ref --format=%(refname)%00%(upstream:short)%00%(objectname)%00%(upstream:track)%00%(upstream:remotename)%00%(upstream:remoteref) refs/heads/th refs/remotes/th [13ms]
2024-10-03 03:46:11.480 [info] > git status -z -uall [2112ms]
2024-10-03 03:46:12.655 [info] > git show --textconv :c/LinkListw/intersection.cpp [1029ms]
2024-10-03 03:46:12.656 [info] > git ls-files --stage -- /root/thsunest01/c/LinkListw/intersection.cpp [992ms]
2024-10-03 03:46:18.471 [info] > git remote --verbose [36ms]
2024-10-03 03:46:18.471 [info] > git for-each-ref --sort -committerdate --format %(refname) %(objectname) %(*objectname) [70ms]
2024-10-03 03:46:18.768 [info] > git config --get commit.template [3ms]
2024-10-03 03:46:18.831 [info] > git for-each-ref --format=%(refname)%00%(upstream:short)%00%(objectname)%00%(upstream:track)%00%(upstream:remotename)%00%(upstream:remoteref) refs/heads/th refs/remotes/th [16ms]
2024-10-03 03:46:20.340 [info] > git status -z -uall [1873ms]
2024-10-03 03:46:24.437 [info] > git show --textconv :.vscode/launch.json [39ms]
2024-10-03 03:46:24.447 [info] > git ls-files --stage -- /root/thsunest01/.vscode/launch.json [11ms]
2024-10-03 03:46:24.491 [info] > git cat-file -s b16e015cdde70d8201730a9771c618be62fbfed2 [12ms]
2024-10-03 03:46:30.356 [info] > git remote --verbose [33ms]
2024-10-03 03:46:30.356 [info] > git for-each-ref --sort -committerdate --format %(refname) %(objectname) %(*objectname) [69ms]
2024-10-03 03:46:30.619 [info] > git config --get commit.template [64ms]
2024-10-03 03:46:30.785 [info] > git for-each-ref --format=%(refname)%00%(upstream:short)%00%(objectname)%00%(upstream:track)%00%(upstream:remotename)%00%(upstream:remoteref) refs/heads/th refs/remotes/th [72ms]
2024-10-03 03:46:30.936 [info] > git show --textconv :c/LinkListw/intersection.cpp [37ms]
2024-10-03 03:46:30.950 [info] > git ls-files --stage -- /root/thsunest01/c/LinkListw/intersection.cpp [15ms]
2024-10-03 03:46:32.099 [info] > git status -z -uall [1747ms]
2024-10-03 03:46:37.358 [info] > git remote --verbose [65ms]
2024-10-03 03:46:37.359 [info] > git for-each-ref --sort -committerdate --format %(refname) %(objectname) %(*objectname) [128ms]
2024-10-03 03:46:37.707 [info] > git config --get commit.template [113ms]
2024-10-03 03:46:37.766 [info] > git for-each-ref --format=%(refname)%00%(upstream:short)%00%(objectname)%00%(upstream:track)%00%(upstream:remotename)%00%(upstream:remoteref) refs/heads/th refs/remotes/th [13ms]
2024-10-03 03:46:39.258 [info] > git status -z -uall [1908ms]
2024-10-03 03:46:53.346 [info] > git show --textconv :.vscode/tasks.json [41ms]
2024-10-03 03:46:53.358 [info] > git ls-files --stage -- /root/thsunest01/.vscode/tasks.json [13ms]
2024-10-03 03:46:53.408 [info] > git cat-file -s 104aa15aa2c28609b183e40a75341274fce3d2ef [12ms]
2024-10-03 03:49:00.032 [info] > git remote --verbose [399ms]
2024-10-03 03:49:00.032 [info] > git for-each-ref --sort -committerdate --format %(refname) %(objectname) %(*objectname) [450ms]
2024-10-03 03:49:00.039 [info] > git config --get commit.template [19ms]
2024-10-03 03:49:00.082 [info] > git for-each-ref --format=%(refname)%00%(upstream:short)%00%(objectname)%00%(upstream:track)%00%(upstream:remotename)%00%(upstream:remoteref) refs/heads/th refs/remotes/th [12ms]
2024-10-03 03:49:01.461 [info] > git status -z -uall [1779ms]
2024-10-03 03:49:06.659 [info] > git remote --verbose [32ms]
2024-10-03 03:49:06.660 [info] > git for-each-ref --sort -committerdate --format %(refname) %(objectname) %(*objectname) [68ms]
2024-10-03 03:49:06.964 [info] > git config --get commit.template [131ms]
2024-10-03 03:49:07.019 [info] > git for-each-ref --format=%(refname)%00%(upstream:short)%00%(objectname)%00%(upstream:track)%00%(upstream:remotename)%00%(upstream:remoteref) refs/heads/th refs/remotes/th [17ms]
2024-10-03 03:49:08.006 [info] > git status -z -uall [1351ms]
2024-10-03 03:49:09.622 [info] > git show --textconv :c/LinkListw/LinkList.h [36ms]
2024-10-03 03:49:09.632 [info] > git ls-files --stage -- /root/thsunest01/c/LinkListw/LinkList.h [14ms]
