Try caught an error. Error: Request c-cpp-flylint.cpptools.activeConfigName failed with message: command 'cpptools.activeConfigName' not found
Retrying...
Try caught an error. Error: Request c-cpp-flylint.cpptools.activeConfigName failed with message: command 'cpptools.activeConfigName' not found
Retrying...
Try caught an error. Error: Request c-cpp-flylint.cpptools.activeConfigName failed with message: command 'cpptools.activeConfigName' not found
Retrying...
Try caught an error. Error: Request c-cpp-flylint.cpptools.activeConfigName failed with message: command 'cpptools.activeConfigName' not found
Retrying...
Try caught an error. Error: Request c-cpp-flylint.cpptools.activeConfigName failed with message: command 'cpptools.activeConfigName' not found
Retrying...
Try caught an error. Error: Request c-cpp-flylint.cpptools.activeConfigName failed with message: command 'cpptools.activeConfigName' not found
Retrying...
Try caught an error. Error: Request c-cpp-flylint.cpptools.activeConfigName failed with message: command 'cpptools.activeConfigName' not found
Retrying...
Try caught an error. Error: Request c-cpp-flylint.cpptools.activeConfigName failed with message: command 'cpptools.activeConfigName' not found
Retrying...
Try caught an error. Error: Request c-cpp-flylint.cpptools.activeConfigName failed with message: command 'cpptools.activeConfigName' not found
Retrying...
Try caught an error. Error: Request c-cpp-flylint.cpptools.activeConfigName failed with message: command 'cpptools.activeConfigName' not found
Retrying...
Try caught an error. Error: Request c-cpp-flylint.cpptools.activeConfigName failed with message: command 'cpptools.activeConfigName' not found
Retrying...
Try caught an error. Error: Request c-cpp-flylint.cpptools.activeConfigName failed with message: command 'cpptools.activeConfigName' not found
Retrying...
Try caught an error. Error: Request c-cpp-flylint.cpptools.activeConfigName failed with message: command 'cpptools.activeConfigName' not found
Retrying...
Try caught an error. Error: Request c-cpp-flylint.cpptools.activeConfigName failed with message: command 'cpptools.activeConfigName' not found
Retrying...
Try caught an error. Error: Request c-cpp-flylint.cpptools.activeConfigName failed with message: command 'cpptools.activeConfigName' not found
Retrying...
Try caught an error. Error: Request c-cpp-flylint.cpptools.activeConfigName failed with message: command 'cpptools.activeConfigName' not found
Retrying...
Try caught an error. Error: Request c-cpp-flylint.cpptools.activeConfigName failed with message: command 'cpptools.activeConfigName' not found
Retrying...
Try caught an error. Error: Request c-cpp-flylint.cpptools.activeConfigName failed with message: command 'cpptools.activeConfigName' not found
Retrying...
Try caught an error. Error: Request c-cpp-flylint.cpptools.activeConfigName failed with message: command 'cpptools.activeConfigName' not found
Retrying...
Try caught an error. Error: Request c-cpp-flylint.cpptools.activeConfigName failed with message: command 'cpptools.activeConfigName' not found
Retrying...
Try caught an error. Error: Request c-cpp-flylint.cpptools.activeConfigName failed with message: command 'cpptools.activeConfigName' not found
Retrying...
Try caught an error. Error: Request c-cpp-flylint.cpptools.activeConfigName failed with message: command 'cpptools.activeConfigName' not found
Retrying...
Failed to access "ms-vstools.cpptools"extension's active workspaceconfiguration.
Try caught an error. Error: Request c-cpp-flylint.cpptools.activeConfigName failed with message: command 'cpptools.activeConfigName' not found
Retrying...
Try caught an error. Error: Request c-cpp-flylint.cpptools.activeConfigName failed with message: command 'cpptools.activeConfigName' not found
Retrying...
Try caught an error. Error: Request c-cpp-flylint.cpptools.activeConfigName failed with message: command 'cpptools.activeConfigName' not found
Retrying...
Try caught an error. Error: Request c-cpp-flylint.cpptools.activeConfigName failed with message: command 'cpptools.activeConfigName' not found
Retrying...
Try caught an error. Error: Request c-cpp-flylint.cpptools.activeConfigName failed with message: command 'cpptools.activeConfigName' not found
Retrying...
Try caught an error. Error: Request c-cpp-flylint.cpptools.activeConfigName failed with message: command 'cpptools.activeConfigName' not found
Retrying...
Try caught an error. Error: Request c-cpp-flylint.cpptools.activeConfigName failed with message: command 'cpptools.activeConfigName' not found
Retrying...
Try caught an error. Error: Request c-cpp-flylint.cpptools.activeConfigName failed with message: command 'cpptools.activeConfigName' not found
Retrying...
Try caught an error. Error: Request c-cpp-flylint.cpptools.activeConfigName failed with message: command 'cpptools.activeConfigName' not found
Retrying...
Try caught an error. Error: Request c-cpp-flylint.cpptools.activeConfigName failed with message: command 'cpptools.activeConfigName' not found
Retrying...
Try caught an error. Error: Request c-cpp-flylint.cpptools.activeConfigName failed with message: command 'cpptools.activeConfigName' not found
Retrying...
Try caught an error. Error: Request c-cpp-flylint.cpptools.activeConfigName failed with message: command 'cpptools.activeConfigName' not found
Retrying...
Try caught an error. Error: Request c-cpp-flylint.cpptools.activeConfigName failed with message: command 'cpptools.activeConfigName' not found
Retrying...
Try caught an error. Error: Request c-cpp-flylint.cpptools.activeConfigName failed with message: command 'cpptools.activeConfigName' not found
Retrying...
Try caught an error. Error: Request c-cpp-flylint.cpptools.activeConfigName failed with message: command 'cpptools.activeConfigName' not found
Retrying...
Try caught an error. Error: Request c-cpp-flylint.cpptools.activeConfigName failed with message: command 'cpptools.activeConfigName' not found
Retrying...
Try caught an error. Error: Request c-cpp-flylint.cpptools.activeConfigName failed with message: command 'cpptools.activeConfigName' not found
Retrying...
Try caught an error. Error: Request c-cpp-flylint.cpptools.activeConfigName failed with message: command 'cpptools.activeConfigName' not found
Retrying...
Try caught an error. Error: Request c-cpp-flylint.cpptools.activeConfigName failed with message: command 'cpptools.activeConfigName' not found
Retrying...
Try caught an error. Error: Request c-cpp-flylint.cpptools.activeConfigName failed with message: command 'cpptools.activeConfigName' not found
Retrying...
Try caught an error. Error: Request c-cpp-flylint.cpptools.activeConfigName failed with message: command 'cpptools.activeConfigName' not found
Retrying...
Try caught an error. Error: Request c-cpp-flylint.cpptools.activeConfigName failed with message: command 'cpptools.activeConfigName' not found
Retrying...
Try caught an error. Error: Request c-cpp-flylint.cpptools.activeConfigName failed with message: command 'cpptools.activeConfigName' not found
Retrying...
Try caught an error. Error: Request c-cpp-flylint.cpptools.activeConfigName failed with message: command 'cpptools.activeConfigName' not found
Retrying...
Try caught an error. Error: Request c-cpp-flylint.cpptools.activeConfigName failed with message: command 'cpptools.activeConfigName' not found
Retrying...
Try caught an error. Error: Request c-cpp-flylint.cpptools.activeConfigName failed with message: command 'cpptools.activeConfigName' not found
Retrying...
Try caught an error. Error: Request c-cpp-flylint.cpptools.activeConfigName failed with message: command 'cpptools.activeConfigName' not found
Retrying...
Try caught an error. Error: Request c-cpp-flylint.cpptools.activeConfigName failed with message: command 'cpptools.activeConfigName' not found
Retrying...
Try caught an error. Error: Request c-cpp-flylint.cpptools.activeConfigName failed with message: command 'cpptools.activeConfigName' not found
Retrying...
Try caught an error. Error: Request c-cpp-flylint.cpptools.activeConfigName failed with message: command 'cpptools.activeConfigName' not found
Retrying...
Try caught an error. Error: Request c-cpp-flylint.cpptools.activeConfigName failed with message: command 'cpptools.activeConfigName' not found
Retrying...
Try caught an error. Error: Request c-cpp-flylint.cpptools.activeConfigName failed with message: command 'cpptools.activeConfigName' not found
Retrying...
Try caught an error. Error: Request c-cpp-flylint.cpptools.activeConfigName failed with message: command 'cpptools.activeConfigName' not found
Retrying...
Try caught an error. Error: Request c-cpp-flylint.cpptools.activeConfigName failed with message: command 'cpptools.activeConfigName' not found
Retrying...
Skipping analysis because ON_SAVE !== ON_TYPE.
Try caught an error. Error: Request c-cpp-flylint.cpptools.activeConfigName failed with message: command 'cpptools.activeConfigName' not found
Retrying...
Performing lint scan of /root/c/LinkList.c++...
Completed lint scans...
Try caught an error. Error: Request c-cpp-flylint.cpptools.activeConfigName failed with message: command 'cpptools.activeConfigName' not found
Retrying...
Try caught an error. Error: Request c-cpp-flylint.cpptools.activeConfigName failed with message: command 'cpptools.activeConfigName' not found
Retrying...
Try caught an error. Error: Request c-cpp-flylint.cpptools.activeConfigName failed with message: command 'cpptools.activeConfigName' not found
Retrying...
Try caught an error. Error: Request c-cpp-flylint.cpptools.activeConfigName failed with message: command 'cpptools.activeConfigName' not found
Retrying...
Try caught an error. Error: Request c-cpp-flylint.cpptools.activeConfigName failed with message: command 'cpptools.activeConfigName' not found
Retrying...
Try caught an error. Error: Request c-cpp-flylint.cpptools.activeConfigName failed with message: command 'cpptools.activeConfigName' not found
Retrying...
Try caught an error. Error: Request c-cpp-flylint.cpptools.activeConfigName failed with message: command 'cpptools.activeConfigName' not found
Retrying...
Try caught an error. Error: Request c-cpp-flylint.cpptools.activeConfigName failed with message: command 'cpptools.activeConfigName' not found
Retrying...
Try caught an error. Error: Request c-cpp-flylint.cpptools.activeConfigName failed with message: command 'cpptools.activeConfigName' not found
Retrying...
Try caught an error. Error: Request c-cpp-flylint.cpptools.activeConfigName failed with message: command 'cpptools.activeConfigName' not found
Retrying...
Try caught an error. Error: Request c-cpp-flylint.cpptools.activeConfigName failed with message: command 'cpptools.activeConfigName' not found
Retrying...
Try caught an error. Error: Request c-cpp-flylint.cpptools.activeConfigName failed with message: command 'cpptools.activeConfigName' not found
Retrying...
Try caught an error. Error: Request c-cpp-flylint.cpptools.activeConfigName failed with message: command 'cpptools.activeConfigName' not found
Retrying...
Try caught an error. Error: Request c-cpp-flylint.cpptools.activeConfigName failed with message: command 'cpptools.activeConfigName' not found
Retrying...
Try caught an error. Error: Request c-cpp-flylint.cpptools.activeConfigName failed with message: command 'cpptools.activeConfigName' not found
Retrying...
Try caught an error. Error: Request c-cpp-flylint.cpptools.activeConfigName failed with message: command 'cpptools.activeConfigName' not found
Retrying...
Try caught an error. Error: Request c-cpp-flylint.cpptools.activeConfigName failed with message: command 'cpptools.activeConfigName' not found
Retrying...
Try caught an error. Error: Request c-cpp-flylint.cpptools.activeConfigName failed with message: command 'cpptools.activeConfigName' not found
Retrying...
Try caught an error. Error: Request c-cpp-flylint.cpptools.activeConfigName failed with message: command 'cpptools.activeConfigName' not found
Retrying...
Try caught an error. Error: Request c-cpp-flylint.cpptools.activeConfigName failed with message: command 'cpptools.activeConfigName' not found
Retrying...
Try caught an error. Error: Request c-cpp-flylint.cpptools.activeConfigName failed with message: command 'cpptools.activeConfigName' not found
Retrying...
Try caught an error. Error: Request c-cpp-flylint.cpptools.activeConfigName failed with message: command 'cpptools.activeConfigName' not found
Retrying...
Try caught an error. Error: Request c-cpp-flylint.cpptools.activeConfigName failed with message: command 'cpptools.activeConfigName' not found
Retrying...
Performing lint scan of /root/c/双链表.cpp...
Completed lint scans...
Performing lint scan of /root/c/LinkList.c++...
Completed lint scans...
Skipping analysis because ON_SAVE !== ON_TYPE.
Performing lint scan of /root/c/LinkList.c++...
Completed lint scans...
Performing lint scan of /root/c/LinkList.c++...
Completed lint scans...
Skipping analysis because ON_SAVE !== ON_TYPE.
