2024-09-22 07:01:37.252 [info] 正在验证在以下位置中找到的 git: git
2024-09-22 07:01:37.252 [info] 将使用位于 git 的 Git 2.34.1
2024-09-22 07:01:37.252 [info] > git rev-parse --show-toplevel [277ms]
2024-09-22 07:01:37.252 [info] > git rev-parse --git-dir --git-common-dir [17ms]
2024-09-22 07:01:37.252 [info] Log level: Info
2024-09-22 07:01:37.252 [info] Open repository: /root
2024-09-22 07:01:37.252 [info] > git remote --verbose [99ms]
2024-09-22 07:01:37.252 [info] > git for-each-ref --sort -committerdate --format %(refname) %(objectname) %(*objectname) [126ms]
2024-09-22 07:01:37.253 [info] > git config --get commit.template [29ms]
2024-09-22 07:01:37.253 [info] > git rev-parse --show-toplevel [61ms]
2024-09-22 07:01:37.253 [info] > git rev-parse --git-dir --git-common-dir [85ms]
2024-09-22 07:01:37.253 [info] Log level: Info
2024-09-22 07:01:37.253 [info] Open repository: /root/thsunest01
2024-09-22 07:01:37.253 [info] > git status -z -uall [1100ms]
2024-09-22 07:01:37.254 [info] > git check-ignore -v -z --stdin [177ms]
2024-09-22 07:01:37.254 [info] > git rev-parse --show-toplevel [254ms]
2024-09-22 07:01:37.254 [info] > git remote --verbose [836ms]
2024-09-22 07:01:37.254 [info] > git for-each-ref --sort -committerdate --format %(refname) %(objectname) %(*objectname) [913ms]
2024-09-22 07:01:37.254 [info] > git for-each-ref --format=%(refname)%00%(upstream:short)%00%(objectname)%00%(upstream:track)%00%(upstream:remotename)%00%(upstream:remoteref) refs/heads/master refs/remotes/master [1007ms]
2024-09-22 07:01:37.254 [info] > git status -z -uall [558ms]
2024-09-22 07:01:37.254 [info] > git remote --verbose [620ms]
2024-09-22 07:01:37.254 [info] > git for-each-ref --sort -committerdate --format %(refname) %(objectname) %(*objectname) [685ms]
2024-09-22 07:01:37.254 [info] > git rev-parse --show-toplevel [913ms]
2024-09-22 07:01:37.254 [info] > git config --get commit.template [1153ms]
2024-09-22 07:01:37.254 [info] > git rev-parse --show-toplevel [33ms]
2024-09-22 07:01:37.254 [info] > git config --get commit.template [184ms]
2024-09-22 07:01:37.254 [info] > git rev-parse --show-toplevel [225ms]
2024-09-22 07:01:37.254 [info] > git rev-parse --show-toplevel [111ms]
2024-09-22 07:01:37.254 [info] > git for-each-ref --format=%(refname)%00%(upstream:short)%00%(objectname)%00%(upstream:track)%00%(upstream:remotename)%00%(upstream:remoteref) refs/heads/th refs/remotes/th [316ms]
2024-09-22 07:01:37.254 [info] > git for-each-ref --format=%(refname)%00%(upstream:short)%00%(objectname)%00%(upstream:track)%00%(upstream:remotename)%00%(upstream:remoteref) refs/heads/master refs/remotes/master [133ms]
2024-09-22 07:01:37.254 [info] > git status -z -uall [2951ms]
2024-09-22 07:01:37.254 [info] > git remote --verbose [1664ms]
2024-09-22 07:01:37.254 [info] > git for-each-ref --sort -committerdate --format %(refname) %(objectname) %(*objectname) [1693ms]
2024-09-22 07:01:37.254 [info] > git remote --verbose [189ms]
2024-09-22 07:01:37.254 [info] > git for-each-ref --sort -committerdate --format %(refname) %(objectname) %(*objectname) [224ms]
2024-09-22 07:01:37.254 [info] > git config --get commit.template [316ms]
2024-09-22 07:01:37.255 [info] > git config --get commit.template [54ms]
2024-09-22 07:01:37.255 [info] > git status -z -uall [378ms]
2024-09-22 07:01:37.255 [info] > git for-each-ref --format=%(refname)%00%(upstream:short)%00%(objectname)%00%(upstream:track)%00%(upstream:remotename)%00%(upstream:remoteref) refs/heads/th refs/remotes/th [127ms]
2024-09-22 07:01:37.255 [info] > git for-each-ref --format=%(refname)%00%(upstream:short)%00%(objectname)%00%(upstream:track)%00%(upstream:remotename)%00%(upstream:remoteref) refs/heads/master refs/remotes/master [60ms]
2024-09-22 07:01:37.255 [info] > git status -z -uall [3173ms]
2024-09-22 07:01:37.255 [info] > git check-ignore -v -z --stdin [144ms]
2024-09-22 07:01:37.255 [info] > git check-ignore -v -z --stdin [112ms]
2024-09-22 07:01:37.255 [info] > git check-ignore -v -z --stdin [46ms]
2024-09-22 07:01:37.255 [info] > git check-ignore -v -z --stdin [19ms]
2024-09-22 07:01:37.384 [info] > git show --textconv :c/栈.c++ [37ms]
2024-09-22 07:01:37.399 [info] > git ls-files --stage -- /root/thsunest01/c/栈.c++ [18ms]
2024-09-22 07:01:37.444 [info] > git cat-file -s e8adbfb3b6de1a38a89747d7619caf3890de1239 [15ms]
2024-09-22 07:01:38.112 [info] > git check-ignore -v -z --stdin [46ms]
2024-09-22 07:01:38.116 [info] > git check-ignore -v -z --stdin [11ms]
2024-09-22 07:01:39.007 [info] > git remote --verbose [42ms]
2024-09-22 07:01:39.008 [info] > git for-each-ref --sort -committerdate --format %(refname) %(objectname) %(*objectname) [80ms]
2024-09-22 07:01:39.086 [info] > git config --get commit.template [47ms]
2024-09-22 07:01:39.087 [info] > git for-each-ref --format=%(refname)%00%(upstream:short)%00%(objectname)%00%(upstream:track)%00%(upstream:remotename)%00%(upstream:remoteref) refs/heads/master refs/remotes/master [4ms]
2024-09-22 07:01:39.199 [info] > git status -z -uall [199ms]
2024-09-22 07:01:40.274 [info] > git check-ignore -v -z --stdin [12ms]
2024-09-22 07:01:42.464 [info] > git check-ignore -v -z --stdin [14ms]
2024-09-22 07:01:44.381 [info] > git remote --verbose [62ms]
2024-09-22 07:01:44.382 [info] > git for-each-ref --sort -committerdate --format %(refname) %(objectname) %(*objectname) [93ms]
2024-09-22 07:01:44.415 [info] > git config --get commit.template [37ms]
2024-09-22 07:01:44.431 [info] > git for-each-ref --format=%(refname)%00%(upstream:short)%00%(objectname)%00%(upstream:track)%00%(upstream:remotename)%00%(upstream:remoteref) refs/heads/master refs/remotes/master [19ms]
2024-09-22 07:01:44.535 [info] > git status -z -uall [190ms]
2024-09-22 07:01:46.435 [info] > git show --textconv :.profile [72ms]
2024-09-22 07:01:46.442 [info] > git ls-files --stage -- /root/.profile [33ms]
2024-09-22 07:01:47.249 [info] > git show --textconv :.bashrc [32ms]
2024-09-22 07:01:47.264 [info] > git ls-files --stage -- /root/.bashrc [21ms]
2024-09-22 07:01:49.708 [info] > git remote --verbose [73ms]
2024-09-22 07:01:49.708 [info] > git for-each-ref --sort -committerdate --format %(refname) %(objectname) %(*objectname) [114ms]
2024-09-22 07:01:49.721 [info] > git config --get commit.template [18ms]
2024-09-22 07:01:49.777 [info] > git for-each-ref --format=%(refname)%00%(upstream:short)%00%(objectname)%00%(upstream:track)%00%(upstream:remotename)%00%(upstream:remoteref) refs/heads/master refs/remotes/master [21ms]
2024-09-22 07:01:49.893 [info] > git status -z -uall [226ms]
2024-09-22 07:01:55.090 [info] > git remote --verbose [103ms]
2024-09-22 07:01:55.091 [info] > git for-each-ref --sort -committerdate --format %(refname) %(objectname) %(*objectname) [136ms]
2024-09-22 07:01:55.094 [info] > git config --get commit.template [20ms]
2024-09-22 07:01:55.135 [info] > git for-each-ref --format=%(refname)%00%(upstream:short)%00%(objectname)%00%(upstream:track)%00%(upstream:remotename)%00%(upstream:remoteref) refs/heads/master refs/remotes/master [9ms]
2024-09-22 07:01:55.185 [info] > git status -z -uall [160ms]
2024-09-22 07:01:59.235 [info] > git show --textconv :.vscode/launch.json [47ms]
2024-09-22 07:01:59.251 [info] > git ls-files --stage -- /root/.vscode/launch.json [21ms]
2024-09-22 07:02:00.376 [info] > git remote --verbose [85ms]
2024-09-22 07:02:00.376 [info] > git for-each-ref --sort -committerdate --format %(refname) %(objectname) %(*objectname) [120ms]
2024-09-22 07:02:00.381 [info] > git config --get commit.template [13ms]
2024-09-22 07:02:00.439 [info] > git for-each-ref --format=%(refname)%00%(upstream:short)%00%(objectname)%00%(upstream:track)%00%(upstream:remotename)%00%(upstream:remoteref) refs/heads/master refs/remotes/master [12ms]
2024-09-22 07:02:00.525 [info] > git status -z -uall [201ms]
2024-09-22 07:02:08.191 [info] > git remote --verbose [90ms]
2024-09-22 07:02:08.193 [info] > git for-each-ref --sort -committerdate --format %(refname) %(objectname) %(*objectname) [125ms]
2024-09-22 07:02:08.249 [info] > git config --get commit.template [64ms]
2024-09-22 07:02:08.256 [info] > git for-each-ref --format=%(refname)%00%(upstream:short)%00%(objectname)%00%(upstream:track)%00%(upstream:remotename)%00%(upstream:remoteref) refs/heads/master refs/remotes/master [10ms]
2024-09-22 07:02:08.464 [info] > git status -z -uall [327ms]
2024-09-22 07:02:08.464 [info] > git show --textconv :.vscode/launch.json [35ms]
2024-09-22 07:02:08.496 [info] > git ls-files --stage -- /root/.vscode/launch.json [35ms]
2024-09-22 07:02:14.379 [info] > git remote --verbose [76ms]
2024-09-22 07:02:14.380 [info] > git for-each-ref --sort -committerdate --format %(refname) %(objectname) %(*objectname) [115ms]
2024-09-22 07:02:14.384 [info] > git config --get commit.template [11ms]
2024-09-22 07:02:14.443 [info] > git for-each-ref --format=%(refname)%00%(upstream:short)%00%(objectname)%00%(upstream:track)%00%(upstream:remotename)%00%(upstream:remoteref) refs/heads/master refs/remotes/master [14ms]
2024-09-22 07:02:14.509 [info] > git status -z -uall [177ms]
2024-09-22 07:02:19.700 [info] > git remote --verbose [83ms]
2024-09-22 07:02:19.701 [info] > git for-each-ref --sort -committerdate --format %(refname) %(objectname) %(*objectname) [121ms]
2024-09-22 07:02:19.709 [info] > git config --get commit.template [13ms]
2024-09-22 07:02:19.758 [info] > git for-each-ref --format=%(refname)%00%(upstream:short)%00%(objectname)%00%(upstream:track)%00%(upstream:remotename)%00%(upstream:remoteref) refs/heads/master refs/remotes/master [10ms]
2024-09-22 07:02:19.821 [info] > git status -z -uall [170ms]
2024-09-22 07:02:25.014 [info] > git remote --verbose [60ms]
2024-09-22 07:02:25.014 [info] > git for-each-ref --sort -committerdate --format %(refname) %(objectname) %(*objectname) [106ms]
2024-09-22 07:02:25.122 [info] > git config --get commit.template [59ms]
2024-09-22 07:02:25.125 [info] > git for-each-ref --format=%(refname)%00%(upstream:short)%00%(objectname)%00%(upstream:track)%00%(upstream:remotename)%00%(upstream:remoteref) refs/heads/master refs/remotes/master [9ms]
2024-09-22 07:02:25.217 [info] > git status -z -uall [215ms]
2024-09-22 07:02:30.426 [info] > git remote --verbose [93ms]
2024-09-22 07:02:30.426 [info] > git for-each-ref --sort -committerdate --format %(refname) %(objectname) %(*objectname) [134ms]
2024-09-22 07:02:30.430 [info] > git config --get commit.template [17ms]
2024-09-22 07:02:30.483 [info] > git for-each-ref --format=%(refname)%00%(upstream:short)%00%(objectname)%00%(upstream:track)%00%(upstream:remotename)%00%(upstream:remoteref) refs/heads/master refs/remotes/master [11ms]
2024-09-22 07:02:30.575 [info] > git status -z -uall [206ms]
2024-09-22 07:02:35.783 [info] > git remote --verbose [99ms]
2024-09-22 07:02:35.784 [info] > git for-each-ref --sort -committerdate --format %(refname) %(objectname) %(*objectname) [136ms]
2024-09-22 07:02:35.792 [info] > git config --get commit.template [23ms]
2024-09-22 07:02:35.856 [info] > git for-each-ref --format=%(refname)%00%(upstream:short)%00%(objectname)%00%(upstream:track)%00%(upstream:remotename)%00%(upstream:remoteref) refs/heads/master refs/remotes/master [23ms]
2024-09-22 07:02:35.952 [info] > git status -z -uall [229ms]
2024-09-22 07:02:41.109 [info] > git remote --verbose [46ms]
2024-09-22 07:02:41.109 [info] > git for-each-ref --sort -committerdate --format %(refname) %(objectname) %(*objectname) [89ms]
2024-09-22 07:02:41.185 [info] > git config --get commit.template [44ms]
2024-09-22 07:02:41.192 [info] > git for-each-ref --format=%(refname)%00%(upstream:short)%00%(objectname)%00%(upstream:track)%00%(upstream:remotename)%00%(upstream:remoteref) refs/heads/master refs/remotes/master [12ms]
2024-09-22 07:02:41.352 [info] > git status -z -uall [248ms]
2024-09-22 07:02:46.587 [info] > git remote --verbose [101ms]
2024-09-22 07:02:46.593 [info] > git for-each-ref --sort -committerdate --format %(refname) %(objectname) %(*objectname) [145ms]
2024-09-22 07:02:46.599 [info] > git config --get commit.template [27ms]
2024-09-22 07:02:46.655 [info] > git for-each-ref --format=%(refname)%00%(upstream:short)%00%(objectname)%00%(upstream:track)%00%(upstream:remotename)%00%(upstream:remoteref) refs/heads/master refs/remotes/master [15ms]
2024-09-22 07:02:46.812 [info] > git status -z -uall [281ms]
2024-09-22 07:02:52.057 [info] > git remote --verbose [89ms]
2024-09-22 07:02:52.058 [info] > git for-each-ref --sort -committerdate --format %(refname) %(objectname) %(*objectname) [143ms]
2024-09-22 07:02:52.116 [info] > git config --get commit.template [61ms]
2024-09-22 07:02:52.134 [info] > git for-each-ref --format=%(refname)%00%(upstream:short)%00%(objectname)%00%(upstream:track)%00%(upstream:remotename)%00%(upstream:remoteref) refs/heads/master refs/remotes/master [22ms]
2024-09-22 07:02:52.311 [info] > git status -z -uall [302ms]
2024-09-22 07:02:57.515 [info] > git remote --verbose [90ms]
2024-09-22 07:02:57.516 [info] > git for-each-ref --sort -committerdate --format %(refname) %(objectname) %(*objectname) [124ms]
2024-09-22 07:02:57.520 [info] > git config --get commit.template [13ms]
2024-09-22 07:02:57.572 [info] > git for-each-ref --format=%(refname)%00%(upstream:short)%00%(objectname)%00%(upstream:track)%00%(upstream:remotename)%00%(upstream:remoteref) refs/heads/master refs/remotes/master [12ms]
2024-09-22 07:02:57.634 [info] > git status -z -uall [168ms]
2024-09-22 07:02:59.249 [info] > git show --textconv :c/栈.c++ [43ms]
2024-09-22 07:02:59.258 [info] > git ls-files --stage -- /root/thsunest01/c/栈.c++ [18ms]
2024-09-22 07:02:59.324 [info] > git cat-file -s e8adbfb3b6de1a38a89747d7619caf3890de1239 [33ms]
2024-09-22 07:03:02.769 [info] > git remote --verbose [34ms]
2024-09-22 07:03:02.770 [info] > git for-each-ref --sort -committerdate --format %(refname) %(objectname) %(*objectname) [68ms]
2024-09-22 07:03:02.851 [info] > git config --get commit.template [49ms]
2024-09-22 07:03:02.862 [info] > git for-each-ref --format=%(refname)%00%(upstream:short)%00%(objectname)%00%(upstream:track)%00%(upstream:remotename)%00%(upstream:remoteref) refs/heads/master refs/remotes/master [19ms]
2024-09-22 07:03:02.963 [info] > git status -z -uall [200ms]
2024-09-22 07:03:08.172 [info] > git remote --verbose [99ms]
2024-09-22 07:03:08.173 [info] > git for-each-ref --sort -committerdate --format %(refname) %(objectname) %(*objectname) [136ms]
2024-09-22 07:03:08.175 [info] > git config --get commit.template [29ms]
2024-09-22 07:03:08.231 [info] > git for-each-ref --format=%(refname)%00%(upstream:short)%00%(objectname)%00%(upstream:track)%00%(upstream:remotename)%00%(upstream:remoteref) refs/heads/master refs/remotes/master [16ms]
2024-09-22 07:03:08.380 [info] > git status -z -uall [271ms]
2024-09-22 07:03:09.310 [info] > git check-ignore -v -z --stdin [8ms]
2024-09-22 07:03:13.586 [info] > git remote --verbose [76ms]
2024-09-22 07:03:13.587 [info] > git for-each-ref --sort -committerdate --format %(refname) %(objectname) %(*objectname) [114ms]
2024-09-22 07:03:13.643 [info] > git config --get commit.template [61ms]
2024-09-22 07:03:13.653 [info] > git for-each-ref --format=%(refname)%00%(upstream:short)%00%(objectname)%00%(upstream:track)%00%(upstream:remotename)%00%(upstream:remoteref) refs/heads/master refs/remotes/master [13ms]
2024-09-22 07:03:13.716 [info] > git status -z -uall [170ms]
2024-09-22 07:03:18.891 [info] > git remote --verbose [62ms]
2024-09-22 07:03:18.892 [info] > git for-each-ref --sort -committerdate --format %(refname) %(objectname) %(*objectname) [89ms]
2024-09-22 07:03:18.900 [info] > git config --get commit.template [11ms]
2024-09-22 07:03:18.944 [info] > git for-each-ref --format=%(refname)%00%(upstream:short)%00%(objectname)%00%(upstream:track)%00%(upstream:remotename)%00%(upstream:remoteref) refs/heads/master refs/remotes/master [10ms]
2024-09-22 07:03:19.011 [info] > git status -z -uall [155ms]
2024-09-22 07:03:24.192 [info] > git remote --verbose [62ms]
2024-09-22 07:03:24.192 [info] > git for-each-ref --sort -committerdate --format %(refname) %(objectname) %(*objectname) [103ms]
2024-09-22 07:03:24.228 [info] > git config --get commit.template [41ms]
2024-09-22 07:03:24.236 [info] > git for-each-ref --format=%(refname)%00%(upstream:short)%00%(objectname)%00%(upstream:track)%00%(upstream:remotename)%00%(upstream:remoteref) refs/heads/master refs/remotes/master [9ms]
2024-09-22 07:03:24.305 [info] > git status -z -uall [149ms]
2024-09-22 07:03:29.036 [info] > git remote --verbose [264ms]
2024-09-22 07:03:29.038 [info] > git for-each-ref --sort -committerdate --format %(refname) %(objectname) %(*objectname) [296ms]
2024-09-22 07:03:29.113 [info] > git config --get commit.template [143ms]
2024-09-22 07:03:29.172 [info] > git for-each-ref --format=%(refname)%00%(upstream:short)%00%(objectname)%00%(upstream:track)%00%(upstream:remotename)%00%(upstream:remoteref) refs/heads/th refs/remotes/th [18ms]
2024-09-22 07:03:29.489 [info] > git remote --verbose [78ms]
2024-09-22 07:03:29.490 [info] > git for-each-ref --sort -committerdate --format %(refname) %(objectname) %(*objectname) [114ms]
2024-09-22 07:03:29.493 [info] > git config --get commit.template [13ms]
2024-09-22 07:03:29.539 [info] > git for-each-ref --format=%(refname)%00%(upstream:short)%00%(objectname)%00%(upstream:track)%00%(upstream:remotename)%00%(upstream:remoteref) refs/heads/master refs/remotes/master [10ms]
2024-09-22 07:03:29.602 [info] > git status -z -uall [160ms]
2024-09-22 07:03:30.423 [info] > git status -z -uall [1618ms]
2024-09-22 07:03:34.818 [info] > git remote --verbose [70ms]
2024-09-22 07:03:34.819 [info] > git for-each-ref --sort -committerdate --format %(refname) %(objectname) %(*objectname) [103ms]
2024-09-22 07:03:34.858 [info] > git config --get commit.template [44ms]
2024-09-22 07:03:34.864 [info] > git for-each-ref --format=%(refname)%00%(upstream:short)%00%(objectname)%00%(upstream:track)%00%(upstream:remotename)%00%(upstream:remoteref) refs/heads/master refs/remotes/master [15ms]
2024-09-22 07:03:34.929 [info] > git status -z -uall [149ms]
2024-09-22 07:03:37.698 [info] > git show --textconv :.vscode/launch.json [30ms]
2024-09-22 07:03:37.708 [info] > git ls-files --stage -- /root/.vscode/launch.json [11ms]
2024-09-22 07:03:40.183 [info] > git remote --verbose [101ms]
2024-09-22 07:03:40.184 [info] > git for-each-ref --sort -committerdate --format %(refname) %(objectname) %(*objectname) [146ms]
2024-09-22 07:03:40.197 [info] > git config --get commit.template [18ms]
2024-09-22 07:03:40.253 [info] > git for-each-ref --format=%(refname)%00%(upstream:short)%00%(objectname)%00%(upstream:track)%00%(upstream:remotename)%00%(upstream:remoteref) refs/heads/master refs/remotes/master [13ms]
2024-09-22 07:03:40.392 [info] > git status -z -uall [262ms]
2024-09-22 07:03:45.523 [info] > git remote --verbose [29ms]
2024-09-22 07:03:45.524 [info] > git for-each-ref --sort -committerdate --format %(refname) %(objectname) %(*objectname) [58ms]
2024-09-22 07:03:45.585 [info] > git config --get commit.template [35ms]
2024-09-22 07:03:45.595 [info] > git for-each-ref --format=%(refname)%00%(upstream:short)%00%(objectname)%00%(upstream:track)%00%(upstream:remotename)%00%(upstream:remoteref) refs/heads/master refs/remotes/master [13ms]
2024-09-22 07:03:45.711 [info] > git show --textconv :.vscode/tasks.json [31ms]
2024-09-22 07:03:45.730 [info] > git ls-files --stage -- /root/.vscode/tasks.json [21ms]
2024-09-22 07:03:45.795 [info] > git status -z -uall [276ms]
2024-09-22 07:03:50.979 [info] > git remote --verbose [75ms]
2024-09-22 07:03:50.980 [info] > git for-each-ref --sort -committerdate --format %(refname) %(objectname) %(*objectname) [110ms]
2024-09-22 07:03:51.016 [info] > git config --get commit.template [41ms]
2024-09-22 07:03:51.026 [info] > git for-each-ref --format=%(refname)%00%(upstream:short)%00%(objectname)%00%(upstream:track)%00%(upstream:remotename)%00%(upstream:remoteref) refs/heads/master refs/remotes/master [12ms]
2024-09-22 07:03:51.101 [info] > git status -z -uall [163ms]
2024-09-22 07:03:54.493 [info] > git show --textconv :c/栈.c++ [36ms]
2024-09-22 07:03:54.504 [info] > git ls-files --stage -- /root/thsunest01/c/栈.c++ [13ms]
2024-09-22 07:03:54.548 [info] > git cat-file -s e8adbfb3b6de1a38a89747d7619caf3890de1239 [9ms]
2024-09-22 07:03:56.338 [info] > git remote --verbose [123ms]
2024-09-22 07:03:56.338 [info] > git for-each-ref --sort -committerdate --format %(refname) %(objectname) %(*objectname) [164ms]
2024-09-22 07:03:56.344 [info] > git config --get commit.template [17ms]
2024-09-22 07:03:56.402 [info] > git for-each-ref --format=%(refname)%00%(upstream:short)%00%(objectname)%00%(upstream:track)%00%(upstream:remotename)%00%(upstream:remoteref) refs/heads/master refs/remotes/master [17ms]
2024-09-22 07:03:56.523 [info] > git status -z -uall [267ms]
2024-09-22 07:04:01.731 [info] > git remote --verbose [102ms]
2024-09-22 07:04:01.732 [info] > git for-each-ref --sort -committerdate --format %(refname) %(objectname) %(*objectname) [139ms]
2024-09-22 07:04:01.738 [info] > git config --get commit.template [18ms]
2024-09-22 07:04:01.791 [info] > git for-each-ref --format=%(refname)%00%(upstream:short)%00%(objectname)%00%(upstream:track)%00%(upstream:remotename)%00%(upstream:remoteref) refs/heads/master refs/remotes/master [6ms]
2024-09-22 07:04:01.878 [info] > git status -z -uall [205ms]
2024-09-22 07:04:07.112 [info] > git remote --verbose [93ms]
2024-09-22 07:04:07.112 [info] > git for-each-ref --sort -committerdate --format %(refname) %(objectname) %(*objectname) [141ms]
2024-09-22 07:04:07.167 [info] > git config --get commit.template [59ms]
2024-09-22 07:04:07.176 [info] > git for-each-ref --format=%(refname)%00%(upstream:short)%00%(objectname)%00%(upstream:track)%00%(upstream:remotename)%00%(upstream:remoteref) refs/heads/master refs/remotes/master [13ms]
2024-09-22 07:04:07.258 [info] > git status -z -uall [195ms]
2024-09-22 07:04:12.480 [info] > git remote --verbose [100ms]
2024-09-22 07:04:12.481 [info] > git for-each-ref --sort -committerdate --format %(refname) %(objectname) %(*objectname) [142ms]
2024-09-22 07:04:12.485 [info] > git config --get commit.template [14ms]
2024-09-22 07:04:12.537 [info] > git for-each-ref --format=%(refname)%00%(upstream:short)%00%(objectname)%00%(upstream:track)%00%(upstream:remotename)%00%(upstream:remoteref) refs/heads/master refs/remotes/master [15ms]
2024-09-22 07:04:12.651 [info] > git status -z -uall [238ms]
2024-09-22 07:04:17.886 [info] > git remote --verbose [86ms]
2024-09-22 07:04:17.887 [info] > git for-each-ref --sort -committerdate --format %(refname) %(objectname) %(*objectname) [128ms]
2024-09-22 07:04:17.935 [info] > git config --get commit.template [51ms]
2024-09-22 07:04:17.953 [info] > git for-each-ref --format=%(refname)%00%(upstream:short)%00%(objectname)%00%(upstream:track)%00%(upstream:remotename)%00%(upstream:remoteref) refs/heads/master refs/remotes/master [23ms]
2024-09-22 07:04:18.032 [info] > git status -z -uall [193ms]
2024-09-22 07:04:23.233 [info] > git remote --verbose [45ms]
2024-09-22 07:04:23.234 [info] > git for-each-ref --sort -committerdate --format %(refname) %(objectname) %(*objectname) [93ms]
2024-09-22 07:04:23.366 [info] > git config --get commit.template [89ms]
2024-09-22 07:04:23.369 [info] > git for-each-ref --format=%(refname)%00%(upstream:short)%00%(objectname)%00%(upstream:track)%00%(upstream:remotename)%00%(upstream:remoteref) refs/heads/master refs/remotes/master [16ms]
2024-09-22 07:04:23.423 [info] > git status -z -uall [194ms]
2024-09-22 07:04:28.656 [info] > git remote --verbose [82ms]
2024-09-22 07:04:28.657 [info] > git for-each-ref --sort -committerdate --format %(refname) %(objectname) %(*objectname) [120ms]
2024-09-22 07:04:28.701 [info] > git config --get commit.template [47ms]
2024-09-22 07:04:28.710 [info] > git for-each-ref --format=%(refname)%00%(upstream:short)%00%(objectname)%00%(upstream:track)%00%(upstream:remotename)%00%(upstream:remoteref) refs/heads/master refs/remotes/master [11ms]
2024-09-22 07:04:28.782 [info] > git status -z -uall [169ms]
2024-09-22 07:04:34.012 [info] > git remote --verbose [82ms]
2024-09-22 07:04:34.012 [info] > git for-each-ref --sort -committerdate --format %(refname) %(objectname) %(*objectname) [129ms]
2024-09-22 07:04:34.064 [info] > git config --get commit.template [55ms]
2024-09-22 07:04:34.115 [info] > git for-each-ref --format=%(refname)%00%(upstream:short)%00%(objectname)%00%(upstream:track)%00%(upstream:remotename)%00%(upstream:remoteref) refs/heads/master refs/remotes/master [58ms]
2024-09-22 07:04:34.145 [info] > git status -z -uall [177ms]
2024-09-22 07:04:39.414 [info] > git remote --verbose [98ms]
2024-09-22 07:04:39.415 [info] > git for-each-ref --sort -committerdate --format %(refname) %(objectname) %(*objectname) [153ms]
2024-09-22 07:04:39.468 [info] > git config --get commit.template [58ms]
2024-09-22 07:04:39.479 [info] > git for-each-ref --format=%(refname)%00%(upstream:short)%00%(objectname)%00%(upstream:track)%00%(upstream:remotename)%00%(upstream:remoteref) refs/heads/master refs/remotes/master [12ms]
2024-09-22 07:04:39.574 [info] > git status -z -uall [211ms]
2024-09-22 07:04:44.832 [info] > git remote --verbose [98ms]
2024-09-22 07:04:44.833 [info] > git for-each-ref --sort -committerdate --format %(refname) %(objectname) %(*objectname) [145ms]
2024-09-22 07:04:44.893 [info] > git config --get commit.template [64ms]
2024-09-22 07:04:44.958 [info] > git for-each-ref --format=%(refname)%00%(upstream:short)%00%(objectname)%00%(upstream:track)%00%(upstream:remotename)%00%(upstream:remoteref) refs/heads/master refs/remotes/master [3ms]
2024-09-22 07:04:45.028 [info] > git status -z -uall [250ms]
2024-09-22 07:04:50.351 [info] > git remote --verbose [129ms]
2024-09-22 07:04:50.352 [info] > git for-each-ref --sort -committerdate --format %(refname) %(objectname) %(*objectname) [195ms]
2024-09-22 07:04:50.358 [info] > git config --get commit.template [20ms]
2024-09-22 07:04:50.420 [info] > git for-each-ref --format=%(refname)%00%(upstream:short)%00%(objectname)%00%(upstream:track)%00%(upstream:remotename)%00%(upstream:remoteref) refs/heads/master refs/remotes/master [12ms]
2024-09-22 07:04:50.562 [info] > git status -z -uall [282ms]
2024-09-22 07:04:51.296 [info] > git show --textconv :c/KMP.c++ [63ms]
2024-09-22 07:04:51.300 [info] > git ls-files --stage -- /root/thsunest01/c/KMP.c++ [29ms]
2024-09-22 07:04:51.353 [info] > git cat-file -s 88d16fd89cd87372c6198301abc417ced7c954ab [17ms]
2024-09-22 07:04:55.796 [info] > git remote --verbose [122ms]
2024-09-22 07:04:55.797 [info] > git for-each-ref --sort -committerdate --format %(refname) %(objectname) %(*objectname) [164ms]
2024-09-22 07:04:55.909 [info] > git config --get commit.template [115ms]
2024-09-22 07:04:55.942 [info] > git for-each-ref --format=%(refname)%00%(upstream:short)%00%(objectname)%00%(upstream:track)%00%(upstream:remotename)%00%(upstream:remoteref) refs/heads/master refs/remotes/master [45ms]
2024-09-22 07:04:56.077 [info] > git status -z -uall [352ms]
2024-09-22 07:05:01.299 [info] > git remote --verbose [98ms]
2024-09-22 07:05:01.300 [info] > git for-each-ref --sort -committerdate --format %(refname) %(objectname) %(*objectname) [140ms]
2024-09-22 07:05:01.304 [info] > git config --get commit.template [13ms]
2024-09-22 07:05:01.372 [info] > git for-each-ref --format=%(refname)%00%(upstream:short)%00%(objectname)%00%(upstream:track)%00%(upstream:remotename)%00%(upstream:remoteref) refs/heads/master refs/remotes/master [18ms]
2024-09-22 07:05:01.457 [info] > git status -z -uall [213ms]
2024-09-22 07:05:04.245 [info] > git remote --verbose [423ms]
2024-09-22 07:05:04.246 [info] > git for-each-ref --sort -committerdate --format %(refname) %(objectname) %(*objectname) [479ms]
2024-09-22 07:05:04.250 [info] > git config --get commit.template [8ms]
2024-09-22 07:05:04.311 [info] > git for-each-ref --format=%(refname)%00%(upstream:short)%00%(objectname)%00%(upstream:track)%00%(upstream:remotename)%00%(upstream:remoteref) refs/heads/th refs/remotes/th [11ms]
2024-09-22 07:05:05.686 [info] > git status -z -uall [1818ms]
2024-09-22 07:05:07.048 [info] > git remote --verbose [110ms]
2024-09-22 07:05:07.049 [info] > git for-each-ref --sort -committerdate --format %(refname) %(objectname) %(*objectname) [147ms]
2024-09-22 07:05:07.053 [info] > git config --get commit.template [18ms]
2024-09-22 07:05:07.118 [info] > git for-each-ref --format=%(refname)%00%(upstream:short)%00%(objectname)%00%(upstream:track)%00%(upstream:remotename)%00%(upstream:remoteref) refs/heads/master refs/remotes/master [13ms]
2024-09-22 07:05:07.192 [info] > git status -z -uall [217ms]
2024-09-22 07:05:12.468 [info] > git remote --verbose [124ms]
2024-09-22 07:05:12.469 [info] > git for-each-ref --sort -committerdate --format %(refname) %(objectname) %(*objectname) [183ms]
2024-09-22 07:05:12.472 [info] > git config --get commit.template [13ms]
2024-09-22 07:05:12.531 [info] > git for-each-ref --format=%(refname)%00%(upstream:short)%00%(objectname)%00%(upstream:track)%00%(upstream:remotename)%00%(upstream:remoteref) refs/heads/master refs/remotes/master [10ms]
2024-09-22 07:05:12.583 [info] > git status -z -uall [185ms]
2024-09-22 07:05:17.800 [info] > git remote --verbose [37ms]
2024-09-22 07:05:17.800 [info] > git for-each-ref --sort -committerdate --format %(refname) %(objectname) %(*objectname) [139ms]
2024-09-22 07:05:17.889 [info] > git config --get commit.template [42ms]
2024-09-22 07:05:17.912 [info] > git for-each-ref --format=%(refname)%00%(upstream:short)%00%(objectname)%00%(upstream:track)%00%(upstream:remotename)%00%(upstream:remoteref) refs/heads/master refs/remotes/master [26ms]
2024-09-22 07:05:18.141 [info] > git status -z -uall [348ms]
2024-09-22 07:05:23.309 [info] > git remote --verbose [50ms]
2024-09-22 07:05:23.309 [info] > git for-each-ref --sort -committerdate --format %(refname) %(objectname) %(*objectname) [92ms]
2024-09-22 07:05:23.398 [info] > git config --get commit.template [51ms]
2024-09-22 07:05:23.401 [info] > git for-each-ref --format=%(refname)%00%(upstream:short)%00%(objectname)%00%(upstream:track)%00%(upstream:remotename)%00%(upstream:remoteref) refs/heads/master refs/remotes/master [10ms]
2024-09-22 07:05:23.453 [info] > git status -z -uall [153ms]
2024-09-22 07:05:28.611 [info] > git remote --verbose [39ms]
2024-09-22 07:05:28.612 [info] > git for-each-ref --sort -committerdate --format %(refname) %(objectname) %(*objectname) [79ms]
2024-09-22 07:05:28.691 [info] > git config --get commit.template [38ms]
2024-09-22 07:05:28.700 [info] > git for-each-ref --format=%(refname)%00%(upstream:short)%00%(objectname)%00%(upstream:track)%00%(upstream:remotename)%00%(upstream:remoteref) refs/heads/master refs/remotes/master [10ms]
2024-09-22 07:05:28.768 [info] > git status -z -uall [161ms]
2024-09-22 07:05:33.998 [info] > git remote --verbose [85ms]
2024-09-22 07:05:33.998 [info] > git for-each-ref --sort -committerdate --format %(refname) %(objectname) %(*objectname) [126ms]
2024-09-22 07:05:34.055 [info] > git config --get commit.template [62ms]
2024-09-22 07:05:34.068 [info] > git for-each-ref --format=%(refname)%00%(upstream:short)%00%(objectname)%00%(upstream:track)%00%(upstream:remotename)%00%(upstream:remoteref) refs/heads/master refs/remotes/master [15ms]
2024-09-22 07:05:34.242 [info] > git status -z -uall [293ms]
2024-09-22 07:05:39.471 [info] > git remote --verbose [82ms]
2024-09-22 07:05:39.471 [info] > git for-each-ref --sort -committerdate --format %(refname) %(objectname) %(*objectname) [121ms]
2024-09-22 07:05:39.513 [info] > git config --get commit.template [49ms]
2024-09-22 07:05:39.525 [info] > git for-each-ref --format=%(refname)%00%(upstream:short)%00%(objectname)%00%(upstream:track)%00%(upstream:remotename)%00%(upstream:remoteref) refs/heads/master refs/remotes/master [14ms]
2024-09-22 07:05:39.581 [info] > git status -z -uall [155ms]
2024-09-22 07:05:44.812 [info] > git remote --verbose [81ms]
2024-09-22 07:05:44.813 [info] > git for-each-ref --sort -committerdate --format %(refname) %(objectname) %(*objectname) [120ms]
2024-09-22 07:05:44.856 [info] > git config --get commit.template [48ms]
2024-09-22 07:05:44.869 [info] > git for-each-ref --format=%(refname)%00%(upstream:short)%00%(objectname)%00%(upstream:track)%00%(upstream:remotename)%00%(upstream:remoteref) refs/heads/master refs/remotes/master [14ms]
2024-09-22 07:05:44.943 [info] > git status -z -uall [176ms]
2024-09-22 07:05:50.173 [info] > git remote --verbose [80ms]
2024-09-22 07:05:50.174 [info] > git for-each-ref --sort -committerdate --format %(refname) %(objectname) %(*objectname) [119ms]
2024-09-22 07:05:50.219 [info] > git config --get commit.template [49ms]
2024-09-22 07:05:50.230 [info] > git for-each-ref --format=%(refname)%00%(upstream:short)%00%(objectname)%00%(upstream:track)%00%(upstream:remotename)%00%(upstream:remoteref) refs/heads/master refs/remotes/master [13ms]
2024-09-22 07:05:50.305 [info] > git status -z -uall [175ms]
2024-09-22 07:05:55.544 [info] > git remote --verbose [76ms]
2024-09-22 07:05:55.545 [info] > git for-each-ref --sort -committerdate --format %(refname) %(objectname) %(*objectname) [115ms]
2024-09-22 07:05:55.585 [info] > git config --get commit.template [44ms]
2024-09-22 07:05:55.594 [info] > git for-each-ref --format=%(refname)%00%(upstream:short)%00%(objectname)%00%(upstream:track)%00%(upstream:remotename)%00%(upstream:remoteref) refs/heads/master refs/remotes/master [11ms]
2024-09-22 07:05:55.670 [info] > git status -z -uall [167ms]
2024-09-22 07:06:00.861 [info] > git remote --verbose [80ms]
2024-09-22 07:06:00.862 [info] > git for-each-ref --sort -committerdate --format %(refname) %(objectname) %(*objectname) [115ms]
2024-09-22 07:06:00.910 [info] > git config --get commit.template [52ms]
2024-09-22 07:06:00.926 [info] > git for-each-ref --format=%(refname)%00%(upstream:short)%00%(objectname)%00%(upstream:track)%00%(upstream:remotename)%00%(upstream:remoteref) refs/heads/master refs/remotes/master [19ms]
2024-09-22 07:06:01.016 [info] > git status -z -uall [200ms]
2024-09-22 07:06:07.832 [info] > git remote --verbose [89ms]
2024-09-22 07:06:07.832 [info] > git for-each-ref --sort -committerdate --format %(refname) %(objectname) %(*objectname) [137ms]
2024-09-22 07:06:07.839 [info] > git config --get commit.template [13ms]
2024-09-22 07:06:07.898 [info] > git for-each-ref --format=%(refname)%00%(upstream:short)%00%(objectname)%00%(upstream:track)%00%(upstream:remotename)%00%(upstream:remoteref) refs/heads/master refs/remotes/master [18ms]
2024-09-22 07:06:07.997 [info] > git status -z -uall [215ms]
2024-09-22 07:06:13.225 [info] > git remote --verbose [87ms]
2024-09-22 07:06:13.225 [info] > git for-each-ref --sort -committerdate --format %(refname) %(objectname) %(*objectname) [130ms]
2024-09-22 07:06:13.285 [info] > git config --get commit.template [64ms]
2024-09-22 07:06:13.299 [info] > git for-each-ref --format=%(refname)%00%(upstream:short)%00%(objectname)%00%(upstream:track)%00%(upstream:remotename)%00%(upstream:remoteref) refs/heads/master refs/remotes/master [18ms]
2024-09-22 07:06:13.455 [info] > git status -z -uall [279ms]
2024-09-22 07:06:18.704 [info] > git remote --verbose [79ms]
2024-09-22 07:06:18.705 [info] > git for-each-ref --sort -committerdate --format %(refname) %(objectname) %(*objectname) [128ms]
2024-09-22 07:06:18.746 [info] > git config --get commit.template [45ms]
2024-09-22 07:06:18.754 [info] > git for-each-ref --format=%(refname)%00%(upstream:short)%00%(objectname)%00%(upstream:track)%00%(upstream:remotename)%00%(upstream:remoteref) refs/heads/master refs/remotes/master [11ms]
2024-09-22 07:06:18.799 [info] > git status -z -uall [137ms]
2024-09-22 07:06:23.977 [info] > git remote --verbose [42ms]
2024-09-22 07:06:23.977 [info] > git for-each-ref --sort -committerdate --format %(refname) %(objectname) %(*objectname) [84ms]
2024-09-22 07:06:24.057 [info] > git config --get commit.template [42ms]
2024-09-22 07:06:24.074 [info] > git for-each-ref --format=%(refname)%00%(upstream:short)%00%(objectname)%00%(upstream:track)%00%(upstream:remotename)%00%(upstream:remoteref) refs/heads/master refs/remotes/master [20ms]
2024-09-22 07:06:24.167 [info] > git status -z -uall [196ms]
2024-09-22 07:06:29.385 [info] > git remote --verbose [44ms]
2024-09-22 07:06:29.386 [info] > git for-each-ref --sort -committerdate --format %(refname) %(objectname) %(*objectname) [93ms]
2024-09-22 07:06:29.473 [info] > git config --get commit.template [48ms]
2024-09-22 07:06:29.485 [info] > git for-each-ref --format=%(refname)%00%(upstream:short)%00%(objectname)%00%(upstream:track)%00%(upstream:remotename)%00%(upstream:remoteref) refs/heads/master refs/remotes/master [17ms]
2024-09-22 07:06:29.564 [info] > git status -z -uall [186ms]
2024-09-22 07:06:34.758 [info] > git remote --verbose [40ms]
2024-09-22 07:06:34.758 [info] > git for-each-ref --sort -committerdate --format %(refname) %(objectname) %(*objectname) [80ms]
2024-09-22 07:06:34.830 [info] > git config --get commit.template [37ms]
2024-09-22 07:06:34.842 [info] > git for-each-ref --format=%(refname)%00%(upstream:short)%00%(objectname)%00%(upstream:track)%00%(upstream:remotename)%00%(upstream:remoteref) refs/heads/master refs/remotes/master [14ms]
2024-09-22 07:06:34.912 [info] > git status -z -uall [159ms]
2024-09-22 07:06:40.109 [info] > git remote --verbose [40ms]
2024-09-22 07:06:40.109 [info] > git for-each-ref --sort -committerdate --format %(refname) %(objectname) %(*objectname) [82ms]
2024-09-22 07:06:40.187 [info] > git config --get commit.template [41ms]
2024-09-22 07:06:40.193 [info] > git for-each-ref --format=%(refname)%00%(upstream:short)%00%(objectname)%00%(upstream:track)%00%(upstream:remotename)%00%(upstream:remoteref) refs/heads/master refs/remotes/master [9ms]
2024-09-22 07:06:40.250 [info] > git status -z -uall [146ms]
2024-09-22 07:06:45.421 [info] > git remote --verbose [64ms]
2024-09-22 07:06:45.422 [info] > git for-each-ref --sort -committerdate --format %(refname) %(objectname) %(*objectname) [93ms]
2024-09-22 07:06:45.464 [info] > git config --get commit.template [44ms]
2024-09-22 07:06:45.497 [info] > git for-each-ref --format=%(refname)%00%(upstream:short)%00%(objectname)%00%(upstream:track)%00%(upstream:remotename)%00%(upstream:remoteref) refs/heads/master refs/remotes/master [36ms]
2024-09-22 07:06:45.724 [info] > git status -z -uall [337ms]
2024-09-22 07:06:50.941 [info] > git remote --verbose [73ms]
2024-09-22 07:06:50.942 [info] > git for-each-ref --sort -committerdate --format %(refname) %(objectname) %(*objectname) [115ms]
2024-09-22 07:06:50.987 [info] > git config --get commit.template [49ms]
2024-09-22 07:06:51.002 [info] > git for-each-ref --format=%(refname)%00%(upstream:short)%00%(objectname)%00%(upstream:track)%00%(upstream:remotename)%00%(upstream:remoteref) refs/heads/master refs/remotes/master [18ms]
2024-09-22 07:06:51.131 [info] > git status -z -uall [228ms]
2024-09-22 07:06:56.354 [info] > git remote --verbose [80ms]
2024-09-22 07:06:56.357 [info] > git for-each-ref --sort -committerdate --format %(refname) %(objectname) %(*objectname) [120ms]
2024-09-22 07:06:56.407 [info] > git config --get commit.template [62ms]
2024-09-22 07:06:56.412 [info] > git for-each-ref --format=%(refname)%00%(upstream:short)%00%(objectname)%00%(upstream:track)%00%(upstream:remotename)%00%(upstream:remoteref) refs/heads/master refs/remotes/master [17ms]
2024-09-22 07:06:56.579 [info] > git status -z -uall [271ms]
2024-09-22 07:07:01.799 [info] > git remote --verbose [65ms]
2024-09-22 07:07:01.799 [info] > git for-each-ref --sort -committerdate --format %(refname) %(objectname) %(*objectname) [104ms]
2024-09-22 07:07:01.836 [info] > git config --get commit.template [40ms]
2024-09-22 07:07:01.846 [info] > git for-each-ref --format=%(refname)%00%(upstream:short)%00%(objectname)%00%(upstream:track)%00%(upstream:remotename)%00%(upstream:remoteref) refs/heads/master refs/remotes/master [12ms]
2024-09-22 07:07:01.935 [info] > git status -z -uall [172ms]
2024-09-22 07:07:07.119 [info] > git remote --verbose [44ms]
2024-09-22 07:07:07.120 [info] > git for-each-ref --sort -committerdate --format %(refname) %(objectname) %(*objectname) [83ms]
2024-09-22 07:07:07.206 [info] > git config --get commit.template [47ms]
2024-09-22 07:07:07.217 [info] > git for-each-ref --format=%(refname)%00%(upstream:short)%00%(objectname)%00%(upstream:track)%00%(upstream:remotename)%00%(upstream:remoteref) refs/heads/master refs/remotes/master [14ms]
2024-09-22 07:07:07.349 [info] > git status -z -uall [237ms]
2024-09-22 07:07:12.570 [info] > git remote --verbose [79ms]
2024-09-22 07:07:12.571 [info] > git for-each-ref --sort -committerdate --format %(refname) %(objectname) %(*objectname) [119ms]
2024-09-22 07:07:12.581 [info] > git config --get commit.template [19ms]
2024-09-22 07:07:12.637 [info] > git for-each-ref --format=%(refname)%00%(upstream:short)%00%(objectname)%00%(upstream:track)%00%(upstream:remotename)%00%(upstream:remoteref) refs/heads/master refs/remotes/master [19ms]
2024-09-22 07:07:12.770 [info] > git status -z -uall [242ms]
2024-09-22 07:07:18.054 [info] > git remote --verbose [81ms]
2024-09-22 07:07:18.054 [info] > git for-each-ref --sort -committerdate --format %(refname) %(objectname) %(*objectname) [121ms]
2024-09-22 07:07:18.110 [info] > git config --get commit.template [59ms]
2024-09-22 07:07:18.130 [info] > git for-each-ref --format=%(refname)%00%(upstream:short)%00%(objectname)%00%(upstream:track)%00%(upstream:remotename)%00%(upstream:remoteref) refs/heads/master refs/remotes/master [23ms]
2024-09-22 07:07:18.280 [info] > git status -z -uall [271ms]
2024-09-22 07:07:23.508 [info] > git remote --verbose [74ms]
2024-09-22 07:07:23.509 [info] > git for-each-ref --sort -committerdate --format %(refname) %(objectname) %(*objectname) [123ms]
2024-09-22 07:07:23.559 [info] > git config --get commit.template [54ms]
2024-09-22 07:07:23.563 [info] > git for-each-ref --format=%(refname)%00%(upstream:short)%00%(objectname)%00%(upstream:track)%00%(upstream:remotename)%00%(upstream:remoteref) refs/heads/master refs/remotes/master [14ms]
2024-09-22 07:07:23.703 [info] > git status -z -uall [235ms]
2024-09-22 07:07:28.925 [info] > git remote --verbose [75ms]
2024-09-22 07:07:28.925 [info] > git for-each-ref --sort -committerdate --format %(refname) %(objectname) %(*objectname) [117ms]
2024-09-22 07:07:28.975 [info] > git config --get commit.template [53ms]
2024-09-22 07:07:28.987 [info] > git for-each-ref --format=%(refname)%00%(upstream:short)%00%(objectname)%00%(upstream:track)%00%(upstream:remotename)%00%(upstream:remoteref) refs/heads/master refs/remotes/master [18ms]
2024-09-22 07:07:29.113 [info] > git status -z -uall [228ms]
2024-09-22 07:07:34.303 [info] > git remote --verbose [40ms]
2024-09-22 07:07:34.304 [info] > git for-each-ref --sort -committerdate --format %(refname) %(objectname) %(*objectname) [85ms]
2024-09-22 07:07:34.382 [info] > git config --get commit.template [43ms]
2024-09-22 07:07:34.393 [info] > git for-each-ref --format=%(refname)%00%(upstream:short)%00%(objectname)%00%(upstream:track)%00%(upstream:remotename)%00%(upstream:remoteref) refs/heads/master refs/remotes/master [14ms]
2024-09-22 07:07:34.488 [info] > git status -z -uall [189ms]
2024-09-22 07:07:39.702 [info] > git remote --verbose [74ms]
2024-09-22 07:07:39.702 [info] > git for-each-ref --sort -committerdate --format %(refname) %(objectname) %(*objectname) [118ms]
2024-09-22 07:07:39.756 [info] > git config --get commit.template [58ms]
2024-09-22 07:07:39.765 [info] > git for-each-ref --format=%(refname)%00%(upstream:short)%00%(objectname)%00%(upstream:track)%00%(upstream:remotename)%00%(upstream:remoteref) refs/heads/master refs/remotes/master [13ms]
2024-09-22 07:07:39.893 [info] > git status -z -uall [232ms]
2024-09-22 07:07:45.110 [info] > git remote --verbose [85ms]
2024-09-22 07:07:45.110 [info] > git for-each-ref --sort -committerdate --format %(refname) %(objectname) %(*objectname) [128ms]
2024-09-22 07:07:45.114 [info] > git config --get commit.template [11ms]
2024-09-22 07:07:45.165 [info] > git for-each-ref --format=%(refname)%00%(upstream:short)%00%(objectname)%00%(upstream:track)%00%(upstream:remotename)%00%(upstream:remoteref) refs/heads/master refs/remotes/master [14ms]
2024-09-22 07:07:45.255 [info] > git status -z -uall [197ms]
2024-09-22 07:07:50.486 [info] > git remote --verbose [76ms]
2024-09-22 07:07:50.487 [info] > git for-each-ref --sort -committerdate --format %(refname) %(objectname) %(*objectname) [117ms]
2024-09-22 07:07:50.531 [info] > git config --get commit.template [48ms]
2024-09-22 07:07:50.542 [info] > git for-each-ref --format=%(refname)%00%(upstream:short)%00%(objectname)%00%(upstream:track)%00%(upstream:remotename)%00%(upstream:remoteref) refs/heads/master refs/remotes/master [13ms]
2024-09-22 07:07:50.643 [info] > git status -z -uall [198ms]
2024-09-22 07:07:55.867 [info] > git remote --verbose [78ms]
2024-09-22 07:07:55.867 [info] > git for-each-ref --sort -committerdate --format %(refname) %(objectname) %(*objectname) [118ms]
2024-09-22 07:07:55.916 [info] > git config --get commit.template [52ms]
2024-09-22 07:07:55.929 [info] > git for-each-ref --format=%(refname)%00%(upstream:short)%00%(objectname)%00%(upstream:track)%00%(upstream:remotename)%00%(upstream:remoteref) refs/heads/master refs/remotes/master [17ms]
2024-09-22 07:07:56.051 [info] > git status -z -uall [227ms]
2024-09-22 07:08:01.276 [info] > git remote --verbose [77ms]
2024-09-22 07:08:01.277 [info] > git for-each-ref --sort -committerdate --format %(refname) %(objectname) %(*objectname) [114ms]
2024-09-22 07:08:01.324 [info] > git config --get commit.template [51ms]
2024-09-22 07:08:01.338 [info] > git for-each-ref --format=%(refname)%00%(upstream:short)%00%(objectname)%00%(upstream:track)%00%(upstream:remotename)%00%(upstream:remoteref) refs/heads/master refs/remotes/master [17ms]
2024-09-22 07:08:01.460 [info] > git status -z -uall [228ms]
2024-09-22 07:08:06.707 [info] > git remote --verbose [82ms]
2024-09-22 07:08:06.707 [info] > git for-each-ref --sort -committerdate --format %(refname) %(objectname) %(*objectname) [125ms]
2024-09-22 07:08:06.761 [info] > git config --get commit.template [57ms]
2024-09-22 07:08:06.774 [info] > git for-each-ref --format=%(refname)%00%(upstream:short)%00%(objectname)%00%(upstream:track)%00%(upstream:remotename)%00%(upstream:remoteref) refs/heads/master refs/remotes/master [19ms]
2024-09-22 07:08:06.861 [info] > git status -z -uall [200ms]
2024-09-22 07:08:12.094 [info] > git remote --verbose [84ms]
2024-09-22 07:08:12.095 [info] > git for-each-ref --sort -committerdate --format %(refname) %(objectname) %(*objectname) [126ms]
2024-09-22 07:08:12.154 [info] > git config --get commit.template [67ms]
2024-09-22 07:08:12.161 [info] > git for-each-ref --format=%(refname)%00%(upstream:short)%00%(objectname)%00%(upstream:track)%00%(upstream:remotename)%00%(upstream:remoteref) refs/heads/master refs/remotes/master [15ms]
2024-09-22 07:08:12.306 [info] > git status -z -uall [260ms]
2024-09-22 07:08:17.518 [info] > git remote --verbose [76ms]
2024-09-22 07:08:17.519 [info] > git for-each-ref --sort -committerdate --format %(refname) %(objectname) %(*objectname) [111ms]
2024-09-22 07:08:17.574 [info] > git config --get commit.template [59ms]
2024-09-22 07:08:17.587 [info] > git for-each-ref --format=%(refname)%00%(upstream:short)%00%(objectname)%00%(upstream:track)%00%(upstream:remotename)%00%(upstream:remoteref) refs/heads/master refs/remotes/master [16ms]
2024-09-22 07:08:17.721 [info] > git status -z -uall [245ms]
2024-09-22 07:08:22.938 [info] > git remote --verbose [77ms]
2024-09-22 07:08:22.939 [info] > git for-each-ref --sort -committerdate --format %(refname) %(objectname) %(*objectname) [112ms]
2024-09-22 07:08:22.985 [info] > git config --get commit.template [50ms]
2024-09-22 07:08:22.997 [info] > git for-each-ref --format=%(refname)%00%(upstream:short)%00%(objectname)%00%(upstream:track)%00%(upstream:remotename)%00%(upstream:remoteref) refs/heads/master refs/remotes/master [16ms]
2024-09-22 07:08:23.142 [info] > git status -z -uall [246ms]
2024-09-22 07:08:28.335 [info] > git remote --verbose [42ms]
2024-09-22 07:08:28.336 [info] > git for-each-ref --sort -committerdate --format %(refname) %(objectname) %(*objectname) [89ms]
2024-09-22 07:08:28.410 [info] > git config --get commit.template [39ms]
2024-09-22 07:08:28.418 [info] > git for-each-ref --format=%(refname)%00%(upstream:short)%00%(objectname)%00%(upstream:track)%00%(upstream:remotename)%00%(upstream:remoteref) refs/heads/master refs/remotes/master [11ms]
2024-09-22 07:08:28.487 [info] > git status -z -uall [158ms]
2024-09-22 07:08:33.718 [info] > git remote --verbose [83ms]
2024-09-22 07:08:33.718 [info] > git for-each-ref --sort -committerdate --format %(refname) %(objectname) %(*objectname) [127ms]
2024-09-22 07:08:33.764 [info] > git config --get commit.template [49ms]
2024-09-22 07:08:33.776 [info] > git for-each-ref --format=%(refname)%00%(upstream:short)%00%(objectname)%00%(upstream:track)%00%(upstream:remotename)%00%(upstream:remoteref) refs/heads/master refs/remotes/master [14ms]
2024-09-22 07:08:33.866 [info] > git status -z -uall [193ms]
2024-09-22 07:08:39.075 [info] > git remote --verbose [76ms]
2024-09-22 07:08:39.076 [info] > git for-each-ref --sort -committerdate --format %(refname) %(objectname) %(*objectname) [112ms]
2024-09-22 07:08:39.121 [info] > git config --get commit.template [48ms]
2024-09-22 07:08:39.129 [info] > git for-each-ref --format=%(refname)%00%(upstream:short)%00%(objectname)%00%(upstream:track)%00%(upstream:remotename)%00%(upstream:remoteref) refs/heads/master refs/remotes/master [10ms]
2024-09-22 07:08:39.196 [info] > git status -z -uall [165ms]
2024-09-22 07:08:44.402 [info] > git remote --verbose [76ms]
2024-09-22 07:08:44.403 [info] > git for-each-ref --sort -committerdate --format %(refname) %(objectname) %(*objectname) [113ms]
2024-09-22 07:08:44.440 [info] > git config --get commit.template [40ms]
2024-09-22 07:08:44.449 [info] > git for-each-ref --format=%(refname)%00%(upstream:short)%00%(objectname)%00%(upstream:track)%00%(upstream:remotename)%00%(upstream:remoteref) refs/heads/master refs/remotes/master [13ms]
2024-09-22 07:08:44.550 [info] > git status -z -uall [187ms]
2024-09-22 07:08:49.750 [info] > git remote --verbose [40ms]
2024-09-22 07:08:49.750 [info] > git for-each-ref --sort -committerdate --format %(refname) %(objectname) %(*objectname) [80ms]
2024-09-22 07:08:49.821 [info] > git config --get commit.template [36ms]
2024-09-22 07:08:49.829 [info] > git for-each-ref --format=%(refname)%00%(upstream:short)%00%(objectname)%00%(upstream:track)%00%(upstream:remotename)%00%(upstream:remoteref) refs/heads/master refs/remotes/master [10ms]
2024-09-22 07:08:49.899 [info] > git status -z -uall [155ms]
2024-09-22 07:08:55.129 [info] > git remote --verbose [78ms]
2024-09-22 07:08:55.130 [info] > git for-each-ref --sort -committerdate --format %(refname) %(objectname) %(*objectname) [114ms]
2024-09-22 07:08:55.176 [info] > git config --get commit.template [49ms]
2024-09-22 07:08:55.186 [info] > git for-each-ref --format=%(refname)%00%(upstream:short)%00%(objectname)%00%(upstream:track)%00%(upstream:remotename)%00%(upstream:remoteref) refs/heads/master refs/remotes/master [13ms]
2024-09-22 07:08:55.261 [info] > git status -z -uall [173ms]
2024-09-22 07:09:00.442 [info] > git remote --verbose [41ms]
2024-09-22 07:09:00.443 [info] > git for-each-ref --sort -committerdate --format %(refname) %(objectname) %(*objectname) [83ms]
2024-09-22 07:09:00.517 [info] > git config --get commit.template [40ms]
2024-09-22 07:09:00.526 [info] > git for-each-ref --format=%(refname)%00%(upstream:short)%00%(objectname)%00%(upstream:track)%00%(upstream:remotename)%00%(upstream:remoteref) refs/heads/master refs/remotes/master [12ms]
2024-09-22 07:09:00.609 [info] > git status -z -uall [173ms]
2024-09-22 07:09:05.822 [info] > git remote --verbose [108ms]
2024-09-22 07:09:05.822 [info] > git for-each-ref --sort -committerdate --format %(refname) %(objectname) %(*objectname) [144ms]
2024-09-22 07:09:05.830 [info] > git config --get commit.template [26ms]
2024-09-22 07:09:06.303 [info] > git status -z -uall [556ms]
2024-09-22 07:09:06.308 [info] > git remote --verbose [376ms]
2024-09-22 07:09:06.309 [info] > git for-each-ref --sort -committerdate --format %(refname) %(objectname) %(*objectname) [425ms]
2024-09-22 07:09:06.391 [info] > git config --get commit.template [98ms]
2024-09-22 07:09:06.397 [info] > git for-each-ref --format=%(refname)%00%(upstream:short)%00%(objectname)%00%(upstream:track)%00%(upstream:remotename)%00%(upstream:remoteref) refs/heads/master refs/remotes/master [15ms]
2024-09-22 07:09:06.501 [info] > git for-each-ref --format=%(refname)%00%(upstream:short)%00%(objectname)%00%(upstream:track)%00%(upstream:remotename)%00%(upstream:remoteref) refs/heads/th refs/remotes/th [34ms]
2024-09-22 07:09:08.650 [info] > git status -z -uall [2687ms]
2024-09-22 07:09:11.623 [info] > git remote --verbose [95ms]
2024-09-22 07:09:11.624 [info] > git for-each-ref --sort -committerdate --format %(refname) %(objectname) %(*objectname) [150ms]
2024-09-22 07:09:11.628 [info] > git config --get commit.template [14ms]
2024-09-22 07:09:11.684 [info] > git for-each-ref --format=%(refname)%00%(upstream:short)%00%(objectname)%00%(upstream:track)%00%(upstream:remotename)%00%(upstream:remoteref) refs/heads/master refs/remotes/master [10ms]
2024-09-22 07:09:11.769 [info] > git status -z -uall [200ms]
2024-09-22 07:09:14.245 [info] > git remote --verbose [402ms]
2024-09-22 07:09:14.245 [info] > git for-each-ref --sort -committerdate --format %(refname) %(objectname) %(*objectname) [441ms]
2024-09-22 07:09:14.283 [info] > git config --get commit.template [55ms]
2024-09-22 07:09:14.379 [info] > git for-each-ref --format=%(refname)%00%(upstream:short)%00%(objectname)%00%(upstream:track)%00%(upstream:remotename)%00%(upstream:remoteref) refs/heads/th refs/remotes/th [48ms]
2024-09-22 07:09:15.812 [info] > git status -z -uall [1935ms]
2024-09-22 07:09:17.118 [info] > git remote --verbose [126ms]
2024-09-22 07:09:17.118 [info] > git for-each-ref --sort -committerdate --format %(refname) %(objectname) %(*objectname) [158ms]
2024-09-22 07:09:17.125 [info] > git config --get commit.template [16ms]
2024-09-22 07:09:17.193 [info] > git for-each-ref --format=%(refname)%00%(upstream:short)%00%(objectname)%00%(upstream:track)%00%(upstream:remotename)%00%(upstream:remoteref) refs/heads/master refs/remotes/master [13ms]
2024-09-22 07:09:17.251 [info] > git status -z -uall [232ms]
2024-09-22 07:09:22.491 [info] > git remote --verbose [99ms]
2024-09-22 07:09:22.491 [info] > git for-each-ref --sort -committerdate --format %(refname) %(objectname) %(*objectname) [143ms]
2024-09-22 07:09:22.494 [info] > git config --get commit.template [13ms]
2024-09-22 07:09:22.554 [info] > git for-each-ref --format=%(refname)%00%(upstream:short)%00%(objectname)%00%(upstream:track)%00%(upstream:remotename)%00%(upstream:remoteref) refs/heads/master refs/remotes/master [15ms]
2024-09-22 07:09:22.642 [info] > git status -z -uall [206ms]
2024-09-22 07:09:27.613 [info] > git show --textconv :c/LinkList.c++ [47ms]
2024-09-22 07:09:27.619 [info] > git ls-files --stage -- /root/thsunest01/c/LinkList.c++ [8ms]
2024-09-22 07:09:27.669 [info] > git cat-file -s bf3d8a5b9ea3a471f71e804ba3de308c72bc26c8 [19ms]
2024-09-22 07:09:27.892 [info] > git remote --verbose [94ms]
2024-09-22 07:09:27.892 [info] > git for-each-ref --sort -committerdate --format %(refname) %(objectname) %(*objectname) [145ms]
2024-09-22 07:09:27.897 [info] > git config --get commit.template [8ms]
2024-09-22 07:09:27.972 [info] > git for-each-ref --format=%(refname)%00%(upstream:short)%00%(objectname)%00%(upstream:track)%00%(upstream:remotename)%00%(upstream:remoteref) refs/heads/master refs/remotes/master [29ms]
2024-09-22 07:09:28.074 [info] > git status -z -uall [237ms]
2024-09-22 07:09:33.247 [info] > git remote --verbose [59ms]
2024-09-22 07:09:33.247 [info] > git for-each-ref --sort -committerdate --format %(refname) %(objectname) %(*objectname) [96ms]
2024-09-22 07:09:33.393 [info] > git config --get commit.template [40ms]
2024-09-22 07:09:33.463 [info] > git status -z -uall [240ms]
2024-09-22 07:09:33.467 [info] > git for-each-ref --format=%(refname)%00%(upstream:short)%00%(objectname)%00%(upstream:track)%00%(upstream:remotename)%00%(upstream:remoteref) refs/heads/master refs/remotes/master [19ms]
2024-09-22 07:09:36.299 [info] > git remote --verbose [414ms]
2024-09-22 07:09:36.300 [info] > git for-each-ref --sort -committerdate --format %(refname) %(objectname) %(*objectname) [471ms]
2024-09-22 07:09:36.423 [info] > git config --get commit.template [37ms]
2024-09-22 07:09:36.500 [info] > git for-each-ref --format=%(refname)%00%(upstream:short)%00%(objectname)%00%(upstream:track)%00%(upstream:remotename)%00%(upstream:remoteref) refs/heads/th refs/remotes/th [12ms]
2024-09-22 07:09:38.034 [info] > git status -z -uall [1838ms]
2024-09-22 07:09:39.759 [info] > git remote --verbose [164ms]
2024-09-22 07:09:39.760 [info] > git for-each-ref --sort -committerdate --format %(refname) %(objectname) %(*objectname) [204ms]
2024-09-22 07:09:39.786 [info] > git config --get commit.template [44ms]
2024-09-22 07:09:39.871 [info] > git for-each-ref --format=%(refname)%00%(upstream:short)%00%(objectname)%00%(upstream:track)%00%(upstream:remotename)%00%(upstream:remoteref) refs/heads/master refs/remotes/master [29ms]
2024-09-22 07:09:39.880 [info] > git status -z -uall [234ms]
2024-09-22 07:09:45.180 [info] > git remote --verbose [153ms]
2024-09-22 07:09:45.180 [info] > git for-each-ref --sort -committerdate --format %(refname) %(objectname) %(*objectname) [205ms]
2024-09-22 07:09:45.662 [info] > git status -z -uall [580ms]
2024-09-22 07:09:45.671 [info] > git remote --verbose [396ms]
2024-09-22 07:09:45.679 [info] > git for-each-ref --sort -committerdate --format %(refname) %(objectname) %(*objectname) [433ms]
2024-09-22 07:09:45.680 [info] > git config --get commit.template [519ms]
2024-09-22 07:09:45.730 [info] > git config --get commit.template [85ms]
2024-09-22 07:09:45.934 [info] > git for-each-ref --format=%(refname)%00%(upstream:short)%00%(objectname)%00%(upstream:track)%00%(upstream:remotename)%00%(upstream:remoteref) refs/heads/master refs/remotes/master [92ms]
2024-09-22 07:09:45.954 [info] > git for-each-ref --format=%(refname)%00%(upstream:short)%00%(objectname)%00%(upstream:track)%00%(upstream:remotename)%00%(upstream:remoteref) refs/heads/th refs/remotes/th [33ms]
2024-09-22 07:09:47.120 [info] > git status -z -uall [1804ms]
2024-09-22 07:09:51.199 [info] > git remote --verbose [133ms]
2024-09-22 07:09:51.200 [info] > git for-each-ref --sort -committerdate --format %(refname) %(objectname) %(*objectname) [183ms]
2024-09-22 07:09:51.206 [info] > git config --get commit.template [40ms]
2024-09-22 07:09:51.312 [info] > git for-each-ref --format=%(refname)%00%(upstream:short)%00%(objectname)%00%(upstream:track)%00%(upstream:remotename)%00%(upstream:remoteref) refs/heads/master refs/remotes/master [28ms]
2024-09-22 07:09:51.318 [info] > git status -z -uall [206ms]
