2024-10-03 05:20:40.812 [info] 正在验证在以下位置中找到的 git: git
2024-10-03 05:20:40.812 [info] 将使用位于 git 的 Git 2.34.1
2024-10-03 05:20:40.813 [info] > git rev-parse --show-toplevel [104ms]
2024-10-03 05:20:40.813 [info] > git rev-parse --git-dir --git-common-dir [45ms]
2024-10-03 05:20:40.813 [info] Log level: Info
2024-10-03 05:20:40.813 [info] Open repository: /root
2024-10-03 05:20:40.813 [info] > git rev-parse --show-toplevel [130ms]
2024-10-03 05:20:40.813 [info] > git remote --verbose [426ms]
2024-10-03 05:20:40.813 [info] > git for-each-ref --sort -committerdate --format %(refname) %(objectname) %(*objectname) [455ms]
2024-10-03 05:20:40.813 [info] > git config --get commit.template [52ms]
2024-10-03 05:20:40.813 [info] > git rev-parse --show-toplevel [110ms]
2024-10-03 05:20:40.813 [info] > git rev-parse --show-toplevel [128ms]
2024-10-03 05:20:40.813 [info] > git for-each-ref --format=%(refname)%00%(upstream:short)%00%(objectname)%00%(upstream:track)%00%(upstream:remotename)%00%(upstream:remoteref) refs/heads/su refs/remotes/su [105ms]
2024-10-03 05:20:40.813 [info] > git rev-parse --show-toplevel [33ms]
2024-10-03 05:20:40.813 [info] > git rev-parse --show-toplevel [15ms]
2024-10-03 05:20:40.813 [info] > git rev-parse --show-toplevel [13ms]
2024-10-03 05:20:40.813 [info] > git rev-parse --show-toplevel [18ms]
2024-10-03 05:20:40.813 [info] > git rev-parse --show-toplevel [27ms]
2024-10-03 05:20:40.813 [info] > git rev-parse --git-dir --git-common-dir [16ms]
2024-10-03 05:20:40.813 [info] Log level: Info
2024-10-03 05:20:40.813 [info] Open repository: /root/thsunest01
2024-10-03 05:20:40.813 [info] > git remote --verbose [113ms]
2024-10-03 05:20:40.813 [info] > git for-each-ref --sort -committerdate --format %(refname) %(objectname) %(*objectname) [140ms]
2024-10-03 05:20:40.814 [info] > git config --get commit.template [14ms]
2024-10-03 05:20:40.814 [info] > git for-each-ref --format=%(refname)%00%(upstream:short)%00%(objectname)%00%(upstream:track)%00%(upstream:remotename)%00%(upstream:remoteref) refs/heads/th refs/remotes/th [39ms]
2024-10-03 05:20:40.904 [info] > git show --textconv :.vscode/CmakeLists.txt [41ms]
2024-10-03 05:20:40.917 [info] > git ls-files --stage -- /root/.vscode/CmakeLists.txt [20ms]
2024-10-03 05:20:41.409 [info] > git check-ignore -v -z --stdin [65ms]
2024-10-03 05:20:41.415 [info] > git check-ignore -v -z --stdin [25ms]
2024-10-03 05:20:42.169 [info] > git status -z -uall [1560ms]
2024-10-03 05:20:43.621 [info] > git remote --verbose [1211ms]
2024-10-03 05:20:43.622 [info] > git for-each-ref --sort -committerdate --format %(refname) %(objectname) %(*objectname) [1243ms]
2024-10-03 05:20:43.633 [info] > git config --get commit.template [22ms]
2024-10-03 05:20:43.704 [info] > git for-each-ref --format=%(refname)%00%(upstream:short)%00%(objectname)%00%(upstream:track)%00%(upstream:remotename)%00%(upstream:remoteref) refs/heads/th refs/remotes/th [31ms]
2024-10-03 05:20:43.913 [info] > git status -z -uall [4472ms]
2024-10-03 05:20:44.615 [info] > git status -z -uall [2178ms]
2024-10-03 05:20:44.617 [info] > git remote --verbose [579ms]
2024-10-03 05:20:44.618 [info] > git for-each-ref --sort -committerdate --format %(refname) %(objectname) %(*objectname) [611ms]
2024-10-03 05:20:44.745 [info] > git config --get commit.template [123ms]
2024-10-03 05:20:46.039 [info] > git for-each-ref --format=%(refname)%00%(upstream:short)%00%(objectname)%00%(upstream:track)%00%(upstream:remotename)%00%(upstream:remoteref) refs/heads/su refs/remotes/su [34ms]
2024-10-03 05:20:47.269 [info] > git status -z -uall [3198ms]
2024-10-03 05:20:48.358 [info] > git check-ignore -v -z --stdin [18ms]
2024-10-03 05:20:48.992 [info] > git remote --verbose [90ms]
2024-10-03 05:20:48.992 [info] > git for-each-ref --sort -committerdate --format %(refname) %(objectname) %(*objectname) [137ms]
2024-10-03 05:20:49.332 [info] > git remote --verbose [203ms]
2024-10-03 05:20:49.332 [info] > git for-each-ref --sort -committerdate --format %(refname) %(objectname) %(*objectname) [245ms]
2024-10-03 05:20:49.333 [info] > git for-each-ref --format=%(refname)%00%(upstream:short)%00%(objectname)%00%(upstream:track)%00%(upstream:remotename)%00%(upstream:remoteref) refs/heads/th refs/remotes/th [290ms]
2024-10-03 05:20:49.334 [info] > git config --get commit.template [344ms]
2024-10-03 05:20:49.342 [info] > git config --get commit.template [30ms]
2024-10-03 05:20:49.402 [info] > git for-each-ref --format=%(refname)%00%(upstream:short)%00%(objectname)%00%(upstream:track)%00%(upstream:remotename)%00%(upstream:remoteref) refs/heads/su refs/remotes/su [14ms]
2024-10-03 05:20:50.385 [info] > git status -z -uall [1439ms]
2024-10-03 05:20:51.989 [info] > git status -z -uall [2809ms]
2024-10-03 05:20:57.303 [info] > git remote --verbose [187ms]
2024-10-03 05:20:57.304 [info] > git for-each-ref --sort -committerdate --format %(refname) %(objectname) %(*objectname) [227ms]
2024-10-03 05:20:57.308 [info] > git config --get commit.template [15ms]
2024-10-03 05:20:57.368 [info] > git for-each-ref --format=%(refname)%00%(upstream:short)%00%(objectname)%00%(upstream:track)%00%(upstream:remotename)%00%(upstream:remoteref) refs/heads/su refs/remotes/su [12ms]
2024-10-03 05:21:00.081 [info] > git status -z -uall [2929ms]
2024-10-03 05:21:01.364 [info] > git show --textconv :java/hello.java [37ms]
2024-10-03 05:21:01.373 [info] > git ls-files --stage -- /root/thsunest01/java/hello.java [10ms]
2024-10-03 05:21:01.541 [info] > git check-ignore -v -z --stdin [10ms]
2024-10-03 05:21:02.215 [info] > git remote --verbose [105ms]
2024-10-03 05:21:02.216 [info] > git for-each-ref --sort -committerdate --format %(refname) %(objectname) %(*objectname) [155ms]
2024-10-03 05:21:02.270 [info] > git config --get commit.template [57ms]
2024-10-03 05:21:02.297 [info] > git for-each-ref --format=%(refname)%00%(upstream:short)%00%(objectname)%00%(upstream:track)%00%(upstream:remotename)%00%(upstream:remoteref) refs/heads/th refs/remotes/th [30ms]
2024-10-03 05:21:04.001 [info] > git status -z -uall [1843ms]
2024-10-03 05:21:05.536 [info] > git remote --verbose [190ms]
2024-10-03 05:21:05.537 [info] > git for-each-ref --sort -committerdate --format %(refname) %(objectname) %(*objectname) [237ms]
2024-10-03 05:21:05.541 [info] > git config --get commit.template [14ms]
2024-10-03 05:21:05.629 [info] > git for-each-ref --format=%(refname)%00%(upstream:short)%00%(objectname)%00%(upstream:track)%00%(upstream:remotename)%00%(upstream:remoteref) refs/heads/su refs/remotes/su [13ms]
2024-10-03 05:21:08.140 [info] > git status -z -uall [2748ms]
2024-10-03 05:21:13.539 [info] > git remote --verbose [227ms]
2024-10-03 05:21:13.540 [info] > git for-each-ref --sort -committerdate --format %(refname) %(objectname) %(*objectname) [299ms]
2024-10-03 05:21:13.550 [info] > git config --get commit.template [20ms]
2024-10-03 05:21:13.607 [info] > git for-each-ref --format=%(refname)%00%(upstream:short)%00%(objectname)%00%(upstream:track)%00%(upstream:remotename)%00%(upstream:remoteref) refs/heads/su refs/remotes/su [13ms]
2024-10-03 05:21:16.356 [info] > git status -z -uall [2993ms]
