2024-09-22 06:05:07.283 [info] Extension host with pid 32107 started
2024-09-22 06:05:07.413 [info] Lock '/root/.local/share/code-server/User/workspaceStorage/-31e48dea/vscode.lock': Lock acquired.
2024-09-22 06:05:07.707 [info] ExtensionService#_doActivateExtension vscode.git-base, startup: true, activationEvent: '*', root cause: vscode.git
2024-09-22 06:05:08.780 [error] No bundle location found for extension vscode.git-base
2024-09-22 06:05:09.794 [info] ExtensionService#_doActivateExtension vscode.git, startup: true, activationEvent: '*'
2024-09-22 06:05:09.795 [info] ExtensionService#_doActivateExtension vscode.github, startup: true, activationEvent: '*'
2024-09-22 06:05:12.216 [info] ExtensionService#_doActivateExtension vscode.debug-auto-launch, startup: false, activationEvent: 'onStartupFinished'
2024-09-22 06:05:12.216 [info] ExtensionService#_doActivateExtension vscode.emmet, startup: false, activationEvent: 'onStartupFinished'
2024-09-22 06:05:12.217 [info] ExtensionService#_doActivateExtension vscode.merge-conflict, startup: false, activationEvent: 'onStartupFinished'
2024-09-22 06:05:12.218 [info] ExtensionService#_doActivateExtension formulahendry.code-runner, startup: false, activationEvent: 'onStartupFinished'
2024-09-22 06:05:12.218 [info] Eager extensions activated
2024-09-22 06:05:13.119 [warning] [Decorations] CAPPING events from decorations provider vscode.git 336
2024-09-22 06:05:13.577 [warning] [Decorations] CAPPING events from decorations provider vscode.git 336
2024-09-22 06:05:13.823 [error] No bundle location found for extension vscode.emmet
2024-09-22 06:05:15.335 [warning] [Decorations] CAPPING events from decorations provider vscode.git 340
2024-09-22 06:05:22.327 [warning] [Decorations] CAPPING events from decorations provider vscode.git 340
2024-09-22 06:05:27.475 [warning] [Decorations] CAPPING events from decorations provider vscode.git 340
2024-09-22 06:05:32.678 [warning] [Decorations] CAPPING events from decorations provider vscode.git 340
2024-09-22 06:05:37.837 [warning] [Decorations] CAPPING events from decorations provider vscode.git 340
2024-09-22 06:05:43.048 [warning] [Decorations] CAPPING events from decorations provider vscode.git 340
2024-09-22 06:05:48.173 [warning] [Decorations] CAPPING events from decorations provider vscode.git 340
2024-09-22 06:05:52.466 [error] Error: read ECONNRESET
	at TLSWrap.onStreamRead (node:internal/stream_base_commons:220:20)
2024-09-22 06:05:53.303 [warning] [Decorations] CAPPING events from decorations provider vscode.git 340
2024-09-22 06:05:58.431 [warning] [Decorations] CAPPING events from decorations provider vscode.git 340
2024-09-22 06:05:58.912 [warning] [Decorations] CAPPING events from decorations provider vscode.git 5499
2024-09-22 06:06:03.599 [warning] [Decorations] CAPPING events from decorations provider vscode.git 340
2024-09-22 06:06:05.901 [warning] [Decorations] CAPPING events from decorations provider vscode.git 5504
2024-09-22 06:06:08.848 [warning] [Decorations] CAPPING events from decorations provider vscode.git 340
2024-09-22 06:06:12.732 [warning] [Decorations] CAPPING events from decorations provider vscode.git 5506
2024-09-22 06:06:14.031 [warning] [Decorations] CAPPING events from decorations provider vscode.git 340
2024-09-22 06:06:15.429 [error] Error: read ECONNRESET
	at TLSWrap.onStreamRead (node:internal/stream_base_commons:220:20)
2024-09-22 06:06:19.499 [warning] [Decorations] CAPPING events from decorations provider vscode.git 340
2024-09-22 06:06:19.756 [warning] [Decorations] CAPPING events from decorations provider vscode.git 5507
2024-09-22 06:06:24.638 [warning] [Decorations] CAPPING events from decorations provider vscode.git 340
2024-09-22 06:06:27.053 [info] ExtensionService#_doActivateExtension vscode.css-language-features, startup: false, activationEvent: 'onLanguage:css'
2024-09-22 06:06:29.822 [warning] [Decorations] CAPPING events from decorations provider vscode.git 341
2024-09-22 06:06:34.965 [warning] [Decorations] CAPPING events from decorations provider vscode.git 341
2024-09-22 06:06:37.580 [warning] [Decorations] CAPPING events from decorations provider vscode.git 5508
2024-09-22 06:06:40.139 [warning] [Decorations] CAPPING events from decorations provider vscode.git 341
2024-09-22 06:06:45.367 [warning] [Decorations] CAPPING events from decorations provider vscode.git 341
2024-09-22 06:06:50.602 [warning] [Decorations] CAPPING events from decorations provider vscode.git 341
2024-09-22 06:06:55.840 [warning] [Decorations] CAPPING events from decorations provider vscode.git 341
2024-09-22 06:07:01.011 [warning] [Decorations] CAPPING events from decorations provider vscode.git 341
2024-09-22 06:07:05.841 [warning] [Decorations] CAPPING events from decorations provider vscode.git 5509
2024-09-22 06:07:07.110 [warning] [Decorations] CAPPING events from decorations provider vscode.git 341
2024-09-22 06:07:12.264 [warning] [Decorations] CAPPING events from decorations provider vscode.git 341
2024-09-22 06:07:13.731 [warning] [Decorations] CAPPING events from decorations provider vscode.git 5510
2024-09-22 06:07:17.431 [warning] [Decorations] CAPPING events from decorations provider vscode.git 341
2024-09-22 06:07:22.624 [warning] [Decorations] CAPPING events from decorations provider vscode.git 341
2024-09-22 06:07:27.827 [warning] [Decorations] CAPPING events from decorations provider vscode.git 341
2024-09-22 06:07:33.077 [warning] [Decorations] CAPPING events from decorations provider vscode.git 341
2024-09-22 06:07:38.263 [warning] [Decorations] CAPPING events from decorations provider vscode.git 341
2024-09-22 06:07:43.471 [warning] [Decorations] CAPPING events from decorations provider vscode.git 341
2024-09-22 06:07:48.665 [warning] [Decorations] CAPPING events from decorations provider vscode.git 341
2024-09-22 06:07:53.855 [warning] [Decorations] CAPPING events from decorations provider vscode.git 341
2024-09-22 06:07:59.115 [warning] [Decorations] CAPPING events from decorations provider vscode.git 341
2024-09-22 06:08:04.253 [warning] [Decorations] CAPPING events from decorations provider vscode.git 341
2024-09-22 06:08:09.410 [warning] [Decorations] CAPPING events from decorations provider vscode.git 341
2024-09-22 06:08:14.608 [warning] [Decorations] CAPPING events from decorations provider vscode.git 341
2024-09-22 06:08:19.876 [warning] [Decorations] CAPPING events from decorations provider vscode.git 5511
2024-09-22 06:08:19.900 [warning] [Decorations] CAPPING events from decorations provider vscode.git 343
2024-09-22 06:08:25.469 [warning] [Decorations] CAPPING events from decorations provider vscode.git 343
2024-09-22 06:08:27.336 [warning] [Decorations] CAPPING events from decorations provider vscode.git 5511
2024-09-22 06:08:30.665 [warning] [Decorations] CAPPING events from decorations provider vscode.git 343
2024-09-22 06:08:35.848 [warning] [Decorations] CAPPING events from decorations provider vscode.git 343
2024-09-22 06:08:37.117 [warning] [Decorations] CAPPING events from decorations provider vscode.git 5511
2024-09-22 06:08:41.067 [warning] [Decorations] CAPPING events from decorations provider vscode.git 343
2024-09-22 06:08:46.271 [warning] [Decorations] CAPPING events from decorations provider vscode.git 343
2024-09-22 06:08:51.460 [warning] [Decorations] CAPPING events from decorations provider vscode.git 344
2024-09-22 06:08:54.443 [warning] [Decorations] CAPPING events from decorations provider vscode.git 5511
2024-09-22 06:08:56.677 [warning] [Decorations] CAPPING events from decorations provider vscode.git 344
2024-09-22 06:09:01.892 [warning] [Decorations] CAPPING events from decorations provider vscode.git 344
2024-09-22 06:09:02.213 [warning] [Decorations] CAPPING events from decorations provider vscode.git 5511
2024-09-22 06:09:07.108 [warning] [Decorations] CAPPING events from decorations provider vscode.git 344
2024-09-22 06:09:09.329 [warning] [Decorations] CAPPING events from decorations provider vscode.git 5511
2024-09-22 06:09:12.330 [warning] [Decorations] CAPPING events from decorations provider vscode.git 344
2024-09-22 06:09:17.561 [warning] [Decorations] CAPPING events from decorations provider vscode.git 344
2024-09-22 06:09:19.305 [warning] [Decorations] CAPPING events from decorations provider vscode.git 5511
2024-09-22 06:09:22.783 [warning] [Decorations] CAPPING events from decorations provider vscode.git 344
2024-09-22 06:09:26.847 [warning] [Decorations] CAPPING events from decorations provider vscode.git 5511
2024-09-22 06:09:28.073 [warning] [Decorations] CAPPING events from decorations provider vscode.git 345
2024-09-22 06:09:33.262 [warning] [Decorations] CAPPING events from decorations provider vscode.git 345
2024-09-22 06:09:38.411 [warning] [Decorations] CAPPING events from decorations provider vscode.git 346
2024-09-22 06:09:38.585 [warning] [Decorations] CAPPING events from decorations provider vscode.git 5511
2024-09-22 06:09:43.592 [warning] [Decorations] CAPPING events from decorations provider vscode.git 346
2024-09-22 06:09:45.319 [warning] [Decorations] CAPPING events from decorations provider vscode.git 5511
2024-09-22 06:09:48.795 [warning] [Decorations] CAPPING events from decorations provider vscode.git 346
2024-09-22 06:09:53.973 [warning] [Decorations] CAPPING events from decorations provider vscode.git 346
2024-09-22 06:09:59.197 [warning] [Decorations] CAPPING events from decorations provider vscode.git 347
2024-09-22 06:09:59.334 [warning] [Decorations] CAPPING events from decorations provider vscode.git 5511
2024-09-22 06:10:04.400 [warning] [Decorations] CAPPING events from decorations provider vscode.git 347
2024-09-22 06:10:08.121 [warning] [Decorations] CAPPING events from decorations provider vscode.git 5511
2024-09-22 06:10:09.531 [warning] [Decorations] CAPPING events from decorations provider vscode.git 347
2024-09-22 06:10:14.702 [warning] [Decorations] CAPPING events from decorations provider vscode.git 347
2024-09-22 06:10:14.970 [warning] [Decorations] CAPPING events from decorations provider vscode.git 5511
2024-09-22 06:10:19.888 [warning] [Decorations] CAPPING events from decorations provider vscode.git 347
2024-09-22 06:10:22.632 [warning] [Decorations] CAPPING events from decorations provider vscode.git 5511
2024-09-22 06:10:25.058 [warning] [Decorations] CAPPING events from decorations provider vscode.git 347
2024-09-22 06:10:30.124 [warning] [Decorations] CAPPING events from decorations provider vscode.git 5511
2024-09-22 06:10:31.497 [warning] [Decorations] CAPPING events from decorations provider vscode.git 347
2024-09-22 06:10:36.759 [warning] [Decorations] CAPPING events from decorations provider vscode.git 347
2024-09-22 06:10:37.565 [warning] [Decorations] CAPPING events from decorations provider vscode.git 5511
2024-09-22 06:10:42.014 [warning] [Decorations] CAPPING events from decorations provider vscode.git 347
2024-09-22 06:10:47.293 [warning] [Decorations] CAPPING events from decorations provider vscode.git 5511
2024-09-22 06:10:48.362 [warning] [Decorations] CAPPING events from decorations provider vscode.git 348
2024-09-22 06:10:53.589 [warning] [Decorations] CAPPING events from decorations provider vscode.git 348
2024-09-22 06:10:58.860 [warning] [Decorations] CAPPING events from decorations provider vscode.git 348
2024-09-22 06:11:02.017 [warning] [Decorations] CAPPING events from decorations provider vscode.git 5511
2024-09-22 06:11:04.078 [warning] [Decorations] CAPPING events from decorations provider vscode.git 349
2024-09-22 06:11:08.460 [warning] [Decorations] CAPPING events from decorations provider vscode.git 5511
2024-09-22 06:11:09.701 [warning] [Decorations] CAPPING events from decorations provider vscode.git 349
2024-09-22 06:11:14.950 [warning] [Decorations] CAPPING events from decorations provider vscode.git 349
2024-09-22 06:11:20.150 [warning] [Decorations] CAPPING events from decorations provider vscode.git 349
2024-09-22 06:11:25.338 [warning] [Decorations] CAPPING events from decorations provider vscode.git 349
2024-09-22 06:11:29.729 [warning] [Decorations] CAPPING events from decorations provider vscode.git 5511
2024-09-22 06:11:30.971 [warning] [Decorations] CAPPING events from decorations provider vscode.git 350
2024-09-22 06:11:36.167 [warning] [Decorations] CAPPING events from decorations provider vscode.git 350
2024-09-22 06:11:36.735 [warning] [Decorations] CAPPING events from decorations provider vscode.git 5511
2024-09-22 06:11:41.394 [warning] [Decorations] CAPPING events from decorations provider vscode.git 350
2024-09-22 06:11:45.402 [warning] [Decorations] CAPPING events from decorations provider vscode.git 5511
2024-09-22 06:11:46.673 [warning] [Decorations] CAPPING events from decorations provider vscode.git 350
2024-09-22 06:11:51.883 [warning] [Decorations] CAPPING events from decorations provider vscode.git 350
2024-09-22 06:11:57.114 [warning] [Decorations] CAPPING events from decorations provider vscode.git 350
2024-09-22 06:12:02.344 [warning] [Decorations] CAPPING events from decorations provider vscode.git 350
2024-09-22 06:12:07.563 [warning] [Decorations] CAPPING events from decorations provider vscode.git 351
2024-09-22 06:12:08.612 [warning] [Decorations] CAPPING events from decorations provider vscode.git 5511
2024-09-22 06:12:12.765 [warning] [Decorations] CAPPING events from decorations provider vscode.git 351
2024-09-22 06:12:15.610 [warning] [Decorations] CAPPING events from decorations provider vscode.git 5511
2024-09-22 06:12:18.008 [warning] [Decorations] CAPPING events from decorations provider vscode.git 351
2024-09-22 06:12:22.484 [warning] [Decorations] CAPPING events from decorations provider vscode.git 5511
2024-09-22 06:12:23.832 [warning] [Decorations] CAPPING events from decorations provider vscode.git 351
2024-09-22 06:12:29.067 [warning] [Decorations] CAPPING events from decorations provider vscode.git 351
2024-09-22 06:12:29.762 [warning] [Decorations] CAPPING events from decorations provider vscode.git 5511
2024-09-22 06:12:34.315 [warning] [Decorations] CAPPING events from decorations provider vscode.git 351
2024-09-22 06:12:40.078 [warning] [Decorations] CAPPING events from decorations provider vscode.git 351
2024-09-22 06:12:45.263 [warning] [Decorations] CAPPING events from decorations provider vscode.git 351
2024-09-22 06:12:50.517 [warning] [Decorations] CAPPING events from decorations provider vscode.git 351
2024-09-22 06:12:55.735 [warning] [Decorations] CAPPING events from decorations provider vscode.git 351
2024-09-22 06:13:00.956 [warning] [Decorations] CAPPING events from decorations provider vscode.git 351
2024-09-22 06:13:06.163 [warning] [Decorations] CAPPING events from decorations provider vscode.git 351
2024-09-22 06:13:11.361 [warning] [Decorations] CAPPING events from decorations provider vscode.git 351
2024-09-22 06:13:16.572 [warning] [Decorations] CAPPING events from decorations provider vscode.git 351
2024-09-22 06:13:21.805 [warning] [Decorations] CAPPING events from decorations provider vscode.git 351
2024-09-22 06:13:27.012 [warning] [Decorations] CAPPING events from decorations provider vscode.git 351
2024-09-22 06:13:32.248 [warning] [Decorations] CAPPING events from decorations provider vscode.git 351
2024-09-22 06:13:37.471 [warning] [Decorations] CAPPING events from decorations provider vscode.git 351
2024-09-22 06:13:42.659 [warning] [Decorations] CAPPING events from decorations provider vscode.git 351
2024-09-22 06:13:47.878 [warning] [Decorations] CAPPING events from decorations provider vscode.git 351
2024-09-22 06:13:53.102 [warning] [Decorations] CAPPING events from decorations provider vscode.git 351
2024-09-22 06:13:58.342 [warning] [Decorations] CAPPING events from decorations provider vscode.git 351
2024-09-22 06:14:01.817 [warning] [Decorations] CAPPING events from decorations provider vscode.git 5511
2024-09-22 06:14:03.498 [warning] [Decorations] CAPPING events from decorations provider vscode.git 352
2024-09-22 06:14:08.683 [warning] [Decorations] CAPPING events from decorations provider vscode.git 352
2024-09-22 06:14:09.006 [warning] [Decorations] CAPPING events from decorations provider vscode.git 5511
2024-09-22 06:14:13.892 [warning] [Decorations] CAPPING events from decorations provider vscode.git 352
2024-09-22 06:14:15.787 [warning] [Decorations] CAPPING events from decorations provider vscode.git 5511
2024-09-22 06:14:19.122 [warning] [Decorations] CAPPING events from decorations provider vscode.git 352
2024-09-22 06:14:23.516 [warning] [Decorations] CAPPING events from decorations provider vscode.git 5511
2024-09-22 06:14:24.757 [warning] [Decorations] CAPPING events from decorations provider vscode.git 352
2024-09-22 06:14:29.931 [warning] [Decorations] CAPPING events from decorations provider vscode.git 352
2024-09-22 06:14:35.139 [warning] [Decorations] CAPPING events from decorations provider vscode.git 352
2024-09-22 06:14:37.901 [warning] [Decorations] CAPPING events from decorations provider vscode.git 5512
2024-09-22 06:14:40.378 [warning] [Decorations] CAPPING events from decorations provider vscode.git 352
2024-09-22 06:14:44.574 [warning] [Decorations] CAPPING events from decorations provider vscode.git 5513
2024-09-22 06:14:45.799 [warning] [Decorations] CAPPING events from decorations provider vscode.git 352
2024-09-22 06:14:51.027 [warning] [Decorations] CAPPING events from decorations provider vscode.git 352
2024-09-22 06:14:51.306 [warning] [Decorations] CAPPING events from decorations provider vscode.git 5514
2024-09-22 06:14:56.298 [warning] [Decorations] CAPPING events from decorations provider vscode.git 352
2024-09-22 06:15:01.493 [warning] [Decorations] CAPPING events from decorations provider vscode.git 352
2024-09-22 06:15:06.684 [warning] [Decorations] CAPPING events from decorations provider vscode.git 352
2024-09-22 06:15:07.348 [warning] [Decorations] CAPPING events from decorations provider vscode.git 5515
2024-09-22 06:15:11.886 [warning] [Decorations] CAPPING events from decorations provider vscode.git 352
2024-09-22 06:15:13.970 [warning] [Decorations] CAPPING events from decorations provider vscode.git 5516
2024-09-22 06:15:17.088 [info] ExtensionService#_doActivateExtension vscode.php-language-features, startup: false, activationEvent: 'onLanguage:php'
2024-09-22 06:15:17.128 [warning] [Decorations] CAPPING events from decorations provider vscode.git 352
2024-09-22 06:15:18.148 [error] No bundle location found for extension vscode.php-language-features
2024-09-22 06:15:22.419 [warning] [Decorations] CAPPING events from decorations provider vscode.git 353
2024-09-22 06:15:27.614 [warning] [Decorations] CAPPING events from decorations provider vscode.git 353
2024-09-22 06:15:32.771 [warning] [Decorations] CAPPING events from decorations provider vscode.git 353
2024-09-22 06:15:37.926 [warning] [Decorations] CAPPING events from decorations provider vscode.git 353
2024-09-22 06:15:43.084 [warning] [Decorations] CAPPING events from decorations provider vscode.git 353
2024-09-22 06:15:48.272 [warning] [Decorations] CAPPING events from decorations provider vscode.git 353
2024-09-22 06:15:53.413 [warning] [Decorations] CAPPING events from decorations provider vscode.git 353
2024-09-22 06:15:58.558 [warning] [Decorations] CAPPING events from decorations provider vscode.git 353
2024-09-22 06:16:00.833 [info] ExtensionService#_doActivateExtension vscode.configuration-editing, startup: false, activationEvent: 'onLanguage:json'
2024-09-22 06:16:00.834 [info] ExtensionService#_doActivateExtension vscode.extension-editing, startup: false, activationEvent: 'onLanguage:json'
2024-09-22 06:16:00.835 [info] ExtensionService#_doActivateExtension vscode.json-language-features, startup: false, activationEvent: 'onLanguage:json'
2024-09-22 06:16:00.836 [info] ExtensionService#_doActivateExtension vscode.npm, startup: false, activationEvent: 'onLanguage:json'
2024-09-22 06:16:03.132 [info] ExtensionService#_doActivateExtension vscode.typescript-language-features, startup: false, activationEvent: 'onLanguage:jsonc'
2024-09-22 06:16:03.694 [warning] [Decorations] CAPPING events from decorations provider vscode.git 353
2024-09-22 06:16:04.715 [error] Activating extension vscode.npm failed due to an error:
2024-09-22 06:16:04.715 [error] Error: spawn /opt/code-server-4.9.1-linux-arm64/lib/vscode/node_modules.asar.unpacked/@vscode/ripgrep/bin/rg ENOENT
    at P (http://127.0.0.1:20000/stable-6261075646f055b99068d3688932416f2346dd3b/static/out/vs/workbench/workbench.web.main.js:2167:6689)
    at http://127.0.0.1:20000/stable-6261075646f055b99068d3688932416f2346dd3b/static/out/vs/workbench/workbench.web.main.js:2177:4428
    at async http://127.0.0.1:20000/stable-6261075646f055b99068d3688932416f2346dd3b/static/out/vs/workbench/workbench.web.main.js:2177:2528
2024-09-22 06:16:08.892 [warning] [Decorations] CAPPING events from decorations provider vscode.git 359
2024-09-22 06:16:14.053 [warning] [Decorations] CAPPING events from decorations provider vscode.git 359
2024-09-22 06:16:19.198 [warning] [Decorations] CAPPING events from decorations provider vscode.git 359
2024-09-22 06:16:24.343 [warning] [Decorations] CAPPING events from decorations provider vscode.git 359
2024-09-22 06:16:29.508 [warning] [Decorations] CAPPING events from decorations provider vscode.git 359
2024-09-22 06:16:34.737 [warning] [Decorations] CAPPING events from decorations provider vscode.git 359
2024-09-22 06:16:39.951 [warning] [Decorations] CAPPING events from decorations provider vscode.git 359
2024-09-22 06:16:45.166 [warning] [Decorations] CAPPING events from decorations provider vscode.git 359
2024-09-22 06:16:50.383 [warning] [Decorations] CAPPING events from decorations provider vscode.git 359
2024-09-22 06:16:55.948 [warning] [Decorations] CAPPING events from decorations provider vscode.git 5516
2024-09-22 06:16:57.251 [warning] [Decorations] CAPPING events from decorations provider vscode.git 360
2024-09-22 06:17:02.469 [warning] [Decorations] CAPPING events from decorations provider vscode.git 360
2024-09-22 06:17:03.090 [warning] [Decorations] CAPPING events from decorations provider vscode.git 5516
2024-09-22 06:17:07.659 [warning] [Decorations] CAPPING events from decorations provider vscode.git 360
2024-09-22 06:17:10.511 [warning] [Decorations] CAPPING events from decorations provider vscode.git 5516
2024-09-22 06:17:12.865 [warning] [Decorations] CAPPING events from decorations provider vscode.git 360
2024-09-22 06:17:17.406 [warning] [Decorations] CAPPING events from decorations provider vscode.git 5516
2024-09-22 06:17:18.695 [warning] [Decorations] CAPPING events from decorations provider vscode.git 360
2024-09-22 06:17:23.925 [warning] [Decorations] CAPPING events from decorations provider vscode.git 360
2024-09-22 06:17:24.398 [warning] [Decorations] CAPPING events from decorations provider vscode.git 5516
2024-09-22 06:17:29.095 [warning] [Decorations] CAPPING events from decorations provider vscode.git 360
2024-09-22 06:17:31.319 [warning] [Decorations] CAPPING events from decorations provider vscode.git 5516
2024-09-22 06:17:34.281 [warning] [Decorations] CAPPING events from decorations provider vscode.git 360
2024-09-22 06:17:38.434 [warning] [Decorations] CAPPING events from decorations provider vscode.git 5516
2024-09-22 06:17:39.684 [warning] [Decorations] CAPPING events from decorations provider vscode.git 360
2024-09-22 06:17:44.868 [warning] [Decorations] CAPPING events from decorations provider vscode.git 360
2024-09-22 06:17:45.225 [warning] [Decorations] CAPPING events from decorations provider vscode.git 5516
2024-09-22 06:17:50.078 [warning] [Decorations] CAPPING events from decorations provider vscode.git 360
2024-09-22 06:17:52.625 [warning] [Decorations] CAPPING events from decorations provider vscode.git 5516
2024-09-22 06:17:55.279 [warning] [Decorations] CAPPING events from decorations provider vscode.git 360
2024-09-22 06:17:59.204 [warning] [Decorations] CAPPING events from decorations provider vscode.git 5516
2024-09-22 06:18:00.550 [warning] [Decorations] CAPPING events from decorations provider vscode.git 360
2024-09-22 06:18:05.734 [warning] [Decorations] CAPPING events from decorations provider vscode.git 360
2024-09-22 06:18:05.875 [warning] [Decorations] CAPPING events from decorations provider vscode.git 5516
2024-09-22 06:18:10.967 [warning] [Decorations] CAPPING events from decorations provider vscode.git 360
2024-09-22 06:18:15.544 [warning] [Decorations] CAPPING events from decorations provider vscode.git 5516
2024-09-22 06:18:16.782 [warning] [Decorations] CAPPING events from decorations provider vscode.git 361
2024-09-22 06:18:22.005 [warning] [Decorations] CAPPING events from decorations provider vscode.git 361
2024-09-22 06:18:22.694 [warning] [Decorations] CAPPING events from decorations provider vscode.git 5516
2024-09-22 06:18:27.218 [warning] [Decorations] CAPPING events from decorations provider vscode.git 361
2024-09-22 06:18:29.965 [warning] [Decorations] CAPPING events from decorations provider vscode.git 5516
2024-09-22 06:18:32.419 [warning] [Decorations] CAPPING events from decorations provider vscode.git 361
2024-09-22 06:18:37.614 [warning] [Decorations] CAPPING events from decorations provider vscode.git 361
2024-09-22 06:18:41.243 [warning] [Decorations] CAPPING events from decorations provider vscode.git 5516
2024-09-22 06:18:42.878 [warning] [Decorations] CAPPING events from decorations provider vscode.git 362
2024-09-22 06:18:48.046 [warning] [Decorations] CAPPING events from decorations provider vscode.git 362
2024-09-22 06:18:53.203 [warning] [Decorations] CAPPING events from decorations provider vscode.git 362
2024-09-22 06:18:58.424 [warning] [Decorations] CAPPING events from decorations provider vscode.git 362
2024-09-22 06:19:03.675 [warning] [Decorations] CAPPING events from decorations provider vscode.git 363
2024-09-22 06:19:04.474 [warning] [Decorations] CAPPING events from decorations provider vscode.git 5516
2024-09-22 06:19:08.880 [warning] [Decorations] CAPPING events from decorations provider vscode.git 363
2024-09-22 06:19:11.809 [warning] [Decorations] CAPPING events from decorations provider vscode.git 5516
2024-09-22 06:19:14.122 [warning] [Decorations] CAPPING events from decorations provider vscode.git 363
2024-09-22 06:19:19.296 [warning] [Decorations] CAPPING events from decorations provider vscode.git 363
2024-09-22 06:19:19.620 [warning] [Decorations] CAPPING events from decorations provider vscode.git 5516
2024-09-22 06:19:24.512 [warning] [Decorations] CAPPING events from decorations provider vscode.git 363
2024-09-22 06:19:27.194 [warning] [Decorations] CAPPING events from decorations provider vscode.git 5516
2024-09-22 06:19:29.717 [warning] [Decorations] CAPPING events from decorations provider vscode.git 363
2024-09-22 06:19:34.925 [warning] [Decorations] CAPPING events from decorations provider vscode.git 363
2024-09-22 06:19:40.142 [warning] [Decorations] CAPPING events from decorations provider vscode.git 363
2024-09-22 06:19:45.677 [warning] [Decorations] CAPPING events from decorations provider vscode.git 363
2024-09-22 06:19:50.861 [warning] [Decorations] CAPPING events from decorations provider vscode.git 363
2024-09-22 06:19:56.029 [warning] [Decorations] CAPPING events from decorations provider vscode.git 363
2024-09-22 06:20:01.204 [warning] [Decorations] CAPPING events from decorations provider vscode.git 364
2024-09-22 06:20:02.486 [warning] [Decorations] CAPPING events from decorations provider vscode.git 5516
2024-09-22 06:20:06.372 [warning] [Decorations] CAPPING events from decorations provider vscode.git 364
2024-09-22 06:20:11.543 [warning] [Decorations] CAPPING events from decorations provider vscode.git 364
2024-09-22 06:20:12.399 [warning] [Decorations] CAPPING events from decorations provider vscode.git 5516
2024-09-22 06:20:16.812 [warning] [Decorations] CAPPING events from decorations provider vscode.git 364
2024-09-22 06:20:22.034 [warning] [Decorations] CAPPING events from decorations provider vscode.git 364
2024-09-22 06:20:27.199 [warning] [Decorations] CAPPING events from decorations provider vscode.git 364
2024-09-22 06:20:32.452 [warning] [Decorations] CAPPING events from decorations provider vscode.git 364
2024-09-22 06:20:37.000 [warning] [Decorations] CAPPING events from decorations provider vscode.git 5516
2024-09-22 06:20:38.302 [warning] [Decorations] CAPPING events from decorations provider vscode.git 365
2024-09-22 06:20:43.507 [warning] [Decorations] CAPPING events from decorations provider vscode.git 365
2024-09-22 06:20:48.721 [warning] [Decorations] CAPPING events from decorations provider vscode.git 365
2024-09-22 06:20:53.921 [warning] [Decorations] CAPPING events from decorations provider vscode.git 365
2024-09-22 06:20:59.143 [warning] [Decorations] CAPPING events from decorations provider vscode.git 366
2024-09-22 06:21:01.430 [warning] [Decorations] CAPPING events from decorations provider vscode.git 5516
2024-09-22 06:21:04.413 [warning] [Decorations] CAPPING events from decorations provider vscode.git 366
2024-09-22 06:21:08.260 [warning] [Decorations] CAPPING events from decorations provider vscode.git 5516
2024-09-22 06:21:09.664 [warning] [Decorations] CAPPING events from decorations provider vscode.git 366
2024-09-22 06:21:14.908 [warning] [Decorations] CAPPING events from decorations provider vscode.git 366
2024-09-22 06:21:15.433 [warning] [Decorations] CAPPING events from decorations provider vscode.git 5517
2024-09-22 06:21:20.119 [warning] [Decorations] CAPPING events from decorations provider vscode.git 366
2024-09-22 06:21:25.347 [warning] [Decorations] CAPPING events from decorations provider vscode.git 366
2024-09-22 06:21:30.541 [warning] [Decorations] CAPPING events from decorations provider vscode.git 366
2024-09-22 06:21:35.783 [warning] [Decorations] CAPPING events from decorations provider vscode.git 366
2024-09-22 06:21:41.510 [warning] [Decorations] CAPPING events from decorations provider vscode.git 367
2024-09-22 06:21:42.787 [warning] [Decorations] CAPPING events from decorations provider vscode.git 5517
2024-09-22 06:21:46.728 [warning] [Decorations] CAPPING events from decorations provider vscode.git 367
2024-09-22 06:21:51.951 [warning] [Decorations] CAPPING events from decorations provider vscode.git 367
2024-09-22 06:21:57.183 [warning] [Decorations] CAPPING events from decorations provider vscode.git 367
2024-09-22 06:22:02.426 [warning] [Decorations] CAPPING events from decorations provider vscode.git 367
2024-09-22 06:22:07.619 [warning] [Decorations] CAPPING events from decorations provider vscode.git 368
2024-09-22 06:22:08.608 [warning] [Decorations] CAPPING events from decorations provider vscode.git 5517
2024-09-22 06:22:12.787 [warning] [Decorations] CAPPING events from decorations provider vscode.git 368
2024-09-22 06:22:15.304 [warning] [Decorations] CAPPING events from decorations provider vscode.git 5517
2024-09-22 06:22:17.981 [warning] [Decorations] CAPPING events from decorations provider vscode.git 368
2024-09-22 06:22:23.185 [warning] [Decorations] CAPPING events from decorations provider vscode.git 368
2024-09-22 06:22:28.813 [warning] [Decorations] CAPPING events from decorations provider vscode.git 369
2024-09-22 06:22:30.773 [warning] [Decorations] CAPPING events from decorations provider vscode.git 5517
2024-09-22 06:22:34.007 [warning] [Decorations] CAPPING events from decorations provider vscode.git 369
2024-09-22 06:22:39.208 [warning] [Decorations] CAPPING events from decorations provider vscode.git 369
2024-09-22 06:22:44.372 [warning] [Decorations] CAPPING events from decorations provider vscode.git 369
2024-09-22 06:22:49.646 [warning] [Decorations] CAPPING events from decorations provider vscode.git 369
2024-09-22 06:22:54.849 [warning] [Decorations] CAPPING events from decorations provider vscode.git 370
2024-09-22 06:22:57.041 [warning] [Decorations] CAPPING events from decorations provider vscode.git 5517
2024-09-22 06:23:00.047 [warning] [Decorations] CAPPING events from decorations provider vscode.git 370
2024-09-22 06:23:03.910 [warning] [Decorations] CAPPING events from decorations provider vscode.git 5517
2024-09-22 06:23:05.278 [warning] [Decorations] CAPPING events from decorations provider vscode.git 370
2024-09-22 06:23:10.440 [warning] [Decorations] CAPPING events from decorations provider vscode.git 370
2024-09-22 06:23:10.789 [warning] [Decorations] CAPPING events from decorations provider vscode.git 5517
2024-09-22 06:23:15.659 [warning] [Decorations] CAPPING events from decorations provider vscode.git 370
2024-09-22 06:23:18.429 [warning] [Decorations] CAPPING events from decorations provider vscode.git 5517
2024-09-22 06:23:20.832 [warning] [Decorations] CAPPING events from decorations provider vscode.git 370
2024-09-22 06:23:25.998 [warning] [Decorations] CAPPING events from decorations provider vscode.git 371
2024-09-22 06:23:27.103 [warning] [Decorations] CAPPING events from decorations provider vscode.git 5517
2024-09-22 06:23:31.184 [warning] [Decorations] CAPPING events from decorations provider vscode.git 371
2024-09-22 06:23:33.984 [warning] [Decorations] CAPPING events from decorations provider vscode.git 5517
2024-09-22 06:23:36.381 [warning] [Decorations] CAPPING events from decorations provider vscode.git 371
2024-09-22 06:23:40.833 [warning] [Decorations] CAPPING events from decorations provider vscode.git 5517
2024-09-22 06:23:42.092 [warning] [Decorations] CAPPING events from decorations provider vscode.git 371
2024-09-22 06:23:47.318 [warning] [Decorations] CAPPING events from decorations provider vscode.git 371
2024-09-22 06:23:48.196 [warning] [Decorations] CAPPING events from decorations provider vscode.git 5517
2024-09-22 06:23:52.494 [warning] [Decorations] CAPPING events from decorations provider vscode.git 371
2024-09-22 06:23:57.686 [warning] [Decorations] CAPPING events from decorations provider vscode.git 372
2024-09-22 06:23:57.925 [warning] [Decorations] CAPPING events from decorations provider vscode.git 5517
2024-09-22 06:24:02.862 [warning] [Decorations] CAPPING events from decorations provider vscode.git 372
2024-09-22 06:24:04.876 [warning] [Decorations] CAPPING events from decorations provider vscode.git 5517
2024-09-22 06:24:08.084 [warning] [Decorations] CAPPING events from decorations provider vscode.git 372
2024-09-22 06:24:13.115 [warning] [Decorations] CAPPING events from decorations provider vscode.git 5517
2024-09-22 06:24:14.280 [warning] [Decorations] CAPPING events from decorations provider vscode.git 372
2024-09-22 06:24:19.480 [warning] [Decorations] CAPPING events from decorations provider vscode.git 372
2024-09-22 06:24:20.446 [warning] [Decorations] CAPPING events from decorations provider vscode.git 5517
2024-09-22 06:24:24.681 [warning] [Decorations] CAPPING events from decorations provider vscode.git 372
2024-09-22 06:24:29.894 [warning] [Decorations] CAPPING events from decorations provider vscode.git 372
2024-09-22 06:24:33.412 [warning] [Decorations] CAPPING events from decorations provider vscode.git 5517
2024-09-22 06:24:35.103 [warning] [Decorations] CAPPING events from decorations provider vscode.git 373
2024-09-22 06:24:40.354 [warning] [Decorations] CAPPING events from decorations provider vscode.git 373
2024-09-22 06:24:45.555 [warning] [Decorations] CAPPING events from decorations provider vscode.git 373
2024-09-22 06:24:50.749 [warning] [Decorations] CAPPING events from decorations provider vscode.git 373
2024-09-22 06:24:55.913 [warning] [Decorations] CAPPING events from decorations provider vscode.git 373
2024-09-22 06:25:01.124 [warning] [Decorations] CAPPING events from decorations provider vscode.git 373
2024-09-22 06:25:04.246 [warning] [Decorations] CAPPING events from decorations provider vscode.git 5517
2024-09-22 06:25:06.381 [warning] [Decorations] CAPPING events from decorations provider vscode.git 374
2024-09-22 06:25:11.584 [warning] [Decorations] CAPPING events from decorations provider vscode.git 374
2024-09-22 06:25:12.072 [warning] [Decorations] CAPPING events from decorations provider vscode.git 5517
2024-09-22 06:25:16.783 [warning] [Decorations] CAPPING events from decorations provider vscode.git 374
2024-09-22 06:25:19.631 [warning] [Decorations] CAPPING events from decorations provider vscode.git 5517
2024-09-22 06:25:21.981 [warning] [Decorations] CAPPING events from decorations provider vscode.git 374
2024-09-22 06:25:27.285 [warning] [Decorations] CAPPING events from decorations provider vscode.git 5517
2024-09-22 06:25:27.304 [warning] [Decorations] CAPPING events from decorations provider vscode.git 374
2024-09-22 06:25:32.514 [warning] [Decorations] CAPPING events from decorations provider vscode.git 374
2024-09-22 06:25:37.707 [warning] [Decorations] CAPPING events from decorations provider vscode.git 374
2024-09-22 06:25:41.984 [warning] [Decorations] CAPPING events from decorations provider vscode.git 5517
2024-09-22 06:25:43.234 [warning] [Decorations] CAPPING events from decorations provider vscode.git 375
2024-09-22 06:25:48.390 [warning] [Decorations] CAPPING events from decorations provider vscode.git 375
2024-09-22 06:25:53.604 [warning] [Decorations] CAPPING events from decorations provider vscode.git 375
2024-09-22 06:25:59.321 [warning] [Decorations] CAPPING events from decorations provider vscode.git 376
2024-09-22 06:26:00.497 [warning] [Decorations] CAPPING events from decorations provider vscode.git 5517
2024-09-22 06:28:13.392 [warning] [Decorations] CAPPING events from decorations provider vscode.git 376
2024-09-22 06:28:18.570 [warning] [Decorations] CAPPING events from decorations provider vscode.git 376
2024-09-22 06:28:23.796 [warning] [Decorations] CAPPING events from decorations provider vscode.git 376
2024-09-22 06:28:27.719 [warning] [Decorations] CAPPING events from decorations provider vscode.git 5517
2024-09-22 06:28:28.998 [warning] [Decorations] CAPPING events from decorations provider vscode.git 377
2024-09-22 06:28:34.187 [warning] [Decorations] CAPPING events from decorations provider vscode.git 377
2024-09-22 06:28:37.723 [warning] [Decorations] CAPPING events from decorations provider vscode.git 5517
2024-09-22 06:28:39.398 [warning] [Decorations] CAPPING events from decorations provider vscode.git 378
2024-09-22 06:28:44.589 [warning] [Decorations] CAPPING events from decorations provider vscode.git 378
2024-09-22 06:28:44.834 [warning] [Decorations] CAPPING events from decorations provider vscode.git 5517
2024-09-22 06:28:49.784 [warning] [Decorations] CAPPING events from decorations provider vscode.git 378
2024-09-22 06:28:51.896 [warning] [Decorations] CAPPING events from decorations provider vscode.git 5517
2024-09-22 06:28:54.960 [warning] [Decorations] CAPPING events from decorations provider vscode.git 378
2024-09-22 06:29:00.138 [warning] [Decorations] CAPPING events from decorations provider vscode.git 379
2024-09-22 06:29:00.381 [warning] [Decorations] CAPPING events from decorations provider vscode.git 5517
2024-09-22 06:29:05.346 [warning] [Decorations] CAPPING events from decorations provider vscode.git 379
2024-09-22 06:29:07.247 [warning] [Decorations] CAPPING events from decorations provider vscode.git 5517
2024-09-22 06:29:10.540 [warning] [Decorations] CAPPING events from decorations provider vscode.git 379
2024-09-22 06:29:14.563 [warning] [Decorations] CAPPING events from decorations provider vscode.git 5517
2024-09-22 06:29:15.776 [warning] [Decorations] CAPPING events from decorations provider vscode.git 379
2024-09-22 06:29:21.848 [warning] [Decorations] CAPPING events from decorations provider vscode.git 379
2024-09-22 06:29:22.747 [warning] [Decorations] CAPPING events from decorations provider vscode.git 5517
2024-09-22 06:29:27.043 [warning] [Decorations] CAPPING events from decorations provider vscode.git 379
2024-09-22 06:29:30.164 [warning] [Decorations] CAPPING events from decorations provider vscode.git 5517
2024-09-22 06:29:32.251 [warning] [Decorations] CAPPING events from decorations provider vscode.git 379
2024-09-22 06:29:37.115 [warning] [Decorations] CAPPING events from decorations provider vscode.git 5517
2024-09-22 06:29:38.404 [warning] [Decorations] CAPPING events from decorations provider vscode.git 379
2024-09-22 06:29:43.623 [warning] [Decorations] CAPPING events from decorations provider vscode.git 379
2024-09-22 06:29:44.078 [warning] [Decorations] CAPPING events from decorations provider vscode.git 5517
2024-09-22 06:29:48.902 [warning] [Decorations] CAPPING events from decorations provider vscode.git 379
2024-09-22 06:29:51.108 [warning] [Decorations] CAPPING events from decorations provider vscode.git 5517
2024-09-22 06:29:54.152 [warning] [Decorations] CAPPING events from decorations provider vscode.git 379
2024-09-22 06:29:58.124 [warning] [Decorations] CAPPING events from decorations provider vscode.git 5517
2024-09-22 06:29:59.294 [warning] [Decorations] CAPPING events from decorations provider vscode.git 379
2024-09-22 06:30:04.465 [warning] [Decorations] CAPPING events from decorations provider vscode.git 379
2024-09-22 06:30:09.708 [warning] [Decorations] CAPPING events from decorations provider vscode.git 379
2024-09-22 06:30:14.865 [warning] [Decorations] CAPPING events from decorations provider vscode.git 379
2024-09-22 06:30:20.067 [warning] [Decorations] CAPPING events from decorations provider vscode.git 379
2024-09-22 06:30:25.220 [warning] [Decorations] CAPPING events from decorations provider vscode.git 379
2024-09-22 06:30:30.358 [warning] [Decorations] CAPPING events from decorations provider vscode.git 379
2024-09-22 06:30:35.560 [warning] [Decorations] CAPPING events from decorations provider vscode.git 379
2024-09-22 06:30:40.759 [warning] [Decorations] CAPPING events from decorations provider vscode.git 379
2024-09-22 06:30:46.007 [warning] [Decorations] CAPPING events from decorations provider vscode.git 379
2024-09-22 06:30:51.147 [warning] [Decorations] CAPPING events from decorations provider vscode.git 379
2024-09-22 06:30:56.387 [warning] [Decorations] CAPPING events from decorations provider vscode.git 379
2024-09-22 06:31:01.561 [warning] [Decorations] CAPPING events from decorations provider vscode.git 379
2024-09-22 06:31:06.788 [warning] [Decorations] CAPPING events from decorations provider vscode.git 379
2024-09-22 06:31:11.976 [warning] [Decorations] CAPPING events from decorations provider vscode.git 379
2024-09-22 06:31:17.112 [warning] [Decorations] CAPPING events from decorations provider vscode.git 379
2024-09-22 06:31:22.320 [warning] [Decorations] CAPPING events from decorations provider vscode.git 379
2024-09-22 06:31:27.462 [warning] [Decorations] CAPPING events from decorations provider vscode.git 379
2024-09-22 06:31:32.638 [warning] [Decorations] CAPPING events from decorations provider vscode.git 382
2024-09-22 06:31:37.765 [warning] [Decorations] CAPPING events from decorations provider vscode.git 382
2024-09-22 06:31:42.900 [warning] [Decorations] CAPPING events from decorations provider vscode.git 383
2024-09-22 06:31:43.439 [warning] [Decorations] CAPPING events from decorations provider vscode.git 5517
2024-09-22 06:31:48.073 [warning] [Decorations] CAPPING events from decorations provider vscode.git 383
2024-09-22 06:31:51.923 [warning] [Decorations] CAPPING events from decorations provider vscode.git 5517
2024-09-22 06:31:53.308 [warning] [Decorations] CAPPING events from decorations provider vscode.git 383
2024-09-22 06:31:58.494 [warning] [Decorations] CAPPING events from decorations provider vscode.git 383
2024-09-22 06:31:58.990 [warning] [Decorations] CAPPING events from decorations provider vscode.git 5517
2024-09-22 06:32:03.662 [warning] [Decorations] CAPPING events from decorations provider vscode.git 383
2024-09-22 06:32:06.038 [warning] [Decorations] CAPPING events from decorations provider vscode.git 5517
2024-09-22 06:32:08.895 [warning] [Decorations] CAPPING events from decorations provider vscode.git 383
2024-09-22 06:32:13.394 [warning] [Decorations] CAPPING events from decorations provider vscode.git 5517
2024-09-22 06:32:14.559 [warning] [Decorations] CAPPING events from decorations provider vscode.git 383
2024-09-22 06:32:19.796 [warning] [Decorations] CAPPING events from decorations provider vscode.git 385
2024-09-22 06:32:20.422 [warning] [Decorations] CAPPING events from decorations provider vscode.git 5517
2024-09-22 06:32:25.028 [warning] [Decorations] CAPPING events from decorations provider vscode.git 385
2024-09-22 06:32:27.222 [warning] [Decorations] CAPPING events from decorations provider vscode.git 5517
2024-09-22 06:32:30.303 [warning] [Decorations] CAPPING events from decorations provider vscode.git 385
2024-09-22 06:32:33.949 [warning] [Decorations] CAPPING events from decorations provider vscode.git 5517
2024-09-22 06:32:35.524 [warning] [Decorations] CAPPING events from decorations provider vscode.git 385
2024-09-22 06:32:40.682 [warning] [Decorations] CAPPING events from decorations provider vscode.git 385
2024-09-22 06:32:40.940 [warning] [Decorations] CAPPING events from decorations provider vscode.git 5517
2024-09-22 06:32:45.844 [warning] [Decorations] CAPPING events from decorations provider vscode.git 385
2024-09-22 06:32:48.233 [warning] [Decorations] CAPPING events from decorations provider vscode.git 5517
2024-09-22 06:32:51.008 [warning] [Decorations] CAPPING events from decorations provider vscode.git 385
2024-09-22 06:32:55.266 [warning] [Decorations] CAPPING events from decorations provider vscode.git 5517
2024-09-22 06:32:56.552 [warning] [Decorations] CAPPING events from decorations provider vscode.git 385
2024-09-22 06:33:01.746 [warning] [Decorations] CAPPING events from decorations provider vscode.git 385
2024-09-22 06:33:02.199 [warning] [Decorations] CAPPING events from decorations provider vscode.git 5517
2024-09-22 06:33:06.989 [warning] [Decorations] CAPPING events from decorations provider vscode.git 385
2024-09-22 06:33:09.753 [warning] [Decorations] CAPPING events from decorations provider vscode.git 5517
2024-09-22 06:33:12.198 [warning] [Decorations] CAPPING events from decorations provider vscode.git 385
2024-09-22 06:33:17.416 [warning] [Decorations] CAPPING events from decorations provider vscode.git 385
2024-09-22 06:33:17.697 [warning] [Decorations] CAPPING events from decorations provider vscode.git 5517
2024-09-22 06:33:22.651 [warning] [Decorations] CAPPING events from decorations provider vscode.git 385
2024-09-22 06:33:27.897 [warning] [Decorations] CAPPING events from decorations provider vscode.git 385
2024-09-22 06:33:31.867 [warning] [Decorations] CAPPING events from decorations provider vscode.git 5517
2024-09-22 06:33:33.067 [warning] [Decorations] CAPPING events from decorations provider vscode.git 386
2024-09-22 06:33:38.276 [warning] [Decorations] CAPPING events from decorations provider vscode.git 386
2024-09-22 06:33:38.806 [warning] [Decorations] CAPPING events from decorations provider vscode.git 5517
2024-09-22 06:33:43.481 [warning] [Decorations] CAPPING events from decorations provider vscode.git 386
2024-09-22 06:33:45.920 [warning] [Decorations] CAPPING events from decorations provider vscode.git 5517
2024-09-22 06:33:48.706 [warning] [Decorations] CAPPING events from decorations provider vscode.git 386
2024-09-22 06:33:53.236 [warning] [Decorations] CAPPING events from decorations provider vscode.git 5517
2024-09-22 06:33:54.436 [warning] [Decorations] CAPPING events from decorations provider vscode.git 386
2024-09-22 06:33:59.632 [warning] [Decorations] CAPPING events from decorations provider vscode.git 386
2024-09-22 06:33:59.965 [warning] [Decorations] CAPPING events from decorations provider vscode.git 5517
2024-09-22 06:34:04.822 [warning] [Decorations] CAPPING events from decorations provider vscode.git 386
2024-09-22 06:34:06.500 [warning] [Decorations] CAPPING events from decorations provider vscode.git 5517
2024-09-22 06:34:10.044 [warning] [Decorations] CAPPING events from decorations provider vscode.git 386
2024-09-22 06:34:13.220 [warning] [Decorations] CAPPING events from decorations provider vscode.git 5517
2024-09-22 06:34:15.257 [warning] [Decorations] CAPPING events from decorations provider vscode.git 386
2024-09-22 06:34:20.462 [warning] [Decorations] CAPPING events from decorations provider vscode.git 386
2024-09-22 06:34:25.719 [warning] [Decorations] CAPPING events from decorations provider vscode.git 386
2024-09-22 06:34:30.957 [warning] [Decorations] CAPPING events from decorations provider vscode.git 386
2024-09-22 06:34:36.175 [warning] [Decorations] CAPPING events from decorations provider vscode.git 386
2024-09-22 06:34:41.409 [warning] [Decorations] CAPPING events from decorations provider vscode.git 386
2024-09-22 06:34:45.908 [warning] [Decorations] CAPPING events from decorations provider vscode.git 5517
2024-09-22 06:34:47.271 [warning] [Decorations] CAPPING events from decorations provider vscode.git 387
2024-09-22 06:34:52.440 [warning] [Decorations] CAPPING events from decorations provider vscode.git 387
2024-09-22 06:34:52.952 [warning] [Decorations] CAPPING events from decorations provider vscode.git 5517
2024-09-22 06:34:57.623 [warning] [Decorations] CAPPING events from decorations provider vscode.git 387
2024-09-22 06:34:59.737 [warning] [Decorations] CAPPING events from decorations provider vscode.git 5517
2024-09-22 06:35:02.896 [warning] [Decorations] CAPPING events from decorations provider vscode.git 387
2024-09-22 06:35:06.532 [warning] [Decorations] CAPPING events from decorations provider vscode.git 5517
2024-09-22 06:35:08.198 [warning] [Decorations] CAPPING events from decorations provider vscode.git 387
2024-09-22 06:35:13.363 [warning] [Decorations] CAPPING events from decorations provider vscode.git 387
2024-09-22 06:35:13.669 [warning] [Decorations] CAPPING events from decorations provider vscode.git 5517
2024-09-22 06:35:18.607 [warning] [Decorations] CAPPING events from decorations provider vscode.git 387
2024-09-22 06:35:20.333 [warning] [Decorations] CAPPING events from decorations provider vscode.git 5517
2024-09-22 06:35:23.883 [warning] [Decorations] CAPPING events from decorations provider vscode.git 387
2024-09-22 06:35:27.418 [warning] [Decorations] CAPPING events from decorations provider vscode.git 5517
2024-09-22 06:35:29.096 [warning] [Decorations] CAPPING events from decorations provider vscode.git 387
2024-09-22 06:35:34.345 [warning] [Decorations] CAPPING events from decorations provider vscode.git 387
2024-09-22 06:35:38.623 [warning] [Decorations] CAPPING events from decorations provider vscode.git 5517
2024-09-22 06:35:39.903 [warning] [Decorations] CAPPING events from decorations provider vscode.git 388
2024-09-22 06:35:45.138 [warning] [Decorations] CAPPING events from decorations provider vscode.git 388
2024-09-22 06:35:49.608 [warning] [Decorations] CAPPING events from decorations provider vscode.git 5517
2024-09-22 06:35:50.953 [warning] [Decorations] CAPPING events from decorations provider vscode.git 389
2024-09-22 06:35:56.092 [warning] [Decorations] CAPPING events from decorations provider vscode.git 389
2024-09-22 06:36:02.969 [warning] [Decorations] CAPPING events from decorations provider vscode.git 390
2024-09-22 06:36:05.165 [warning] [Decorations] CAPPING events from decorations provider vscode.git 5517
2024-09-22 06:36:09.507 [warning] [Decorations] CAPPING events from decorations provider vscode.git 390
2024-09-22 06:36:15.282 [warning] [Decorations] CAPPING events from decorations provider vscode.git 390
2024-09-22 06:36:15.911 [warning] [Decorations] CAPPING events from decorations provider vscode.git 5517
2024-09-22 06:36:20.437 [warning] [Decorations] CAPPING events from decorations provider vscode.git 390
2024-09-22 06:36:25.644 [warning] [Decorations] CAPPING events from decorations provider vscode.git 390
2024-09-22 06:36:30.825 [warning] [Decorations] CAPPING events from decorations provider vscode.git 390
2024-09-22 06:36:35.818 [warning] [Decorations] CAPPING events from decorations provider vscode.git 5517
2024-09-22 06:36:36.996 [warning] [Decorations] CAPPING events from decorations provider vscode.git 391
2024-09-22 06:36:42.165 [warning] [Decorations] CAPPING events from decorations provider vscode.git 391
2024-09-22 06:36:42.807 [warning] [Decorations] CAPPING events from decorations provider vscode.git 5517
2024-09-22 06:36:47.447 [warning] [Decorations] CAPPING events from decorations provider vscode.git 391
2024-09-22 06:36:50.042 [warning] [Decorations] CAPPING events from decorations provider vscode.git 5517
2024-09-22 06:36:52.723 [warning] [Decorations] CAPPING events from decorations provider vscode.git 391
2024-09-22 06:36:57.666 [warning] [Decorations] CAPPING events from decorations provider vscode.git 5517
2024-09-22 06:36:58.932 [warning] [Decorations] CAPPING events from decorations provider vscode.git 391
2024-09-22 06:37:04.131 [warning] [Decorations] CAPPING events from decorations provider vscode.git 391
2024-09-22 06:37:04.678 [warning] [Decorations] CAPPING events from decorations provider vscode.git 5517
2024-09-22 06:37:09.333 [warning] [Decorations] CAPPING events from decorations provider vscode.git 391
2024-09-22 06:37:11.788 [warning] [Decorations] CAPPING events from decorations provider vscode.git 5517
2024-09-22 06:37:14.527 [warning] [Decorations] CAPPING events from decorations provider vscode.git 391
2024-09-22 06:37:18.823 [warning] [Decorations] CAPPING events from decorations provider vscode.git 5517
2024-09-22 06:37:20.103 [warning] [Decorations] CAPPING events from decorations provider vscode.git 391
2024-09-22 06:37:25.320 [warning] [Decorations] CAPPING events from decorations provider vscode.git 391
2024-09-22 06:37:25.563 [warning] [Decorations] CAPPING events from decorations provider vscode.git 5517
2024-09-22 06:37:30.594 [warning] [Decorations] CAPPING events from decorations provider vscode.git 391
2024-09-22 06:37:35.836 [warning] [Decorations] CAPPING events from decorations provider vscode.git 391
2024-09-22 06:37:41.074 [warning] [Decorations] CAPPING events from decorations provider vscode.git 391
2024-09-22 06:37:46.314 [warning] [Decorations] CAPPING events from decorations provider vscode.git 391
2024-09-22 06:37:51.596 [warning] [Decorations] CAPPING events from decorations provider vscode.git 391
2024-09-22 06:37:56.790 [warning] [Decorations] CAPPING events from decorations provider vscode.git 391
2024-09-22 06:38:01.994 [warning] [Decorations] CAPPING events from decorations provider vscode.git 391
2024-09-22 06:38:07.280 [warning] [Decorations] CAPPING events from decorations provider vscode.git 391
2024-09-22 06:38:12.440 [warning] [Decorations] CAPPING events from decorations provider vscode.git 391
2024-09-22 06:38:17.623 [warning] [Decorations] CAPPING events from decorations provider vscode.git 393
2024-09-22 06:38:19.805 [warning] [Decorations] CAPPING events from decorations provider vscode.git 5518
2024-09-22 06:38:22.820 [warning] [Decorations] CAPPING events from decorations provider vscode.git 393
2024-09-22 06:38:26.746 [warning] [Decorations] CAPPING events from decorations provider vscode.git 5518
2024-09-22 06:38:28.090 [warning] [Decorations] CAPPING events from decorations provider vscode.git 393
2024-09-22 06:38:33.278 [warning] [Decorations] CAPPING events from decorations provider vscode.git 393
2024-09-22 06:38:33.506 [warning] [Decorations] CAPPING events from decorations provider vscode.git 5518
2024-09-22 06:38:38.498 [warning] [Decorations] CAPPING events from decorations provider vscode.git 393
2024-09-22 06:38:40.199 [warning] [Decorations] CAPPING events from decorations provider vscode.git 5518
2024-09-22 06:38:43.725 [warning] [Decorations] CAPPING events from decorations provider vscode.git 393
2024-09-22 06:38:47.501 [warning] [Decorations] CAPPING events from decorations provider vscode.git 5518
2024-09-22 06:38:48.978 [warning] [Decorations] CAPPING events from decorations provider vscode.git 393
2024-09-22 06:38:54.250 [warning] [Decorations] CAPPING events from decorations provider vscode.git 393
2024-09-22 06:38:59.458 [warning] [Decorations] CAPPING events from decorations provider vscode.git 393
2024-09-22 06:39:03.208 [warning] [Decorations] CAPPING events from decorations provider vscode.git 5518
2024-09-22 06:39:04.696 [warning] [Decorations] CAPPING events from decorations provider vscode.git 394
2024-09-22 06:39:09.876 [warning] [Decorations] CAPPING events from decorations provider vscode.git 394
2024-09-22 06:39:10.467 [warning] [Decorations] CAPPING events from decorations provider vscode.git 5518
2024-09-22 06:39:15.049 [warning] [Decorations] CAPPING events from decorations provider vscode.git 394
2024-09-22 06:39:17.424 [warning] [Decorations] CAPPING events from decorations provider vscode.git 5519
2024-09-22 06:39:20.242 [warning] [Decorations] CAPPING events from decorations provider vscode.git 394
2024-09-22 06:39:25.451 [warning] [Decorations] CAPPING events from decorations provider vscode.git 395
2024-09-22 06:39:27.165 [warning] [Decorations] CAPPING events from decorations provider vscode.git 5519
2024-09-22 06:39:30.702 [warning] [Decorations] CAPPING events from decorations provider vscode.git 395
2024-09-22 06:39:34.657 [warning] [Decorations] CAPPING events from decorations provider vscode.git 5519
2024-09-22 06:39:35.947 [warning] [Decorations] CAPPING events from decorations provider vscode.git 395
2024-09-22 06:39:41.186 [warning] [Decorations] CAPPING events from decorations provider vscode.git 396
2024-09-22 06:39:42.071 [warning] [Decorations] CAPPING events from decorations provider vscode.git 5519
2024-09-22 06:39:46.363 [warning] [Decorations] CAPPING events from decorations provider vscode.git 396
2024-09-22 06:39:48.630 [warning] [Decorations] CAPPING events from decorations provider vscode.git 5519
2024-09-22 06:39:51.578 [warning] [Decorations] CAPPING events from decorations provider vscode.git 396
2024-09-22 06:39:56.790 [warning] [Decorations] CAPPING events from decorations provider vscode.git 396
2024-09-22 06:40:02.092 [warning] [Decorations] CAPPING events from decorations provider vscode.git 396
2024-09-22 06:40:07.339 [warning] [Decorations] CAPPING events from decorations provider vscode.git 396
2024-09-22 06:40:12.564 [warning] [Decorations] CAPPING events from decorations provider vscode.git 396
2024-09-22 06:40:17.797 [warning] [Decorations] CAPPING events from decorations provider vscode.git 396
2024-09-22 06:40:23.022 [warning] [Decorations] CAPPING events from decorations provider vscode.git 396
2024-09-22 06:40:28.177 [warning] [Decorations] CAPPING events from decorations provider vscode.git 396
2024-09-22 06:40:33.382 [warning] [Decorations] CAPPING events from decorations provider vscode.git 396
2024-09-22 06:40:38.532 [warning] [Decorations] CAPPING events from decorations provider vscode.git 396
2024-09-22 06:40:43.673 [warning] [Decorations] CAPPING events from decorations provider vscode.git 396
2024-09-22 06:40:48.806 [warning] [Decorations] CAPPING events from decorations provider vscode.git 396
2024-09-22 06:40:54.052 [warning] [Decorations] CAPPING events from decorations provider vscode.git 396
2024-09-22 06:40:59.270 [warning] [Decorations] CAPPING events from decorations provider vscode.git 396
2024-09-22 06:41:04.465 [warning] [Decorations] CAPPING events from decorations provider vscode.git 396
2024-09-22 06:41:09.606 [warning] [Decorations] CAPPING events from decorations provider vscode.git 396
2024-09-22 06:41:14.758 [warning] [Decorations] CAPPING events from decorations provider vscode.git 396
2024-09-22 06:41:19.891 [warning] [Decorations] CAPPING events from decorations provider vscode.git 396
2024-09-22 06:41:25.116 [warning] [Decorations] CAPPING events from decorations provider vscode.git 396
2024-09-22 06:41:30.266 [warning] [Decorations] CAPPING events from decorations provider vscode.git 396
2024-09-22 06:41:35.431 [warning] [Decorations] CAPPING events from decorations provider vscode.git 396
2024-09-22 06:41:40.596 [warning] [Decorations] CAPPING events from decorations provider vscode.git 396
2024-09-22 06:41:45.764 [warning] [Decorations] CAPPING events from decorations provider vscode.git 396
2024-09-22 06:41:50.952 [warning] [Decorations] CAPPING events from decorations provider vscode.git 396
2024-09-22 06:41:56.114 [warning] [Decorations] CAPPING events from decorations provider vscode.git 396
2024-09-22 06:42:01.271 [warning] [Decorations] CAPPING events from decorations provider vscode.git 396
2024-09-22 06:42:06.451 [warning] [Decorations] CAPPING events from decorations provider vscode.git 396
2024-09-22 06:42:11.682 [warning] [Decorations] CAPPING events from decorations provider vscode.git 396
2024-09-22 06:42:16.900 [warning] [Decorations] CAPPING events from decorations provider vscode.git 396
2024-09-22 06:42:22.083 [warning] [Decorations] CAPPING events from decorations provider vscode.git 396
2024-09-22 06:42:27.239 [warning] [Decorations] CAPPING events from decorations provider vscode.git 396
2024-09-22 06:42:32.473 [warning] [Decorations] CAPPING events from decorations provider vscode.git 396
2024-09-22 06:42:37.633 [warning] [Decorations] CAPPING events from decorations provider vscode.git 396
2024-09-22 06:42:42.853 [warning] [Decorations] CAPPING events from decorations provider vscode.git 396
2024-09-22 06:42:47.999 [warning] [Decorations] CAPPING events from decorations provider vscode.git 396
2024-09-22 06:42:53.182 [warning] [Decorations] CAPPING events from decorations provider vscode.git 396
2024-09-22 06:42:58.344 [warning] [Decorations] CAPPING events from decorations provider vscode.git 396
2024-09-22 06:42:59.928 [info] ExtensionService#_doActivateExtension vscode.debug-server-ready, startup: false, activationEvent: 'onDebugResolve'
2024-09-22 06:43:00.975 [error] No bundle location found for extension vscode.debug-server-ready
2024-09-22 06:43:03.641 [warning] [Decorations] CAPPING events from decorations provider vscode.git 397
2024-09-22 06:43:08.885 [warning] [Decorations] CAPPING events from decorations provider vscode.git 397
2024-09-22 06:43:14.106 [warning] [Decorations] CAPPING events from decorations provider vscode.git 397
2024-09-22 06:43:19.267 [warning] [Decorations] CAPPING events from decorations provider vscode.git 397
2024-09-22 06:43:24.513 [warning] [Decorations] CAPPING events from decorations provider vscode.git 397
2024-09-22 06:43:29.711 [warning] [Decorations] CAPPING events from decorations provider vscode.git 397
2024-09-22 06:43:34.929 [warning] [Decorations] CAPPING events from decorations provider vscode.git 397
2024-09-22 06:43:40.180 [warning] [Decorations] CAPPING events from decorations provider vscode.git 397
2024-09-22 06:43:45.400 [warning] [Decorations] CAPPING events from decorations provider vscode.git 397
2024-09-22 06:43:50.601 [warning] [Decorations] CAPPING events from decorations provider vscode.git 397
2024-09-22 06:43:55.750 [warning] [Decorations] CAPPING events from decorations provider vscode.git 397
2024-09-22 06:44:00.949 [warning] [Decorations] CAPPING events from decorations provider vscode.git 397
2024-09-22 06:44:06.166 [warning] [Decorations] CAPPING events from decorations provider vscode.git 397
2024-09-22 06:44:11.389 [warning] [Decorations] CAPPING events from decorations provider vscode.git 397
2024-09-22 06:44:16.585 [warning] [Decorations] CAPPING events from decorations provider vscode.git 397
2024-09-22 06:44:21.773 [warning] [Decorations] CAPPING events from decorations provider vscode.git 397
2024-09-22 06:44:26.989 [warning] [Decorations] CAPPING events from decorations provider vscode.git 397
2024-09-22 06:44:32.208 [warning] [Decorations] CAPPING events from decorations provider vscode.git 397
2024-09-22 06:44:37.407 [warning] [Decorations] CAPPING events from decorations provider vscode.git 397
2024-09-22 06:44:42.637 [warning] [Decorations] CAPPING events from decorations provider vscode.git 397
2024-09-22 06:44:47.849 [warning] [Decorations] CAPPING events from decorations provider vscode.git 397
2024-09-22 06:44:53.051 [warning] [Decorations] CAPPING events from decorations provider vscode.git 397
2024-09-22 06:44:58.283 [warning] [Decorations] CAPPING events from decorations provider vscode.git 397
2024-09-22 06:45:03.471 [warning] [Decorations] CAPPING events from decorations provider vscode.git 397
2024-09-22 06:45:08.660 [warning] [Decorations] CAPPING events from decorations provider vscode.git 397
2024-09-22 06:45:13.884 [warning] [Decorations] CAPPING events from decorations provider vscode.git 397
2024-09-22 06:45:19.119 [warning] [Decorations] CAPPING events from decorations provider vscode.git 397
2024-09-22 06:45:24.334 [warning] [Decorations] CAPPING events from decorations provider vscode.git 397
2024-09-22 06:45:29.526 [warning] [Decorations] CAPPING events from decorations provider vscode.git 397
2024-09-22 06:45:34.735 [warning] [Decorations] CAPPING events from decorations provider vscode.git 397
2024-09-22 06:45:39.961 [warning] [Decorations] CAPPING events from decorations provider vscode.git 397
2024-09-22 06:45:45.182 [warning] [Decorations] CAPPING events from decorations provider vscode.git 397
2024-09-22 06:45:50.396 [warning] [Decorations] CAPPING events from decorations provider vscode.git 397
2024-09-22 06:45:55.635 [warning] [Decorations] CAPPING events from decorations provider vscode.git 397
2024-09-22 06:46:00.820 [warning] [Decorations] CAPPING events from decorations provider vscode.git 397
2024-09-22 06:46:06.030 [warning] [Decorations] CAPPING events from decorations provider vscode.git 397
2024-09-22 06:46:11.221 [warning] [Decorations] CAPPING events from decorations provider vscode.git 397
2024-09-22 06:46:16.483 [warning] [Decorations] CAPPING events from decorations provider vscode.git 397
2024-09-22 06:46:21.676 [warning] [Decorations] CAPPING events from decorations provider vscode.git 397
2024-09-22 06:46:26.889 [warning] [Decorations] CAPPING events from decorations provider vscode.git 397
2024-09-22 06:46:32.079 [warning] [Decorations] CAPPING events from decorations provider vscode.git 397
2024-09-22 06:46:37.285 [warning] [Decorations] CAPPING events from decorations provider vscode.git 397
2024-09-22 06:46:42.513 [warning] [Decorations] CAPPING events from decorations provider vscode.git 397
2024-09-22 06:46:47.726 [warning] [Decorations] CAPPING events from decorations provider vscode.git 397
2024-09-22 06:46:52.941 [warning] [Decorations] CAPPING events from decorations provider vscode.git 397
2024-09-22 06:46:58.145 [warning] [Decorations] CAPPING events from decorations provider vscode.git 397
2024-09-22 06:47:03.356 [warning] [Decorations] CAPPING events from decorations provider vscode.git 397
2024-09-22 06:47:08.537 [warning] [Decorations] CAPPING events from decorations provider vscode.git 397
2024-09-22 06:47:13.769 [warning] [Decorations] CAPPING events from decorations provider vscode.git 397
2024-09-22 06:47:18.990 [warning] [Decorations] CAPPING events from decorations provider vscode.git 397
2024-09-22 06:47:24.283 [warning] [Decorations] CAPPING events from decorations provider vscode.git 397
2024-09-22 06:47:29.508 [warning] [Decorations] CAPPING events from decorations provider vscode.git 397
2024-09-22 06:47:34.708 [warning] [Decorations] CAPPING events from decorations provider vscode.git 397
2024-09-22 06:47:39.909 [warning] [Decorations] CAPPING events from decorations provider vscode.git 433
2024-09-22 06:47:45.178 [warning] [Decorations] CAPPING events from decorations provider vscode.git 700
2024-09-22 06:47:50.450 [warning] [Decorations] CAPPING events from decorations provider vscode.git 1244
2024-09-22 06:47:51.566 [info] ExtensionService#_doActivateExtension ms-vscode.cpptools, startup: false, activationEvent: 'onLanguage:cpp'
2024-09-22 06:47:52.301 [error] Activating extension ms-vscode.cpptools failed due to an error:
2024-09-22 06:47:52.301 [error] TypeError: this._appender.logEvent is not a function
	at E.logEvent (/opt/code-server-4.9.1-linux-arm64/lib/vscode/out/vs/workbench/api/node/extensionHostProcess.js:88:38992)
	at E.logUsage (/opt/code-server-4.9.1-linux-arm64/lib/vscode/out/vs/workbench/api/node/extensionHostProcess.js:88:39093)
	at TelemetryReporter.internalSendTelemetryEvent (/root/.local/share/code-server/extensions/ms-vscode.cpptools-1.22.4/dist/src/main.js:28581:34)
	at TelemetryReporter.sendTelemetryEvent (/root/.local/share/code-server/extensions/ms-vscode.cpptools-1.22.4/dist/src/main.js:28592:14)
	at ExperimentationTelemetry.sendTelemetryEvent (/root/.local/share/code-server/extensions/ms-vscode.cpptools-1.22.4/dist/src/main.js:91126:27)
	at ExperimentationTelemetry.postEvent (/root/.local/share/code-server/extensions/ms-vscode.cpptools-1.22.4/dist/src/main.js:91145:14)
	at ExperimentationService.PostEventToTelemetry (/root/.local/share/code-server/extensions/ms-vscode.cpptools-1.22.4/dist/src/main.js:68910:24)
	at ExperimentationService.getTreatmentVariable (/root/.local/share/code-server/extensions/ms-vscode.cpptools-1.22.4/dist/src/main.js:68877:14)
	at Object.isExperimentEnabled (/root/.local/share/code-server/extensions/ms-vscode.cpptools-1.22.4/dist/src/main.js:91177:47)
	at async Object.activate (/root/.local/share/code-server/extensions/ms-vscode.cpptools-1.22.4/dist/src/main.js:81062:38)
	at async activate (/root/.local/share/code-server/extensions/ms-vscode.cpptools-1.22.4/dist/src/main.js:114261:9)
	at async w._activate (/opt/code-server-4.9.1-linux-arm64/lib/vscode/out/vs/workbench/api/node/extensionHostProcess.js:90:8304)
	at async w._waitForDepsThenActivate (/opt/code-server-4.9.1-linux-arm64/lib/vscode/out/vs/workbench/api/node/extensionHostProcess.js:90:8246)
	at async w._initialize (/opt/code-server-4.9.1-linux-arm64/lib/vscode/out/vs/workbench/api/node/extensionHostProcess.js:90:7610)
2024-09-22 06:47:55.815 [warning] [Decorations] CAPPING events from decorations provider vscode.git 944
2024-09-22 06:48:01.323 [warning] [Decorations] CAPPING events from decorations provider vscode.git 944
2024-09-22 06:48:06.573 [warning] [Decorations] CAPPING events from decorations provider vscode.git 945
2024-09-22 06:48:11.957 [warning] [Decorations] CAPPING events from decorations provider vscode.git 946
2024-09-22 06:48:17.318 [warning] [Decorations] CAPPING events from decorations provider vscode.git 946
2024-09-22 06:48:22.646 [warning] [Decorations] CAPPING events from decorations provider vscode.git 946
2024-09-22 06:48:23.022 [info] ExtensionService#_doActivateExtension ms-vscode.js-debug, startup: false, activationEvent: 'onDebugInitialConfigurations'
2024-09-22 06:48:28.007 [warning] [Decorations] CAPPING events from decorations provider vscode.git 946
2024-09-22 06:48:33.345 [warning] [Decorations] CAPPING events from decorations provider vscode.git 947
2024-09-22 06:48:38.607 [warning] [Decorations] CAPPING events from decorations provider vscode.git 947
2024-09-22 06:48:43.912 [warning] [Decorations] CAPPING events from decorations provider vscode.git 947
2024-09-22 06:48:49.234 [warning] [Decorations] CAPPING events from decorations provider vscode.git 947
2024-09-22 06:48:54.567 [warning] [Decorations] CAPPING events from decorations provider vscode.git 948
2024-09-22 06:48:59.895 [warning] [Decorations] CAPPING events from decorations provider vscode.git 948
2024-09-22 06:49:05.263 [warning] [Decorations] CAPPING events from decorations provider vscode.git 958
2024-09-22 06:49:06.800 [info] ExtensionService#_doActivateExtension vadimcn.vscode-lldb, startup: false, activationEvent: 'onDebug'
2024-09-22 06:49:10.559 [warning] [Decorations] CAPPING events from decorations provider vscode.git 959
2024-09-22 06:49:16.032 [warning] [Decorations] CAPPING events from decorations provider vscode.git 959
2024-09-22 06:49:21.561 [warning] [Decorations] CAPPING events from decorations provider vscode.git 974
2024-09-22 06:49:26.890 [warning] [Decorations] CAPPING events from decorations provider vscode.git 1306
2024-09-22 06:49:32.231 [warning] [Decorations] CAPPING events from decorations provider vscode.git 1654
2024-09-22 06:49:37.569 [warning] [Decorations] CAPPING events from decorations provider vscode.git 1655
2024-09-22 06:49:42.940 [warning] [Decorations] CAPPING events from decorations provider vscode.git 1655
2024-09-22 06:49:48.348 [warning] [Decorations] CAPPING events from decorations provider vscode.git 1655
2024-09-22 06:49:53.800 [warning] [Decorations] CAPPING events from decorations provider vscode.git 1655
2024-09-22 06:49:59.180 [warning] [Decorations] CAPPING events from decorations provider vscode.git 1655
2024-09-22 06:50:04.580 [warning] [Decorations] CAPPING events from decorations provider vscode.git 1655
2024-09-22 06:50:09.985 [warning] [Decorations] CAPPING events from decorations provider vscode.git 1655
2024-09-22 06:50:15.348 [warning] [Decorations] CAPPING events from decorations provider vscode.git 1655
2024-09-22 06:50:20.748 [warning] [Decorations] CAPPING events from decorations provider vscode.git 1655
2024-09-22 06:50:26.144 [warning] [Decorations] CAPPING events from decorations provider vscode.git 1655
2024-09-22 06:50:31.488 [warning] [Decorations] CAPPING events from decorations provider vscode.git 1655
2024-09-22 06:50:36.895 [warning] [Decorations] CAPPING events from decorations provider vscode.git 1656
2024-09-22 06:50:42.309 [warning] [Decorations] CAPPING events from decorations provider vscode.git 1656
2024-09-22 06:50:47.721 [warning] [Decorations] CAPPING events from decorations provider vscode.git 1656
2024-09-22 06:50:53.170 [warning] [Decorations] CAPPING events from decorations provider vscode.git 1656
2024-09-22 06:50:58.553 [warning] [Decorations] CAPPING events from decorations provider vscode.git 1656
2024-09-22 06:51:04.017 [warning] [Decorations] CAPPING events from decorations provider vscode.git 1656
2024-09-22 06:51:09.415 [warning] [Decorations] CAPPING events from decorations provider vscode.git 1656
2024-09-22 06:51:14.822 [warning] [Decorations] CAPPING events from decorations provider vscode.git 1656
2024-09-22 06:51:20.216 [warning] [Decorations] CAPPING events from decorations provider vscode.git 1656
2024-09-22 06:51:25.592 [warning] [Decorations] CAPPING events from decorations provider vscode.git 1656
2024-09-22 06:51:30.911 [warning] [Decorations] CAPPING events from decorations provider vscode.git 1656
2024-09-22 06:51:36.307 [warning] [Decorations] CAPPING events from decorations provider vscode.git 1656
2024-09-22 06:51:41.618 [warning] [Decorations] CAPPING events from decorations provider vscode.git 1656
2024-09-22 06:51:47.016 [warning] [Decorations] CAPPING events from decorations provider vscode.git 1656
2024-09-22 06:51:52.352 [warning] [Decorations] CAPPING events from decorations provider vscode.git 1656
2024-09-22 06:51:57.649 [warning] [Decorations] CAPPING events from decorations provider vscode.git 1656
2024-09-22 06:52:02.953 [warning] [Decorations] CAPPING events from decorations provider vscode.git 1656
2024-09-22 06:52:08.520 [warning] [Decorations] CAPPING events from decorations provider vscode.git 1656
2024-09-22 06:52:13.901 [warning] [Decorations] CAPPING events from decorations provider vscode.git 1656
2024-09-22 06:52:19.257 [warning] [Decorations] CAPPING events from decorations provider vscode.git 1656
2024-09-22 06:52:24.714 [warning] [Decorations] CAPPING events from decorations provider vscode.git 1656
2024-09-22 06:52:30.081 [warning] [Decorations] CAPPING events from decorations provider vscode.git 1656
2024-09-22 06:52:35.445 [warning] [Decorations] CAPPING events from decorations provider vscode.git 1656
2024-09-22 06:52:40.854 [warning] [Decorations] CAPPING events from decorations provider vscode.git 1656
2024-09-22 06:52:46.201 [warning] [Decorations] CAPPING events from decorations provider vscode.git 1656
2024-09-22 06:52:51.624 [warning] [Decorations] CAPPING events from decorations provider vscode.git 1656
2024-09-22 06:52:57.023 [warning] [Decorations] CAPPING events from decorations provider vscode.git 1656
2024-09-22 06:53:02.391 [warning] [Decorations] CAPPING events from decorations provider vscode.git 1656
2024-09-22 06:53:07.739 [warning] [Decorations] CAPPING events from decorations provider vscode.git 1656
2024-09-22 06:53:13.125 [warning] [Decorations] CAPPING events from decorations provider vscode.git 1656
2024-09-22 06:53:18.529 [warning] [Decorations] CAPPING events from decorations provider vscode.git 1656
2024-09-22 06:53:23.920 [warning] [Decorations] CAPPING events from decorations provider vscode.git 1656
2024-09-22 06:53:29.457 [warning] [Decorations] CAPPING events from decorations provider vscode.git 1656
2024-09-22 06:53:34.857 [warning] [Decorations] CAPPING events from decorations provider vscode.git 1656
2024-09-22 06:53:40.215 [warning] [Decorations] CAPPING events from decorations provider vscode.git 1656
2024-09-22 06:53:45.556 [warning] [Decorations] CAPPING events from decorations provider vscode.git 1656
2024-09-22 06:53:50.955 [warning] [Decorations] CAPPING events from decorations provider vscode.git 1656
2024-09-22 06:53:56.404 [warning] [Decorations] CAPPING events from decorations provider vscode.git 1656
2024-09-22 06:54:01.748 [warning] [Decorations] CAPPING events from decorations provider vscode.git 1656
2024-09-22 06:54:07.079 [warning] [Decorations] CAPPING events from decorations provider vscode.git 1656
2024-09-22 06:54:12.551 [warning] [Decorations] CAPPING events from decorations provider vscode.git 1656
2024-09-22 06:54:17.906 [warning] [Decorations] CAPPING events from decorations provider vscode.git 1656
2024-09-22 06:54:23.207 [warning] [Decorations] CAPPING events from decorations provider vscode.git 1656
2024-09-22 06:54:28.523 [warning] [Decorations] CAPPING events from decorations provider vscode.git 1656
2024-09-22 06:54:33.809 [warning] [Decorations] CAPPING events from decorations provider vscode.git 1656
2024-09-22 06:54:39.125 [warning] [Decorations] CAPPING events from decorations provider vscode.git 1656
2024-09-22 06:54:44.627 [warning] [Decorations] CAPPING events from decorations provider vscode.git 1658
2024-09-22 06:54:49.975 [warning] [Decorations] CAPPING events from decorations provider vscode.git 1658
2024-09-22 06:54:57.699 [warning] [Decorations] CAPPING events from decorations provider vscode.git 1658
2024-09-22 06:55:03.677 [warning] [Decorations] CAPPING events from decorations provider vscode.git 1657
2024-09-22 06:55:09.082 [warning] [Decorations] CAPPING events from decorations provider vscode.git 1657
2024-09-22 06:55:14.507 [warning] [Decorations] CAPPING events from decorations provider vscode.git 1657
2024-09-22 06:55:19.886 [warning] [Decorations] CAPPING events from decorations provider vscode.git 1657
2024-09-22 06:55:25.249 [warning] [Decorations] CAPPING events from decorations provider vscode.git 1657
2024-09-22 06:55:30.670 [warning] [Decorations] CAPPING events from decorations provider vscode.git 1657
2024-09-22 06:55:36.054 [warning] [Decorations] CAPPING events from decorations provider vscode.git 1658
2024-09-22 06:55:41.362 [warning] [Decorations] CAPPING events from decorations provider vscode.git 1658
2024-09-22 06:55:46.752 [warning] [Decorations] CAPPING events from decorations provider vscode.git 1658
2024-09-22 06:55:52.114 [warning] [Decorations] CAPPING events from decorations provider vscode.git 1658
2024-09-22 06:55:57.423 [warning] [Decorations] CAPPING events from decorations provider vscode.git 1659
2024-09-22 06:56:02.754 [warning] [Decorations] CAPPING events from decorations provider vscode.git 1659
2024-09-22 06:56:08.086 [warning] [Decorations] CAPPING events from decorations provider vscode.git 1659
2024-09-22 06:56:13.421 [warning] [Decorations] CAPPING events from decorations provider vscode.git 1659
2024-09-22 06:56:18.872 [warning] [Decorations] CAPPING events from decorations provider vscode.git 1659
2024-09-22 06:56:24.268 [warning] [Decorations] CAPPING events from decorations provider vscode.git 1659
2024-09-22 06:56:29.607 [warning] [Decorations] CAPPING events from decorations provider vscode.git 1659
2024-09-22 06:56:34.963 [warning] [Decorations] CAPPING events from decorations provider vscode.git 1659
2024-09-22 06:56:40.342 [warning] [Decorations] CAPPING events from decorations provider vscode.git 1659
2024-09-22 06:56:45.691 [warning] [Decorations] CAPPING events from decorations provider vscode.git 1659
2024-09-22 06:56:51.084 [warning] [Decorations] CAPPING events from decorations provider vscode.git 1659
2024-09-22 06:56:56.457 [warning] [Decorations] CAPPING events from decorations provider vscode.git 1659
2024-09-22 06:57:01.878 [warning] [Decorations] CAPPING events from decorations provider vscode.git 1659
2024-09-22 06:57:07.280 [warning] [Decorations] CAPPING events from decorations provider vscode.git 1659
2024-09-22 06:57:12.680 [warning] [Decorations] CAPPING events from decorations provider vscode.git 1659
2024-09-22 06:57:18.018 [warning] [Decorations] CAPPING events from decorations provider vscode.git 1659
2024-09-22 06:57:23.364 [warning] [Decorations] CAPPING events from decorations provider vscode.git 1659
2024-09-22 06:57:28.717 [warning] [Decorations] CAPPING events from decorations provider vscode.git 1659
2024-09-22 06:57:34.068 [warning] [Decorations] CAPPING events from decorations provider vscode.git 1659
2024-09-22 06:57:39.504 [warning] [Decorations] CAPPING events from decorations provider vscode.git 1659
2024-09-22 06:57:44.878 [warning] [Decorations] CAPPING events from decorations provider vscode.git 1659
2024-09-22 06:57:50.236 [warning] [Decorations] CAPPING events from decorations provider vscode.git 1659
2024-09-22 06:57:54.349 [info] ExtensionService#_doActivateExtension vscode.grunt, startup: false, activationEvent: 'onTaskType:grunt'
2024-09-22 06:57:54.350 [info] ExtensionService#_doActivateExtension vscode.gulp, startup: false, activationEvent: 'onTaskType:gulp'
2024-09-22 06:57:54.350 [info] ExtensionService#_doActivateExtension vscode.jake, startup: false, activationEvent: 'onTaskType:jake'
2024-09-22 06:57:55.478 [error] No bundle location found for extension vscode.grunt
2024-09-22 06:57:55.478 [error] No bundle location found for extension vscode.gulp
2024-09-22 06:57:55.478 [error] No bundle location found for extension vscode.jake
2024-09-22 06:57:55.603 [warning] [Decorations] CAPPING events from decorations provider vscode.git 1662
2024-09-22 06:57:57.382 [error] Error: spawn /opt/code-server-4.9.1-linux-arm64/lib/vscode/node_modules.asar.unpacked/@vscode/ripgrep/bin/rg ENOENT
    at P (http://127.0.0.1:20000/stable-6261075646f055b99068d3688932416f2346dd3b/static/out/vs/workbench/workbench.web.main.js:2167:6689)
    at http://127.0.0.1:20000/stable-6261075646f055b99068d3688932416f2346dd3b/static/out/vs/workbench/workbench.web.main.js:2177:4428
    at async http://127.0.0.1:20000/stable-6261075646f055b99068d3688932416f2346dd3b/static/out/vs/workbench/workbench.web.main.js:2177:2528
2024-09-22 06:57:57.383 [error] Error: spawn /opt/code-server-4.9.1-linux-arm64/lib/vscode/node_modules.asar.unpacked/@vscode/ripgrep/bin/rg ENOENT
    at P (http://127.0.0.1:20000/stable-6261075646f055b99068d3688932416f2346dd3b/static/out/vs/workbench/workbench.web.main.js:2167:6689)
    at http://127.0.0.1:20000/stable-6261075646f055b99068d3688932416f2346dd3b/static/out/vs/workbench/workbench.web.main.js:2177:4428
    at async http://127.0.0.1:20000/stable-6261075646f055b99068d3688932416f2346dd3b/static/out/vs/workbench/workbench.web.main.js:2177:2528
2024-09-22 06:58:00.880 [warning] [Decorations] CAPPING events from decorations provider vscode.git 1662
2024-09-22 06:58:06.215 [warning] [Decorations] CAPPING events from decorations provider vscode.git 1662
2024-09-22 06:58:11.517 [warning] [Decorations] CAPPING events from decorations provider vscode.git 1662
2024-09-22 06:59:11.788 [warning] [Decorations] CAPPING events from decorations provider vscode.git 1662
2024-09-22 06:59:17.151 [warning] [Decorations] CAPPING events from decorations provider vscode.git 1662
2024-09-22 06:59:22.623 [warning] [Decorations] CAPPING events from decorations provider vscode.git 1662
2024-09-22 06:59:28.053 [warning] [Decorations] CAPPING events from decorations provider vscode.git 1662
2024-09-22 06:59:33.453 [warning] [Decorations] CAPPING events from decorations provider vscode.git 1662
2024-09-22 06:59:38.938 [warning] [Decorations] CAPPING events from decorations provider vscode.git 1662
2024-09-22 06:59:44.345 [warning] [Decorations] CAPPING events from decorations provider vscode.git 1662
2024-09-22 06:59:49.729 [warning] [Decorations] CAPPING events from decorations provider vscode.git 1662
2024-09-22 06:59:55.093 [warning] [Decorations] CAPPING events from decorations provider vscode.git 1662
2024-09-22 07:00:00.509 [warning] [Decorations] CAPPING events from decorations provider vscode.git 1662
2024-09-22 07:00:05.927 [warning] [Decorations] CAPPING events from decorations provider vscode.git 1662
2024-09-22 07:00:11.453 [warning] [Decorations] CAPPING events from decorations provider vscode.git 1662
2024-09-22 07:00:16.869 [warning] [Decorations] CAPPING events from decorations provider vscode.git 1662
2024-09-22 07:00:22.205 [warning] [Decorations] CAPPING events from decorations provider vscode.git 1662
2024-09-22 07:00:27.615 [warning] [Decorations] CAPPING events from decorations provider vscode.git 1662
2024-09-22 07:00:33.046 [warning] [Decorations] CAPPING events from decorations provider vscode.git 1661
2024-09-22 07:00:38.458 [warning] [Decorations] CAPPING events from decorations provider vscode.git 1661
2024-09-22 07:00:43.871 [warning] [Decorations] CAPPING events from decorations provider vscode.git 1661
2024-09-22 07:00:49.281 [warning] [Decorations] CAPPING events from decorations provider vscode.git 1661
2024-09-22 07:00:54.721 [warning] [Decorations] CAPPING events from decorations provider vscode.git 1661
