2024-10-03 05:28:00.518 [info] 正在验证在以下位置中找到的 git: git
2024-10-03 05:28:00.519 [info] 将使用位于 git 的 Git 2.34.1
2024-10-03 05:28:00.519 [info] > git rev-parse --show-toplevel [60ms]
2024-10-03 05:28:00.519 [info] > git rev-parse --git-dir --git-common-dir [27ms]
2024-10-03 05:28:00.519 [info] Log level: Info
2024-10-03 05:28:00.519 [info] Open repository: /root/thsunest01
2024-10-03 05:28:00.519 [info] > git remote --verbose [118ms]
2024-10-03 05:28:00.519 [info] > git for-each-ref --sort -committerdate --format %(refname) %(objectname) %(*objectname) [171ms]
2024-10-03 05:28:00.519 [info] > git config --get commit.template [20ms]
2024-10-03 05:28:00.519 [info] > git rev-parse --show-toplevel [61ms]
2024-10-03 05:28:00.519 [info] > git rev-parse --show-toplevel [47ms]
2024-10-03 05:28:00.519 [info] > git for-each-ref --format=%(refname)%00%(upstream:short)%00%(objectname)%00%(upstream:track)%00%(upstream:remotename)%00%(upstream:remoteref) refs/heads/th refs/remotes/th [45ms]
2024-10-03 05:28:00.519 [info] > git rev-parse --show-toplevel [17ms]
2024-10-03 05:28:00.519 [info] > git rev-parse --show-toplevel [26ms]
2024-10-03 05:28:00.519 [info] > git rev-parse --show-toplevel [197ms]
2024-10-03 05:28:00.519 [info] > git check-ignore -v -z --stdin [27ms]
2024-10-03 05:28:00.961 [info] > git show --textconv :java/hello.java [112ms]
2024-10-03 05:28:00.964 [info] > git ls-files --stage -- /root/thsunest01/java/hello.java [50ms]
2024-10-03 05:28:00.968 [info] > git status -z -uall [1630ms]
2024-10-03 05:28:02.474 [info] > git remote --verbose [1232ms]
2024-10-03 05:28:02.475 [info] > git for-each-ref --sort -committerdate --format %(refname) %(objectname) %(*objectname) [1259ms]
2024-10-03 05:28:02.514 [info] > git config --get commit.template [54ms]
2024-10-03 05:28:02.693 [info] > git status -z -uall [1423ms]
2024-10-03 05:28:02.722 [info] > git for-each-ref --format=%(refname)%00%(upstream:short)%00%(objectname)%00%(upstream:track)%00%(upstream:remotename)%00%(upstream:remoteref) refs/heads/th refs/remotes/th [37ms]
2024-10-03 05:28:48.108 [info] > git show --textconv :java/hello.java [29ms]
2024-10-03 05:28:48.127 [info] > git ls-files --stage -- /root/thsunest01/java/hello.java [20ms]
2024-10-03 05:28:49.256 [info] > git show --textconv :.vscode/c_cpp_properties.json [28ms]
2024-10-03 05:28:49.268 [info] > git ls-files --stage -- /root/thsunest01/.vscode/c_cpp_properties.json [13ms]
2024-10-03 05:28:49.311 [info] > git cat-file -s 74c0c359acd051e37194829f7024359df53de8df [13ms]
2024-10-03 05:28:49.674 [info] > git check-ignore -v -z --stdin [20ms]
2024-10-03 05:28:54.126 [info] > git check-ignore -v -z --stdin [17ms]
2024-10-03 05:28:54.656 [info] > git show --textconv :c/LinkList.c++ [70ms]
2024-10-03 05:28:54.683 [info] > git ls-files --stage -- /root/thsunest01/c/LinkList.c++ [42ms]
2024-10-03 05:28:54.741 [info] > git cat-file -s c2f7baa87e7003843aad9ec0e6f689403457c572 [21ms]
2024-10-03 05:29:06.085 [info] > git remote --verbose [45ms]
2024-10-03 05:29:06.086 [info] > git for-each-ref --sort -committerdate --format %(refname) %(objectname) %(*objectname) [81ms]
2024-10-03 05:29:06.200 [info] > git config --get commit.template [60ms]
2024-10-03 05:29:06.252 [info] > git for-each-ref --format=%(refname)%00%(upstream:short)%00%(objectname)%00%(upstream:track)%00%(upstream:remotename)%00%(upstream:remoteref) refs/heads/th refs/remotes/th [58ms]
2024-10-03 05:29:07.719 [info] > git status -z -uall [1645ms]
