2024-09-22 07:10:32.000 [info] 正在验证在以下位置中找到的 git: git
2024-09-22 07:10:32.001 [info] 将使用位于 git 的 Git 2.34.1
2024-09-22 07:10:32.001 [info] > git rev-parse --show-toplevel [157ms]
2024-09-22 07:10:32.001 [info] > git rev-parse --git-dir --git-common-dir [19ms]
2024-09-22 07:10:32.001 [info] Log level: Info
2024-09-22 07:10:32.001 [info] Open repository: /root
2024-09-22 07:10:32.001 [info] > git remote --verbose [101ms]
2024-09-22 07:10:32.001 [info] > git for-each-ref --sort -committerdate --format %(refname) %(objectname) %(*objectname) [122ms]
2024-09-22 07:10:32.001 [info] > git rev-parse --show-toplevel [44ms]
2024-09-22 07:10:32.002 [info] > git config --get commit.template [47ms]
2024-09-22 07:10:32.002 [info] > git rev-parse --git-dir --git-common-dir [63ms]
2024-09-22 07:10:32.002 [info] Log level: Info
2024-09-22 07:10:32.002 [info] Open repository: /root/thsunest01
2024-09-22 07:10:32.002 [info] > git remote --verbose [351ms]
2024-09-22 07:10:32.002 [info] > git for-each-ref --sort -committerdate --format %(refname) %(objectname) %(*objectname) [367ms]
2024-09-22 07:10:32.002 [info] > git for-each-ref --format=%(refname)%00%(upstream:short)%00%(objectname)%00%(upstream:track)%00%(upstream:remotename)%00%(upstream:remoteref) refs/heads/master refs/remotes/master [426ms]
2024-09-22 07:10:32.002 [info] > git config --get commit.template [215ms]
2024-09-22 07:10:32.002 [info] > git rev-parse --show-toplevel [341ms]
2024-09-22 07:10:32.002 [info] > git rev-parse --show-toplevel [35ms]
2024-09-22 07:10:32.002 [info] > git for-each-ref --format=%(refname)%00%(upstream:short)%00%(objectname)%00%(upstream:track)%00%(upstream:remotename)%00%(upstream:remoteref) refs/heads/th refs/remotes/th [30ms]
2024-09-22 07:10:32.002 [info] > git status -z -uall [674ms]
2024-09-22 07:10:32.002 [info] > git remote --verbose [53ms]
2024-09-22 07:10:32.002 [info] > git for-each-ref --sort -committerdate --format %(refname) %(objectname) %(*objectname) [70ms]
2024-09-22 07:10:32.002 [info] > git rev-parse --show-toplevel [154ms]
2024-09-22 07:10:32.002 [info] > git status -z -uall [391ms]
2024-09-22 07:10:32.002 [info] > git rev-parse --show-toplevel [333ms]
2024-09-22 07:10:32.002 [info] > git config --get commit.template [378ms]
2024-09-22 07:10:32.002 [info] > git rev-parse --show-toplevel [56ms]
2024-09-22 07:10:32.002 [info] > git check-ignore -v -z --stdin [38ms]
2024-09-22 07:10:32.002 [info] > git for-each-ref --format=%(refname)%00%(upstream:short)%00%(objectname)%00%(upstream:track)%00%(upstream:remotename)%00%(upstream:remoteref) refs/heads/master refs/remotes/master [38ms]
2024-09-22 07:10:32.002 [info] > git check-ignore -v -z --stdin [93ms]
2024-09-22 07:10:32.002 [info] > git show --textconv :c/LinkList.c++ [33ms]
2024-09-22 07:10:32.002 [info] > git ls-files --stage -- /root/thsunest01/c/LinkList.c++ [58ms]
2024-09-22 07:10:32.002 [info] > git cat-file -s bf3d8a5b9ea3a471f71e804ba3de308c72bc26c8 [29ms]
2024-09-22 07:10:32.262 [info] > git status -z -uall [2919ms]
2024-09-22 07:10:33.722 [info] > git remote --verbose [1299ms]
2024-09-22 07:10:33.723 [info] > git for-each-ref --sort -committerdate --format %(refname) %(objectname) %(*objectname) [1317ms]
2024-09-22 07:10:33.849 [info] > git remote --verbose [68ms]
2024-09-22 07:10:33.850 [info] > git for-each-ref --sort -committerdate --format %(refname) %(objectname) %(*objectname) [96ms]
2024-09-22 07:10:33.853 [info] > git config --get commit.template [142ms]
2024-09-22 07:10:33.925 [info] > git config --get commit.template [82ms]
2024-09-22 07:10:33.945 [info] > git for-each-ref --format=%(refname)%00%(upstream:short)%00%(objectname)%00%(upstream:track)%00%(upstream:remotename)%00%(upstream:remoteref) refs/heads/th refs/remotes/th [55ms]
2024-09-22 07:10:33.946 [info] > git for-each-ref --format=%(refname)%00%(upstream:short)%00%(objectname)%00%(upstream:track)%00%(upstream:remotename)%00%(upstream:remoteref) refs/heads/master refs/remotes/master [26ms]
2024-09-22 07:10:34.072 [info] > git status -z -uall [273ms]
2024-09-22 07:10:35.045 [info] > git status -z -uall [2606ms]
2024-09-22 07:10:39.233 [info] > git remote --verbose [60ms]
2024-09-22 07:10:39.234 [info] > git for-each-ref --sort -committerdate --format %(refname) %(objectname) %(*objectname) [88ms]
2024-09-22 07:10:39.271 [info] > git config --get commit.template [40ms]
2024-09-22 07:10:39.277 [info] > git for-each-ref --format=%(refname)%00%(upstream:short)%00%(objectname)%00%(upstream:track)%00%(upstream:remotename)%00%(upstream:remoteref) refs/heads/master refs/remotes/master [11ms]
2024-09-22 07:10:39.384 [info] > git status -z -uall [183ms]
2024-09-22 07:10:41.039 [info] > git remote --verbose [38ms]
2024-09-22 07:10:41.041 [info] > git for-each-ref --sort -committerdate --format %(refname) %(objectname) %(*objectname) [63ms]
2024-09-22 07:10:41.320 [info] > git config --get commit.template [45ms]
2024-09-22 07:10:41.387 [info] > git for-each-ref --format=%(refname)%00%(upstream:short)%00%(objectname)%00%(upstream:track)%00%(upstream:remotename)%00%(upstream:remoteref) refs/heads/th refs/remotes/th [31ms]
2024-09-22 07:10:42.933 [info] > git status -z -uall [1905ms]
2024-09-22 07:10:44.490 [info] > git remote --verbose [38ms]
2024-09-22 07:10:44.490 [info] > git for-each-ref --sort -committerdate --format %(refname) %(objectname) %(*objectname) [55ms]
2024-09-22 07:10:44.529 [info] > git config --get commit.template [41ms]
2024-09-22 07:10:44.550 [info] > git for-each-ref --format=%(refname)%00%(upstream:short)%00%(objectname)%00%(upstream:track)%00%(upstream:remotename)%00%(upstream:remoteref) refs/heads/master refs/remotes/master [28ms]
2024-09-22 07:10:44.676 [info] > git status -z -uall [209ms]
2024-09-22 07:10:46.658 [info] > git check-ignore -v -z --stdin [19ms]
2024-09-22 07:10:47.734 [info] > git check-ignore -v -z --stdin [29ms]
2024-09-22 07:10:47.753 [info] > git check-ignore -v -z --stdin [23ms]
2024-09-22 07:10:49.822 [info] > git remote --verbose [58ms]
2024-09-22 07:10:49.823 [info] > git for-each-ref --sort -committerdate --format %(refname) %(objectname) %(*objectname) [85ms]
2024-09-22 07:10:49.857 [info] > git config --get commit.template [36ms]
2024-09-22 07:10:49.867 [info] > git for-each-ref --format=%(refname)%00%(upstream:short)%00%(objectname)%00%(upstream:track)%00%(upstream:remotename)%00%(upstream:remoteref) refs/heads/master refs/remotes/master [15ms]
2024-09-22 07:10:50.037 [info] > git status -z -uall [247ms]
2024-09-22 07:10:55.196 [info] > git remote --verbose [52ms]
2024-09-22 07:10:55.197 [info] > git for-each-ref --sort -committerdate --format %(refname) %(objectname) %(*objectname) [82ms]
2024-09-22 07:10:55.232 [info] > git config --get commit.template [38ms]
2024-09-22 07:10:55.242 [info] > git for-each-ref --format=%(refname)%00%(upstream:short)%00%(objectname)%00%(upstream:track)%00%(upstream:remotename)%00%(upstream:remoteref) refs/heads/master refs/remotes/master [14ms]
2024-09-22 07:10:55.399 [info] > git status -z -uall [230ms]
2024-09-22 07:11:00.547 [info] > git remote --verbose [54ms]
2024-09-22 07:11:00.547 [info] > git for-each-ref --sort -committerdate --format %(refname) %(objectname) %(*objectname) [76ms]
2024-09-22 07:11:00.573 [info] > git config --get commit.template [33ms]
2024-09-22 07:11:00.582 [info] > git for-each-ref --format=%(refname)%00%(upstream:short)%00%(objectname)%00%(upstream:track)%00%(upstream:remotename)%00%(upstream:remoteref) refs/heads/master refs/remotes/master [10ms]
2024-09-22 07:11:00.712 [info] > git status -z -uall [200ms]
2024-09-22 07:11:05.883 [info] > git remote --verbose [58ms]
2024-09-22 07:11:05.884 [info] > git for-each-ref --sort -committerdate --format %(refname) %(objectname) %(*objectname) [86ms]
2024-09-22 07:11:05.921 [info] > git config --get commit.template [45ms]
2024-09-22 07:11:05.946 [info] > git for-each-ref --format=%(refname)%00%(upstream:short)%00%(objectname)%00%(upstream:track)%00%(upstream:remotename)%00%(upstream:remoteref) refs/heads/master refs/remotes/master [27ms]
2024-09-22 07:11:06.145 [info] > git status -z -uall [297ms]
2024-09-22 07:11:11.311 [info] > git remote --verbose [57ms]
2024-09-22 07:11:11.312 [info] > git for-each-ref --sort -committerdate --format %(refname) %(objectname) %(*objectname) [87ms]
2024-09-22 07:11:11.350 [info] > git config --get commit.template [41ms]
2024-09-22 07:11:11.365 [info] > git for-each-ref --format=%(refname)%00%(upstream:short)%00%(objectname)%00%(upstream:track)%00%(upstream:remotename)%00%(upstream:remoteref) refs/heads/master refs/remotes/master [18ms]
2024-09-22 07:11:11.570 [info] > git status -z -uall [291ms]
2024-09-22 07:11:16.734 [info] > git remote --verbose [49ms]
2024-09-22 07:11:16.735 [info] > git for-each-ref --sort -committerdate --format %(refname) %(objectname) %(*objectname) [75ms]
2024-09-22 07:11:16.762 [info] > git config --get commit.template [29ms]
2024-09-22 07:11:16.773 [info] > git for-each-ref --format=%(refname)%00%(upstream:short)%00%(objectname)%00%(upstream:track)%00%(upstream:remotename)%00%(upstream:remoteref) refs/heads/master refs/remotes/master [12ms]
2024-09-22 07:11:16.920 [info] > git status -z -uall [211ms]
2024-09-22 07:11:22.073 [info] > git remote --verbose [36ms]
2024-09-22 07:11:22.074 [info] > git for-each-ref --sort -committerdate --format %(refname) %(objectname) %(*objectname) [73ms]
2024-09-22 07:11:22.169 [info] > git config --get commit.template [63ms]
2024-09-22 07:11:22.182 [info] > git for-each-ref --format=%(refname)%00%(upstream:short)%00%(objectname)%00%(upstream:track)%00%(upstream:remotename)%00%(upstream:remoteref) refs/heads/master refs/remotes/master [17ms]
2024-09-22 07:11:22.322 [info] > git status -z -uall [254ms]
2024-09-22 07:11:27.546 [info] > git remote --verbose [92ms]
2024-09-22 07:11:27.547 [info] > git for-each-ref --sort -committerdate --format %(refname) %(objectname) %(*objectname) [129ms]
2024-09-22 07:11:27.550 [info] > git config --get commit.template [15ms]
2024-09-22 07:11:27.592 [info] > git for-each-ref --format=%(refname)%00%(upstream:short)%00%(objectname)%00%(upstream:track)%00%(upstream:remotename)%00%(upstream:remoteref) refs/heads/master refs/remotes/master [14ms]
2024-09-22 07:11:27.685 [info] > git status -z -uall [195ms]
2024-09-22 07:11:32.929 [info] > git remote --verbose [117ms]
2024-09-22 07:11:32.929 [info] > git for-each-ref --sort -committerdate --format %(refname) %(objectname) %(*objectname) [156ms]
2024-09-22 07:11:32.984 [info] > git config --get commit.template [57ms]
2024-09-22 07:11:32.996 [info] > git for-each-ref --format=%(refname)%00%(upstream:short)%00%(objectname)%00%(upstream:track)%00%(upstream:remotename)%00%(upstream:remoteref) refs/heads/master refs/remotes/master [15ms]
2024-09-22 07:11:33.166 [info] > git status -z -uall [322ms]
2024-09-22 07:11:38.371 [info] > git remote --verbose [83ms]
2024-09-22 07:11:38.371 [info] > git for-each-ref --sort -committerdate --format %(refname) %(objectname) %(*objectname) [120ms]
2024-09-22 07:11:38.377 [info] > git config --get commit.template [11ms]
2024-09-22 07:11:38.438 [info] > git for-each-ref --format=%(refname)%00%(upstream:short)%00%(objectname)%00%(upstream:track)%00%(upstream:remotename)%00%(upstream:remoteref) refs/heads/master refs/remotes/master [15ms]
2024-09-22 07:11:38.601 [info] > git status -z -uall [288ms]
