2024-10-03 05:49:32.037 [info] 正在验证在以下位置中找到的 git: git
2024-10-03 05:49:32.037 [info] 将使用位于 git 的 Git 2.34.1
2024-10-03 05:49:32.037 [info] > git rev-parse --show-toplevel [154ms]
2024-10-03 05:49:32.037 [info] > git rev-parse --git-dir --git-common-dir [101ms]
2024-10-03 05:49:32.037 [info] Log level: Info
2024-10-03 05:49:32.037 [info] Open repository: /root/thsunest01
2024-10-03 05:49:32.037 [info] > git remote --verbose [587ms]
2024-10-03 05:49:32.037 [info] > git for-each-ref --sort -committerdate --format %(refname) %(objectname) %(*objectname) [695ms]
2024-10-03 05:49:32.037 [info] > git config --get commit.template [253ms]
2024-10-03 05:49:32.037 [info] > git rev-parse --show-toplevel [372ms]
2024-10-03 05:49:32.037 [info] > git for-each-ref --format=%(refname)%00%(upstream:short)%00%(objectname)%00%(upstream:track)%00%(upstream:remotename)%00%(upstream:remoteref) refs/heads/th refs/remotes/th [46ms]
2024-10-03 05:49:32.037 [info] > git rev-parse --show-toplevel [97ms]
2024-10-03 05:49:32.038 [info] > git rev-parse --show-toplevel [39ms]
2024-10-03 05:49:32.038 [info] > git rev-parse --show-toplevel [174ms]
2024-10-03 05:49:32.038 [info] > git rev-parse --show-toplevel [61ms]
2024-10-03 05:49:32.187 [info] > git show --textconv :c/LinkList.c++ [45ms]
2024-10-03 05:49:32.235 [info] > git ls-files --stage -- /root/thsunest01/c/LinkList.c++ [54ms]
2024-10-03 05:49:32.289 [info] > git cat-file -s c2f7baa87e7003843aad9ec0e6f689403457c572 [23ms]
2024-10-03 05:49:32.502 [info] > git check-ignore -v -z --stdin [23ms]
2024-10-03 05:49:32.929 [info] > git status -z -uall [2244ms]
2024-10-03 05:49:34.986 [info] > git remote --verbose [1729ms]
2024-10-03 05:49:34.987 [info] > git for-each-ref --sort -committerdate --format %(refname) %(objectname) %(*objectname) [1794ms]
2024-10-03 05:49:35.004 [info] > git config --get commit.template [33ms]
2024-10-03 05:49:35.116 [info] > git for-each-ref --format=%(refname)%00%(upstream:short)%00%(objectname)%00%(upstream:track)%00%(upstream:remotename)%00%(upstream:remoteref) refs/heads/th refs/remotes/th [63ms]
2024-10-03 05:49:35.639 [info] > git status -z -uall [2289ms]
2024-10-03 05:49:40.954 [info] > git remote --verbose [45ms]
2024-10-03 05:49:40.955 [info] > git for-each-ref --sort -committerdate --format %(refname) %(objectname) %(*objectname) [79ms]
2024-10-03 05:49:41.084 [info] > git config --get commit.template [64ms]
2024-10-03 05:49:41.097 [info] > git for-each-ref --format=%(refname)%00%(upstream:short)%00%(objectname)%00%(upstream:track)%00%(upstream:remotename)%00%(upstream:remoteref) refs/heads/th refs/remotes/th [26ms]
2024-10-03 05:49:42.285 [info] > git status -z -uall [1340ms]
