2024-10-03 05:56:48.528 [info] 正在验证在以下位置中找到的 git: git
2024-10-03 05:56:48.531 [info] 将使用位于 git 的 Git 2.34.1
2024-10-03 05:56:48.531 [info] > git rev-parse --show-toplevel [51ms]
2024-10-03 05:56:48.532 [info] > git rev-parse --git-dir --git-common-dir [58ms]
2024-10-03 05:56:48.532 [info] Log level: Info
2024-10-03 05:56:48.532 [info] Open repository: /root/thsunest01
2024-10-03 05:56:48.532 [info] > git remote --verbose [202ms]
2024-10-03 05:56:48.532 [info] > git for-each-ref --sort -committerdate --format %(refname) %(objectname) %(*objectname) [294ms]
2024-10-03 05:56:48.532 [info] > git rev-parse --show-toplevel [110ms]
2024-10-03 05:56:48.532 [info] > git config --get commit.template [97ms]
2024-10-03 05:56:48.532 [info] > git rev-parse --show-toplevel [69ms]
2024-10-03 05:56:48.532 [info] > git for-each-ref --format=%(refname)%00%(upstream:short)%00%(objectname)%00%(upstream:track)%00%(upstream:remotename)%00%(upstream:remoteref) refs/heads/th refs/remotes/th [70ms]
2024-10-03 05:56:48.532 [info] > git rev-parse --show-toplevel [80ms]
2024-10-03 05:56:48.532 [info] > git rev-parse --show-toplevel [154ms]
2024-10-03 05:56:48.532 [info] > git rev-parse --show-toplevel [38ms]
2024-10-03 05:56:48.532 [info] > git check-ignore -v -z --stdin [53ms]
2024-10-03 05:56:48.532 [info] > git show --textconv :c/LinkList.c++ [45ms]
2024-10-03 05:56:48.538 [info] > git ls-files --stage -- /root/thsunest01/c/LinkList.c++ [25ms]
2024-10-03 05:56:48.634 [info] > git cat-file -s c2f7baa87e7003843aad9ec0e6f689403457c572 [59ms]
2024-10-03 05:56:49.060 [info] > git status -z -uall [2479ms]
2024-10-03 05:56:50.535 [info] > git remote --verbose [1259ms]
2024-10-03 05:56:50.539 [info] > git for-each-ref --sort -committerdate --format %(refname) %(objectname) %(*objectname) [1286ms]
2024-10-03 05:56:50.556 [info] > git config --get commit.template [36ms]
2024-10-03 05:56:50.656 [info] > git for-each-ref --format=%(refname)%00%(upstream:short)%00%(objectname)%00%(upstream:track)%00%(upstream:remotename)%00%(upstream:remoteref) refs/heads/th refs/remotes/th [22ms]
2024-10-03 05:56:51.545 [info] > git status -z -uall [2243ms]
