2024-09-21 13:06:27.343 [info] Extension host with pid 19658 started
2024-09-21 13:06:27.356 [error] Error: EEXIST: file already exists, open '/root/.local/share/code-server/User/workspaceStorage/-71e945ec/vscode.lock'
2024-09-21 13:06:27.390 [info] Lock '/root/.local/share/code-server/User/workspaceStorage/-71e945ec/vscode.lock': Could not acquire lock, checking if the file is stale.
2024-09-21 13:06:27.402 [info] Lock '/root/.local/share/code-server/User/workspaceStorage/-71e945ec/vscode.lock': The pid 19208 appears to be gone.
2024-09-21 13:06:27.402 [info] Lock '/root/.local/share/code-server/User/workspaceStorage/-71e945ec/vscode.lock': Deleting a stale lock.
2024-09-21 13:06:27.420 [info] Lock '/root/.local/share/code-server/User/workspaceStorage/-71e945ec/vscode.lock': Lock acquired.
2024-09-21 13:06:27.739 [info] ExtensionService#_doActivateExtension vscode.git-base, startup: true, activationEvent: '*', root cause: vscode.git
2024-09-21 13:06:28.768 [error] Error: spawn /opt/code-server-4.9.1-linux-arm64/lib/vscode/node_modules.asar.unpacked/@vscode/ripgrep/bin/rg ENOENT
    at P (http://127.0.0.1:10000/stable-6261075646f055b99068d3688932416f2346dd3b/static/out/vs/workbench/workbench.web.main.js:2167:6689)
    at http://127.0.0.1:10000/stable-6261075646f055b99068d3688932416f2346dd3b/static/out/vs/workbench/workbench.web.main.js:2177:4428
    at async http://127.0.0.1:10000/stable-6261075646f055b99068d3688932416f2346dd3b/static/out/vs/workbench/workbench.web.main.js:2177:2528
2024-09-21 13:06:30.107 [info] ExtensionService#_doActivateExtension vscode.git, startup: true, activationEvent: '*'
2024-09-21 13:06:30.108 [info] ExtensionService#_doActivateExtension vscode.github, startup: true, activationEvent: '*'
2024-09-21 13:06:31.410 [info] ExtensionService#_doActivateExtension vscode.debug-auto-launch, startup: false, activationEvent: 'onStartupFinished'
2024-09-21 13:06:31.411 [info] ExtensionService#_doActivateExtension vscode.emmet, startup: false, activationEvent: 'onStartupFinished'
2024-09-21 13:06:31.412 [info] ExtensionService#_doActivateExtension vscode.merge-conflict, startup: false, activationEvent: 'onStartupFinished'
2024-09-21 13:06:31.413 [info] ExtensionService#_doActivateExtension formulahendry.code-runner, startup: false, activationEvent: 'onStartupFinished'
2024-09-21 13:06:31.413 [info] ExtensionService#_doActivateExtension vadimcn.vscode-lldb, startup: false, activationEvent: 'onStartupFinished'
2024-09-21 13:06:31.413 [info] Eager extensions activated
2024-09-21 13:06:52.448 [info] Extension host terminating: received terminate message from renderer
2024-09-21 13:06:52.450 [info] Lock '/root/.local/share/code-server/User/workspaceStorage/-71e945ec/vscode.lock': Marking the lockfile as scheduled to be released in 6000 ms.
2024-09-21 13:06:52.464 [info] Extension host with pid 19658 exiting with code 0
