2024-10-03 03:50:27.573 [info] 正在验证在以下位置中找到的 git: git
2024-10-03 03:50:27.574 [info] 将使用位于 git 的 Git 2.34.1
2024-10-03 03:50:27.575 [info] > git rev-parse --show-toplevel [250ms]
2024-10-03 03:50:27.575 [info] > git rev-parse --git-dir --git-common-dir [94ms]
2024-10-03 03:50:27.575 [info] Log level: Info
2024-10-03 03:50:27.575 [info] Open repository: /root/thsunest01
2024-10-03 03:50:27.575 [info] > git rev-parse --show-toplevel [147ms]
2024-10-03 03:50:27.575 [info] > git remote --verbose [553ms]
2024-10-03 03:50:27.575 [info] > git for-each-ref --sort -committerdate --format %(refname) %(objectname) %(*objectname) [601ms]
2024-10-03 03:50:27.575 [info] > git rev-parse --show-toplevel [124ms]
2024-10-03 03:50:27.575 [info] > git config --get commit.template [261ms]
2024-10-03 03:50:27.575 [info] > git rev-parse --show-toplevel [38ms]
2024-10-03 03:50:27.575 [info] > git for-each-ref --format=%(refname)%00%(upstream:short)%00%(objectname)%00%(upstream:track)%00%(upstream:remotename)%00%(upstream:remoteref) refs/heads/th refs/remotes/th [412ms]
2024-10-03 03:50:27.575 [info] > git rev-parse --show-toplevel [509ms]
2024-10-03 03:50:27.575 [info] > git check-ignore -v -z --stdin [28ms]
2024-10-03 03:50:27.575 [info] > git status -z -uall [3501ms]
2024-10-03 03:50:27.575 [info] > git remote --verbose [1984ms]
2024-10-03 03:50:27.575 [info] > git for-each-ref --sort -committerdate --format %(refname) %(objectname) %(*objectname) [2017ms]
2024-10-03 03:50:27.575 [info] > git config --get commit.template [14ms]
2024-10-03 03:50:27.575 [info] > git for-each-ref --format=%(refname)%00%(upstream:short)%00%(objectname)%00%(upstream:track)%00%(upstream:remotename)%00%(upstream:remoteref) refs/heads/th refs/remotes/th [22ms]
2024-10-03 03:50:27.728 [info] > git show --textconv :c/LinkListw/LinkList.h [61ms]
2024-10-03 03:50:27.734 [info] > git ls-files --stage -- /root/thsunest01/c/LinkListw/LinkList.h [16ms]
2024-10-03 03:50:27.895 [info] > git status -z -uall [2396ms]
2024-10-03 03:50:52.059 [info] > git check-ignore -v -z --stdin [26ms]
2024-10-03 03:50:57.164 [info] > git show --textconv :.vscode/tasks.json [32ms]
2024-10-03 03:50:57.178 [info] > git ls-files --stage -- /root/thsunest01/.vscode/tasks.json [15ms]
2024-10-03 03:50:57.226 [info] > git cat-file -s 104aa15aa2c28609b183e40a75341274fce3d2ef [13ms]
2024-10-03 03:51:48.913 [info] > git remote --verbose [407ms]
2024-10-03 03:51:48.914 [info] > git for-each-ref --sort -committerdate --format %(refname) %(objectname) %(*objectname) [448ms]
2024-10-03 03:51:48.948 [info] > git config --get commit.template [36ms]
2024-10-03 03:51:48.971 [info] > git for-each-ref --format=%(refname)%00%(upstream:short)%00%(objectname)%00%(upstream:track)%00%(upstream:remotename)%00%(upstream:remoteref) refs/heads/th refs/remotes/th [26ms]
2024-10-03 03:51:50.588 [info] > git status -z -uall [2045ms]
2024-10-03 03:51:56.242 [info] > git remote --verbose [388ms]
2024-10-03 03:51:56.243 [info] > git for-each-ref --sort -committerdate --format %(refname) %(objectname) %(*objectname) [455ms]
2024-10-03 03:51:56.249 [info] > git config --get commit.template [12ms]
2024-10-03 03:51:56.307 [info] > git for-each-ref --format=%(refname)%00%(upstream:short)%00%(objectname)%00%(upstream:track)%00%(upstream:remotename)%00%(upstream:remoteref) refs/heads/th refs/remotes/th [17ms]
2024-10-03 03:51:57.500 [info] > git status -z -uall [1605ms]
2024-10-03 03:52:02.984 [info] > git remote --verbose [325ms]
2024-10-03 03:52:02.986 [info] > git for-each-ref --sort -committerdate --format %(refname) %(objectname) %(*objectname) [362ms]
2024-10-03 03:52:02.993 [info] > git config --get commit.template [91ms]
2024-10-03 03:52:03.060 [info] > git for-each-ref --format=%(refname)%00%(upstream:short)%00%(objectname)%00%(upstream:track)%00%(upstream:remotename)%00%(upstream:remoteref) refs/heads/th refs/remotes/th [13ms]
2024-10-03 03:52:04.150 [info] > git status -z -uall [1464ms]
2024-10-03 03:52:09.404 [info] > git remote --verbose [53ms]
2024-10-03 03:52:09.405 [info] > git for-each-ref --sort -committerdate --format %(refname) %(objectname) %(*objectname) [103ms]
2024-10-03 03:52:09.775 [info] > git config --get commit.template [53ms]
2024-10-03 03:52:09.789 [info] > git for-each-ref --format=%(refname)%00%(upstream:short)%00%(objectname)%00%(upstream:track)%00%(upstream:remotename)%00%(upstream:remoteref) refs/heads/th refs/remotes/th [20ms]
2024-10-03 03:52:11.719 [info] > git status -z -uall [2322ms]
2024-10-03 03:52:17.254 [info] > git remote --verbose [258ms]
2024-10-03 03:52:17.256 [info] > git for-each-ref --sort -committerdate --format %(refname) %(objectname) %(*objectname) [309ms]
2024-10-03 03:52:17.301 [info] > git config --get commit.template [96ms]
2024-10-03 03:52:17.388 [info] > git for-each-ref --format=%(refname)%00%(upstream:short)%00%(objectname)%00%(upstream:track)%00%(upstream:remotename)%00%(upstream:remoteref) refs/heads/th refs/remotes/th [10ms]
2024-10-03 03:52:18.601 [info] > git status -z -uall [1552ms]
2024-10-03 03:52:24.213 [info] > git remote --verbose [412ms]
2024-10-03 03:52:24.214 [info] > git for-each-ref --sort -committerdate --format %(refname) %(objectname) %(*objectname) [467ms]
2024-10-03 03:52:24.286 [info] > git config --get commit.template [76ms]
2024-10-03 03:52:24.299 [info] > git for-each-ref --format=%(refname)%00%(upstream:short)%00%(objectname)%00%(upstream:track)%00%(upstream:remotename)%00%(upstream:remoteref) refs/heads/th refs/remotes/th [23ms]
2024-10-03 03:52:25.636 [info] > git status -z -uall [1791ms]
2024-10-03 03:52:38.713 [info] > git remote --verbose [395ms]
2024-10-03 03:52:38.714 [info] > git for-each-ref --sort -committerdate --format %(refname) %(objectname) %(*objectname) [449ms]
2024-10-03 03:52:38.715 [info] > git config --get commit.template [129ms]
2024-10-03 03:52:38.760 [info] > git for-each-ref --format=%(refname)%00%(upstream:short)%00%(objectname)%00%(upstream:track)%00%(upstream:remotename)%00%(upstream:remoteref) refs/heads/th refs/remotes/th [15ms]
2024-10-03 03:52:39.852 [info] > git status -z -uall [1482ms]
2024-10-03 03:52:45.314 [info] > git remote --verbose [277ms]
2024-10-03 03:52:45.323 [info] > git for-each-ref --sort -committerdate --format %(refname) %(objectname) %(*objectname) [320ms]
2024-10-03 03:52:45.332 [info] > git config --get commit.template [71ms]
2024-10-03 03:52:45.394 [info] > git for-each-ref --format=%(refname)%00%(upstream:short)%00%(objectname)%00%(upstream:track)%00%(upstream:remotename)%00%(upstream:remoteref) refs/heads/th refs/remotes/th [9ms]
2024-10-03 03:52:46.700 [info] > git status -z -uall [1631ms]
2024-10-03 03:52:51.925 [info] > git show --textconv :c/LinkListw/intersection.cpp [41ms]
2024-10-03 03:52:51.940 [info] > git ls-files --stage -- /root/thsunest01/c/LinkListw/intersection.cpp [17ms]
2024-10-03 03:52:56.576 [info] > git remote --verbose [438ms]
2024-10-03 03:52:56.577 [info] > git for-each-ref --sort -committerdate --format %(refname) %(objectname) %(*objectname) [494ms]
2024-10-03 03:52:56.627 [info] > git config --get commit.template [60ms]
2024-10-03 03:52:56.679 [info] > git check-ignore -v -z --stdin [55ms]
2024-10-03 03:52:56.687 [info] > git for-each-ref --format=%(refname)%00%(upstream:short)%00%(objectname)%00%(upstream:track)%00%(upstream:remotename)%00%(upstream:remoteref) refs/heads/th refs/remotes/th [21ms]
2024-10-03 03:52:58.322 [info] > git status -z -uall [2131ms]
2024-10-03 03:53:03.233 [info] > git check-ignore -v -z --stdin [18ms]
2024-10-03 03:53:11.259 [info] > git show --textconv :.vscode/launch.json [46ms]
2024-10-03 03:53:11.306 [info] > git ls-files --stage -- /root/thsunest01/.vscode/launch.json [48ms]
2024-10-03 03:53:11.368 [info] > git cat-file -s b16e015cdde70d8201730a9771c618be62fbfed2 [16ms]
2024-10-03 03:53:16.805 [info] > git show --textconv :.vscode/tasks.json [53ms]
2024-10-03 03:53:16.830 [info] > git ls-files --stage -- /root/thsunest01/.vscode/tasks.json [26ms]
2024-10-03 03:53:16.887 [info] > git cat-file -s 104aa15aa2c28609b183e40a75341274fce3d2ef [11ms]
2024-10-03 03:53:26.430 [info] > git show --textconv :c/LinkListw/intersection.cpp [425ms]
2024-10-03 03:53:26.449 [info] > git remote --verbose [333ms]
2024-10-03 03:53:26.450 [info] > git for-each-ref --sort -committerdate --format %(refname) %(objectname) %(*objectname) [370ms]
2024-10-03 03:53:26.450 [info] > git ls-files --stage -- /root/thsunest01/c/LinkListw/intersection.cpp [405ms]
2024-10-03 03:53:26.459 [info] > git config --get commit.template [116ms]
2024-10-03 03:53:26.550 [info] > git for-each-ref --format=%(refname)%00%(upstream:short)%00%(objectname)%00%(upstream:track)%00%(upstream:remotename)%00%(upstream:remoteref) refs/heads/th refs/remotes/th [24ms]
2024-10-03 03:53:27.868 [info] > git status -z -uall [1722ms]
2024-10-03 03:53:32.111 [info] > git check-ignore -v -z --stdin [17ms]
2024-10-03 03:53:33.357 [info] > git remote --verbose [314ms]
2024-10-03 03:53:33.358 [info] > git for-each-ref --sort -committerdate --format %(refname) %(objectname) %(*objectname) [354ms]
2024-10-03 03:53:33.374 [info] > git config --get commit.template [34ms]
2024-10-03 03:53:33.450 [info] > git for-each-ref --format=%(refname)%00%(upstream:short)%00%(objectname)%00%(upstream:track)%00%(upstream:remotename)%00%(upstream:remoteref) refs/heads/th refs/remotes/th [7ms]
2024-10-03 03:53:34.536 [info] > git status -z -uall [1459ms]
2024-10-03 03:53:37.900 [info] > git show --textconv :c/LinkListw/intersection.cpp [43ms]
2024-10-03 03:53:37.916 [info] > git ls-files --stage -- /root/thsunest01/c/LinkListw/intersection.cpp [17ms]
2024-10-03 03:53:40.096 [info] > git remote --verbose [340ms]
2024-10-03 03:53:40.097 [info] > git for-each-ref --sort -committerdate --format %(refname) %(objectname) %(*objectname) [390ms]
2024-10-03 03:53:40.100 [info] > git config --get commit.template [131ms]
2024-10-03 03:53:40.159 [info] > git for-each-ref --format=%(refname)%00%(upstream:short)%00%(objectname)%00%(upstream:track)%00%(upstream:remotename)%00%(upstream:remoteref) refs/heads/th refs/remotes/th [11ms]
2024-10-03 03:53:41.202 [info] > git check-ignore -v -z --stdin [24ms]
2024-10-03 03:53:41.346 [info] > git status -z -uall [1543ms]
2024-10-03 03:53:44.829 [info] > git show --textconv :c/LinkListw/intersection.cpp [33ms]
2024-10-03 03:53:44.838 [info] > git ls-files --stage -- /root/thsunest01/c/LinkListw/intersection.cpp [10ms]
2024-10-03 03:53:45.140 [info] > git check-ignore -v -z --stdin [12ms]
2024-10-03 03:53:46.833 [info] > git remote --verbose [326ms]
2024-10-03 03:53:46.834 [info] > git for-each-ref --sort -committerdate --format %(refname) %(objectname) %(*objectname) [366ms]
2024-10-03 03:53:46.862 [info] > git config --get commit.template [40ms]
2024-10-03 03:53:46.972 [info] > git for-each-ref --format=%(refname)%00%(upstream:short)%00%(objectname)%00%(upstream:track)%00%(upstream:remotename)%00%(upstream:remoteref) refs/heads/th refs/remotes/th [8ms]
2024-10-03 03:53:48.348 [info] > git status -z -uall [1791ms]
2024-10-03 03:53:49.492 [info] > git check-ignore -v -z --stdin [12ms]
2024-10-03 03:53:49.576 [info] > git show --textconv :c/LinkListw/intersection.cpp [39ms]
2024-10-03 03:53:49.587 [info] > git ls-files --stage -- /root/thsunest01/c/LinkListw/intersection.cpp [12ms]
2024-10-03 03:53:52.288 [info] > git show --textconv :c/LinkListw/intersection.cpp [58ms]
2024-10-03 03:53:52.312 [info] > git ls-files --stage -- /root/thsunest01/c/LinkListw/intersection.cpp [25ms]
2024-10-03 03:53:52.999 [info] > git check-ignore -v -z --stdin [16ms]
2024-10-03 03:53:53.889 [info] > git remote --verbose [325ms]
2024-10-03 03:53:53.890 [info] > git for-each-ref --sort -committerdate --format %(refname) %(objectname) %(*objectname) [373ms]
2024-10-03 03:53:53.916 [info] > git config --get commit.template [115ms]
2024-10-03 03:53:53.997 [info] > git for-each-ref --format=%(refname)%00%(upstream:short)%00%(objectname)%00%(upstream:track)%00%(upstream:remotename)%00%(upstream:remoteref) refs/heads/th refs/remotes/th [11ms]
2024-10-03 03:53:54.842 [info] > git status -z -uall [1237ms]
2024-10-03 03:53:56.719 [info] > git show --textconv :c/LinkListw/intersection.cpp [58ms]
2024-10-03 03:53:56.737 [info] > git ls-files --stage -- /root/thsunest01/c/LinkListw/intersection.cpp [20ms]
2024-10-03 03:53:57.033 [info] > git check-ignore -v -z --stdin [16ms]
2024-10-03 03:53:57.866 [info] > git check-ignore -v -z --stdin [19ms]
2024-10-03 03:54:00.083 [info] > git remote --verbose [60ms]
2024-10-03 03:54:00.083 [info] > git for-each-ref --sort -committerdate --format %(refname) %(objectname) %(*objectname) [103ms]
2024-10-03 03:54:00.366 [info] > git config --get commit.template [37ms]
2024-10-03 03:54:00.438 [info] > git for-each-ref --format=%(refname)%00%(upstream:short)%00%(objectname)%00%(upstream:track)%00%(upstream:remotename)%00%(upstream:remoteref) refs/heads/th refs/remotes/th [12ms]
2024-10-03 03:54:01.297 [info] > git show --textconv :c/LinkListw/intersection.cpp [64ms]
2024-10-03 03:54:01.309 [info] > git ls-files --stage -- /root/thsunest01/c/LinkListw/intersection.cpp [17ms]
2024-10-03 03:54:01.866 [info] > git status -z -uall [1791ms]
2024-10-03 03:54:02.970 [info] > git check-ignore -v -z --stdin [988ms]
2024-10-03 03:54:05.331 [info] > git show --textconv :c/LinkListw/intersection.cpp [42ms]
2024-10-03 03:54:05.344 [info] > git ls-files --stage -- /root/thsunest01/c/LinkListw/intersection.cpp [15ms]
2024-10-03 03:54:05.654 [info] > git check-ignore -v -z --stdin [19ms]
2024-10-03 03:54:07.368 [info] > git remote --verbose [339ms]
2024-10-03 03:54:07.369 [info] > git for-each-ref --sort -committerdate --format %(refname) %(objectname) %(*objectname) [387ms]
2024-10-03 03:54:07.372 [info] > git config --get commit.template [29ms]
2024-10-03 03:54:07.434 [info] > git for-each-ref --format=%(refname)%00%(upstream:short)%00%(objectname)%00%(upstream:track)%00%(upstream:remotename)%00%(upstream:remoteref) refs/heads/th refs/remotes/th [10ms]
2024-10-03 03:54:08.712 [info] > git status -z -uall [1635ms]
2024-10-03 03:54:09.954 [info] > git show --textconv :c/LinkListw/intersection.cpp [115ms]
2024-10-03 03:54:09.955 [info] > git ls-files --stage -- /root/thsunest01/c/LinkListw/intersection.cpp [62ms]
2024-10-03 03:54:09.957 [info] > git check-ignore -v -z --stdin [9ms]
2024-10-03 03:54:14.284 [info] > git remote --verbose [372ms]
2024-10-03 03:54:14.286 [info] > git for-each-ref --sort -committerdate --format %(refname) %(objectname) %(*objectname) [421ms]
2024-10-03 03:54:14.290 [info] > git config --get commit.template [52ms]
2024-10-03 03:54:14.348 [info] > git for-each-ref --format=%(refname)%00%(upstream:short)%00%(objectname)%00%(upstream:track)%00%(upstream:remotename)%00%(upstream:remoteref) refs/heads/th refs/remotes/th [13ms]
2024-10-03 03:54:14.834 [info] > git show --textconv :c/LinkListw/intersection.cpp [50ms]
2024-10-03 03:54:14.851 [info] > git ls-files --stage -- /root/thsunest01/c/LinkListw/intersection.cpp [19ms]
2024-10-03 03:54:15.702 [info] > git status -z -uall [1740ms]
2024-10-03 03:54:17.755 [info] > git show --textconv :c/11.c [45ms]
2024-10-03 03:54:17.769 [info] > git ls-files --stage -- /root/thsunest01/c/11.c [15ms]
2024-10-03 03:54:17.850 [info] > git cat-file -s 38b9b26278894d4208a3c324ccc227917ad2fd6c [19ms]
2024-10-03 03:54:22.283 [info] > git show --textconv :c/LinkListw/intersection.cpp [55ms]
2024-10-03 03:54:22.294 [info] > git ls-files --stage -- /root/thsunest01/c/LinkListw/intersection.cpp [17ms]
2024-10-03 03:54:23.248 [info] > git remote --verbose [50ms]
2024-10-03 03:54:23.248 [info] > git for-each-ref --sort -committerdate --format %(refname) %(objectname) %(*objectname) [106ms]
2024-10-03 03:54:23.542 [info] > git config --get commit.template [85ms]
2024-10-03 03:54:23.640 [info] > git for-each-ref --format=%(refname)%00%(upstream:short)%00%(objectname)%00%(upstream:track)%00%(upstream:remotename)%00%(upstream:remoteref) refs/heads/th refs/remotes/th [46ms]
2024-10-03 03:54:23.824 [info] > git show --textconv :c/栈.c++ [65ms]
2024-10-03 03:54:23.828 [info] > git ls-files --stage -- /root/thsunest01/c/栈.c++ [16ms]
2024-10-03 03:54:23.907 [info] > git cat-file -s e8adbfb3b6de1a38a89747d7619caf3890de1239 [17ms]
2024-10-03 03:54:25.737 [info] > git status -z -uall [2495ms]
2024-10-03 03:54:27.622 [info] > git show --textconv :c/LinkListw/intersection.cpp [54ms]
2024-10-03 03:54:27.636 [info] > git ls-files --stage -- /root/thsunest01/c/LinkListw/intersection.cpp [15ms]
2024-10-03 03:54:28.720 [info] > git show --textconv :c/HeapSort.c++ [58ms]
2024-10-03 03:54:28.752 [info] > git ls-files --stage -- /root/thsunest01/c/HeapSort.c++ [33ms]
2024-10-03 03:54:28.813 [info] > git cat-file -s 987f1c9fc38ad9dbcc002c214029e286d96ded27 [15ms]
2024-10-03 03:54:31.360 [info] > git remote --verbose [436ms]
2024-10-03 03:54:31.361 [info] > git for-each-ref --sort -committerdate --format %(refname) %(objectname) %(*objectname) [485ms]
2024-10-03 03:54:31.363 [info] > git config --get commit.template [34ms]
2024-10-03 03:54:31.425 [info] > git for-each-ref --format=%(refname)%00%(upstream:short)%00%(objectname)%00%(upstream:track)%00%(upstream:remotename)%00%(upstream:remoteref) refs/heads/th refs/remotes/th [10ms]
2024-10-03 03:54:32.263 [info] > git show --textconv :c/HeapSort.c++ [61ms]
2024-10-03 03:54:32.266 [info] > git ls-files --stage -- /root/thsunest01/c/HeapSort.c++ [8ms]
2024-10-03 03:54:32.353 [info] > git cat-file -s 987f1c9fc38ad9dbcc002c214029e286d96ded27 [31ms]
2024-10-03 03:54:32.981 [info] > git status -z -uall [2001ms]
2024-10-03 03:54:35.501 [info] > git show --textconv :c/LinkListw/intersection.cpp [35ms]
2024-10-03 03:54:35.511 [info] > git ls-files --stage -- /root/thsunest01/c/LinkListw/intersection.cpp [11ms]
2024-10-03 03:54:38.492 [info] > git remote --verbose [329ms]
2024-10-03 03:54:38.493 [info] > git for-each-ref --sort -committerdate --format %(refname) %(objectname) %(*objectname) [374ms]
2024-10-03 03:54:38.496 [info] > git config --get commit.template [51ms]
2024-10-03 03:54:38.557 [info] > git for-each-ref --format=%(refname)%00%(upstream:short)%00%(objectname)%00%(upstream:track)%00%(upstream:remotename)%00%(upstream:remoteref) refs/heads/th refs/remotes/th [17ms]
2024-10-03 03:54:38.972 [info] > git show --textconv :c/LinkListw/intersection.cpp [40ms]
2024-10-03 03:54:38.977 [info] > git ls-files --stage -- /root/thsunest01/c/LinkListw/intersection.cpp [10ms]
2024-10-03 03:54:39.531 [info] > git status -z -uall [1331ms]
2024-10-03 03:54:42.570 [info] > git show --textconv :c/LinkListw/intersection.cpp [35ms]
2024-10-03 03:54:42.583 [info] > git ls-files --stage -- /root/thsunest01/c/LinkListw/intersection.cpp [15ms]
2024-10-03 03:54:45.093 [info] > git remote --verbose [394ms]
2024-10-03 03:54:45.094 [info] > git for-each-ref --sort -committerdate --format %(refname) %(objectname) %(*objectname) [433ms]
2024-10-03 03:54:45.097 [info] > git config --get commit.template [154ms]
2024-10-03 03:54:45.157 [info] > git for-each-ref --format=%(refname)%00%(upstream:short)%00%(objectname)%00%(upstream:track)%00%(upstream:remotename)%00%(upstream:remoteref) refs/heads/th refs/remotes/th [12ms]
2024-10-03 03:54:45.847 [info] > git show --textconv :c/LinkListw/intersection.cpp [45ms]
2024-10-03 03:54:45.851 [info] > git ls-files --stage -- /root/thsunest01/c/LinkListw/intersection.cpp [10ms]
2024-10-03 03:54:46.153 [info] > git status -z -uall [1414ms]
2024-10-03 03:54:49.147 [info] > git show --textconv :c/LinkListw/intersection.cpp [39ms]
2024-10-03 03:54:49.166 [info] > git ls-files --stage -- /root/thsunest01/c/LinkListw/intersection.cpp [21ms]
2024-10-03 03:54:51.663 [info] > git remote --verbose [347ms]
2024-10-03 03:54:51.664 [info] > git for-each-ref --sort -committerdate --format %(refname) %(objectname) %(*objectname) [387ms]
2024-10-03 03:54:51.667 [info] > git config --get commit.template [116ms]
2024-10-03 03:54:51.731 [info] > git for-each-ref --format=%(refname)%00%(upstream:short)%00%(objectname)%00%(upstream:track)%00%(upstream:remotename)%00%(upstream:remoteref) refs/heads/th refs/remotes/th [14ms]
2024-10-03 03:54:53.189 [info] > git status -z -uall [1839ms]
2024-10-03 03:54:55.518 [info] > git show --textconv :c/test.c++ [41ms]
2024-10-03 03:54:55.531 [info] > git ls-files --stage -- /root/thsunest01/c/test.c++ [14ms]
2024-10-03 03:54:55.588 [info] > git cat-file -s 8ad705b4b2c38d0f9146b08663b9affe72d3ae9d [14ms]
2024-10-03 03:54:58.339 [info] > git show --textconv :c/LinkListw/intersection.cpp [40ms]
2024-10-03 03:54:58.349 [info] > git ls-files --stage -- /root/thsunest01/c/LinkListw/intersection.cpp [11ms]
2024-10-03 03:54:59.024 [info] > git show --textconv :c/test.c++ [43ms]
2024-10-03 03:54:59.039 [info] > git ls-files --stage -- /root/thsunest01/c/test.c++ [17ms]
2024-10-03 03:54:59.099 [info] > git cat-file -s 8ad705b4b2c38d0f9146b08663b9affe72d3ae9d [22ms]
2024-10-03 03:54:59.285 [info] > git remote --verbose [50ms]
2024-10-03 03:54:59.285 [info] > git for-each-ref --sort -committerdate --format %(refname) %(objectname) %(*objectname) [95ms]
2024-10-03 03:54:59.562 [info] > git config --get commit.template [49ms]
2024-10-03 03:54:59.653 [info] > git for-each-ref --format=%(refname)%00%(upstream:short)%00%(objectname)%00%(upstream:track)%00%(upstream:remotename)%00%(upstream:remoteref) refs/heads/th refs/remotes/th [26ms]
2024-10-03 03:55:00.791 [info] > git status -z -uall [1514ms]
2024-10-03 03:55:02.887 [info] > git show --textconv :c/LinkListw/intersection.cpp [51ms]
2024-10-03 03:55:02.898 [info] > git ls-files --stage -- /root/thsunest01/c/LinkListw/intersection.cpp [12ms]
2024-10-03 03:55:06.501 [info] > git remote --verbose [424ms]
2024-10-03 03:55:06.502 [info] > git for-each-ref --sort -committerdate --format %(refname) %(objectname) %(*objectname) [477ms]
2024-10-03 03:55:06.505 [info] > git config --get commit.template [9ms]
2024-10-03 03:55:06.575 [info] > git for-each-ref --format=%(refname)%00%(upstream:short)%00%(objectname)%00%(upstream:track)%00%(upstream:remotename)%00%(upstream:remoteref) refs/heads/th refs/remotes/th [16ms]
2024-10-03 03:55:07.505 [info] > git status -z -uall [1374ms]
2024-10-03 03:55:13.036 [info] > git remote --verbose [317ms]
2024-10-03 03:55:13.039 [info] > git for-each-ref --sort -committerdate --format %(refname) %(objectname) %(*objectname) [369ms]
2024-10-03 03:55:13.048 [info] > git config --get commit.template [127ms]
2024-10-03 03:55:13.126 [info] > git for-each-ref --format=%(refname)%00%(upstream:short)%00%(objectname)%00%(upstream:track)%00%(upstream:remotename)%00%(upstream:remoteref) refs/heads/th refs/remotes/th [12ms]
2024-10-03 03:55:13.924 [info] > git status -z -uall [1167ms]
2024-10-03 03:55:18.195 [info] > git show --textconv :.vscode/c_cpp_properties.json [53ms]
2024-10-03 03:55:18.207 [info] > git ls-files --stage -- /root/thsunest01/.vscode/c_cpp_properties.json [13ms]
2024-10-03 03:55:18.271 [info] > git cat-file -s 068214512c0f8526db2eb5da2dd68bc59c6de662 [17ms]
2024-10-03 03:55:19.470 [info] > git remote --verbose [351ms]
2024-10-03 03:55:19.471 [info] > git for-each-ref --sort -committerdate --format %(refname) %(objectname) %(*objectname) [406ms]
2024-10-03 03:55:19.477 [info] > git config --get commit.template [33ms]
2024-10-03 03:55:19.555 [info] > git for-each-ref --format=%(refname)%00%(upstream:short)%00%(objectname)%00%(upstream:track)%00%(upstream:remotename)%00%(upstream:remoteref) refs/heads/th refs/remotes/th [15ms]
2024-10-03 03:55:20.500 [info] > git status -z -uall [1324ms]
2024-10-03 03:55:24.407 [info] > git show --textconv :c/队列.c++ [51ms]
2024-10-03 03:55:24.428 [info] > git ls-files --stage -- /root/thsunest01/c/队列.c++ [23ms]
2024-10-03 03:55:24.493 [info] > git cat-file -s 0cd08ac190a63d01d00ae822d22b038927f5be42 [11ms]
2024-10-03 03:55:28.121 [info] > git remote --verbose [402ms]
2024-10-03 03:55:28.122 [info] > git for-each-ref --sort -committerdate --format %(refname) %(objectname) %(*objectname) [466ms]
2024-10-03 03:55:28.128 [info] > git config --get commit.template [11ms]
2024-10-03 03:55:28.237 [info] > git for-each-ref --format=%(refname)%00%(upstream:short)%00%(objectname)%00%(upstream:track)%00%(upstream:remotename)%00%(upstream:remoteref) refs/heads/th refs/remotes/th [49ms]
2024-10-03 03:55:29.956 [info] > git status -z -uall [2185ms]
2024-10-03 03:55:33.397 [info] > git show --textconv :.vscode/launch.json [57ms]
2024-10-03 03:55:33.420 [info] > git ls-files --stage -- /root/thsunest01/.vscode/launch.json [29ms]
2024-10-03 03:55:33.487 [info] > git cat-file -s b16e015cdde70d8201730a9771c618be62fbfed2 [12ms]
2024-10-03 03:56:05.348 [info] > git show --textconv :c/队列.c++ [57ms]
2024-10-03 03:56:05.368 [info] > git ls-files --stage -- /root/thsunest01/c/队列.c++ [21ms]
2024-10-03 03:56:05.435 [info] > git cat-file -s 0cd08ac190a63d01d00ae822d22b038927f5be42 [14ms]
2024-10-03 03:56:09.654 [info] > git remote --verbose [353ms]
2024-10-03 03:56:09.655 [info] > git for-each-ref --sort -committerdate --format %(refname) %(objectname) %(*objectname) [395ms]
2024-10-03 03:56:09.662 [info] > git config --get commit.template [90ms]
2024-10-03 03:56:09.744 [info] > git for-each-ref --format=%(refname)%00%(upstream:short)%00%(objectname)%00%(upstream:track)%00%(upstream:remotename)%00%(upstream:remoteref) refs/heads/th refs/remotes/th [18ms]
2024-10-03 03:56:11.287 [info] > git status -z -uall [1952ms]
2024-10-03 03:56:16.901 [info] > git remote --verbose [395ms]
2024-10-03 03:56:16.901 [info] > git for-each-ref --sort -committerdate --format %(refname) %(objectname) %(*objectname) [446ms]
2024-10-03 03:56:16.904 [info] > git config --get commit.template [9ms]
2024-10-03 03:56:16.973 [info] > git for-each-ref --format=%(refname)%00%(upstream:short)%00%(objectname)%00%(upstream:track)%00%(upstream:remotename)%00%(upstream:remoteref) refs/heads/th refs/remotes/th [14ms]
2024-10-03 03:56:18.728 [info] > git status -z -uall [2176ms]
2024-10-03 03:56:24.600 [info] > git remote --verbose [366ms]
2024-10-03 03:56:24.601 [info] > git for-each-ref --sort -committerdate --format %(refname) %(objectname) %(*objectname) [419ms]
2024-10-03 03:56:24.604 [info] > git config --get commit.template [8ms]
2024-10-03 03:56:24.667 [info] > git for-each-ref --format=%(refname)%00%(upstream:short)%00%(objectname)%00%(upstream:track)%00%(upstream:remotename)%00%(upstream:remoteref) refs/heads/th refs/remotes/th [14ms]
2024-10-03 03:56:25.625 [info] > git show --textconv :.vscode/launch.json [45ms]
2024-10-03 03:56:25.638 [info] > git ls-files --stage -- /root/thsunest01/.vscode/launch.json [15ms]
2024-10-03 03:56:25.682 [info] > git cat-file -s b16e015cdde70d8201730a9771c618be62fbfed2 [8ms]
2024-10-03 03:56:25.877 [info] > git status -z -uall [1595ms]
