2024-09-22 07:10:24.210 [info] Extension host with pid 24873 started
2024-09-22 07:10:24.281 [info] Lock '/root/.local/share/code-server/User/workspaceStorage/-31e48dea/vscode.lock': Lock acquired.
2024-09-22 07:10:24.428 [info] ExtensionService#_doActivateExtension vscode.git-base, startup: true, activationEvent: '*', root cause: vscode.git
2024-09-22 07:10:27.296 [info] ExtensionService#_doActivateExtension vscode.git, startup: true, activationEvent: '*'
2024-09-22 07:10:27.296 [info] ExtensionService#_doActivateExtension vscode.github, startup: true, activationEvent: '*'
2024-09-22 07:10:28.817 [info] ExtensionService#_doActivateExtension vscode.debug-auto-launch, startup: false, activationEvent: 'onStartupFinished'
2024-09-22 07:10:28.818 [info] ExtensionService#_doActivateExtension vscode.emmet, startup: false, activationEvent: 'onStartupFinished'
2024-09-22 07:10:28.819 [info] ExtensionService#_doActivateExtension vscode.merge-conflict, startup: false, activationEvent: 'onStartupFinished'
2024-09-22 07:10:28.820 [info] ExtensionService#_doActivateExtension formulahendry.code-runner, startup: false, activationEvent: 'onStartupFinished'
2024-09-22 07:10:28.820 [info] Eager extensions activated
2024-09-22 07:10:29.836 [warning] [Decorations] CAPPING events from decorations provider vscode.git 1682
2024-09-22 07:10:30.439 [warning] [Decorations] CAPPING events from decorations provider vscode.git 1682
2024-09-22 07:10:32.367 [warning] [Decorations] CAPPING events from decorations provider vscode.git 5520
2024-09-22 07:10:34.101 [warning] [Decorations] CAPPING events from decorations provider vscode.git 1685
2024-09-22 07:10:35.127 [warning] [Decorations] CAPPING events from decorations provider vscode.git 5520
2024-09-22 07:10:39.413 [warning] [Decorations] CAPPING events from decorations provider vscode.git 1685
2024-09-22 07:10:43.007 [warning] [Decorations] CAPPING events from decorations provider vscode.git 5520
2024-09-22 07:10:44.701 [warning] [Decorations] CAPPING events from decorations provider vscode.git 1685
2024-09-22 07:10:50.074 [warning] [Decorations] CAPPING events from decorations provider vscode.git 1685
2024-09-22 07:10:55.434 [warning] [Decorations] CAPPING events from decorations provider vscode.git 1685
2024-09-22 07:11:00.745 [warning] [Decorations] CAPPING events from decorations provider vscode.git 1685
2024-09-22 07:11:06.181 [warning] [Decorations] CAPPING events from decorations provider vscode.git 1686
2024-09-22 07:11:11.618 [warning] [Decorations] CAPPING events from decorations provider vscode.git 1684
2024-09-22 07:11:16.940 [warning] [Decorations] CAPPING events from decorations provider vscode.git 1684
2024-09-22 07:11:22.362 [warning] [Decorations] CAPPING events from decorations provider vscode.git 1684
2024-09-22 07:11:27.724 [warning] [Decorations] CAPPING events from decorations provider vscode.git 1684
2024-09-22 07:11:33.201 [warning] [Decorations] CAPPING events from decorations provider vscode.git 1684
2024-09-22 07:11:38.625 [warning] [Decorations] CAPPING events from decorations provider vscode.git 1684
