2024-10-03 09:10:43.522 [info] 正在验证在以下位置中找到的 git: git
2024-10-03 09:10:43.526 [info] 将使用位于 git 的 Git 2.34.1
2024-10-03 09:10:43.527 [info] > git rev-parse --show-toplevel [298ms]
2024-10-03 09:10:43.527 [info] > git rev-parse --git-dir --git-common-dir [27ms]
2024-10-03 09:10:43.527 [info] Log level: Info
2024-10-03 09:10:43.527 [info] Open repository: /root
2024-10-03 09:10:43.527 [info] > git remote --verbose [355ms]
2024-10-03 09:10:43.527 [info] > git for-each-ref --sort -committerdate --format %(refname) %(objectname) %(*objectname) [383ms]
2024-10-03 09:10:43.527 [info] > git config --get commit.template [119ms]
2024-10-03 09:10:43.527 [info] > git rev-parse --show-toplevel [188ms]
2024-10-03 09:10:43.527 [info] > git rev-parse --show-toplevel [63ms]
2024-10-03 09:10:43.527 [info] > git for-each-ref --format=%(refname)%00%(upstream:short)%00%(objectname)%00%(upstream:track)%00%(upstream:remotename)%00%(upstream:remoteref) refs/heads/su refs/remotes/su [64ms]
2024-10-03 09:10:43.527 [info] > git rev-parse --show-toplevel [19ms]
2024-10-03 09:10:43.527 [info] > git rev-parse --show-toplevel [20ms]
2024-10-03 09:10:43.527 [info] > git rev-parse --show-toplevel [26ms]
2024-10-03 09:10:43.527 [info] > git rev-parse --show-toplevel [32ms]
2024-10-03 09:10:43.527 [info] > git rev-parse --show-toplevel [48ms]
2024-10-03 09:10:43.527 [info] > git rev-parse --git-dir --git-common-dir [25ms]
2024-10-03 09:10:43.527 [info] Log level: Info
2024-10-03 09:10:43.527 [info] Open repository: /root/thsunest01
2024-10-03 09:10:43.527 [info] > git remote --verbose [86ms]
2024-10-03 09:10:43.527 [info] > git for-each-ref --sort -committerdate --format %(refname) %(objectname) %(*objectname) [120ms]
2024-10-03 09:10:43.528 [info] > git config --get commit.template [59ms]
2024-10-03 09:10:43.528 [info] > git for-each-ref --format=%(refname)%00%(upstream:short)%00%(objectname)%00%(upstream:track)%00%(upstream:remotename)%00%(upstream:remoteref) refs/heads/th refs/remotes/th [36ms]
2024-10-03 09:10:43.528 [info] > git check-ignore -v -z --stdin [38ms]
2024-10-03 09:10:43.528 [info] > git check-ignore -v -z --stdin [99ms]
2024-10-03 09:10:43.528 [info] > git show --textconv :.bashrc [38ms]
2024-10-03 09:10:43.528 [info] > git check-ignore -v -z --stdin [64ms]
2024-10-03 09:10:43.528 [info] > git ls-files --stage -- /root/.bashrc [115ms]
2024-10-03 09:10:43.528 [info] > git check-ignore -v -z --stdin [50ms]
2024-10-03 09:10:43.528 [info] > git cat-file -s 6dccac76e718fe1db9806e6eff80b931737c937b [67ms]
2024-10-03 09:10:43.528 [info] > git status -z -uall [2853ms]
2024-10-03 09:10:43.528 [info] > git remote --verbose [1457ms]
2024-10-03 09:10:43.528 [info] > git for-each-ref --sort -committerdate --format %(refname) %(objectname) %(*objectname) [1496ms]
2024-10-03 09:10:43.528 [info] > git config --get commit.template [67ms]
2024-10-03 09:10:43.528 [info] > git for-each-ref --format=%(refname)%00%(upstream:short)%00%(objectname)%00%(upstream:track)%00%(upstream:remotename)%00%(upstream:remoteref) refs/heads/th refs/remotes/th [36ms]
2024-10-03 09:10:45.121 [info] > git status -z -uall [3248ms]
2024-10-03 09:10:45.235 [info] > git status -z -uall [7540ms]
2024-10-03 09:10:47.387 [info] > git remote --verbose [2041ms]
2024-10-03 09:10:47.388 [info] > git for-each-ref --sort -committerdate --format %(refname) %(objectname) %(*objectname) [2081ms]
2024-10-03 09:10:47.445 [info] > git config --get commit.template [61ms]
2024-10-03 09:10:47.532 [info] > git for-each-ref --format=%(refname)%00%(upstream:short)%00%(objectname)%00%(upstream:track)%00%(upstream:remotename)%00%(upstream:remoteref) refs/heads/su refs/remotes/su [29ms]
2024-10-03 09:10:49.216 [info] > git status -z -uall [3812ms]
2024-10-03 09:11:04.604 [info] > git check-ignore -v -z --stdin [21ms]
2024-10-03 09:11:07.815 [info] > git show --textconv :.ssh/known_hosts [49ms]
2024-10-03 09:11:07.830 [info] > git ls-files --stage -- /root/.ssh/known_hosts [19ms]
2024-10-03 09:11:08.427 [info] > git show --textconv :.ssh/id_rsa.pub [50ms]
2024-10-03 09:11:08.437 [info] > git ls-files --stage -- /root/.ssh/id_rsa.pub [11ms]
2024-10-03 09:11:08.487 [info] > git cat-file -s 47d023f2be7d04aee23314d98251408b6f4a72d1 [10ms]
2024-10-03 09:11:09.041 [info] > git show --textconv :.ssh/id_rsa [50ms]
2024-10-03 09:11:09.051 [info] > git ls-files --stage -- /root/.ssh/id_rsa [10ms]
2024-10-03 09:11:09.103 [info] > git cat-file -s d4b604cae769c96107bba76941f1f5b6e88c6731 [12ms]
2024-10-03 09:11:15.585 [info] > git show --textconv :.bashrc [41ms]
2024-10-03 09:11:15.596 [info] > git ls-files --stage -- /root/.bashrc [11ms]
2024-10-03 09:11:15.648 [info] > git cat-file -s 6dccac76e718fe1db9806e6eff80b931737c937b [16ms]
2024-10-03 09:11:16.318 [info] > git show --textconv :.lesshst [41ms]
2024-10-03 09:11:16.329 [info] > git ls-files --stage -- /root/.lesshst [12ms]
2024-10-03 09:11:16.894 [info] > git show --textconv :.gitconfig [35ms]
2024-10-03 09:11:16.913 [info] > git ls-files --stage -- /root/.gitconfig [20ms]
2024-10-03 09:11:17.742 [info] > git show --textconv :.lesshst [50ms]
2024-10-03 09:11:17.754 [info] > git ls-files --stage -- /root/.lesshst [14ms]
2024-10-03 09:11:19.667 [info] > git show --textconv :.profile [40ms]
2024-10-03 09:11:19.677 [info] > git ls-files --stage -- /root/.profile [11ms]
2024-10-03 09:11:19.720 [info] > git cat-file -s c4c7402daf7ae66c19afdd13030901209f3d77fa [11ms]
2024-10-03 09:11:24.060 [info] > git show --textconv :.bash_history [44ms]
2024-10-03 09:11:24.072 [info] > git ls-files --stage -- /root/.bash_history [13ms]
2024-10-03 09:11:24.120 [info] > git cat-file -s e735604fd61bc293b737601e809b928438b0d48f [14ms]
2024-10-03 09:11:26.086 [info] > git show --textconv :java/hello.java [39ms]
2024-10-03 09:11:26.099 [info] > git ls-files --stage -- /root/thsunest01/java/hello.java [14ms]
2024-10-03 09:11:27.121 [info] > git show --textconv :.bash_history [43ms]
2024-10-03 09:11:27.129 [info] > git ls-files --stage -- /root/.bash_history [11ms]
2024-10-03 09:11:27.177 [info] > git cat-file -s e735604fd61bc293b737601e809b928438b0d48f [12ms]
