Failed to access "ms-vstools.cpptools"extension's active workspaceconfiguration.
Try caught an error. Error: Request c-cpp-flylint.cpptools.activeConfigName failed with message: command 'cpptools.activeConfigName' not found
Retrying...
Try caught an error. Error: Request c-cpp-flylint.cpptools.activeConfigName failed with message: command 'cpptools.activeConfigName' not found
Retrying...
Try caught an error. Error: Request c-cpp-flylint.cpptools.activeConfigName failed with message: command 'cpptools.activeConfigName' not found
Retrying...
Try caught an error. Error: Request c-cpp-flylint.cpptools.activeConfigName failed with message: command 'cpptools.activeConfigName' not found
Retrying...
Try caught an error. Error: Request c-cpp-flylint.cpptools.activeConfigName failed with message: command 'cpptools.activeConfigName' not found
Retrying...
Try caught an error. Error: Request c-cpp-flylint.cpptools.activeConfigName failed with message: command 'cpptools.activeConfigName' not found
Retrying...
Try caught an error. Error: Request c-cpp-flylint.cpptools.activeConfigName failed with message: command 'cpptools.activeConfigName' not found
Retrying...
Try caught an error. Error: Request c-cpp-flylint.cpptools.activeConfigName failed with message: command 'cpptools.activeConfigName' not found
Retrying...
Try caught an error. Error: Request c-cpp-flylint.cpptools.activeConfigName failed with message: command 'cpptools.activeConfigName' not found
Retrying...
Try caught an error. Error: Request c-cpp-flylint.cpptools.activeConfigName failed with message: command 'cpptools.activeConfigName' not found
Retrying...
Try caught an error. Error: Request c-cpp-flylint.cpptools.activeConfigName failed with message: command 'cpptools.activeConfigName' not found
Retrying...
Try caught an error. Error: Request c-cpp-flylint.cpptools.activeConfigName failed with message: command 'cpptools.activeConfigName' not found
Retrying...
Try caught an error. Error: Request c-cpp-flylint.cpptools.activeConfigName failed with message: command 'cpptools.activeConfigName' not found
Retrying...
Try caught an error. Error: Request c-cpp-flylint.cpptools.activeConfigName failed with message: command 'cpptools.activeConfigName' not found
Retrying...
Try caught an error. Error: Request c-cpp-flylint.cpptools.activeConfigName failed with message: command 'cpptools.activeConfigName' not found
Retrying...
Try caught an error. Error: Request c-cpp-flylint.cpptools.activeConfigName failed with message: command 'cpptools.activeConfigName' not found
Retrying...
Try caught an error. Error: Request c-cpp-flylint.cpptools.activeConfigName failed with message: command 'cpptools.activeConfigName' not found
Retrying...
Try caught an error. Error: Request c-cpp-flylint.cpptools.activeConfigName failed with message: command 'cpptools.activeConfigName' not found
Retrying...
Try caught an error. Error: Request c-cpp-flylint.cpptools.activeConfigName failed with message: command 'cpptools.activeConfigName' not found
Retrying...
Try caught an error. Error: Request c-cpp-flylint.cpptools.activeConfigName failed with message: command 'cpptools.activeConfigName' not found
Retrying...
Try caught an error. Error: Request c-cpp-flylint.cpptools.activeConfigName failed with message: command 'cpptools.activeConfigName' not found
Retrying...
Try caught an error. Error: Request c-cpp-flylint.cpptools.activeConfigName failed with message: command 'cpptools.activeConfigName' not found
Retrying...
Try caught an error. Error: Request c-cpp-flylint.cpptools.activeConfigName failed with message: command 'cpptools.activeConfigName' not found
Retrying...
Try caught an error. Error: Request c-cpp-flylint.cpptools.activeConfigName failed with message: command 'cpptools.activeConfigName' not found
Retrying...
Try caught an error. Error: Request c-cpp-flylint.cpptools.activeConfigName failed with message: command 'cpptools.activeConfigName' not found
Retrying...
Try caught an error. Error: Request c-cpp-flylint.cpptools.activeConfigName failed with message: command 'cpptools.activeConfigName' not found
Retrying...
Try caught an error. Error: Request c-cpp-flylint.cpptools.activeConfigName failed with message: command 'cpptools.activeConfigName' not found
Retrying...
Try caught an error. Error: Request c-cpp-flylint.cpptools.activeConfigName failed with message: command 'cpptools.activeConfigName' not found
Retrying...
Try caught an error. Error: Request c-cpp-flylint.cpptools.activeConfigName failed with message: command 'cpptools.activeConfigName' not found
Retrying...
Try caught an error. Error: Request c-cpp-flylint.cpptools.activeConfigName failed with message: command 'cpptools.activeConfigName' not found
Retrying...
Try caught an error. Error: Request c-cpp-flylint.cpptools.activeConfigName failed with message: command 'cpptools.activeConfigName' not found
Retrying...
Try caught an error. Error: Request c-cpp-flylint.cpptools.activeConfigName failed with message: command 'cpptools.activeConfigName' not found
Retrying...
Try caught an error. Error: Request c-cpp-flylint.cpptools.activeConfigName failed with message: command 'cpptools.activeConfigName' not found
Retrying...
Try caught an error. Error: Request c-cpp-flylint.cpptools.activeConfigName failed with message: command 'cpptools.activeConfigName' not found
Retrying...
Try caught an error. Error: Request c-cpp-flylint.cpptools.activeConfigName failed with message: command 'cpptools.activeConfigName' not found
Retrying...
Try caught an error. Error: Request c-cpp-flylint.cpptools.activeConfigName failed with message: command 'cpptools.activeConfigName' not found
Retrying...
Try caught an error. Error: Request c-cpp-flylint.cpptools.activeConfigName failed with message: command 'cpptools.activeConfigName' not found
Retrying...
Try caught an error. Error: Request c-cpp-flylint.cpptools.activeConfigName failed with message: command 'cpptools.activeConfigName' not found
Retrying...
Try caught an error. Error: Request c-cpp-flylint.cpptools.activeConfigName failed with message: command 'cpptools.activeConfigName' not found
Retrying...
Try caught an error. Error: Request c-cpp-flylint.cpptools.activeConfigName failed with message: command 'cpptools.activeConfigName' not found
Retrying...
Performing lint scan of /root/c/顺序表.c++...
Completed lint scans...
Performing lint scan of /root/c/顺序表.c++...
Completed lint scans...
Skipping analysis because ON_SAVE !== ON_TYPE.
Performing lint scan of /root/c/栈.c++...
Completed lint scans...
Skipping analysis because ON_SAVE !== ON_TYPE.
Performing lint scan of /root/c/栈.c++...
Completed lint scans...
Performing lint scan of /root/c/栈.c++...
Completed lint scans...
Performing lint scan of /root/c/栈.c++...
Completed lint scans...
Skipping analysis because ON_SAVE !== ON_TYPE.
