2024-10-03 05:21:29.637 [info] 正在验证在以下位置中找到的 git: git
2024-10-03 05:21:29.638 [info] 将使用位于 git 的 Git 2.34.1
2024-10-03 05:21:29.638 [info] > git rev-parse --show-toplevel [110ms]
2024-10-03 05:21:29.638 [info] > git rev-parse --git-dir --git-common-dir [13ms]
2024-10-03 05:21:29.638 [info] Log level: Info
2024-10-03 05:21:29.638 [info] Open repository: /root/thsunest01
2024-10-03 05:21:29.638 [info] > git remote --verbose [118ms]
2024-10-03 05:21:29.639 [info] > git for-each-ref --sort -committerdate --format %(refname) %(objectname) %(*objectname) [150ms]
2024-10-03 05:21:29.639 [info] > git config --get commit.template [47ms]
2024-10-03 05:21:29.639 [info] > git rev-parse --show-toplevel [84ms]
2024-10-03 05:21:29.639 [info] > git rev-parse --show-toplevel [78ms]
2024-10-03 05:21:29.639 [info] > git for-each-ref --format=%(refname)%00%(upstream:short)%00%(objectname)%00%(upstream:track)%00%(upstream:remotename)%00%(upstream:remoteref) refs/heads/th refs/remotes/th [92ms]
2024-10-03 05:21:29.639 [info] > git rev-parse --show-toplevel [24ms]
2024-10-03 05:21:29.639 [info] > git rev-parse --show-toplevel [189ms]
2024-10-03 05:21:29.639 [info] > git rev-parse --show-toplevel [24ms]
2024-10-03 05:21:29.840 [info] > git show --textconv :java/hello.java [64ms]
2024-10-03 05:21:29.843 [info] > git ls-files --stage -- /root/thsunest01/java/hello.java [24ms]
2024-10-03 05:21:30.033 [info] > git check-ignore -v -z --stdin [16ms]
2024-10-03 05:21:30.413 [info] > git status -z -uall [1596ms]
2024-10-03 05:21:31.856 [info] > git remote --verbose [1259ms]
2024-10-03 05:21:31.857 [info] > git for-each-ref --sort -committerdate --format %(refname) %(objectname) %(*objectname) [1285ms]
2024-10-03 05:21:31.861 [info] > git status -z -uall [1239ms]
2024-10-03 05:21:31.863 [info] > git config --get commit.template [31ms]
2024-10-03 05:21:31.953 [info] > git for-each-ref --format=%(refname)%00%(upstream:short)%00%(objectname)%00%(upstream:track)%00%(upstream:remotename)%00%(upstream:remoteref) refs/heads/th refs/remotes/th [23ms]
2024-10-03 05:21:39.589 [info] > git remote --verbose [42ms]
2024-10-03 05:21:39.590 [info] > git for-each-ref --sort -committerdate --format %(refname) %(objectname) %(*objectname) [83ms]
2024-10-03 05:21:39.676 [info] > git config --get commit.template [40ms]
2024-10-03 05:21:39.694 [info] > git for-each-ref --format=%(refname)%00%(upstream:short)%00%(objectname)%00%(upstream:track)%00%(upstream:remotename)%00%(upstream:remoteref) refs/heads/th refs/remotes/th [19ms]
2024-10-03 05:21:41.246 [info] > git status -z -uall [1663ms]
2024-10-03 05:21:46.558 [info] > git remote --verbose [58ms]
2024-10-03 05:21:46.558 [info] > git for-each-ref --sort -committerdate --format %(refname) %(objectname) %(*objectname) [115ms]
2024-10-03 05:21:46.651 [info] > git config --get commit.template [51ms]
2024-10-03 05:21:46.671 [info] > git for-each-ref --format=%(refname)%00%(upstream:short)%00%(objectname)%00%(upstream:track)%00%(upstream:remotename)%00%(upstream:remoteref) refs/heads/th refs/remotes/th [23ms]
2024-10-03 05:21:48.381 [info] > git status -z -uall [1835ms]
2024-10-03 05:21:53.748 [info] > git remote --verbose [111ms]
2024-10-03 05:21:53.749 [info] > git for-each-ref --sort -committerdate --format %(refname) %(objectname) %(*objectname) [163ms]
2024-10-03 05:21:53.807 [info] > git config --get commit.template [62ms]
2024-10-03 05:21:53.826 [info] > git for-each-ref --format=%(refname)%00%(upstream:short)%00%(objectname)%00%(upstream:track)%00%(upstream:remotename)%00%(upstream:remoteref) refs/heads/th refs/remotes/th [21ms]
2024-10-03 05:21:55.301 [info] > git status -z -uall [1607ms]
2024-10-03 05:22:20.774 [info] > git remote --verbose [106ms]
2024-10-03 05:22:20.775 [info] > git for-each-ref --sort -committerdate --format %(refname) %(objectname) %(*objectname) [163ms]
2024-10-03 05:22:20.822 [info] > git config --get commit.template [50ms]
2024-10-03 05:22:20.839 [info] > git for-each-ref --format=%(refname)%00%(upstream:short)%00%(objectname)%00%(upstream:track)%00%(upstream:remotename)%00%(upstream:remoteref) refs/heads/th refs/remotes/th [20ms]
2024-10-03 05:22:22.282 [info] > git status -z -uall [1563ms]
2024-10-03 05:22:27.903 [info] > git remote --verbose [59ms]
2024-10-03 05:22:27.904 [info] > git for-each-ref --sort -committerdate --format %(refname) %(objectname) %(*objectname) [116ms]
2024-10-03 05:22:27.977 [info] > git config --get commit.template [39ms]
2024-10-03 05:22:27.997 [info] > git for-each-ref --format=%(refname)%00%(upstream:short)%00%(objectname)%00%(upstream:track)%00%(upstream:remotename)%00%(upstream:remoteref) refs/heads/th refs/remotes/th [24ms]
2024-10-03 05:22:29.252 [info] > git status -z -uall [1360ms]
2024-10-03 05:22:34.648 [info] > git remote --verbose [49ms]
2024-10-03 05:22:34.649 [info] > git for-each-ref --sort -committerdate --format %(refname) %(objectname) %(*objectname) [96ms]
2024-10-03 05:22:34.737 [info] > git config --get commit.template [47ms]
2024-10-03 05:22:34.759 [info] > git for-each-ref --format=%(refname)%00%(upstream:short)%00%(objectname)%00%(upstream:track)%00%(upstream:remotename)%00%(upstream:remoteref) refs/heads/th refs/remotes/th [26ms]
2024-10-03 05:22:35.991 [info] > git status -z -uall [1353ms]
2024-10-03 05:22:41.449 [info] > git remote --verbose [83ms]
2024-10-03 05:22:41.450 [info] > git for-each-ref --sort -committerdate --format %(refname) %(objectname) %(*objectname) [128ms]
2024-10-03 05:22:41.493 [info] > git config --get commit.template [47ms]
2024-10-03 05:22:41.510 [info] > git for-each-ref --format=%(refname)%00%(upstream:short)%00%(objectname)%00%(upstream:track)%00%(upstream:remotename)%00%(upstream:remoteref) refs/heads/th refs/remotes/th [21ms]
2024-10-03 05:22:43.024 [info] > git status -z -uall [1620ms]
2024-10-03 05:22:48.330 [info] > git remote --verbose [83ms]
2024-10-03 05:22:48.331 [info] > git for-each-ref --sort -committerdate --format %(refname) %(objectname) %(*objectname) [124ms]
2024-10-03 05:22:48.377 [info] > git config --get commit.template [48ms]
2024-10-03 05:22:48.396 [info] > git for-each-ref --format=%(refname)%00%(upstream:short)%00%(objectname)%00%(upstream:track)%00%(upstream:remotename)%00%(upstream:remoteref) refs/heads/th refs/remotes/th [24ms]
2024-10-03 05:22:49.568 [info] > git status -z -uall [1282ms]
2024-10-03 05:22:54.931 [info] > git remote --verbose [133ms]
2024-10-03 05:22:54.932 [info] > git for-each-ref --sort -committerdate --format %(refname) %(objectname) %(*objectname) [178ms]
2024-10-03 05:22:54.942 [info] > git config --get commit.template [23ms]
2024-10-03 05:22:55.020 [info] > git for-each-ref --format=%(refname)%00%(upstream:short)%00%(objectname)%00%(upstream:track)%00%(upstream:remotename)%00%(upstream:remoteref) refs/heads/th refs/remotes/th [31ms]
2024-10-03 05:22:56.484 [info] > git status -z -uall [1632ms]
2024-10-03 05:23:01.779 [info] > git remote --verbose [86ms]
2024-10-03 05:23:01.780 [info] > git for-each-ref --sort -committerdate --format %(refname) %(objectname) %(*objectname) [128ms]
2024-10-03 05:23:01.824 [info] > git config --get commit.template [51ms]
2024-10-03 05:23:01.845 [info] > git for-each-ref --format=%(refname)%00%(upstream:short)%00%(objectname)%00%(upstream:track)%00%(upstream:remotename)%00%(upstream:remoteref) refs/heads/th refs/remotes/th [23ms]
2024-10-03 05:23:03.106 [info] > git status -z -uall [1377ms]
2024-10-03 05:23:08.511 [info] > git remote --verbose [124ms]
2024-10-03 05:23:08.512 [info] > git for-each-ref --sort -committerdate --format %(refname) %(objectname) %(*objectname) [186ms]
2024-10-03 05:23:08.526 [info] > git config --get commit.template [21ms]
2024-10-03 05:23:08.605 [info] > git for-each-ref --format=%(refname)%00%(upstream:short)%00%(objectname)%00%(upstream:track)%00%(upstream:remotename)%00%(upstream:remoteref) refs/heads/th refs/remotes/th [28ms]
2024-10-03 05:23:10.292 [info] > git status -z -uall [1846ms]
2024-10-03 05:23:56.370 [info] > git check-ignore -v -z --stdin [32ms]
2024-10-03 05:23:57.254 [info] > git show --textconv :c/11.c [76ms]
2024-10-03 05:23:57.283 [info] > git ls-files --stage -- /root/thsunest01/c/11.c [35ms]
2024-10-03 05:23:57.373 [info] > git cat-file -s 38b9b26278894d4208a3c324ccc227917ad2fd6c [51ms]
2024-10-03 05:23:59.546 [info] > git show --textconv :java/hello.java [37ms]
2024-10-03 05:23:59.560 [info] > git ls-files --stage -- /root/thsunest01/java/hello.java [15ms]
2024-10-03 05:24:02.898 [info] > git remote --verbose [74ms]
2024-10-03 05:24:02.898 [info] > git for-each-ref --sort -committerdate --format %(refname) %(objectname) %(*objectname) [115ms]
2024-10-03 05:24:02.939 [info] > git config --get commit.template [44ms]
2024-10-03 05:24:02.961 [info] > git for-each-ref --format=%(refname)%00%(upstream:short)%00%(objectname)%00%(upstream:track)%00%(upstream:remotename)%00%(upstream:remoteref) refs/heads/th refs/remotes/th [25ms]
2024-10-03 05:24:04.473 [info] > git status -z -uall [1617ms]
2024-10-03 05:24:18.982 [info] > git remote --verbose [56ms]
2024-10-03 05:24:18.983 [info] > git for-each-ref --sort -committerdate --format %(refname) %(objectname) %(*objectname) [112ms]
2024-10-03 05:24:19.087 [info] > git config --get commit.template [54ms]
2024-10-03 05:24:19.109 [info] > git for-each-ref --format=%(refname)%00%(upstream:short)%00%(objectname)%00%(upstream:track)%00%(upstream:remotename)%00%(upstream:remoteref) refs/heads/th refs/remotes/th [25ms]
2024-10-03 05:24:20.757 [info] > git status -z -uall [1782ms]
