2024-10-03 09:11:58.285 [info] 正在验证在以下位置中找到的 git: git
2024-10-03 09:11:58.285 [info] 将使用位于 git 的 Git 2.34.1
2024-10-03 09:11:58.285 [info] > git rev-parse --show-toplevel [229ms]
2024-10-03 09:11:58.285 [info] > git rev-parse --git-dir --git-common-dir [29ms]
2024-10-03 09:11:58.286 [info] Log level: Info
2024-10-03 09:11:58.286 [info] Open repository: /root/thsunest01
2024-10-03 09:11:58.286 [info] > git remote --verbose [107ms]
2024-10-03 09:11:58.286 [info] > git for-each-ref --sort -committerdate --format %(refname) %(objectname) %(*objectname) [135ms]
2024-10-03 09:11:58.286 [info] > git config --get commit.template [176ms]
2024-10-03 09:11:58.286 [info] > git rev-parse --show-toplevel [217ms]
2024-10-03 09:11:58.286 [info] > git rev-parse --show-toplevel [89ms]
2024-10-03 09:11:58.286 [info] > git for-each-ref --format=%(refname)%00%(upstream:short)%00%(objectname)%00%(upstream:track)%00%(upstream:remotename)%00%(upstream:remoteref) refs/heads/th refs/remotes/th [64ms]
2024-10-03 09:11:58.286 [info] > git rev-parse --show-toplevel [32ms]
2024-10-03 09:11:58.286 [info] > git rev-parse --show-toplevel [27ms]
2024-10-03 09:11:58.286 [info] > git rev-parse --show-toplevel [40ms]
2024-10-03 09:11:58.286 [info] > git check-ignore -v -z --stdin [78ms]
2024-10-03 09:11:58.286 [info] > git check-ignore -v -z --stdin [140ms]
2024-10-03 09:11:58.388 [info] > git status -z -uall [1941ms]
2024-10-03 09:11:59.869 [info] > git remote --verbose [1275ms]
2024-10-03 09:11:59.870 [info] > git for-each-ref --sort -committerdate --format %(refname) %(objectname) %(*objectname) [1302ms]
2024-10-03 09:11:59.890 [info] > git config --get commit.template [35ms]
2024-10-03 09:11:59.955 [info] > git for-each-ref --format=%(refname)%00%(upstream:short)%00%(objectname)%00%(upstream:track)%00%(upstream:remotename)%00%(upstream:remoteref) refs/heads/th refs/remotes/th [36ms]
2024-10-03 09:12:00.405 [info] > git status -z -uall [1787ms]
2024-10-03 09:12:02.806 [info] > git check-ignore -v -z --stdin [24ms]
2024-10-03 09:12:02.954 [info] > git show --textconv :java/hello.java [63ms]
2024-10-03 09:12:02.972 [info] > git ls-files --stage -- /root/thsunest01/java/hello.java [24ms]
2024-10-03 09:12:16.819 [info] > git check-ignore -v -z --stdin [17ms]
2024-10-03 09:12:17.493 [info] > git show --textconv :c/串.c++ [35ms]
2024-10-03 09:12:17.505 [info] > git ls-files --stage -- /root/thsunest01/c/串.c++ [13ms]
2024-10-03 09:12:17.556 [info] > git cat-file -s e63a2b0851be64f087d9fa6404eff02756b3297f [14ms]
2024-10-03 09:12:20.294 [info] > git show --textconv :.vscode/tasks.json [33ms]
2024-10-03 09:12:20.302 [info] > git ls-files --stage -- /root/thsunest01/.vscode/tasks.json [9ms]
2024-10-03 09:12:20.375 [info] > git cat-file -s a806d8b1a1fe4ac968cd3a00d88e97cb4361f105 [21ms]
2024-10-03 09:12:21.037 [info] > git show --textconv :.vscode/c_cpp_properties.json [44ms]
2024-10-03 09:12:21.080 [info] > git ls-files --stage -- /root/thsunest01/.vscode/c_cpp_properties.json [44ms]
2024-10-03 09:12:21.131 [info] > git cat-file -s 74c0c359acd051e37194829f7024359df53de8df [20ms]
2024-10-03 09:12:35.892 [info] > git check-ignore -v -z --stdin [24ms]
2024-10-03 09:12:36.095 [info] > git show --textconv :.vscode/tasks.json [36ms]
2024-10-03 09:12:36.105 [info] > git ls-files --stage -- /root/thsunest01/.vscode/tasks.json [11ms]
2024-10-03 09:12:36.148 [info] > git cat-file -s a806d8b1a1fe4ac968cd3a00d88e97cb4361f105 [14ms]
2024-10-03 09:12:51.615 [info] > git show --textconv :.vscode/launch.json [32ms]
2024-10-03 09:12:51.633 [info] > git ls-files --stage -- /root/thsunest01/.vscode/launch.json [19ms]
2024-10-03 09:12:51.680 [info] > git cat-file -s 2677ce595b34d9c58ef591f91715715201cbe074 [14ms]
2024-10-03 09:13:01.803 [info] > git show --textconv :.vscode/tasks.json [36ms]
2024-10-03 09:13:01.817 [info] > git ls-files --stage -- /root/thsunest01/.vscode/tasks.json [17ms]
2024-10-03 09:13:01.866 [info] > git cat-file -s a806d8b1a1fe4ac968cd3a00d88e97cb4361f105 [15ms]
2024-10-03 09:13:06.722 [info] > git check-ignore -v -z --stdin [16ms]
2024-10-03 09:13:09.898 [info] > git check-ignore -v -z --stdin [15ms]
2024-10-03 09:13:10.481 [info] > git show --textconv :c/LinkListw/统考_2015.cpp [32ms]
2024-10-03 09:13:10.494 [info] > git ls-files --stage -- /root/thsunest01/c/LinkListw/统考_2015.cpp [14ms]
2024-10-03 09:13:10.536 [info] > git cat-file -s ac222bafa341e87c31be6f726566b0d25d3f6be6 [14ms]
2024-10-03 09:13:12.154 [info] > git show --textconv :c/LinkListw/LinkList.cpp [37ms]
2024-10-03 09:13:12.158 [info] > git ls-files --stage -- /root/thsunest01/c/LinkListw/LinkList.cpp [12ms]
2024-10-03 09:13:12.204 [info] > git cat-file -s ff0cc2971f60cd660099eac1aff500c46d313567 [17ms]
2024-10-03 09:13:14.347 [info] > git show --textconv :c/LinkListw/intersection.cpp [38ms]
2024-10-03 09:13:14.349 [info] > git ls-files --stage -- /root/thsunest01/c/LinkListw/intersection.cpp [11ms]
2024-10-03 09:13:14.392 [info] > git cat-file -s a28ac01367921e22904c3e3e0c5301a4b0b56b8f [18ms]
2024-10-03 09:13:15.515 [info] > git show --textconv :c/LinkListw/Reverse.cpp [38ms]
2024-10-03 09:13:15.522 [info] > git ls-files --stage -- /root/thsunest01/c/LinkListw/Reverse.cpp [11ms]
2024-10-03 09:13:15.577 [info] > git cat-file -s 6f88fdb98936ffb89efcb8ca3350ea960f98dba1 [31ms]
2024-10-03 09:13:17.971 [info] > git show --textconv :c/LinkListw/LinkList.h [56ms]
2024-10-03 09:13:17.983 [info] > git ls-files --stage -- /root/thsunest01/c/LinkListw/LinkList.h [14ms]
2024-10-03 09:13:18.035 [info] > git cat-file -s f9507ae521359411eb49f16fbdcf7ea2ffda9dc8 [21ms]
2024-10-03 09:13:19.175 [info] > git show --textconv :c/LinkListw/Reverse.cpp [27ms]
2024-10-03 09:13:19.189 [info] > git ls-files --stage -- /root/thsunest01/c/LinkListw/Reverse.cpp [17ms]
2024-10-03 09:13:19.223 [info] > git cat-file -s 6f88fdb98936ffb89efcb8ca3350ea960f98dba1 [9ms]
2024-10-03 09:13:19.586 [info] > git show --textconv :c/LinkListw/LinkList.h [35ms]
2024-10-03 09:13:19.601 [info] > git ls-files --stage -- /root/thsunest01/c/LinkListw/LinkList.h [17ms]
2024-10-03 09:13:19.675 [info] > git cat-file -s f9507ae521359411eb49f16fbdcf7ea2ffda9dc8 [28ms]
2024-10-03 09:13:21.036 [info] > git show --textconv :c/LinkListw/Reverse.cpp [33ms]
2024-10-03 09:13:21.057 [info] > git ls-files --stage -- /root/thsunest01/c/LinkListw/Reverse.cpp [21ms]
2024-10-03 09:13:21.106 [info] > git cat-file -s 6f88fdb98936ffb89efcb8ca3350ea960f98dba1 [20ms]
2024-10-03 09:13:30.019 [info] > git remote --verbose [66ms]
2024-10-03 09:13:30.020 [info] > git for-each-ref --sort -committerdate --format %(refname) %(objectname) %(*objectname) [101ms]
2024-10-03 09:13:30.063 [info] > git config --get commit.template [47ms]
2024-10-03 09:13:30.085 [info] > git for-each-ref --format=%(refname)%00%(upstream:short)%00%(objectname)%00%(upstream:track)%00%(upstream:remotename)%00%(upstream:remoteref) refs/heads/th refs/remotes/th [26ms]
2024-10-03 09:13:31.294 [info] > git status -z -uall [1312ms]
