Performing lint scan of /root/c/双链表.cpp...
Completed lint scans...
Performing lint scan of /root/c/双链表.cpp...
Completed lint scans...
Failed to access "ms-vstools.cpptools"extension's active workspaceconfiguration.
Performing lint scan of /root/c/test.c++...
Completed lint scans...
Skipping analysis because ON_SAVE !== ON_TYPE.
Performing lint scan of /root/c/test.c++...
Completed lint scans...
Skipping analysis because ON_SAVE !== ON_TYPE.
Performing lint scan of /root/c/双链表.cpp...
Completed lint scans...
Performing lint scan of /root/c/test.c++...
Completed lint scans...
Performing lint scan of /root/c/双链表.cpp...
Completed lint scans...
Skipping analysis because ON_SAVE !== ON_TYPE.
Performing lint scan of /root/c/双链表.cpp...
Completed lint scans...
Performing lint scan of /root/c/双链表.cpp...
Completed lint scans...
Skipping analysis because ON_SAVE !== ON_TYPE.
Skipping analysis because ON_SAVE !== ON_TYPE.
Performing lint scan of /root/c/双链表.cpp...
Completed lint scans...
Performing lint scan of /root/c/双链表.cpp...
Completed lint scans...
Performing lint scan of /root/c/双链表.cpp...
Completed lint scans...
Skipping analysis because ON_SAVE !== ON_TYPE.
Performing lint scan of /root/c/双链表.cpp...
Completed lint scans...
Skipping analysis because ON_SAVE !== ON_TYPE.
Performing lint scan of /root/c/双链表.cpp...
Completed lint scans...
Skipping analysis because ON_SAVE !== ON_TYPE.
Performing lint scan of /root/c/双链表.cpp...
Completed lint scans...
Performing lint scan of /root/c/双链表.cpp...
Completed lint scans...
Skipping analysis because ON_SAVE !== ON_TYPE.
Performing lint scan of /root/c/双链表.cpp...
Completed lint scans...
Performing lint scan of /root/c/test.c++...
Completed lint scans...
