2024-09-22 03:47:43.837 [info] Extension host with pid 25801 started
2024-09-22 03:47:43.847 [error] Error: EEXIST: file already exists, open '/root/.local/share/code-server/User/workspaceStorage/-31e48dea/vscode.lock'
2024-09-22 03:47:43.872 [info] Lock '/root/.local/share/code-server/User/workspaceStorage/-31e48dea/vscode.lock': Could not acquire lock, checking if the file is stale.
2024-09-22 03:47:43.882 [info] Lock '/root/.local/share/code-server/User/workspaceStorage/-31e48dea/vscode.lock': The pid 23105 appears to be gone.
2024-09-22 03:47:43.882 [info] Lock '/root/.local/share/code-server/User/workspaceStorage/-31e48dea/vscode.lock': Deleting a stale lock.
2024-09-22 03:47:43.897 [info] Lock '/root/.local/share/code-server/User/workspaceStorage/-31e48dea/vscode.lock': Lock acquired.
2024-09-22 03:47:43.950 [info] ExtensionService#_doActivateExtension vscode.git-base, startup: true, activationEvent: '*', root cause: vscode.git
2024-09-22 03:47:45.979 [info] ExtensionService#_doActivateExtension vscode.git, startup: true, activationEvent: '*'
2024-09-22 03:47:45.979 [info] ExtensionService#_doActivateExtension vscode.github, startup: true, activationEvent: '*'
2024-09-22 03:47:46.253 [info] ExtensionService#_doActivateExtension vscode.debug-auto-launch, startup: false, activationEvent: 'onStartupFinished'
2024-09-22 03:47:46.254 [info] ExtensionService#_doActivateExtension vscode.emmet, startup: false, activationEvent: 'onStartupFinished'
2024-09-22 03:47:46.255 [info] ExtensionService#_doActivateExtension vscode.merge-conflict, startup: false, activationEvent: 'onStartupFinished'
2024-09-22 03:47:46.255 [info] ExtensionService#_doActivateExtension formulahendry.code-runner, startup: false, activationEvent: 'onStartupFinished'
2024-09-22 03:47:46.256 [info] Eager extensions activated
2024-09-22 03:48:41.086 [error] Error: Client network socket disconnected before secure TLS connection was established
	at connResetException (node:internal/errors:691:14)
	at TLSSocket.onConnectEnd (node:_tls_wrap:1585:19)
	at TLSSocket.emit (node:events:402:35)
	at endReadableNT (node:internal/streams/readable:1343:12)
	at processTicksAndRejections (node:internal/process/task_queues:83:21)
2024-09-22 03:49:56.693 [info] ExtensionService#_doActivateExtension vscode.html-language-features, startup: false, activationEvent: 'onLanguage:html'
2024-09-22 03:50:49.322 [error] Error: Client network socket disconnected before secure TLS connection was established
	at connResetException (node:internal/errors:691:14)
	at TLSSocket.onConnectEnd (node:_tls_wrap:1585:19)
	at TLSSocket.emit (node:events:402:35)
	at endReadableNT (node:internal/streams/readable:1343:12)
	at processTicksAndRejections (node:internal/process/task_queues:83:21)
2024-09-22 03:53:09.070 [info] ExtensionService#_doActivateExtension vscode.configuration-editing, startup: false, activationEvent: 'onLanguage:jsonc'
2024-09-22 03:53:09.073 [info] ExtensionService#_doActivateExtension vscode.json-language-features, startup: false, activationEvent: 'onLanguage:jsonc'
2024-09-22 03:53:09.073 [info] ExtensionService#_doActivateExtension vscode.typescript-language-features, startup: false, activationEvent: 'onLanguage:jsonc'
2024-09-22 03:53:14.318 [error] Error: cannot open vscode-settings:settingseditor. Detail: Unable to resolve resource vscode-settings:settingseditor
    at a.$tryOpenDocument (http://127.0.0.1:20000/stable-6261075646f055b99068d3688932416f2346dd3b/static/out/vs/workbench/workbench.web.main.js:2803:77910)
2024-09-22 03:53:39.569 [info] ExtensionService#_doActivateExtension vscode.css-language-features, startup: false, activationEvent: 'onLanguage:css'
2024-09-22 06:04:26.776 [info] ExtensionService#_doActivateExtension vscode.php-language-features, startup: false, activationEvent: 'onLanguage:php'
2024-09-22 06:05:00.110 [warning] [Decorations] CAPPING events from decorations provider vscode.git 324
2024-09-22 06:05:01.512 [info] Extension host terminating: received terminate message from renderer
2024-09-22 06:05:01.513 [info] Lock '/root/.local/share/code-server/User/workspaceStorage/-31e48dea/vscode.lock': Marking the lockfile as scheduled to be released in 6000 ms.
2024-09-22 06:05:01.562 [info] Extension host with pid 25801 exiting with code 0
