2024-10-03 10:39:04.856 [info] 正在验证在以下位置中找到的 git: git
2024-10-03 10:39:04.856 [info] 将使用位于 git 的 Git 2.34.1
2024-10-03 10:39:04.856 [info] > git rev-parse --show-toplevel [100ms]
2024-10-03 10:39:04.857 [info] > git rev-parse --git-dir --git-common-dir [20ms]
2024-10-03 10:39:04.857 [info] Log level: Info
2024-10-03 10:39:04.857 [info] Open repository: /root
2024-10-03 10:39:04.857 [info] > git remote --verbose [370ms]
2024-10-03 10:39:04.857 [info] > git for-each-ref --sort -committerdate --format %(refname) %(objectname) %(*objectname) [406ms]
2024-10-03 10:39:04.857 [info] > git config --get commit.template [29ms]
2024-10-03 10:39:04.857 [info] > git rev-parse --show-toplevel [196ms]
2024-10-03 10:39:04.857 [info] > git rev-parse --show-toplevel [57ms]
2024-10-03 10:39:04.857 [info] > git for-each-ref --format=%(refname)%00%(upstream:short)%00%(objectname)%00%(upstream:track)%00%(upstream:remotename)%00%(upstream:remoteref) refs/heads/su refs/remotes/su [55ms]
2024-10-03 10:39:04.857 [info] > git rev-parse --show-toplevel [23ms]
2024-10-03 10:39:04.857 [info] > git rev-parse --show-toplevel [18ms]
2024-10-03 10:39:04.857 [info] > git rev-parse --show-toplevel [21ms]
2024-10-03 10:39:04.857 [info] > git rev-parse --show-toplevel [27ms]
2024-10-03 10:39:04.857 [info] > git rev-parse --show-toplevel [42ms]
2024-10-03 10:39:04.857 [info] > git rev-parse --git-dir --git-common-dir [59ms]
2024-10-03 10:39:04.857 [info] Log level: Info
2024-10-03 10:39:04.857 [info] Open repository: /root/thsunest01
2024-10-03 10:39:04.857 [info] > git remote --verbose [102ms]
2024-10-03 10:39:04.857 [info] > git for-each-ref --sort -committerdate --format %(refname) %(objectname) %(*objectname) [132ms]
2024-10-03 10:39:04.857 [info] > git config --get commit.template [143ms]
2024-10-03 10:39:04.857 [info] > git for-each-ref --format=%(refname)%00%(upstream:short)%00%(objectname)%00%(upstream:track)%00%(upstream:remotename)%00%(upstream:remoteref) refs/heads/th refs/remotes/th [74ms]
2024-10-03 10:39:04.857 [info] > git check-ignore -v -z --stdin [70ms]
2024-10-03 10:39:04.857 [info] > git check-ignore -v -z --stdin [35ms]
2024-10-03 10:39:04.857 [info] > git show --textconv :.bash_history [65ms]
2024-10-03 10:39:04.862 [info] > git ls-files --stage -- /root/.bash_history [34ms]
2024-10-03 10:39:05.090 [info] > git cat-file -s e735604fd61bc293b737601e809b928438b0d48f [194ms]
2024-10-03 10:39:05.690 [info] > git check-ignore -v -z --stdin [106ms]
2024-10-03 10:39:05.691 [info] > git check-ignore -v -z --stdin [17ms]
2024-10-03 10:39:05.950 [info] > git status -z -uall [2411ms]
2024-10-03 10:39:07.894 [info] > git remote --verbose [1586ms]
2024-10-03 10:39:07.895 [info] > git for-each-ref --sort -committerdate --format %(refname) %(objectname) %(*objectname) [1634ms]
2024-10-03 10:39:07.928 [info] > git config --get commit.template [52ms]
2024-10-03 10:39:08.302 [info] > git for-each-ref --format=%(refname)%00%(upstream:short)%00%(objectname)%00%(upstream:track)%00%(upstream:remotename)%00%(upstream:remoteref) refs/heads/th refs/remotes/th [231ms]
2024-10-03 10:39:08.707 [info] > git status -z -uall [2346ms]
2024-10-03 10:39:10.006 [info] > git status -z -uall [7600ms]
2024-10-03 10:39:10.446 [info] > git remote --verbose [356ms]
2024-10-03 10:39:10.446 [info] > git for-each-ref --sort -committerdate --format %(refname) %(objectname) %(*objectname) [388ms]
2024-10-03 10:39:10.500 [info] > git config --get commit.template [60ms]
2024-10-03 10:39:10.540 [info] > git for-each-ref --format=%(refname)%00%(upstream:short)%00%(objectname)%00%(upstream:track)%00%(upstream:remotename)%00%(upstream:remoteref) refs/heads/su refs/remotes/su [42ms]
2024-10-03 10:39:11.283 [info] > git show --textconv :.bashrc [36ms]
2024-10-03 10:39:11.296 [info] > git ls-files --stage -- /root/.bashrc [14ms]
2024-10-03 10:39:11.344 [info] > git cat-file -s 6dccac76e718fe1db9806e6eff80b931737c937b [12ms]
2024-10-03 10:39:12.779 [info] > git status -z -uall [2656ms]
2024-10-03 10:39:15.522 [info] > git remote --verbose [34ms]
2024-10-03 10:39:15.523 [info] > git for-each-ref --sort -committerdate --format %(refname) %(objectname) %(*objectname) [72ms]
2024-10-03 10:39:15.590 [info] > git config --get commit.template [11ms]
2024-10-03 10:39:15.682 [info] > git for-each-ref --format=%(refname)%00%(upstream:short)%00%(objectname)%00%(upstream:track)%00%(upstream:remotename)%00%(upstream:remoteref) refs/heads/su refs/remotes/su [30ms]
2024-10-03 10:39:19.161 [info] > git status -z -uall [3643ms]
2024-10-03 10:39:24.349 [info] > git remote --verbose [40ms]
2024-10-03 10:39:24.350 [info] > git for-each-ref --sort -committerdate --format %(refname) %(objectname) %(*objectname) [83ms]
2024-10-03 10:39:24.457 [info] > git config --get commit.template [5ms]
2024-10-03 10:39:24.506 [info] > git for-each-ref --format=%(refname)%00%(upstream:short)%00%(objectname)%00%(upstream:track)%00%(upstream:remotename)%00%(upstream:remoteref) refs/heads/su refs/remotes/su [11ms]
2024-10-03 10:39:26.960 [info] > git status -z -uall [2615ms]
2024-10-03 10:39:32.172 [info] > git remote --verbose [57ms]
2024-10-03 10:39:32.173 [info] > git for-each-ref --sort -committerdate --format %(refname) %(objectname) %(*objectname) [105ms]
2024-10-03 10:39:32.299 [info] > git config --get commit.template [5ms]
2024-10-03 10:39:32.365 [info] > git for-each-ref --format=%(refname)%00%(upstream:short)%00%(objectname)%00%(upstream:track)%00%(upstream:remotename)%00%(upstream:remoteref) refs/heads/su refs/remotes/su [6ms]
2024-10-03 10:39:35.302 [info] > git status -z -uall [3141ms]
2024-10-03 10:39:40.676 [info] > git remote --verbose [197ms]
2024-10-03 10:39:40.678 [info] > git for-each-ref --sort -committerdate --format %(refname) %(objectname) %(*objectname) [245ms]
2024-10-03 10:39:40.683 [info] > git config --get commit.template [27ms]
2024-10-03 10:39:40.755 [info] > git for-each-ref --format=%(refname)%00%(upstream:short)%00%(objectname)%00%(upstream:track)%00%(upstream:remotename)%00%(upstream:remoteref) refs/heads/su refs/remotes/su [13ms]
2024-10-03 10:39:43.968 [info] > git status -z -uall [3441ms]
2024-10-03 10:39:49.320 [info] > git remote --verbose [189ms]
2024-10-03 10:39:49.321 [info] > git for-each-ref --sort -committerdate --format %(refname) %(objectname) %(*objectname) [236ms]
2024-10-03 10:39:49.324 [info] > git config --get commit.template [73ms]
2024-10-03 10:39:49.390 [info] > git for-each-ref --format=%(refname)%00%(upstream:short)%00%(objectname)%00%(upstream:track)%00%(upstream:remotename)%00%(upstream:remoteref) refs/heads/su refs/remotes/su [18ms]
2024-10-03 10:39:52.212 [info] > git status -z -uall [3039ms]
2024-10-03 10:39:57.427 [info] > git remote --verbose [54ms]
2024-10-03 10:39:57.427 [info] > git for-each-ref --sort -committerdate --format %(refname) %(objectname) %(*objectname) [109ms]
2024-10-03 10:39:57.544 [info] > git config --get commit.template [50ms]
2024-10-03 10:39:57.601 [info] > git for-each-ref --format=%(refname)%00%(upstream:short)%00%(objectname)%00%(upstream:track)%00%(upstream:remotename)%00%(upstream:remoteref) refs/heads/su refs/remotes/su [14ms]
2024-10-03 10:40:00.342 [info] > git status -z -uall [2921ms]
2024-10-03 10:40:05.667 [info] > git remote --verbose [172ms]
2024-10-03 10:40:05.667 [info] > git for-each-ref --sort -committerdate --format %(refname) %(objectname) %(*objectname) [224ms]
2024-10-03 10:40:05.674 [info] > git config --get commit.template [75ms]
2024-10-03 10:40:05.760 [info] > git for-each-ref --format=%(refname)%00%(upstream:short)%00%(objectname)%00%(upstream:track)%00%(upstream:remotename)%00%(upstream:remoteref) refs/heads/su refs/remotes/su [13ms]
2024-10-03 10:40:08.559 [info] > git status -z -uall [3017ms]
2024-10-03 10:40:13.935 [info] > git remote --verbose [200ms]
2024-10-03 10:40:13.936 [info] > git for-each-ref --sort -committerdate --format %(refname) %(objectname) %(*objectname) [256ms]
2024-10-03 10:40:13.938 [info] > git config --get commit.template [6ms]
2024-10-03 10:40:14.005 [info] > git for-each-ref --format=%(refname)%00%(upstream:short)%00%(objectname)%00%(upstream:track)%00%(upstream:remotename)%00%(upstream:remoteref) refs/heads/su refs/remotes/su [12ms]
2024-10-03 10:40:17.168 [info] > git status -z -uall [3382ms]
2024-10-03 10:40:22.511 [info] > git remote --verbose [183ms]
2024-10-03 10:40:22.512 [info] > git for-each-ref --sort -committerdate --format %(refname) %(objectname) %(*objectname) [237ms]
2024-10-03 10:40:22.514 [info] > git config --get commit.template [6ms]
2024-10-03 10:40:22.579 [info] > git for-each-ref --format=%(refname)%00%(upstream:short)%00%(objectname)%00%(upstream:track)%00%(upstream:remotename)%00%(upstream:remoteref) refs/heads/su refs/remotes/su [13ms]
2024-10-03 10:40:26.135 [info] > git status -z -uall [3754ms]
2024-10-03 10:40:31.354 [info] > git remote --verbose [54ms]
2024-10-03 10:40:31.355 [info] > git for-each-ref --sort -committerdate --format %(refname) %(objectname) %(*objectname) [103ms]
2024-10-03 10:40:31.452 [info] > git config --get commit.template [5ms]
2024-10-03 10:40:31.516 [info] > git for-each-ref --format=%(refname)%00%(upstream:short)%00%(objectname)%00%(upstream:track)%00%(upstream:remotename)%00%(upstream:remoteref) refs/heads/su refs/remotes/su [5ms]
2024-10-03 10:40:34.757 [info] > git status -z -uall [3407ms]
2024-10-03 10:40:40.186 [info] > git remote --verbose [232ms]
2024-10-03 10:40:40.186 [info] > git for-each-ref --sort -committerdate --format %(refname) %(objectname) %(*objectname) [292ms]
2024-10-03 10:40:40.252 [info] > git config --get commit.template [69ms]
2024-10-03 10:40:40.262 [info] > git for-each-ref --format=%(refname)%00%(upstream:short)%00%(objectname)%00%(upstream:track)%00%(upstream:remotename)%00%(upstream:remoteref) refs/heads/su refs/remotes/su [13ms]
2024-10-03 10:40:43.745 [info] > git status -z -uall [3730ms]
2024-10-03 10:40:48.987 [info] > git remote --verbose [56ms]
2024-10-03 10:40:48.988 [info] > git for-each-ref --sort -committerdate --format %(refname) %(objectname) %(*objectname) [115ms]
2024-10-03 10:40:49.149 [info] > git config --get commit.template [13ms]
2024-10-03 10:40:49.224 [info] > git for-each-ref --format=%(refname)%00%(upstream:short)%00%(objectname)%00%(upstream:track)%00%(upstream:remotename)%00%(upstream:remoteref) refs/heads/su refs/remotes/su [13ms]
2024-10-03 10:40:51.785 [info] > git status -z -uall [2802ms]
2024-10-03 10:40:57.018 [info] > git remote --verbose [46ms]
2024-10-03 10:40:57.019 [info] > git for-each-ref --sort -committerdate --format %(refname) %(objectname) %(*objectname) [96ms]
2024-10-03 10:40:57.161 [info] > git config --get commit.template [18ms]
2024-10-03 10:40:57.211 [info] > git for-each-ref --format=%(refname)%00%(upstream:short)%00%(objectname)%00%(upstream:track)%00%(upstream:remotename)%00%(upstream:remoteref) refs/heads/su refs/remotes/su [12ms]
2024-10-03 10:40:59.865 [info] > git status -z -uall [2853ms]
2024-10-03 10:41:05.187 [info] > git remote --verbose [167ms]
2024-10-03 10:41:05.195 [info] > git for-each-ref --sort -committerdate --format %(refname) %(objectname) %(*objectname) [219ms]
2024-10-03 10:41:05.200 [info] > git config --get commit.template [23ms]
2024-10-03 10:41:05.257 [info] > git for-each-ref --format=%(refname)%00%(upstream:short)%00%(objectname)%00%(upstream:track)%00%(upstream:remotename)%00%(upstream:remoteref) refs/heads/su refs/remotes/su [13ms]
2024-10-03 10:41:08.286 [info] > git status -z -uall [3224ms]
2024-10-03 10:41:13.542 [info] > git remote --verbose [149ms]
2024-10-03 10:41:13.543 [info] > git for-each-ref --sort -committerdate --format %(refname) %(objectname) %(*objectname) [184ms]
2024-10-03 10:41:13.545 [info] > git config --get commit.template [8ms]
2024-10-03 10:41:13.605 [info] > git for-each-ref --format=%(refname)%00%(upstream:short)%00%(objectname)%00%(upstream:track)%00%(upstream:remotename)%00%(upstream:remoteref) refs/heads/su refs/remotes/su [13ms]
2024-10-03 10:41:16.381 [info] > git status -z -uall [2954ms]
2024-10-03 10:41:21.592 [info] > git remote --verbose [47ms]
2024-10-03 10:41:21.592 [info] > git for-each-ref --sort -committerdate --format %(refname) %(objectname) %(*objectname) [96ms]
2024-10-03 10:41:21.715 [info] > git config --get commit.template [42ms]
2024-10-03 10:41:21.796 [info] > git for-each-ref --format=%(refname)%00%(upstream:short)%00%(objectname)%00%(upstream:track)%00%(upstream:remotename)%00%(upstream:remoteref) refs/heads/su refs/remotes/su [28ms]
2024-10-03 10:41:24.927 [info] > git status -z -uall [3340ms]
2024-10-03 10:41:30.298 [info] > git remote --verbose [238ms]
2024-10-03 10:41:30.299 [info] > git for-each-ref --sort -committerdate --format %(refname) %(objectname) %(*objectname) [285ms]
2024-10-03 10:41:30.340 [info] > git config --get commit.template [56ms]
2024-10-03 10:41:30.394 [info] > git for-each-ref --format=%(refname)%00%(upstream:short)%00%(objectname)%00%(upstream:track)%00%(upstream:remotename)%00%(upstream:remoteref) refs/heads/su refs/remotes/su [14ms]
2024-10-03 10:41:32.931 [info] > git status -z -uall [2820ms]
2024-10-03 10:41:38.265 [info] > git remote --verbose [171ms]
2024-10-03 10:41:38.266 [info] > git for-each-ref --sort -committerdate --format %(refname) %(objectname) %(*objectname) [217ms]
2024-10-03 10:41:38.269 [info] > git config --get commit.template [10ms]
2024-10-03 10:41:38.332 [info] > git for-each-ref --format=%(refname)%00%(upstream:short)%00%(objectname)%00%(upstream:track)%00%(upstream:remotename)%00%(upstream:remoteref) refs/heads/su refs/remotes/su [13ms]
2024-10-03 10:41:41.772 [info] > git status -z -uall [3637ms]
2024-10-03 10:41:47.055 [info] > git remote --verbose [150ms]
2024-10-03 10:41:47.056 [info] > git for-each-ref --sort -committerdate --format %(refname) %(objectname) %(*objectname) [190ms]
2024-10-03 10:41:47.059 [info] > git config --get commit.template [17ms]
2024-10-03 10:41:47.155 [info] > git for-each-ref --format=%(refname)%00%(upstream:short)%00%(objectname)%00%(upstream:track)%00%(upstream:remotename)%00%(upstream:remoteref) refs/heads/su refs/remotes/su [12ms]
2024-10-03 10:41:50.103 [info] > git status -z -uall [3159ms]
2024-10-03 10:41:55.442 [info] > git remote --verbose [166ms]
2024-10-03 10:41:55.443 [info] > git for-each-ref --sort -committerdate --format %(refname) %(objectname) %(*objectname) [222ms]
2024-10-03 10:41:55.446 [info] > git config --get commit.template [31ms]
2024-10-03 10:41:55.501 [info] > git for-each-ref --format=%(refname)%00%(upstream:short)%00%(objectname)%00%(upstream:track)%00%(upstream:remotename)%00%(upstream:remoteref) refs/heads/su refs/remotes/su [8ms]
2024-10-03 10:41:56.244 [info] > git show --textconv :java/hello.java [34ms]
2024-10-03 10:41:56.258 [info] > git ls-files --stage -- /root/thsunest01/java/hello.java [15ms]
2024-10-03 10:41:58.010 [info] > git status -z -uall [2692ms]
2024-10-03 10:42:03.319 [info] > git remote --verbose [187ms]
2024-10-03 10:42:03.320 [info] > git for-each-ref --sort -committerdate --format %(refname) %(objectname) %(*objectname) [236ms]
2024-10-03 10:42:03.324 [info] > git config --get commit.template [13ms]
2024-10-03 10:42:03.392 [info] > git for-each-ref --format=%(refname)%00%(upstream:short)%00%(objectname)%00%(upstream:track)%00%(upstream:remotename)%00%(upstream:remoteref) refs/heads/su refs/remotes/su [14ms]
2024-10-03 10:42:06.257 [info] > git status -z -uall [3079ms]
2024-10-03 10:42:11.510 [info] > git remote --verbose [125ms]
2024-10-03 10:42:11.510 [info] > git for-each-ref --sort -committerdate --format %(refname) %(objectname) %(*objectname) [158ms]
2024-10-03 10:42:11.528 [info] > git config --get commit.template [44ms]
2024-10-03 10:42:11.604 [info] > git for-each-ref --format=%(refname)%00%(upstream:short)%00%(objectname)%00%(upstream:track)%00%(upstream:remotename)%00%(upstream:remoteref) refs/heads/su refs/remotes/su [4ms]
2024-10-03 10:42:13.966 [info] > git status -z -uall [2535ms]
2024-10-03 10:42:19.175 [info] > git remote --verbose [51ms]
2024-10-03 10:42:19.176 [info] > git for-each-ref --sort -committerdate --format %(refname) %(objectname) %(*objectname) [104ms]
2024-10-03 10:42:19.289 [info] > git config --get commit.template [3ms]
2024-10-03 10:42:19.353 [info] > git for-each-ref --format=%(refname)%00%(upstream:short)%00%(objectname)%00%(upstream:track)%00%(upstream:remotename)%00%(upstream:remoteref) refs/heads/su refs/remotes/su [14ms]
2024-10-03 10:42:22.685 [info] > git status -z -uall [3513ms]
2024-10-03 10:42:27.917 [info] > git remote --verbose [55ms]
2024-10-03 10:42:27.921 [info] > git for-each-ref --sort -committerdate --format %(refname) %(objectname) %(*objectname) [110ms]
2024-10-03 10:42:28.040 [info] > git config --get commit.template [4ms]
2024-10-03 10:42:28.099 [info] > git for-each-ref --format=%(refname)%00%(upstream:short)%00%(objectname)%00%(upstream:track)%00%(upstream:remotename)%00%(upstream:remoteref) refs/heads/su refs/remotes/su [10ms]
2024-10-03 10:42:31.702 [info] > git status -z -uall [3791ms]
2024-10-03 10:42:37.062 [info] > git remote --verbose [161ms]
2024-10-03 10:42:37.063 [info] > git for-each-ref --sort -committerdate --format %(refname) %(objectname) %(*objectname) [228ms]
2024-10-03 10:42:37.066 [info] > git config --get commit.template [22ms]
2024-10-03 10:42:37.135 [info] > git for-each-ref --format=%(refname)%00%(upstream:short)%00%(objectname)%00%(upstream:track)%00%(upstream:remotename)%00%(upstream:remoteref) refs/heads/su refs/remotes/su [13ms]
2024-10-03 10:42:40.240 [info] > git status -z -uall [3288ms]
2024-10-03 10:42:45.579 [info] > git remote --verbose [197ms]
2024-10-03 10:42:45.580 [info] > git for-each-ref --sort -committerdate --format %(refname) %(objectname) %(*objectname) [248ms]
2024-10-03 10:42:45.595 [info] > git config --get commit.template [24ms]
2024-10-03 10:42:45.648 [info] > git for-each-ref --format=%(refname)%00%(upstream:short)%00%(objectname)%00%(upstream:track)%00%(upstream:remotename)%00%(upstream:remoteref) refs/heads/su refs/remotes/su [13ms]
2024-10-03 10:42:48.653 [info] > git status -z -uall [3226ms]
2024-10-03 10:42:53.946 [info] > git remote --verbose [159ms]
2024-10-03 10:42:53.947 [info] > git for-each-ref --sort -committerdate --format %(refname) %(objectname) %(*objectname) [210ms]
2024-10-03 10:42:53.951 [info] > git config --get commit.template [11ms]
2024-10-03 10:42:54.027 [info] > git for-each-ref --format=%(refname)%00%(upstream:short)%00%(objectname)%00%(upstream:track)%00%(upstream:remotename)%00%(upstream:remoteref) refs/heads/su refs/remotes/su [18ms]
2024-10-03 10:42:57.102 [info] > git status -z -uall [3272ms]
2024-10-03 10:43:02.388 [info] > git remote --verbose [176ms]
2024-10-03 10:43:02.389 [info] > git for-each-ref --sort -committerdate --format %(refname) %(objectname) %(*objectname) [215ms]
2024-10-03 10:43:02.399 [info] > git config --get commit.template [64ms]
2024-10-03 10:43:02.461 [info] > git for-each-ref --format=%(refname)%00%(upstream:short)%00%(objectname)%00%(upstream:track)%00%(upstream:remotename)%00%(upstream:remoteref) refs/heads/su refs/remotes/su [14ms]
2024-10-03 10:43:05.843 [info] > git status -z -uall [3598ms]
2024-10-03 10:43:10.313 [info] > git show --textconv :.bashrc [35ms]
2024-10-03 10:43:10.327 [info] > git ls-files --stage -- /root/.bashrc [16ms]
2024-10-03 10:43:10.378 [info] > git cat-file -s 6dccac76e718fe1db9806e6eff80b931737c937b [11ms]
2024-10-03 10:43:11.013 [info] > git remote --verbose [39ms]
2024-10-03 10:43:11.014 [info] > git for-each-ref --sort -committerdate --format %(refname) %(objectname) %(*objectname) [74ms]
2024-10-03 10:43:11.074 [info] > git config --get commit.template [12ms]
2024-10-03 10:43:11.155 [info] > git for-each-ref --format=%(refname)%00%(upstream:short)%00%(objectname)%00%(upstream:track)%00%(upstream:remotename)%00%(upstream:remoteref) refs/heads/su refs/remotes/su [19ms]
2024-10-03 10:43:13.480 [info] > git status -z -uall [2470ms]
2024-10-03 10:43:18.740 [info] > git remote --verbose [133ms]
2024-10-03 10:43:18.741 [info] > git for-each-ref --sort -committerdate --format %(refname) %(objectname) %(*objectname) [181ms]
2024-10-03 10:43:18.746 [info] > git config --get commit.template [28ms]
2024-10-03 10:43:18.852 [info] > git for-each-ref --format=%(refname)%00%(upstream:short)%00%(objectname)%00%(upstream:track)%00%(upstream:remotename)%00%(upstream:remoteref) refs/heads/su refs/remotes/su [37ms]
2024-10-03 10:43:21.602 [info] > git status -z -uall [2960ms]
2024-10-03 10:43:26.905 [info] > git remote --verbose [168ms]
2024-10-03 10:43:26.906 [info] > git for-each-ref --sort -committerdate --format %(refname) %(objectname) %(*objectname) [214ms]
2024-10-03 10:43:26.929 [info] > git config --get commit.template [44ms]
2024-10-03 10:43:26.992 [info] > git for-each-ref --format=%(refname)%00%(upstream:short)%00%(objectname)%00%(upstream:track)%00%(upstream:remotename)%00%(upstream:remoteref) refs/heads/su refs/remotes/su [18ms]
2024-10-03 10:43:29.944 [info] > git status -z -uall [3167ms]
2024-10-03 10:43:35.219 [info] > git remote --verbose [144ms]
2024-10-03 10:43:35.221 [info] > git for-each-ref --sort -committerdate --format %(refname) %(objectname) %(*objectname) [191ms]
2024-10-03 10:43:35.226 [info] > git config --get commit.template [29ms]
2024-10-03 10:43:35.297 [info] > git for-each-ref --format=%(refname)%00%(upstream:short)%00%(objectname)%00%(upstream:track)%00%(upstream:remotename)%00%(upstream:remoteref) refs/heads/su refs/remotes/su [18ms]
2024-10-03 10:43:38.002 [info] > git status -z -uall [2892ms]
2024-10-03 10:43:43.269 [info] > git remote --verbose [147ms]
2024-10-03 10:43:43.270 [info] > git for-each-ref --sort -committerdate --format %(refname) %(objectname) %(*objectname) [192ms]
2024-10-03 10:43:43.285 [info] > git config --get commit.template [49ms]
2024-10-03 10:43:43.363 [info] > git for-each-ref --format=%(refname)%00%(upstream:short)%00%(objectname)%00%(upstream:track)%00%(upstream:remotename)%00%(upstream:remoteref) refs/heads/su refs/remotes/su [32ms]
2024-10-03 10:43:45.989 [info] > git status -z -uall [2827ms]
2024-10-03 10:43:51.330 [info] > git remote --verbose [201ms]
2024-10-03 10:43:51.331 [info] > git for-each-ref --sort -committerdate --format %(refname) %(objectname) %(*objectname) [241ms]
2024-10-03 10:43:51.339 [info] > git config --get commit.template [30ms]
2024-10-03 10:43:51.410 [info] > git for-each-ref --format=%(refname)%00%(upstream:short)%00%(objectname)%00%(upstream:track)%00%(upstream:remotename)%00%(upstream:remoteref) refs/heads/su refs/remotes/su [30ms]
2024-10-03 10:43:54.183 [info] > git status -z -uall [3021ms]
2024-10-03 10:43:59.546 [info] > git remote --verbose [213ms]
2024-10-03 10:43:59.547 [info] > git for-each-ref --sort -committerdate --format %(refname) %(objectname) %(*objectname) [266ms]
2024-10-03 10:43:59.607 [info] > git config --get commit.template [74ms]
2024-10-03 10:43:59.623 [info] > git for-each-ref --format=%(refname)%00%(upstream:short)%00%(objectname)%00%(upstream:track)%00%(upstream:remotename)%00%(upstream:remoteref) refs/heads/su refs/remotes/su [20ms]
2024-10-03 10:44:02.900 [info] > git status -z -uall [3517ms]
2024-10-03 10:44:08.072 [info] > git remote --verbose [43ms]
2024-10-03 10:44:08.072 [info] > git for-each-ref --sort -committerdate --format %(refname) %(objectname) %(*objectname) [79ms]
2024-10-03 10:44:08.229 [info] > git config --get commit.template [101ms]
2024-10-03 10:44:08.241 [info] > git for-each-ref --format=%(refname)%00%(upstream:short)%00%(objectname)%00%(upstream:track)%00%(upstream:remotename)%00%(upstream:remoteref) refs/heads/su refs/remotes/su [13ms]
2024-10-03 10:44:10.283 [info] > git show --textconv :.bashrc [35ms]
2024-10-03 10:44:10.301 [info] > git ls-files --stage -- /root/.bashrc [18ms]
2024-10-03 10:44:10.362 [info] > git cat-file -s 6dccac76e718fe1db9806e6eff80b931737c937b [17ms]
2024-10-03 10:44:11.151 [info] > git status -z -uall [3088ms]
2024-10-03 10:44:16.531 [info] > git remote --verbose [251ms]
2024-10-03 10:44:16.532 [info] > git for-each-ref --sort -committerdate --format %(refname) %(objectname) %(*objectname) [300ms]
2024-10-03 10:44:16.572 [info] > git config --get commit.template [68ms]
2024-10-03 10:44:16.583 [info] > git for-each-ref --format=%(refname)%00%(upstream:short)%00%(objectname)%00%(upstream:track)%00%(upstream:remotename)%00%(upstream:remoteref) refs/heads/su refs/remotes/su [16ms]
2024-10-03 10:44:19.428 [info] > git status -z -uall [3105ms]
2024-10-03 10:44:24.804 [info] > git remote --verbose [215ms]
2024-10-03 10:44:24.805 [info] > git for-each-ref --sort -committerdate --format %(refname) %(objectname) %(*objectname) [272ms]
2024-10-03 10:44:24.808 [info] > git config --get commit.template [8ms]
2024-10-03 10:44:24.882 [info] > git for-each-ref --format=%(refname)%00%(upstream:short)%00%(objectname)%00%(upstream:track)%00%(upstream:remotename)%00%(upstream:remoteref) refs/heads/su refs/remotes/su [16ms]
2024-10-03 10:44:27.420 [info] > git status -z -uall [2783ms]
2024-10-03 10:44:32.758 [info] > git remote --verbose [195ms]
2024-10-03 10:44:32.759 [info] > git for-each-ref --sort -committerdate --format %(refname) %(objectname) %(*objectname) [245ms]
2024-10-03 10:44:32.766 [info] > git config --get commit.template [34ms]
2024-10-03 10:44:32.835 [info] > git for-each-ref --format=%(refname)%00%(upstream:short)%00%(objectname)%00%(upstream:track)%00%(upstream:remotename)%00%(upstream:remoteref) refs/heads/su refs/remotes/su [15ms]
2024-10-03 10:44:35.651 [info] > git status -z -uall [3038ms]
2024-10-03 10:44:40.937 [info] > git remote --verbose [150ms]
2024-10-03 10:44:40.938 [info] > git for-each-ref --sort -committerdate --format %(refname) %(objectname) %(*objectname) [193ms]
2024-10-03 10:44:40.959 [info] > git config --get commit.template [72ms]
2024-10-03 10:44:41.035 [info] > git for-each-ref --format=%(refname)%00%(upstream:short)%00%(objectname)%00%(upstream:track)%00%(upstream:remotename)%00%(upstream:remoteref) refs/heads/su refs/remotes/su [24ms]
2024-10-03 10:44:43.580 [info] > git status -z -uall [2745ms]
2024-10-03 10:44:48.953 [info] > git remote --verbose [207ms]
2024-10-03 10:44:48.954 [info] > git for-each-ref --sort -committerdate --format %(refname) %(objectname) %(*objectname) [264ms]
2024-10-03 10:44:48.959 [info] > git config --get commit.template [18ms]
2024-10-03 10:44:49.027 [info] > git for-each-ref --format=%(refname)%00%(upstream:short)%00%(objectname)%00%(upstream:track)%00%(upstream:remotename)%00%(upstream:remoteref) refs/heads/su refs/remotes/su [20ms]
2024-10-03 10:44:51.747 [info] > git status -z -uall [2947ms]
2024-10-03 10:44:57.020 [info] > git remote --verbose [138ms]
2024-10-03 10:44:57.022 [info] > git for-each-ref --sort -committerdate --format %(refname) %(objectname) %(*objectname) [176ms]
2024-10-03 10:44:57.042 [info] > git config --get commit.template [61ms]
2024-10-03 10:44:57.126 [info] > git for-each-ref --format=%(refname)%00%(upstream:short)%00%(objectname)%00%(upstream:track)%00%(upstream:remotename)%00%(upstream:remoteref) refs/heads/su refs/remotes/su [15ms]
2024-10-03 10:44:59.475 [info] > git status -z -uall [2545ms]
2024-10-03 10:45:04.779 [info] > git remote --verbose [197ms]
2024-10-03 10:45:04.780 [info] > git for-each-ref --sort -committerdate --format %(refname) %(objectname) %(*objectname) [232ms]
2024-10-03 10:45:04.796 [info] > git config --get commit.template [50ms]
2024-10-03 10:45:04.870 [info] > git for-each-ref --format=%(refname)%00%(upstream:short)%00%(objectname)%00%(upstream:track)%00%(upstream:remotename)%00%(upstream:remoteref) refs/heads/su refs/remotes/su [23ms]
2024-10-03 10:45:07.498 [info] > git status -z -uall [2872ms]
2024-10-03 10:45:12.908 [info] > git remote --verbose [246ms]
2024-10-03 10:45:12.909 [info] > git for-each-ref --sort -committerdate --format %(refname) %(objectname) %(*objectname) [309ms]
2024-10-03 10:45:12.911 [info] > git config --get commit.template [24ms]
2024-10-03 10:45:12.971 [info] > git for-each-ref --format=%(refname)%00%(upstream:short)%00%(objectname)%00%(upstream:track)%00%(upstream:remotename)%00%(upstream:remoteref) refs/heads/su refs/remotes/su [13ms]
2024-10-03 10:45:15.840 [info] > git status -z -uall [3118ms]
2024-10-03 10:45:21.187 [info] > git remote --verbose [176ms]
2024-10-03 10:45:21.188 [info] > git for-each-ref --sort -committerdate --format %(refname) %(objectname) %(*objectname) [228ms]
2024-10-03 10:45:21.191 [info] > git config --get commit.template [12ms]
2024-10-03 10:45:21.254 [info] > git for-each-ref --format=%(refname)%00%(upstream:short)%00%(objectname)%00%(upstream:track)%00%(upstream:remotename)%00%(upstream:remoteref) refs/heads/su refs/remotes/su [13ms]
2024-10-03 10:45:22.679 [info] > git show --textconv :.bashrc [34ms]
2024-10-03 10:45:22.700 [info] > git ls-files --stage -- /root/.bashrc [18ms]
2024-10-03 10:45:22.755 [info] > git cat-file -s 6dccac76e718fe1db9806e6eff80b931737c937b [17ms]
2024-10-03 10:45:23.726 [info] > git status -z -uall [2668ms]
2024-10-03 10:45:29.031 [info] > git remote --verbose [155ms]
2024-10-03 10:45:29.032 [info] > git for-each-ref --sort -committerdate --format %(refname) %(objectname) %(*objectname) [214ms]
2024-10-03 10:45:29.051 [info] > git config --get commit.template [72ms]
2024-10-03 10:45:29.117 [info] > git for-each-ref --format=%(refname)%00%(upstream:short)%00%(objectname)%00%(upstream:track)%00%(upstream:remotename)%00%(upstream:remoteref) refs/heads/su refs/remotes/su [16ms]
2024-10-03 10:45:31.856 [info] > git status -z -uall [2933ms]
2024-10-03 10:45:37.193 [info] > git remote --verbose [195ms]
2024-10-03 10:45:37.193 [info] > git for-each-ref --sort -committerdate --format %(refname) %(objectname) %(*objectname) [244ms]
2024-10-03 10:45:37.196 [info] > git config --get commit.template [17ms]
2024-10-03 10:45:37.258 [info] > git for-each-ref --format=%(refname)%00%(upstream:short)%00%(objectname)%00%(upstream:track)%00%(upstream:remotename)%00%(upstream:remoteref) refs/heads/su refs/remotes/su [14ms]
2024-10-03 10:45:40.028 [info] > git status -z -uall [2985ms]
2024-10-03 10:45:45.374 [info] > git remote --verbose [176ms]
2024-10-03 10:45:45.374 [info] > git for-each-ref --sort -committerdate --format %(refname) %(objectname) %(*objectname) [229ms]
2024-10-03 10:45:45.437 [info] > git config --get commit.template [125ms]
2024-10-03 10:45:45.450 [info] > git for-each-ref --format=%(refname)%00%(upstream:short)%00%(objectname)%00%(upstream:track)%00%(upstream:remotename)%00%(upstream:remoteref) refs/heads/su refs/remotes/su [16ms]
2024-10-03 10:45:48.397 [info] > git status -z -uall [3158ms]
2024-10-03 10:45:53.649 [info] > git remote --verbose [112ms]
2024-10-03 10:45:53.649 [info] > git for-each-ref --sort -committerdate --format %(refname) %(objectname) %(*objectname) [159ms]
2024-10-03 10:45:53.771 [info] > git config --get commit.template [140ms]
2024-10-03 10:45:53.774 [info] > git for-each-ref --format=%(refname)%00%(upstream:short)%00%(objectname)%00%(upstream:track)%00%(upstream:remotename)%00%(upstream:remoteref) refs/heads/su refs/remotes/su [45ms]
2024-10-03 10:45:56.656 [info] > git status -z -uall [3083ms]
2024-10-03 10:46:02.005 [info] > git remote --verbose [184ms]
2024-10-03 10:46:02.006 [info] > git for-each-ref --sort -committerdate --format %(refname) %(objectname) %(*objectname) [239ms]
2024-10-03 10:46:02.011 [info] > git config --get commit.template [13ms]
2024-10-03 10:46:02.071 [info] > git for-each-ref --format=%(refname)%00%(upstream:short)%00%(objectname)%00%(upstream:track)%00%(upstream:remotename)%00%(upstream:remoteref) refs/heads/su refs/remotes/su [9ms]
2024-10-03 10:46:05.023 [info] > git status -z -uall [3154ms]
2024-10-03 10:46:10.430 [info] > git remote --verbose [228ms]
2024-10-03 10:46:10.431 [info] > git for-each-ref --sort -committerdate --format %(refname) %(objectname) %(*objectname) [281ms]
2024-10-03 10:46:10.434 [info] > git config --get commit.template [21ms]
2024-10-03 10:46:10.499 [info] > git for-each-ref --format=%(refname)%00%(upstream:short)%00%(objectname)%00%(upstream:track)%00%(upstream:remotename)%00%(upstream:remoteref) refs/heads/su refs/remotes/su [12ms]
2024-10-03 10:46:13.866 [info] > git show --textconv :.bashrc [42ms]
2024-10-03 10:46:13.881 [info] > git ls-files --stage -- /root/.bashrc [18ms]
2024-10-03 10:46:13.931 [info] > git cat-file -s 6dccac76e718fe1db9806e6eff80b931737c937b [17ms]
2024-10-03 10:46:13.957 [info] > git status -z -uall [3704ms]
2024-10-03 10:46:19.294 [info] > git remote --verbose [187ms]
2024-10-03 10:46:19.295 [info] > git for-each-ref --sort -committerdate --format %(refname) %(objectname) %(*objectname) [240ms]
2024-10-03 10:46:19.298 [info] > git config --get commit.template [47ms]
2024-10-03 10:46:19.371 [info] > git for-each-ref --format=%(refname)%00%(upstream:short)%00%(objectname)%00%(upstream:track)%00%(upstream:remotename)%00%(upstream:remoteref) refs/heads/su refs/remotes/su [23ms]
2024-10-03 10:46:22.009 [info] > git status -z -uall [2857ms]
2024-10-03 10:46:27.296 [info] > git remote --verbose [155ms]
2024-10-03 10:46:27.297 [info] > git for-each-ref --sort -committerdate --format %(refname) %(objectname) %(*objectname) [199ms]
2024-10-03 10:46:27.313 [info] > git config --get commit.template [65ms]
2024-10-03 10:46:27.364 [info] > git for-each-ref --format=%(refname)%00%(upstream:short)%00%(objectname)%00%(upstream:track)%00%(upstream:remotename)%00%(upstream:remoteref) refs/heads/su refs/remotes/su [11ms]
2024-10-03 10:46:29.855 [info] > git status -z -uall [2669ms]
2024-10-03 10:46:35.063 [info] > git remote --verbose [50ms]
2024-10-03 10:46:35.064 [info] > git for-each-ref --sort -committerdate --format %(refname) %(objectname) %(*objectname) [103ms]
2024-10-03 10:46:35.244 [info] > git config --get commit.template [113ms]
2024-10-03 10:46:35.251 [info] > git for-each-ref --format=%(refname)%00%(upstream:short)%00%(objectname)%00%(upstream:track)%00%(upstream:remotename)%00%(upstream:remoteref) refs/heads/su refs/remotes/su [24ms]
2024-10-03 10:46:37.704 [info] > git status -z -uall [2646ms]
2024-10-03 10:46:43.066 [info] > git remote --verbose [227ms]
2024-10-03 10:46:43.067 [info] > git for-each-ref --sort -committerdate --format %(refname) %(objectname) %(*objectname) [268ms]
2024-10-03 10:46:43.131 [info] > git config --get commit.template [73ms]
2024-10-03 10:46:43.156 [info] > git for-each-ref --format=%(refname)%00%(upstream:short)%00%(objectname)%00%(upstream:track)%00%(upstream:remotename)%00%(upstream:remoteref) refs/heads/su refs/remotes/su [26ms]
2024-10-03 10:46:45.978 [info] > git status -z -uall [3102ms]
2024-10-03 10:46:51.173 [info] > git remote --verbose [59ms]
2024-10-03 10:46:51.175 [info] > git for-each-ref --sort -committerdate --format %(refname) %(objectname) %(*objectname) [112ms]
2024-10-03 10:46:51.383 [info] > git config --get commit.template [55ms]
2024-10-03 10:46:51.400 [info] > git for-each-ref --format=%(refname)%00%(upstream:short)%00%(objectname)%00%(upstream:track)%00%(upstream:remotename)%00%(upstream:remoteref) refs/heads/su refs/remotes/su [23ms]
2024-10-03 10:46:54.303 [info] > git status -z -uall [3136ms]
2024-10-03 10:46:59.641 [info] > git remote --verbose [179ms]
2024-10-03 10:46:59.643 [info] > git for-each-ref --sort -committerdate --format %(refname) %(objectname) %(*objectname) [237ms]
2024-10-03 10:46:59.645 [info] > git config --get commit.template [8ms]
2024-10-03 10:46:59.699 [info] > git for-each-ref --format=%(refname)%00%(upstream:short)%00%(objectname)%00%(upstream:track)%00%(upstream:remotename)%00%(upstream:remoteref) refs/heads/su refs/remotes/su [10ms]
2024-10-03 10:47:02.285 [info] > git status -z -uall [2773ms]
2024-10-03 10:47:07.613 [info] > git remote --verbose [193ms]
2024-10-03 10:47:07.614 [info] > git for-each-ref --sort -committerdate --format %(refname) %(objectname) %(*objectname) [241ms]
2024-10-03 10:47:07.617 [info] > git config --get commit.template [10ms]
2024-10-03 10:47:07.685 [info] > git for-each-ref --format=%(refname)%00%(upstream:short)%00%(objectname)%00%(upstream:track)%00%(upstream:remotename)%00%(upstream:remoteref) refs/heads/su refs/remotes/su [14ms]
2024-10-03 10:47:10.484 [info] > git status -z -uall [3003ms]
2024-10-03 10:47:15.851 [info] > git remote --verbose [195ms]
2024-10-03 10:47:15.852 [info] > git for-each-ref --sort -committerdate --format %(refname) %(objectname) %(*objectname) [240ms]
2024-10-03 10:47:15.853 [info] > git config --get commit.template [11ms]
2024-10-03 10:47:15.923 [info] > git for-each-ref --format=%(refname)%00%(upstream:short)%00%(objectname)%00%(upstream:track)%00%(upstream:remotename)%00%(upstream:remoteref) refs/heads/su refs/remotes/su [20ms]
2024-10-03 10:47:18.822 [info] > git status -z -uall [3124ms]
2024-10-03 10:47:19.259 [info] > git show --textconv :.bashrc [337ms]
2024-10-03 10:47:19.260 [info] > git ls-files --stage -- /root/.bashrc [278ms]
2024-10-03 10:47:19.311 [info] > git cat-file -s 6dccac76e718fe1db9806e6eff80b931737c937b [17ms]
2024-10-03 10:47:24.057 [info] > git remote --verbose [101ms]
2024-10-03 10:47:24.058 [info] > git for-each-ref --sort -committerdate --format %(refname) %(objectname) %(*objectname) [146ms]
2024-10-03 10:47:24.097 [info] > git config --get commit.template [63ms]
2024-10-03 10:47:24.164 [info] > git for-each-ref --format=%(refname)%00%(upstream:short)%00%(objectname)%00%(upstream:track)%00%(upstream:remotename)%00%(upstream:remoteref) refs/heads/su refs/remotes/su [17ms]
2024-10-03 10:47:27.186 [info] > git status -z -uall [3193ms]
2024-10-03 10:47:32.573 [info] > git remote --verbose [208ms]
2024-10-03 10:47:32.586 [info] > git for-each-ref --sort -committerdate --format %(refname) %(objectname) %(*objectname) [254ms]
2024-10-03 10:47:32.600 [info] > git config --get commit.template [57ms]
2024-10-03 10:47:32.663 [info] > git for-each-ref --format=%(refname)%00%(upstream:short)%00%(objectname)%00%(upstream:track)%00%(upstream:remotename)%00%(upstream:remoteref) refs/heads/su refs/remotes/su [12ms]
2024-10-03 10:47:35.408 [info] > git status -z -uall [2999ms]
2024-10-03 10:47:40.694 [info] > git remote --verbose [144ms]
2024-10-03 10:47:40.695 [info] > git for-each-ref --sort -committerdate --format %(refname) %(objectname) %(*objectname) [196ms]
2024-10-03 10:47:40.698 [info] > git config --get commit.template [56ms]
2024-10-03 10:47:40.754 [info] > git for-each-ref --format=%(refname)%00%(upstream:short)%00%(objectname)%00%(upstream:track)%00%(upstream:remotename)%00%(upstream:remoteref) refs/heads/su refs/remotes/su [12ms]
2024-10-03 10:47:43.421 [info] > git status -z -uall [2826ms]
2024-10-03 10:47:48.673 [info] > git remote --verbose [126ms]
2024-10-03 10:47:48.673 [info] > git for-each-ref --sort -committerdate --format %(refname) %(objectname) %(*objectname) [167ms]
2024-10-03 10:47:48.704 [info] > git config --get commit.template [64ms]
2024-10-03 10:47:48.765 [info] > git for-each-ref --format=%(refname)%00%(upstream:short)%00%(objectname)%00%(upstream:track)%00%(upstream:remotename)%00%(upstream:remoteref) refs/heads/su refs/remotes/su [12ms]
2024-10-03 10:47:51.153 [info] > git status -z -uall [2558ms]
2024-10-03 10:47:56.434 [info] > git remote --verbose [149ms]
2024-10-03 10:47:56.434 [info] > git for-each-ref --sort -committerdate --format %(refname) %(objectname) %(*objectname) [197ms]
2024-10-03 10:47:56.501 [info] > git config --get commit.template [95ms]
2024-10-03 10:47:56.524 [info] > git for-each-ref --format=%(refname)%00%(upstream:short)%00%(objectname)%00%(upstream:track)%00%(upstream:remotename)%00%(upstream:remoteref) refs/heads/su refs/remotes/su [29ms]
2024-10-03 10:47:59.129 [info] > git status -z -uall [2811ms]
2024-10-03 10:48:04.477 [info] > git remote --verbose [172ms]
2024-10-03 10:48:04.478 [info] > git for-each-ref --sort -committerdate --format %(refname) %(objectname) %(*objectname) [225ms]
2024-10-03 10:48:04.483 [info] > git config --get commit.template [24ms]
2024-10-03 10:48:04.558 [info] > git for-each-ref --format=%(refname)%00%(upstream:short)%00%(objectname)%00%(upstream:track)%00%(upstream:remotename)%00%(upstream:remoteref) refs/heads/su refs/remotes/su [20ms]
2024-10-03 10:48:08.090 [info] > git status -z -uall [3739ms]
2024-10-03 10:48:13.311 [info] > git remote --verbose [97ms]
2024-10-03 10:48:13.312 [info] > git for-each-ref --sort -committerdate --format %(refname) %(objectname) %(*objectname) [142ms]
2024-10-03 10:48:13.411 [info] > git config --get commit.template [106ms]
2024-10-03 10:48:13.413 [info] > git for-each-ref --format=%(refname)%00%(upstream:short)%00%(objectname)%00%(upstream:track)%00%(upstream:remotename)%00%(upstream:remoteref) refs/heads/su refs/remotes/su [6ms]
2024-10-03 10:48:16.763 [info] > git status -z -uall [3506ms]
2024-10-03 10:48:21.364 [info] > git show --textconv :java/hello.java [40ms]
2024-10-03 10:48:21.378 [info] > git ls-files --stage -- /root/thsunest01/java/hello.java [15ms]
2024-10-03 10:48:22.111 [info] > git remote --verbose [187ms]
2024-10-03 10:48:22.111 [info] > git for-each-ref --sort -committerdate --format %(refname) %(objectname) %(*objectname) [231ms]
2024-10-03 10:48:22.158 [info] > git config --get commit.template [58ms]
2024-10-03 10:48:22.163 [info] > git for-each-ref --format=%(refname)%00%(upstream:short)%00%(objectname)%00%(upstream:track)%00%(upstream:remotename)%00%(upstream:remoteref) refs/heads/su refs/remotes/su [9ms]
2024-10-03 10:48:25.057 [info] > git status -z -uall [3098ms]
2024-10-03 10:48:30.283 [info] > git remote --verbose [106ms]
2024-10-03 10:48:30.283 [info] > git for-each-ref --sort -committerdate --format %(refname) %(objectname) %(*objectname) [148ms]
2024-10-03 10:48:30.295 [info] > git config --get commit.template [38ms]
2024-10-03 10:48:30.401 [info] > git for-each-ref --format=%(refname)%00%(upstream:short)%00%(objectname)%00%(upstream:track)%00%(upstream:remotename)%00%(upstream:remoteref) refs/heads/su refs/remotes/su [4ms]
2024-10-03 10:48:33.046 [info] > git status -z -uall [2832ms]
