2024-10-03 03:57:02.153 [info] 正在验证在以下位置中找到的 git: git
2024-10-03 03:57:02.153 [info] 将使用位于 git 的 Git 2.34.1
2024-10-03 03:57:02.153 [info] > git rev-parse --show-toplevel [49ms]
2024-10-03 03:57:02.153 [info] > git rev-parse --git-dir --git-common-dir [20ms]
2024-10-03 03:57:02.153 [info] Log level: Info
2024-10-03 03:57:02.153 [info] Open repository: /root/thsunest01
2024-10-03 03:57:02.153 [info] > git remote --verbose [393ms]
2024-10-03 03:57:02.153 [info] > git for-each-ref --sort -committerdate --format %(refname) %(objectname) %(*objectname) [426ms]
2024-10-03 03:57:02.153 [info] > git config --get commit.template [15ms]
2024-10-03 03:57:02.154 [info] > git rev-parse --show-toplevel [79ms]
2024-10-03 03:57:02.154 [info] > git rev-parse --show-toplevel [50ms]
2024-10-03 03:57:02.154 [info] > git for-each-ref --format=%(refname)%00%(upstream:short)%00%(objectname)%00%(upstream:track)%00%(upstream:remotename)%00%(upstream:remoteref) refs/heads/th refs/remotes/th [48ms]
2024-10-03 03:57:02.154 [info] > git rev-parse --show-toplevel [32ms]
2024-10-03 03:57:02.154 [info] > git rev-parse --show-toplevel [22ms]
2024-10-03 03:57:02.314 [info] > git show --textconv :.vscode/launch.json [67ms]
2024-10-03 03:57:02.424 [info] > git ls-files --stage -- /root/thsunest01/.vscode/launch.json [119ms]
2024-10-03 03:57:02.473 [info] > git cat-file -s b16e015cdde70d8201730a9771c618be62fbfed2 [13ms]
2024-10-03 03:57:02.693 [info] > git check-ignore -v -z --stdin [50ms]
2024-10-03 03:57:04.828 [info] > git show --textconv :c/串.c++ [65ms]
2024-10-03 03:57:04.831 [info] > git ls-files --stage -- /root/thsunest01/c/串.c++ [20ms]
2024-10-03 03:57:04.942 [info] > git cat-file -s c1027da0aed1e8960fec33c7e6638f2eac07352a [39ms]
2024-10-03 03:57:05.458 [info] > git status -z -uall [3948ms]
2024-10-03 03:57:07.524 [info] > git remote --verbose [1683ms]
2024-10-03 03:57:07.525 [info] > git for-each-ref --sort -committerdate --format %(refname) %(objectname) %(*objectname) [1725ms]
2024-10-03 03:57:07.571 [info] > git config --get commit.template [52ms]
2024-10-03 03:57:07.783 [info] > git for-each-ref --format=%(refname)%00%(upstream:short)%00%(objectname)%00%(upstream:track)%00%(upstream:remotename)%00%(upstream:remoteref) refs/heads/th refs/remotes/th [172ms]
2024-10-03 03:57:08.235 [info] > git status -z -uall [2353ms]
2024-10-03 03:57:10.542 [info] > git show --textconv :c/队列.c++ [38ms]
2024-10-03 03:57:10.553 [info] > git ls-files --stage -- /root/thsunest01/c/队列.c++ [13ms]
2024-10-03 03:57:10.597 [info] > git cat-file -s 0cd08ac190a63d01d00ae822d22b038927f5be42 [13ms]
2024-10-03 03:57:31.084 [info] > git show --textconv :.vscode/launch.json [38ms]
2024-10-03 03:57:31.096 [info] > git ls-files --stage -- /root/thsunest01/.vscode/launch.json [14ms]
2024-10-03 03:57:31.145 [info] > git cat-file -s b16e015cdde70d8201730a9771c618be62fbfed2 [12ms]
2024-10-03 03:57:36.720 [info] > git show --textconv :.vscode/tasks.json [37ms]
2024-10-03 03:57:36.732 [info] > git ls-files --stage -- /root/thsunest01/.vscode/tasks.json [17ms]
2024-10-03 03:57:36.781 [info] > git cat-file -s 104aa15aa2c28609b183e40a75341274fce3d2ef [14ms]
2024-10-03 03:57:40.650 [info] > git show --textconv :.vscode/launch.json [38ms]
2024-10-03 03:57:40.659 [info] > git ls-files --stage -- /root/thsunest01/.vscode/launch.json [13ms]
2024-10-03 03:57:40.709 [info] > git cat-file -s b16e015cdde70d8201730a9771c618be62fbfed2 [13ms]
2024-10-03 03:57:45.221 [info] > git remote --verbose [322ms]
2024-10-03 03:57:45.222 [info] > git for-each-ref --sort -committerdate --format %(refname) %(objectname) %(*objectname) [361ms]
2024-10-03 03:57:45.238 [info] > git config --get commit.template [19ms]
2024-10-03 03:57:45.288 [info] > git for-each-ref --format=%(refname)%00%(upstream:short)%00%(objectname)%00%(upstream:track)%00%(upstream:remotename)%00%(upstream:remoteref) refs/heads/th refs/remotes/th [11ms]
2024-10-03 03:57:46.713 [info] > git status -z -uall [1783ms]
2024-10-03 03:57:54.711 [info] > git remote --verbose [49ms]
2024-10-03 03:57:54.712 [info] > git for-each-ref --sort -committerdate --format %(refname) %(objectname) %(*objectname) [96ms]
2024-10-03 03:57:55.045 [info] > git config --get commit.template [44ms]
2024-10-03 03:57:55.148 [info] > git for-each-ref --format=%(refname)%00%(upstream:short)%00%(objectname)%00%(upstream:track)%00%(upstream:remotename)%00%(upstream:remoteref) refs/heads/th refs/remotes/th [42ms]
2024-10-03 03:57:56.449 [info] > git status -z -uall [1744ms]
2024-10-03 03:58:04.606 [info] > git remote --verbose [383ms]
2024-10-03 03:58:04.608 [info] > git for-each-ref --sort -committerdate --format %(refname) %(objectname) %(*objectname) [435ms]
2024-10-03 03:58:04.615 [info] > git config --get commit.template [162ms]
2024-10-03 03:58:04.673 [info] > git for-each-ref --format=%(refname)%00%(upstream:short)%00%(objectname)%00%(upstream:track)%00%(upstream:remotename)%00%(upstream:remoteref) refs/heads/th refs/remotes/th [11ms]
2024-10-03 03:58:06.081 [info] > git status -z -uall [1810ms]
2024-10-03 03:58:11.675 [info] > git remote --verbose [374ms]
2024-10-03 03:58:11.676 [info] > git for-each-ref --sort -committerdate --format %(refname) %(objectname) %(*objectname) [425ms]
2024-10-03 03:58:11.683 [info] > git config --get commit.template [10ms]
2024-10-03 03:58:11.738 [info] > git for-each-ref --format=%(refname)%00%(upstream:short)%00%(objectname)%00%(upstream:track)%00%(upstream:remotename)%00%(upstream:remoteref) refs/heads/th refs/remotes/th [14ms]
2024-10-03 03:58:13.164 [info] > git status -z -uall [1819ms]
2024-10-03 03:58:18.421 [info] > git remote --verbose [52ms]
2024-10-03 03:58:18.422 [info] > git for-each-ref --sort -committerdate --format %(refname) %(objectname) %(*objectname) [107ms]
2024-10-03 03:58:18.786 [info] > git config --get commit.template [54ms]
2024-10-03 03:58:18.814 [info] > git for-each-ref --format=%(refname)%00%(upstream:short)%00%(objectname)%00%(upstream:track)%00%(upstream:remotename)%00%(upstream:remoteref) refs/heads/th refs/remotes/th [31ms]
2024-10-03 03:58:20.265 [info] > git status -z -uall [1849ms]
2024-10-03 03:58:28.146 [info] > git remote --verbose [331ms]
2024-10-03 03:58:28.147 [info] > git for-each-ref --sort -committerdate --format %(refname) %(objectname) %(*objectname) [385ms]
2024-10-03 03:58:28.150 [info] > git config --get commit.template [10ms]
2024-10-03 03:58:28.218 [info] > git for-each-ref --format=%(refname)%00%(upstream:short)%00%(objectname)%00%(upstream:track)%00%(upstream:remotename)%00%(upstream:remoteref) refs/heads/th refs/remotes/th [13ms]
2024-10-03 03:58:29.492 [info] > git status -z -uall [1624ms]
2024-10-03 03:58:34.787 [info] > git remote --verbose [65ms]
2024-10-03 03:58:34.788 [info] > git for-each-ref --sort -committerdate --format %(refname) %(objectname) %(*objectname) [133ms]
2024-10-03 03:58:35.250 [info] > git config --get commit.template [66ms]
2024-10-03 03:58:35.335 [info] > git for-each-ref --format=%(refname)%00%(upstream:short)%00%(objectname)%00%(upstream:track)%00%(upstream:remotename)%00%(upstream:remoteref) refs/heads/th refs/remotes/th [87ms]
2024-10-03 03:58:36.661 [info] > git status -z -uall [1879ms]
2024-10-03 03:58:42.347 [info] > git remote --verbose [404ms]
2024-10-03 03:58:42.348 [info] > git for-each-ref --sort -committerdate --format %(refname) %(objectname) %(*objectname) [474ms]
2024-10-03 03:58:42.351 [info] > git config --get commit.template [186ms]
2024-10-03 03:58:42.440 [info] > git for-each-ref --format=%(refname)%00%(upstream:short)%00%(objectname)%00%(upstream:track)%00%(upstream:remotename)%00%(upstream:remoteref) refs/heads/th refs/remotes/th [24ms]
2024-10-03 03:58:43.850 [info] > git status -z -uall [1841ms]
2024-10-03 03:58:49.478 [info] > git remote --verbose [421ms]
2024-10-03 03:58:49.479 [info] > git for-each-ref --sort -committerdate --format %(refname) %(objectname) %(*objectname) [490ms]
2024-10-03 03:58:49.485 [info] > git config --get commit.template [102ms]
2024-10-03 03:58:49.613 [info] > git for-each-ref --format=%(refname)%00%(upstream:short)%00%(objectname)%00%(upstream:track)%00%(upstream:remotename)%00%(upstream:remoteref) refs/heads/th refs/remotes/th [29ms]
2024-10-03 03:58:51.277 [info] > git status -z -uall [2142ms]
2024-10-03 03:58:56.812 [info] > git remote --verbose [336ms]
2024-10-03 03:58:56.813 [info] > git for-each-ref --sort -committerdate --format %(refname) %(objectname) %(*objectname) [374ms]
2024-10-03 03:58:56.816 [info] > git config --get commit.template [75ms]
2024-10-03 03:58:56.877 [info] > git for-each-ref --format=%(refname)%00%(upstream:short)%00%(objectname)%00%(upstream:track)%00%(upstream:remotename)%00%(upstream:remoteref) refs/heads/th refs/remotes/th [21ms]
2024-10-03 03:58:58.382 [info] > git status -z -uall [1868ms]
2024-10-03 03:59:03.903 [info] > git remote --verbose [294ms]
2024-10-03 03:59:03.908 [info] > git for-each-ref --sort -committerdate --format %(refname) %(objectname) %(*objectname) [332ms]
2024-10-03 03:59:04.004 [info] > git config --get commit.template [146ms]
2024-10-03 03:59:04.053 [info] > git for-each-ref --format=%(refname)%00%(upstream:short)%00%(objectname)%00%(upstream:track)%00%(upstream:remotename)%00%(upstream:remoteref) refs/heads/th refs/remotes/th [11ms]
2024-10-03 03:59:05.373 [info] > git status -z -uall [1722ms]
2024-10-03 03:59:10.637 [info] > git remote --verbose [42ms]
2024-10-03 03:59:10.638 [info] > git for-each-ref --sort -committerdate --format %(refname) %(objectname) %(*objectname) [93ms]
2024-10-03 03:59:10.930 [info] > git config --get commit.template [108ms]
2024-10-03 03:59:11.005 [info] > git for-each-ref --format=%(refname)%00%(upstream:short)%00%(objectname)%00%(upstream:track)%00%(upstream:remotename)%00%(upstream:remoteref) refs/heads/th refs/remotes/th [33ms]
2024-10-03 03:59:12.404 [info] > git status -z -uall [1777ms]
2024-10-03 03:59:14.236 [info] > git show --textconv :c/队列.c++ [36ms]
2024-10-03 03:59:14.249 [info] > git ls-files --stage -- /root/thsunest01/c/队列.c++ [14ms]
2024-10-03 03:59:14.294 [info] > git cat-file -s 0cd08ac190a63d01d00ae822d22b038927f5be42 [9ms]
2024-10-03 03:59:18.148 [info] > git remote --verbose [265ms]
2024-10-03 03:59:18.149 [info] > git for-each-ref --sort -committerdate --format %(refname) %(objectname) %(*objectname) [304ms]
2024-10-03 03:59:18.161 [info] > git config --get commit.template [47ms]
2024-10-03 03:59:18.246 [info] > git for-each-ref --format=%(refname)%00%(upstream:short)%00%(objectname)%00%(upstream:track)%00%(upstream:remotename)%00%(upstream:remoteref) refs/heads/th refs/remotes/th [23ms]
2024-10-03 03:59:19.765 [info] > git status -z -uall [1848ms]
2024-10-03 03:59:35.819 [info] > git show --textconv :c/11.c [37ms]
2024-10-03 03:59:35.856 [info] > git ls-files --stage -- /root/thsunest01/c/11.c [37ms]
2024-10-03 03:59:35.938 [info] > git cat-file -s 38b9b26278894d4208a3c324ccc227917ad2fd6c [18ms]
2024-10-03 03:59:42.455 [info] > git remote --verbose [58ms]
2024-10-03 03:59:42.456 [info] > git for-each-ref --sort -committerdate --format %(refname) %(objectname) %(*objectname) [108ms]
2024-10-03 03:59:42.851 [info] > git config --get commit.template [21ms]
2024-10-03 03:59:42.926 [info] > git for-each-ref --format=%(refname)%00%(upstream:short)%00%(objectname)%00%(upstream:track)%00%(upstream:remotename)%00%(upstream:remoteref) refs/heads/th refs/remotes/th [25ms]
2024-10-03 03:59:44.620 [info] > git status -z -uall [2173ms]
2024-10-03 03:59:54.597 [info] > git check-ignore -v -z --stdin [12ms]
2024-10-03 03:59:59.918 [info] > git remote --verbose [330ms]
2024-10-03 03:59:59.919 [info] > git for-each-ref --sort -committerdate --format %(refname) %(objectname) %(*objectname) [369ms]
2024-10-03 03:59:59.928 [info] > git config --get commit.template [85ms]
2024-10-03 04:00:00.025 [info] > git for-each-ref --format=%(refname)%00%(upstream:short)%00%(objectname)%00%(upstream:track)%00%(upstream:remotename)%00%(upstream:remoteref) refs/heads/th refs/remotes/th [41ms]
2024-10-03 04:00:01.310 [info] > git status -z -uall [1690ms]
2024-10-03 04:00:22.450 [info] > git show --textconv :c/LinkListw/统考_2015.cpp [44ms]
2024-10-03 04:00:22.473 [info] > git ls-files --stage -- /root/thsunest01/c/LinkListw/统考_2015.cpp [25ms]
2024-10-03 04:00:23.070 [info] > git show --textconv :c/LinkListw/intersection.cpp [52ms]
2024-10-03 04:00:23.075 [info] > git ls-files --stage -- /root/thsunest01/c/LinkListw/intersection.cpp [18ms]
2024-10-03 04:00:24.028 [info] > git show --textconv :c/LinkListw/统考_2015.cpp [45ms]
2024-10-03 04:00:24.044 [info] > git ls-files --stage -- /root/thsunest01/c/LinkListw/统考_2015.cpp [20ms]
2024-10-03 04:00:32.473 [info] > git show --textconv :c/LinkListw/intersection.cpp [31ms]
2024-10-03 04:00:32.488 [info] > git ls-files --stage -- /root/thsunest01/c/LinkListw/intersection.cpp [15ms]
2024-10-03 04:00:40.855 [info] > git show --textconv :c/LinkListw/LinkList.cpp [37ms]
2024-10-03 04:00:40.867 [info] > git ls-files --stage -- /root/thsunest01/c/LinkListw/LinkList.cpp [14ms]
2024-10-03 04:00:46.649 [info] > git show --textconv :c/LinkListw/LinkList.h [31ms]
2024-10-03 04:00:46.665 [info] > git ls-files --stage -- /root/thsunest01/c/LinkListw/LinkList.h [17ms]
2024-10-03 04:00:47.742 [info] > git show --textconv :c/LinkListw/LinkList.h [48ms]
2024-10-03 04:00:47.751 [info] > git ls-files --stage -- /root/thsunest01/c/LinkListw/LinkList.h [15ms]
2024-10-03 04:00:51.876 [info] > git show --textconv :c/LinkListw/Reverse.cpp [31ms]
2024-10-03 04:00:51.887 [info] > git ls-files --stage -- /root/thsunest01/c/LinkListw/Reverse.cpp [13ms]
2024-10-03 04:00:54.700 [info] > git show --textconv :c/LinkListw/统考_2015.cpp [37ms]
2024-10-03 04:00:54.706 [info] > git ls-files --stage -- /root/thsunest01/c/LinkListw/统考_2015.cpp [11ms]
2024-10-03 04:01:49.510 [info] > git show --textconv :.vscode/launch.json [35ms]
2024-10-03 04:01:49.524 [info] > git ls-files --stage -- /root/thsunest01/.vscode/launch.json [14ms]
2024-10-03 04:01:49.566 [info] > git cat-file -s b16e015cdde70d8201730a9771c618be62fbfed2 [13ms]
2024-10-03 04:02:40.550 [info] > git remote --verbose [49ms]
2024-10-03 04:02:40.551 [info] > git for-each-ref --sort -committerdate --format %(refname) %(objectname) %(*objectname) [89ms]
2024-10-03 04:02:40.907 [info] > git config --get commit.template [46ms]
2024-10-03 04:02:40.954 [info] > git for-each-ref --format=%(refname)%00%(upstream:short)%00%(objectname)%00%(upstream:track)%00%(upstream:remotename)%00%(upstream:remoteref) refs/heads/th refs/remotes/th [13ms]
2024-10-03 04:02:42.709 [info] > git status -z -uall [2171ms]
2024-10-03 04:02:48.323 [info] > git remote --verbose [382ms]
2024-10-03 04:02:48.324 [info] > git for-each-ref --sort -committerdate --format %(refname) %(objectname) %(*objectname) [432ms]
2024-10-03 04:02:48.329 [info] > git config --get commit.template [129ms]
2024-10-03 04:02:48.389 [info] > git for-each-ref --format=%(refname)%00%(upstream:short)%00%(objectname)%00%(upstream:track)%00%(upstream:remotename)%00%(upstream:remoteref) refs/heads/th refs/remotes/th [19ms]
2024-10-03 04:02:50.172 [info] > git status -z -uall [2179ms]
2024-10-03 04:02:55.766 [info] > git remote --verbose [385ms]
2024-10-03 04:02:55.767 [info] > git for-each-ref --sort -committerdate --format %(refname) %(objectname) %(*objectname) [434ms]
2024-10-03 04:02:55.769 [info] > git config --get commit.template [80ms]
2024-10-03 04:02:55.827 [info] > git for-each-ref --format=%(refname)%00%(upstream:short)%00%(objectname)%00%(upstream:track)%00%(upstream:remotename)%00%(upstream:remoteref) refs/heads/th refs/remotes/th [16ms]
2024-10-03 04:02:57.776 [info] > git status -z -uall [2351ms]
2024-10-03 04:03:08.320 [info] > git remote --verbose [325ms]
2024-10-03 04:03:08.321 [info] > git for-each-ref --sort -committerdate --format %(refname) %(objectname) %(*objectname) [374ms]
2024-10-03 04:03:08.346 [info] > git config --get commit.template [56ms]
2024-10-03 04:03:08.431 [info] > git for-each-ref --format=%(refname)%00%(upstream:short)%00%(objectname)%00%(upstream:track)%00%(upstream:remotename)%00%(upstream:remoteref) refs/heads/th refs/remotes/th [16ms]
2024-10-03 04:03:10.336 [info] > git status -z -uall [2296ms]
2024-10-03 04:03:15.551 [info] > git remote --verbose [42ms]
2024-10-03 04:03:15.552 [info] > git for-each-ref --sort -committerdate --format %(refname) %(objectname) %(*objectname) [81ms]
2024-10-03 04:03:15.823 [info] > git config --get commit.template [83ms]
2024-10-03 04:03:15.887 [info] > git for-each-ref --format=%(refname)%00%(upstream:short)%00%(objectname)%00%(upstream:track)%00%(upstream:remotename)%00%(upstream:remoteref) refs/heads/th refs/remotes/th [19ms]
2024-10-03 04:03:17.524 [info] > git status -z -uall [1977ms]
2024-10-03 04:03:32.382 [info] > git remote --verbose [57ms]
2024-10-03 04:03:32.383 [info] > git for-each-ref --sort -committerdate --format %(refname) %(objectname) %(*objectname) [113ms]
2024-10-03 04:03:32.632 [info] > git config --get commit.template [48ms]
2024-10-03 04:03:32.721 [info] > git for-each-ref --format=%(refname)%00%(upstream:short)%00%(objectname)%00%(upstream:track)%00%(upstream:remotename)%00%(upstream:remoteref) refs/heads/th refs/remotes/th [16ms]
2024-10-03 04:03:34.473 [info] > git status -z -uall [2097ms]
2024-10-03 04:03:40.076 [info] > git remote --verbose [361ms]
2024-10-03 04:03:40.077 [info] > git for-each-ref --sort -committerdate --format %(refname) %(objectname) %(*objectname) [432ms]
2024-10-03 04:03:40.081 [info] > git config --get commit.template [164ms]
2024-10-03 04:03:40.180 [info] > git for-each-ref --format=%(refname)%00%(upstream:short)%00%(objectname)%00%(upstream:track)%00%(upstream:remotename)%00%(upstream:remoteref) refs/heads/th refs/remotes/th [40ms]
2024-10-03 04:03:41.640 [info] > git status -z -uall [1874ms]
2024-10-03 04:03:47.270 [info] > git remote --verbose [379ms]
2024-10-03 04:03:47.271 [info] > git for-each-ref --sort -committerdate --format %(refname) %(objectname) %(*objectname) [439ms]
2024-10-03 04:03:47.273 [info] > git config --get commit.template [7ms]
2024-10-03 04:03:47.331 [info] > git for-each-ref --format=%(refname)%00%(upstream:short)%00%(objectname)%00%(upstream:track)%00%(upstream:remotename)%00%(upstream:remoteref) refs/heads/th refs/remotes/th [9ms]
2024-10-03 04:03:49.029 [info] > git status -z -uall [2082ms]
2024-10-03 04:03:54.633 [info] > git remote --verbose [346ms]
2024-10-03 04:03:54.634 [info] > git for-each-ref --sort -committerdate --format %(refname) %(objectname) %(*objectname) [428ms]
2024-10-03 04:03:54.647 [info] > git config --get commit.template [29ms]
2024-10-03 04:03:54.773 [info] > git for-each-ref --format=%(refname)%00%(upstream:short)%00%(objectname)%00%(upstream:track)%00%(upstream:remotename)%00%(upstream:remoteref) refs/heads/th refs/remotes/th [66ms]
2024-10-03 04:03:56.182 [info] > git status -z -uall [1843ms]
2024-10-03 04:04:01.491 [info] > git remote --verbose [67ms]
2024-10-03 04:04:01.491 [info] > git for-each-ref --sort -committerdate --format %(refname) %(objectname) %(*objectname) [133ms]
2024-10-03 04:04:01.783 [info] > git config --get commit.template [2ms]
2024-10-03 04:04:01.892 [info] > git for-each-ref --format=%(refname)%00%(upstream:short)%00%(objectname)%00%(upstream:track)%00%(upstream:remotename)%00%(upstream:remoteref) refs/heads/th refs/remotes/th [18ms]
2024-10-03 04:04:03.536 [info] > git status -z -uall [2049ms]
2024-10-03 04:04:08.841 [info] > git remote --verbose [77ms]
2024-10-03 04:04:08.841 [info] > git for-each-ref --sort -committerdate --format %(refname) %(objectname) %(*objectname) [156ms]
2024-10-03 04:04:09.133 [info] > git config --get commit.template [117ms]
2024-10-03 04:04:09.226 [info] > git for-each-ref --format=%(refname)%00%(upstream:short)%00%(objectname)%00%(upstream:track)%00%(upstream:remotename)%00%(upstream:remoteref) refs/heads/th refs/remotes/th [13ms]
2024-10-03 04:04:10.466 [info] > git status -z -uall [1629ms]
2024-10-03 04:04:15.699 [info] > git remote --verbose [52ms]
2024-10-03 04:04:15.700 [info] > git for-each-ref --sort -committerdate --format %(refname) %(objectname) %(*objectname) [99ms]
2024-10-03 04:04:15.999 [info] > git config --get commit.template [7ms]
2024-10-03 04:04:16.104 [info] > git for-each-ref --format=%(refname)%00%(upstream:short)%00%(objectname)%00%(upstream:track)%00%(upstream:remotename)%00%(upstream:remoteref) refs/heads/th refs/remotes/th [43ms]
2024-10-03 04:04:17.553 [info] > git status -z -uall [1859ms]
2024-10-03 04:04:23.079 [info] > git remote --verbose [338ms]
2024-10-03 04:04:23.080 [info] > git for-each-ref --sort -committerdate --format %(refname) %(objectname) %(*objectname) [379ms]
2024-10-03 04:04:23.083 [info] > git config --get commit.template [12ms]
2024-10-03 04:04:23.152 [info] > git for-each-ref --format=%(refname)%00%(upstream:short)%00%(objectname)%00%(upstream:track)%00%(upstream:remotename)%00%(upstream:remoteref) refs/heads/th refs/remotes/th [14ms]
2024-10-03 04:04:24.056 [info] > git status -z -uall [1271ms]
2024-10-03 04:04:42.903 [info] > git remote --verbose [344ms]
2024-10-03 04:04:42.904 [info] > git for-each-ref --sort -committerdate --format %(refname) %(objectname) %(*objectname) [390ms]
2024-10-03 04:04:42.906 [info] > git config --get commit.template [7ms]
2024-10-03 04:04:42.961 [info] > git for-each-ref --format=%(refname)%00%(upstream:short)%00%(objectname)%00%(upstream:track)%00%(upstream:remotename)%00%(upstream:remoteref) refs/heads/th refs/remotes/th [10ms]
2024-10-03 04:04:43.806 [info] > git status -z -uall [1209ms]
2024-10-03 04:04:54.064 [info] > git remote --verbose [52ms]
2024-10-03 04:04:54.065 [info] > git for-each-ref --sort -committerdate --format %(refname) %(objectname) %(*objectname) [104ms]
2024-10-03 04:04:54.453 [info] > git config --get commit.template [58ms]
2024-10-03 04:04:54.460 [info] > git for-each-ref --format=%(refname)%00%(upstream:short)%00%(objectname)%00%(upstream:track)%00%(upstream:remotename)%00%(upstream:remoteref) refs/heads/th refs/remotes/th [9ms]
2024-10-03 04:04:56.292 [info] > git status -z -uall [2233ms]
2024-10-03 04:05:01.542 [info] > git remote --verbose [37ms]
2024-10-03 04:05:01.542 [info] > git for-each-ref --sort -committerdate --format %(refname) %(objectname) %(*objectname) [73ms]
2024-10-03 04:05:01.843 [info] > git config --get commit.template [27ms]
2024-10-03 04:05:01.901 [info] > git for-each-ref --format=%(refname)%00%(upstream:short)%00%(objectname)%00%(upstream:track)%00%(upstream:remotename)%00%(upstream:remoteref) refs/heads/th refs/remotes/th [12ms]
2024-10-03 04:05:02.836 [info] > git status -z -uall [1298ms]
2024-10-03 04:05:08.119 [info] > git remote --verbose [54ms]
2024-10-03 04:05:08.119 [info] > git for-each-ref --sort -committerdate --format %(refname) %(objectname) %(*objectname) [118ms]
2024-10-03 04:05:08.377 [info] > git config --get commit.template [33ms]
2024-10-03 04:05:08.451 [info] > git for-each-ref --format=%(refname)%00%(upstream:short)%00%(objectname)%00%(upstream:track)%00%(upstream:remotename)%00%(upstream:remoteref) refs/heads/th refs/remotes/th [10ms]
2024-10-03 04:05:09.477 [info] > git status -z -uall [1364ms]
2024-10-03 04:06:25.576 [info] > git remote --verbose [40ms]
2024-10-03 04:06:25.577 [info] > git for-each-ref --sort -committerdate --format %(refname) %(objectname) %(*objectname) [73ms]
2024-10-03 04:06:26.007 [info] > git config --get commit.template [106ms]
2024-10-03 04:06:26.011 [info] > git for-each-ref --format=%(refname)%00%(upstream:short)%00%(objectname)%00%(upstream:track)%00%(upstream:remotename)%00%(upstream:remoteref) refs/heads/th refs/remotes/th [24ms]
2024-10-03 04:06:27.277 [info] > git status -z -uall [1707ms]
2024-10-03 04:06:57.152 [info] > git remote --verbose [313ms]
2024-10-03 04:06:57.153 [info] > git for-each-ref --sort -committerdate --format %(refname) %(objectname) %(*objectname) [340ms]
2024-10-03 04:06:57.190 [info] > git config --get commit.template [43ms]
2024-10-03 04:06:57.205 [info] > git for-each-ref --format=%(refname)%00%(upstream:short)%00%(objectname)%00%(upstream:track)%00%(upstream:remotename)%00%(upstream:remoteref) refs/heads/th refs/remotes/th [16ms]
2024-10-03 04:06:58.154 [info] > git status -z -uall [1292ms]
2024-10-03 04:07:03.434 [info] > git remote --verbose [64ms]
2024-10-03 04:07:03.435 [info] > git for-each-ref --sort -committerdate --format %(refname) %(objectname) %(*objectname) [122ms]
2024-10-03 04:07:03.843 [info] > git config --get commit.template [131ms]
2024-10-03 04:07:03.917 [info] > git for-each-ref --format=%(refname)%00%(upstream:short)%00%(objectname)%00%(upstream:track)%00%(upstream:remotename)%00%(upstream:remoteref) refs/heads/th refs/remotes/th [15ms]
2024-10-03 04:07:04.063 [info] > git show --textconv :c/LinkListw/intersection.cpp [43ms]
2024-10-03 04:07:04.081 [info] > git ls-files --stage -- /root/thsunest01/c/LinkListw/intersection.cpp [21ms]
2024-10-03 04:07:05.713 [info] > git status -z -uall [2283ms]
2024-10-03 04:07:11.459 [info] > git remote --verbose [537ms]
2024-10-03 04:07:11.460 [info] > git for-each-ref --sort -committerdate --format %(refname) %(objectname) %(*objectname) [592ms]
2024-10-03 04:07:11.499 [info] > git config --get commit.template [85ms]
2024-10-03 04:07:11.589 [info] > git for-each-ref --format=%(refname)%00%(upstream:short)%00%(objectname)%00%(upstream:track)%00%(upstream:remotename)%00%(upstream:remoteref) refs/heads/th refs/remotes/th [28ms]
2024-10-03 04:07:13.347 [info] > git status -z -uall [2375ms]
2024-10-03 04:07:42.076 [info] > git show --textconv :.vscode/c_cpp_properties.json [31ms]
2024-10-03 04:07:42.098 [info] > git ls-files --stage -- /root/thsunest01/.vscode/c_cpp_properties.json [22ms]
2024-10-03 04:07:42.153 [info] > git cat-file -s 068214512c0f8526db2eb5da2dd68bc59c6de662 [22ms]
2024-10-03 04:07:56.129 [info] > git remote --verbose [481ms]
2024-10-03 04:07:56.130 [info] > git for-each-ref --sort -committerdate --format %(refname) %(objectname) %(*objectname) [531ms]
2024-10-03 04:07:56.139 [info] > git config --get commit.template [134ms]
2024-10-03 04:07:56.212 [info] > git for-each-ref --format=%(refname)%00%(upstream:short)%00%(objectname)%00%(upstream:track)%00%(upstream:remotename)%00%(upstream:remoteref) refs/heads/th refs/remotes/th [16ms]
2024-10-03 04:07:56.980 [info] > git show --textconv :c/LinkListw/intersection.cpp [44ms]
2024-10-03 04:07:56.983 [info] > git ls-files --stage -- /root/thsunest01/c/LinkListw/intersection.cpp [12ms]
2024-10-03 04:07:58.972 [info] > git status -z -uall [3284ms]
