2024-10-03 10:49:08.375 [info] 正在验证在以下位置中找到的 git: git
2024-10-03 10:49:08.376 [info] 将使用位于 git 的 Git 2.34.1
2024-10-03 10:49:08.376 [info] > git rev-parse --show-toplevel [87ms]
2024-10-03 10:49:08.376 [info] > git rev-parse --git-dir --git-common-dir [94ms]
2024-10-03 10:49:08.376 [info] Log level: Info
2024-10-03 10:49:08.376 [info] Open repository: /root
2024-10-03 10:49:08.376 [info] > git remote --verbose [197ms]
2024-10-03 10:49:08.376 [info] > git for-each-ref --sort -committerdate --format %(refname) %(objectname) %(*objectname) [228ms]
2024-10-03 10:49:08.376 [info] > git config --get commit.template [70ms]
2024-10-03 10:49:08.376 [info] > git rev-parse --show-toplevel [135ms]
2024-10-03 10:49:08.376 [info] > git rev-parse --git-dir --git-common-dir [301ms]
2024-10-03 10:49:08.376 [info] Log level: Info
2024-10-03 10:49:08.376 [info] Open repository: /root/thsunest01
2024-10-03 10:49:08.376 [info] > git remote --verbose [126ms]
2024-10-03 10:49:08.376 [info] > git for-each-ref --sort -committerdate --format %(refname) %(objectname) %(*objectname) [147ms]
2024-10-03 10:49:08.376 [info] > git for-each-ref --format=%(refname)%00%(upstream:short)%00%(objectname)%00%(upstream:track)%00%(upstream:remotename)%00%(upstream:remoteref) refs/heads/su refs/remotes/su [270ms]
2024-10-03 10:49:08.376 [info] > git rev-parse --show-toplevel [74ms]
2024-10-03 10:49:08.376 [info] > git config --get commit.template [233ms]
2024-10-03 10:49:08.376 [info] > git rev-parse --show-toplevel [199ms]
2024-10-03 10:49:08.376 [info] > git for-each-ref --format=%(refname)%00%(upstream:short)%00%(objectname)%00%(upstream:track)%00%(upstream:remotename)%00%(upstream:remoteref) refs/heads/th refs/remotes/th [55ms]
2024-10-03 10:49:08.376 [info] > git rev-parse --show-toplevel [122ms]
2024-10-03 10:49:08.376 [info] > git rev-parse --show-toplevel [75ms]
2024-10-03 10:49:08.376 [info] > git rev-parse --show-toplevel [79ms]
2024-10-03 10:49:08.376 [info] > git rev-parse --show-toplevel [40ms]
2024-10-03 10:49:08.376 [info] > git check-ignore -v -z --stdin [112ms]
2024-10-03 10:49:08.376 [info] > git check-ignore -v -z --stdin [69ms]
2024-10-03 10:49:08.376 [info] > git show --textconv :java/hello.java [44ms]
2024-10-03 10:49:08.376 [info] > git status -z -uall [2453ms]
2024-10-03 10:49:08.376 [info] > git ls-files --stage -- /root/thsunest01/java/hello.java [101ms]
2024-10-03 10:49:08.376 [info] > git check-ignore -v -z --stdin [1576ms]
2024-10-03 10:49:08.376 [info] > git check-ignore -v -z --stdin [1518ms]
2024-10-03 10:49:08.376 [info] > git remote --verbose [1657ms]
2024-10-03 10:49:08.376 [info] > git for-each-ref --sort -committerdate --format %(refname) %(objectname) %(*objectname) [1692ms]
2024-10-03 10:49:08.376 [info] > git status -z -uall [1704ms]
2024-10-03 10:49:08.376 [info] > git status -z -uall [5134ms]
2024-10-03 10:49:08.376 [info] > git config --get commit.template [100ms]
2024-10-03 10:49:08.376 [info] > git remote --verbose [710ms]
2024-10-03 10:49:08.376 [info] > git for-each-ref --sort -committerdate --format %(refname) %(objectname) %(*objectname) [747ms]
2024-10-03 10:49:08.376 [info] > git config --get commit.template [22ms]
2024-10-03 10:49:08.376 [info] > git for-each-ref --format=%(refname)%00%(upstream:short)%00%(objectname)%00%(upstream:track)%00%(upstream:remotename)%00%(upstream:remoteref) refs/heads/th refs/remotes/th [73ms]
2024-10-03 10:49:08.376 [info] > git for-each-ref --format=%(refname)%00%(upstream:short)%00%(objectname)%00%(upstream:track)%00%(upstream:remotename)%00%(upstream:remoteref) refs/heads/su refs/remotes/su [1216ms]
2024-10-03 10:49:09.314 [info] > git status -z -uall [2828ms]
2024-10-03 10:49:12.744 [info] > git remote --verbose [205ms]
2024-10-03 10:49:12.746 [info] > git for-each-ref --sort -committerdate --format %(refname) %(objectname) %(*objectname) [255ms]
2024-10-03 10:49:12.750 [info] > git config --get commit.template [12ms]
2024-10-03 10:49:12.812 [info] > git for-each-ref --format=%(refname)%00%(upstream:short)%00%(objectname)%00%(upstream:track)%00%(upstream:remotename)%00%(upstream:remoteref) refs/heads/su refs/remotes/su [14ms]
2024-10-03 10:49:15.896 [info] > git status -z -uall [3309ms]
2024-10-03 10:49:19.441 [info] > git check-ignore -v -z --stdin [25ms]
2024-10-03 10:49:21.068 [info] > git remote --verbose [43ms]
2024-10-03 10:49:21.069 [info] > git for-each-ref --sort -committerdate --format %(refname) %(objectname) %(*objectname) [73ms]
2024-10-03 10:49:21.261 [info] > git config --get commit.template [47ms]
2024-10-03 10:49:21.270 [info] > git for-each-ref --format=%(refname)%00%(upstream:short)%00%(objectname)%00%(upstream:track)%00%(upstream:remotename)%00%(upstream:remoteref) refs/heads/su refs/remotes/su [15ms]
2024-10-03 10:49:22.102 [info] > git show --textconv HEAD:.cache/vscode-cpptools/-7c26b8b8/.browse.VC.db [53ms]
2024-10-03 10:49:22.127 [info] > git ls-tree -l HEAD -- /root/.cache/vscode-cpptools/-7c26b8b8/.browse.VC.db [27ms]
2024-10-03 10:49:22.523 [info] > git ls-tree -l HEAD -- /root/.cache/vscode-cpptools/-7c26b8b8/.browse.VC.db [19ms]
2024-10-03 10:49:22.653 [info] > git check-ignore -v -z --stdin [17ms]
2024-10-03 10:49:23.303 [info] > git check-ignore -v -z --stdin [14ms]
2024-10-03 10:49:23.576 [info] > git status -z -uall [2516ms]
2024-10-03 10:49:24.041 [info] > git check-ignore -v -z --stdin [13ms]
2024-10-03 10:49:24.876 [info] > git check-ignore -v -z --stdin [49ms]
2024-10-03 10:49:24.888 [info] > git check-ignore -v -z --stdin [15ms]
2024-10-03 10:49:26.511 [info] > git check-ignore -v -z --stdin [15ms]
2024-10-03 10:49:34.099 [info] > git check-ignore -v -z --stdin [16ms]
2024-10-03 10:49:34.732 [info] > git check-ignore -v -z --stdin [11ms]
2024-10-03 10:49:37.202 [info] > git show --textconv HEAD:.config/code-server/hello.c [32ms]
2024-10-03 10:49:37.229 [info] > git ls-tree -l HEAD -- /root/thsunest01/.config/code-server/hello.c [27ms]
2024-10-03 10:49:37.755 [info] > git check-ignore -v -z --stdin [15ms]
2024-10-03 10:49:38.170 [info] > git show --textconv HEAD:.config/code-server/hello.java [32ms]
2024-10-03 10:49:38.187 [info] > git ls-tree -l HEAD -- /root/thsunest01/.config/code-server/hello.java [19ms]
2024-10-03 10:49:38.729 [info] > git check-ignore -v -z --stdin [14ms]
2024-10-03 10:49:42.574 [info] > git show --textconv :java/hello.java [39ms]
2024-10-03 10:49:42.591 [info] > git ls-files --stage -- /root/thsunest01/java/hello.java [26ms]
2024-10-03 10:49:42.994 [info] > git check-ignore -v -z --stdin [14ms]
2024-10-03 10:49:46.384 [info] > git check-ignore -v -z --stdin [21ms]
