2024-10-03 10:48:55.024 [info] Extension host with pid 31167 started
2024-10-03 10:48:55.047 [error] Error: EEXIST: file already exists, open '/root/.local/share/code-server/User/workspaceStorage/-31e48dea/vscode.lock'
2024-10-03 10:48:55.089 [info] Lock '/root/.local/share/code-server/User/workspaceStorage/-31e48dea/vscode.lock': Could not acquire lock, checking if the file is stale.
2024-10-03 10:48:55.099 [info] Lock '/root/.local/share/code-server/User/workspaceStorage/-31e48dea/vscode.lock': The pid 27563 appears to be gone.
2024-10-03 10:48:55.099 [info] Lock '/root/.local/share/code-server/User/workspaceStorage/-31e48dea/vscode.lock': Deleting a stale lock.
2024-10-03 10:48:55.107 [info] Lock '/root/.local/share/code-server/User/workspaceStorage/-31e48dea/vscode.lock': Lock acquired.
2024-10-03 10:48:55.148 [info] ExtensionService#_doActivateExtension vscode.git-base, startup: true, activationEvent: '*', root cause: vscode.git
2024-10-03 10:48:55.174 [info] ExtensionService#_doActivateExtension ms-vscode.cpptools, startup: true, activationEvent: 'workspaceContains:/.vscode/c_cpp_properties.json'
2024-10-03 10:48:56.536 [error] No bundle location found for extension vscode.git-base
2024-10-03 10:48:57.463 [info] ExtensionService#_doActivateExtension vscode.git, startup: true, activationEvent: '*'
2024-10-03 10:48:57.464 [info] ExtensionService#_doActivateExtension vscode.github, startup: true, activationEvent: '*'
2024-10-03 10:48:58.733 [info] ExtensionService#_doActivateExtension vscode.configuration-editing, startup: false, activationEvent: 'onLanguage:json'
2024-10-03 10:48:58.734 [info] ExtensionService#_doActivateExtension vscode.extension-editing, startup: false, activationEvent: 'onLanguage:json'
2024-10-03 10:48:58.734 [info] ExtensionService#_doActivateExtension vscode.json-language-features, startup: false, activationEvent: 'onLanguage:json'
2024-10-03 10:48:58.735 [info] ExtensionService#_doActivateExtension vscode.npm, startup: false, activationEvent: 'onLanguage:json'
2024-10-03 10:48:58.873 [error] Activating extension ms-vscode.cpptools failed due to an error:
2024-10-03 10:48:58.873 [error] TypeError: this._appender.logEvent is not a function
	at E.logEvent (/opt/code-server-4.9.1-linux-arm64/lib/vscode/out/vs/workbench/api/node/extensionHostProcess.js:88:38992)
	at E.logUsage (/opt/code-server-4.9.1-linux-arm64/lib/vscode/out/vs/workbench/api/node/extensionHostProcess.js:88:39093)
	at TelemetryReporter.internalSendTelemetryEvent (/root/.local/share/code-server/extensions/ms-vscode.cpptools-1.22.6/dist/src/main.js:28581:34)
	at TelemetryReporter.sendTelemetryEvent (/root/.local/share/code-server/extensions/ms-vscode.cpptools-1.22.6/dist/src/main.js:28592:14)
	at ExperimentationTelemetry.sendTelemetryEvent (/root/.local/share/code-server/extensions/ms-vscode.cpptools-1.22.6/dist/src/main.js:91124:27)
	at ExperimentationTelemetry.postEvent (/root/.local/share/code-server/extensions/ms-vscode.cpptools-1.22.6/dist/src/main.js:91143:14)
	at ExperimentationService.PostEventToTelemetry (/root/.local/share/code-server/extensions/ms-vscode.cpptools-1.22.6/dist/src/main.js:68910:24)
	at ExperimentationService.getTreatmentVariable (/root/.local/share/code-server/extensions/ms-vscode.cpptools-1.22.6/dist/src/main.js:68877:14)
	at Object.isExperimentEnabled (/root/.local/share/code-server/extensions/ms-vscode.cpptools-1.22.6/dist/src/main.js:91175:47)
	at async Object.activate (/root/.local/share/code-server/extensions/ms-vscode.cpptools-1.22.6/dist/src/main.js:81062:38)
	at async activate (/root/.local/share/code-server/extensions/ms-vscode.cpptools-1.22.6/dist/src/main.js:114259:9)
	at async w._activate (/opt/code-server-4.9.1-linux-arm64/lib/vscode/out/vs/workbench/api/node/extensionHostProcess.js:90:8304)
	at async w._waitForDepsThenActivate (/opt/code-server-4.9.1-linux-arm64/lib/vscode/out/vs/workbench/api/node/extensionHostProcess.js:90:8246)
	at async w._initialize (/opt/code-server-4.9.1-linux-arm64/lib/vscode/out/vs/workbench/api/node/extensionHostProcess.js:90:7610)
2024-10-03 10:48:59.076 [info] ExtensionService#_doActivateExtension vscode.typescript-language-features, startup: false, activationEvent: 'onLanguage:jsonc'
2024-10-03 10:49:00.672 [info] ExtensionService#_doActivateExtension vscode.debug-auto-launch, startup: false, activationEvent: 'onStartupFinished'
2024-10-03 10:49:00.673 [info] ExtensionService#_doActivateExtension vscode.emmet, startup: false, activationEvent: 'onStartupFinished'
2024-10-03 10:49:00.674 [info] ExtensionService#_doActivateExtension vscode.merge-conflict, startup: false, activationEvent: 'onStartupFinished'
2024-10-03 10:49:00.674 [info] ExtensionService#_doActivateExtension vadimcn.vscode-lldb, startup: false, activationEvent: 'onStartupFinished'
2024-10-03 10:49:00.675 [info] Eager extensions activated
2024-10-03 10:49:04.304 [warning] [Decorations] CAPPING events from decorations provider vscode.git 5549
2024-10-03 10:49:06.188 [warning] [Decorations] CAPPING events from decorations provider vscode.git 1929
2024-10-03 10:49:07.082 [warning] [Decorations] CAPPING events from decorations provider vscode.git 5549
2024-10-03 10:49:09.352 [warning] [Decorations] CAPPING events from decorations provider vscode.git 1929
2024-10-03 10:49:15.937 [warning] [Decorations] CAPPING events from decorations provider vscode.git 1929
2024-10-03 10:49:23.602 [warning] [Decorations] CAPPING events from decorations provider vscode.git 1929
