2024-10-03 06:15:39.227 [info] 正在验证在以下位置中找到的 git: git
2024-10-03 06:15:39.227 [info] 将使用位于 git 的 Git 2.34.1
2024-10-03 06:15:39.227 [info] > git rev-parse --show-toplevel [47ms]
2024-10-03 06:15:39.227 [info] > git rev-parse --git-dir --git-common-dir [37ms]
2024-10-03 06:15:39.227 [info] Log level: Info
2024-10-03 06:15:39.227 [info] Open repository: /root
2024-10-03 06:15:39.227 [info] > git remote --verbose [168ms]
2024-10-03 06:15:39.227 [info] > git for-each-ref --sort -committerdate --format %(refname) %(objectname) %(*objectname) [200ms]
2024-10-03 06:15:39.227 [info] > git config --get commit.template [59ms]
2024-10-03 06:15:39.227 [info] > git rev-parse --show-toplevel [114ms]
2024-10-03 06:15:39.227 [info] > git rev-parse --show-toplevel [60ms]
2024-10-03 06:15:39.227 [info] > git for-each-ref --format=%(refname)%00%(upstream:short)%00%(objectname)%00%(upstream:track)%00%(upstream:remotename)%00%(upstream:remoteref) refs/heads/su refs/remotes/su [65ms]
2024-10-03 06:15:39.227 [info] > git rev-parse --show-toplevel [19ms]
2024-10-03 06:15:39.227 [info] > git rev-parse --show-toplevel [652ms]
2024-10-03 06:15:39.227 [info] > git rev-parse --show-toplevel [51ms]
2024-10-03 06:15:39.227 [info] > git check-ignore -v -z --stdin [53ms]
2024-10-03 06:15:39.227 [info] > git rev-parse --show-toplevel [61ms]
2024-10-03 06:15:39.227 [info] > git rev-parse --show-toplevel [26ms]
2024-10-03 06:15:39.227 [info] > git rev-parse --git-dir --git-common-dir [40ms]
2024-10-03 06:15:39.227 [info] Log level: Info
2024-10-03 06:15:39.227 [info] Open repository: /root/thsunest01
2024-10-03 06:15:39.228 [info] > git remote --verbose [131ms]
2024-10-03 06:15:39.228 [info] > git for-each-ref --sort -committerdate --format %(refname) %(objectname) %(*objectname) [183ms]
2024-10-03 06:15:39.228 [info] > git config --get commit.template [43ms]
2024-10-03 06:15:39.228 [info] > git check-ignore -v -z --stdin [65ms]
2024-10-03 06:15:39.228 [info] > git for-each-ref --format=%(refname)%00%(upstream:short)%00%(objectname)%00%(upstream:track)%00%(upstream:remotename)%00%(upstream:remoteref) refs/heads/th refs/remotes/th [129ms]
2024-10-03 06:15:39.228 [info] > git show --textconv :.bashrc [48ms]
2024-10-03 06:15:39.228 [info] > git ls-files --stage -- /root/.bashrc [34ms]
2024-10-03 06:15:39.228 [info] > git cat-file -s 6dccac76e718fe1db9806e6eff80b931737c937b [46ms]
2024-10-03 06:15:39.228 [info] > git check-ignore -v -z --stdin [51ms]
2024-10-03 06:15:39.228 [info] > git check-ignore -v -z --stdin [18ms]
2024-10-03 06:15:39.419 [info] > git status -z -uall [2507ms]
2024-10-03 06:15:41.255 [info] > git status -z -uall [5849ms]
2024-10-03 06:15:41.265 [info] > git remote --verbose [1588ms]
2024-10-03 06:15:41.266 [info] > git for-each-ref --sort -committerdate --format %(refname) %(objectname) %(*objectname) [1639ms]
2024-10-03 06:15:42.217 [info] > git remote --verbose [786ms]
2024-10-03 06:15:42.217 [info] > git for-each-ref --sort -committerdate --format %(refname) %(objectname) %(*objectname) [834ms]
2024-10-03 06:15:42.218 [info] > git config --get commit.template [975ms]
2024-10-03 06:15:42.260 [info] > git config --get commit.template [186ms]
2024-10-03 06:15:42.360 [info] > git status -z -uall [2636ms]
2024-10-03 06:15:42.487 [info] > git for-each-ref --format=%(refname)%00%(upstream:short)%00%(objectname)%00%(upstream:track)%00%(upstream:remotename)%00%(upstream:remoteref) refs/heads/th refs/remotes/th [162ms]
2024-10-03 06:15:43.939 [info] > git for-each-ref --format=%(refname)%00%(upstream:short)%00%(objectname)%00%(upstream:track)%00%(upstream:remotename)%00%(upstream:remoteref) refs/heads/su refs/remotes/su [1453ms]
2024-10-03 06:15:45.038 [info] > git status -z -uall [3572ms]
2024-10-03 06:15:47.236 [info] > git remote --verbose [142ms]
2024-10-03 06:15:47.238 [info] > git for-each-ref --sort -committerdate --format %(refname) %(objectname) %(*objectname) [186ms]
2024-10-03 06:15:47.253 [info] > git config --get commit.template [30ms]
2024-10-03 06:15:47.332 [info] > git for-each-ref --format=%(refname)%00%(upstream:short)%00%(objectname)%00%(upstream:track)%00%(upstream:remotename)%00%(upstream:remoteref) refs/heads/su refs/remotes/su [18ms]
2024-10-03 06:15:49.840 [info] > git status -z -uall [2712ms]
2024-10-03 06:15:55.089 [info] > git remote --verbose [69ms]
2024-10-03 06:15:55.090 [info] > git for-each-ref --sort -committerdate --format %(refname) %(objectname) %(*objectname) [131ms]
2024-10-03 06:15:55.239 [info] > git config --get commit.template [12ms]
2024-10-03 06:15:55.302 [info] > git for-each-ref --format=%(refname)%00%(upstream:short)%00%(objectname)%00%(upstream:track)%00%(upstream:remotename)%00%(upstream:remoteref) refs/heads/su refs/remotes/su [14ms]
2024-10-03 06:15:59.471 [info] > git status -z -uall [4398ms]
2024-10-03 06:16:04.856 [info] > git remote --verbose [231ms]
2024-10-03 06:16:04.858 [info] > git for-each-ref --sort -committerdate --format %(refname) %(objectname) %(*objectname) [281ms]
2024-10-03 06:16:04.872 [info] > git config --get commit.template [45ms]
2024-10-03 06:16:04.948 [info] > git for-each-ref --format=%(refname)%00%(upstream:short)%00%(objectname)%00%(upstream:track)%00%(upstream:remotename)%00%(upstream:remoteref) refs/heads/su refs/remotes/su [16ms]
2024-10-03 06:16:08.358 [info] > git status -z -uall [3700ms]
2024-10-03 06:50:30.588 [info] > git remote --verbose [303ms]
2024-10-03 06:50:30.631 [info] > git for-each-ref --sort -committerdate --format %(refname) %(objectname) %(*objectname) [351ms]
2024-10-03 06:50:30.833 [info] > git config --get commit.template [315ms]
2024-10-03 06:50:31.171 [info] > git for-each-ref --format=%(refname)%00%(upstream:short)%00%(objectname)%00%(upstream:track)%00%(upstream:remotename)%00%(upstream:remoteref) refs/heads/su refs/remotes/su [178ms]
2024-10-03 06:50:38.453 [info] > git status -z -uall [8070ms]
2024-10-03 06:50:43.682 [info] > git remote --verbose [55ms]
2024-10-03 06:50:43.701 [info] > git for-each-ref --sort -committerdate --format %(refname) %(objectname) %(*objectname) [124ms]
2024-10-03 06:50:44.145 [info] > git for-each-ref --format=%(refname)%00%(upstream:short)%00%(objectname)%00%(upstream:track)%00%(upstream:remotename)%00%(upstream:remoteref) refs/heads/su refs/remotes/su [41ms]
2024-10-03 06:50:44.148 [info] > git config --get commit.template [190ms]
2024-10-03 06:50:48.996 [info] > git status -z -uall [5327ms]
2024-10-03 06:50:54.590 [info] > git remote --verbose [383ms]
2024-10-03 06:50:54.591 [info] > git for-each-ref --sort -committerdate --format %(refname) %(objectname) %(*objectname) [458ms]
2024-10-03 06:50:54.642 [info] > git config --get commit.template [63ms]
2024-10-03 06:50:54.671 [info] > git for-each-ref --format=%(refname)%00%(upstream:short)%00%(objectname)%00%(upstream:track)%00%(upstream:remotename)%00%(upstream:remoteref) refs/heads/su refs/remotes/su [33ms]
2024-10-03 06:50:59.481 [info] > git status -z -uall [5232ms]
2024-10-03 06:51:04.924 [info] > git remote --verbose [260ms]
2024-10-03 06:51:04.925 [info] > git for-each-ref --sort -committerdate --format %(refname) %(objectname) %(*objectname) [308ms]
2024-10-03 06:51:04.929 [info] > git config --get commit.template [61ms]
2024-10-03 06:51:05.004 [info] > git for-each-ref --format=%(refname)%00%(upstream:short)%00%(objectname)%00%(upstream:track)%00%(upstream:remotename)%00%(upstream:remoteref) refs/heads/su refs/remotes/su [25ms]
2024-10-03 06:51:09.479 [info] > git status -z -uall [4777ms]
2024-10-03 06:51:15.016 [info] > git remote --verbose [359ms]
2024-10-03 06:51:15.017 [info] > git for-each-ref --sort -committerdate --format %(refname) %(objectname) %(*objectname) [405ms]
2024-10-03 06:51:15.021 [info] > git config --get commit.template [50ms]
2024-10-03 06:51:15.108 [info] > git for-each-ref --format=%(refname)%00%(upstream:short)%00%(objectname)%00%(upstream:track)%00%(upstream:remotename)%00%(upstream:remoteref) refs/heads/su refs/remotes/su [31ms]
2024-10-03 06:51:19.732 [info] > git status -z -uall [5035ms]
2024-10-03 06:51:25.164 [info] > git remote --verbose [247ms]
2024-10-03 06:51:25.165 [info] > git for-each-ref --sort -committerdate --format %(refname) %(objectname) %(*objectname) [290ms]
2024-10-03 06:51:25.168 [info] > git config --get commit.template [13ms]
2024-10-03 06:51:25.231 [info] > git for-each-ref --format=%(refname)%00%(upstream:short)%00%(objectname)%00%(upstream:track)%00%(upstream:remotename)%00%(upstream:remoteref) refs/heads/su refs/remotes/su [19ms]
2024-10-03 06:51:28.944 [info] > git status -z -uall [3988ms]
2024-10-03 06:51:34.331 [info] > git remote --verbose [235ms]
2024-10-03 06:51:34.331 [info] > git for-each-ref --sort -committerdate --format %(refname) %(objectname) %(*objectname) [280ms]
2024-10-03 06:51:34.334 [info] > git config --get commit.template [8ms]
2024-10-03 06:51:34.393 [info] > git for-each-ref --format=%(refname)%00%(upstream:short)%00%(objectname)%00%(upstream:track)%00%(upstream:remotename)%00%(upstream:remoteref) refs/heads/su refs/remotes/su [17ms]
2024-10-03 06:51:38.040 [info] > git status -z -uall [3905ms]
2024-10-03 06:51:43.432 [info] > git remote --verbose [247ms]
2024-10-03 06:51:43.433 [info] > git for-each-ref --sort -committerdate --format %(refname) %(objectname) %(*objectname) [312ms]
2024-10-03 06:51:43.436 [info] > git config --get commit.template [12ms]
2024-10-03 06:51:43.506 [info] > git for-each-ref --format=%(refname)%00%(upstream:short)%00%(objectname)%00%(upstream:track)%00%(upstream:remotename)%00%(upstream:remoteref) refs/heads/su refs/remotes/su [20ms]
2024-10-03 06:51:47.430 [info] > git status -z -uall [4203ms]
2024-10-03 06:51:52.875 [info] > git remote --verbose [279ms]
2024-10-03 06:51:52.877 [info] > git for-each-ref --sort -committerdate --format %(refname) %(objectname) %(*objectname) [350ms]
2024-10-03 06:51:52.879 [info] > git config --get commit.template [77ms]
2024-10-03 06:51:52.945 [info] > git for-each-ref --format=%(refname)%00%(upstream:short)%00%(objectname)%00%(upstream:track)%00%(upstream:remotename)%00%(upstream:remoteref) refs/heads/su refs/remotes/su [22ms]
2024-10-03 06:51:57.207 [info] > git status -z -uall [4564ms]
2024-10-03 06:52:02.535 [info] > git remote --verbose [178ms]
2024-10-03 06:52:02.536 [info] > git for-each-ref --sort -committerdate --format %(refname) %(objectname) %(*objectname) [222ms]
2024-10-03 06:52:02.573 [info] > git config --get commit.template [70ms]
2024-10-03 06:52:02.675 [info] > git for-each-ref --format=%(refname)%00%(upstream:short)%00%(objectname)%00%(upstream:track)%00%(upstream:remotename)%00%(upstream:remoteref) refs/heads/su refs/remotes/su [27ms]
2024-10-03 06:52:06.490 [info] > git status -z -uall [4088ms]
2024-10-03 06:52:11.908 [info] > git remote --verbose [279ms]
2024-10-03 06:52:11.909 [info] > git for-each-ref --sort -committerdate --format %(refname) %(objectname) %(*objectname) [322ms]
2024-10-03 06:52:11.963 [info] > git config --get commit.template [59ms]
2024-10-03 06:52:11.980 [info] > git for-each-ref --format=%(refname)%00%(upstream:short)%00%(objectname)%00%(upstream:track)%00%(upstream:remotename)%00%(upstream:remoteref) refs/heads/su refs/remotes/su [20ms]
2024-10-03 06:52:15.798 [info] > git status -z -uall [4129ms]
2024-10-03 06:52:21.269 [info] > git remote --verbose [292ms]
2024-10-03 06:52:21.270 [info] > git for-each-ref --sort -committerdate --format %(refname) %(objectname) %(*objectname) [344ms]
2024-10-03 06:52:21.331 [info] > git config --get commit.template [67ms]
2024-10-03 06:52:21.346 [info] > git for-each-ref --format=%(refname)%00%(upstream:short)%00%(objectname)%00%(upstream:track)%00%(upstream:remotename)%00%(upstream:remoteref) refs/heads/su refs/remotes/su [17ms]
2024-10-03 06:52:25.423 [info] > git status -z -uall [4395ms]
2024-10-03 06:52:30.905 [info] > git remote --verbose [305ms]
2024-10-03 06:52:30.906 [info] > git for-each-ref --sort -committerdate --format %(refname) %(objectname) %(*objectname) [364ms]
2024-10-03 06:52:30.958 [info] > git config --get commit.template [63ms]
2024-10-03 06:52:30.973 [info] > git for-each-ref --format=%(refname)%00%(upstream:short)%00%(objectname)%00%(upstream:track)%00%(upstream:remotename)%00%(upstream:remoteref) refs/heads/su refs/remotes/su [17ms]
2024-10-03 06:52:35.285 [info] > git status -z -uall [4641ms]
2024-10-03 06:52:40.702 [info] > git remote --verbose [245ms]
2024-10-03 06:52:40.703 [info] > git for-each-ref --sort -committerdate --format %(refname) %(objectname) %(*objectname) [292ms]
2024-10-03 06:52:40.705 [info] > git config --get commit.template [6ms]
2024-10-03 06:52:40.776 [info] > git for-each-ref --format=%(refname)%00%(upstream:short)%00%(objectname)%00%(upstream:track)%00%(upstream:remotename)%00%(upstream:remoteref) refs/heads/su refs/remotes/su [23ms]
2024-10-03 06:52:44.690 [info] > git status -z -uall [4182ms]
2024-10-03 06:52:49.970 [info] > git remote --verbose [134ms]
2024-10-03 06:52:49.971 [info] > git for-each-ref --sort -committerdate --format %(refname) %(objectname) %(*objectname) [185ms]
2024-10-03 06:52:50.000 [info] > git config --get commit.template [45ms]
2024-10-03 06:52:50.131 [info] > git for-each-ref --format=%(refname)%00%(upstream:short)%00%(objectname)%00%(upstream:track)%00%(upstream:remotename)%00%(upstream:remoteref) refs/heads/su refs/remotes/su [35ms]
2024-10-03 06:52:54.341 [info] > git status -z -uall [4458ms]
2024-10-03 08:03:47.945 [info] > git for-each-ref --sort -committerdate --format %(refname) %(objectname) %(*objectname) [375ms]
2024-10-03 08:03:47.947 [info] > git remote --verbose [355ms]
2024-10-03 08:03:47.960 [info] > git config --get commit.template [249ms]
2024-10-03 08:03:48.130 [info] > git for-each-ref --format=%(refname)%00%(upstream:short)%00%(objectname)%00%(upstream:track)%00%(upstream:remotename)%00%(upstream:remoteref) refs/heads/su refs/remotes/su [35ms]
